07-06 12:32:44.382 I/gle.android.gms( 3409): Explicit concurrent mark compact GC freed 7795KB AllocSpace bytes, 21(2916KB) LOS objects, 50% free, 22MB/45MB, paused 231us,951us total 117.992ms
07-06 12:32:36.113 I/[kworke][0x2e870cf8b2b][10:32:44.929557] qca6490(30830): [30830:I:PMO] pmo_core_enable_wow_in_fw: drv wow is enabled
07-06 12:32:44.944 I/system_server( 2570): AssetManager2(0xb400007a55cf0478) locale list changing from [] to [en-GB]
07-06 12:32:36.179 I/[kworke][0x2e870e2dd6e][10:32:44.995507] qca6490(30830): [30830:I:PMO] pmo_core_psoc_send_host_wakeup_ind_to_fw: Host wakeup indication sent to fw
07-06 12:32:45.457 D/WifiStaIfaceHidlImpl( 2570): getCachedScanData is not implemented by HIDL
07-06 12:32:45.462 D/NtSmartWifiMonitor( 2570): get rssi = -45, frequecy=5620, datastall=0, current state=6
07-06 12:32:45.462 D/NtSmartWifiMonitor( 2570): 5G Wifi rssi queue: sufficient rssi=-70[-45, -45]
07-06 12:32:37.223 I/[kworke][0x2e87214e5b5][10:32:46.040097] qca6490(30830): [30830:I:PMO] pmo_core_enable_wow_in_fw: drv wow is enabled
07-06 12:32:37.233 E/simulated_ntc( 4482): proc_shell_write write invalid para
07-06 12:32:37.270 I/[kworke][0x2e8722282e0][10:32:46.086566] qca6490(30830): [30830:I:PMO] pmo_core_psoc_send_host_wakeup_ind_to_fw: Host wakeup indication sent to fw
07-06 12:32:46.341 I/WifiHAL ( 1426): event received NL80211_CMD_VENDOR, vendor_id = 0x1374, subcmd = 0xd
07-06 12:32:46.341 I/cnss-daemon( 2278): nl80211 response handler invoked
07-06 12:32:46.341 I/cnss-daemon( 2278): nl80211_response_handler: cmd 103, vendorID 4980, subcmd 13  received
07-06 12:32:37.710 I/(virq   (27663): irq_count)- GICv3:IPI(1):118863497 GICv3:arch_timer(11):54204941 GICv3:IPI(6):13772935 GICv3:apps_rsc(24):8248697 GICv3:IPI(2):4630336 GICv3:ufshcd(33):3453848 GICv3:ipcc_0(30):3333210 ipcc:glink-native-slpi(365):1892261 GICv3:msm_drm(219):1873794 ipcc:glink-native-adsp(364):1660043
07-06 12:32:37.710 I/(cpu    (27663): irq_count)- 0:47384835 1:47741819 2:47076290 3:46320463 4:10702936 5:9593528 6:9166643 7:4344976
07-06 12:32:37.710 I/(ipi    (27663): irq_count)- 0:118863498 1:4630336 2:0 3:0 4:0 5:13772936 6:0
07-06 12:32:38.402 I/[kworke][0x2e8736e63bf][10:32:47.219378] qca6490(30830): [30830:I:PMO] pmo_core_enable_wow_in_fw: drv wow is enabled
07-06 12:32:47.243 I/M.PowerCycleState(10700): Capping deep sleep mAh from -30.770992777777913 to -26.566782690998124
07-06 12:32:47.245 V/U.Notification(10700): Posting new notification, elapsed=15250
07-06 12:32:38.450 I/[kworke][0x2e8737c6a75][10:32:47.267254] qca6490(30830): [30830:I:PMO] pmo_core_psoc_send_host_wakeup_ind_to_fw: Host wakeup indication sent to fw
07-06 12:32:39.137 I/[kworke][0x2e87445a324][10:32:47.954090] qca6490(30830): [30830:I:PMO] pmo_core_enable_wow_in_fw: drv wow is enabled
07-06 12:32:39.172 I/[kworke][0x2e8744fdee2][10:32:47.989019] qca6490(30830): [30830:I:HIF] hif_try_complete_tasks: waiting for tasklets 0 grp tasklets 0 work 2
07-06 12:32:39.202 I/[kworke][0x2e87458a8ec][10:32:48.019020] qca6490(30830): [30830:I:PMO] pmo_core_psoc_send_host_wakeup_ind_to_fw: Host wakeup indication sent to fw
07-06 12:32:48.047 I/adbd    ( 2329): adbd service requested 'shell,v2,TERM=dumb,raw:dumpsys window windows'
07-06 12:32:48.077 W/dumpsys (32314): Thread Pool max thread count is 0. Cannot cache binder as linkToDeath cannot be implemented. serviceName: window
07-06 12:32:48.186 I/adbd    ( 2329): adbd service requested 'shell,v2,TERM=dumb,raw:dumpsys window'
07-06 12:32:48.214 W/dumpsys (32318): Thread Pool max thread count is 0. Cannot cache binder as linkToDeath cannot be implemented. serviceName: window
07-06 12:32:48.345 I/WifiHAL ( 1426): event received NL80211_CMD_VENDOR, vendor_id = 0x1374, subcmd = 0xd
07-06 12:32:48.345 I/cnss-daemon( 2278): nl80211 response handler invoked
07-06 12:32:48.345 I/cnss-daemon( 2278): nl80211_response_handler: cmd 103, vendorID 4980, subcmd 13  received
07-06 12:32:48.476 D/WifiStaIfaceHidlImpl( 2570): getCachedScanData is not implemented by HIDL
07-06 12:32:48.480 D/NtSmartWifiMonitor( 2570): get rssi = -45, frequecy=5620, datastall=0, current state=6
07-06 12:32:48.480 D/NtSmartWifiMonitor( 2570): 5G Wifi rssi queue: sufficient rssi=-70[-45, -45, -45]
07-06 12:32:48.480 D/NtSmartWifi( 2570): handleMessage EVENT_LINK_QUALITY_CHANGED ...
07-06 12:32:48.481 D/NtSmartWifi( 2570): enableSufficientCheckWhenScreenOn, true,  mSmartWifiEnabled=false, screenOn= true
07-06 12:32:49.108 I/adbd    ( 2329): adbd service requested 'shell,v2,TERM=dumb,raw:input tap 1001 716'
07-06 12:32:49.161 D/TaskbarManager( 3827): dispatchTouchEvent:  displayId=0 isDefaultDisplay=true
07-06 12:32:49.202 I/adbd    ( 2329): adbd service requested 'shell,v2,TERM=dumb,raw:dumpsys window windows'
07-06 12:32:49.234 W/dumpsys (32327): Thread Pool max thread count is 0. Cannot cache binder as linkToDeath cannot be implemented. serviceName: window
07-06 12:32:49.294 I/adbd    ( 2329): adbd service requested 'shell,v2,TERM=dumb,raw:dumpsys window'
07-06 12:32:49.328 W/dumpsys (32331): Thread Pool max thread count is 0. Cannot cache binder as linkToDeath cannot be implemented. serviceName: window
07-06 12:32:49.414 I/adbd    ( 2329): adbd service requested 'shell,v2,TERM=dumb,raw:dumpsys window windows'
07-06 12:32:49.440 W/dumpsys (32334): Thread Pool max thread count is 0. Cannot cache binder as linkToDeath cannot be implemented. serviceName: window
07-06 12:32:49.483 I/adbd    ( 2329): adbd service requested 'shell,v2,TERM=dumb,raw:dumpsys window'
07-06 12:32:49.509 W/dumpsys (32337): Thread Pool max thread count is 0. Cannot cache binder as linkToDeath cannot be implemented. serviceName: window
07-06 12:32:49.800 D/NfcService( 3533): handleMessage: MSG_WATCHDOG_PING
07-06 12:32:41.081 W/healthd ( 1398): time_last:18, soc_current_time=73269, soc_pre_time=73251,charging_status:0,soc_temp:95
07-06 12:32:41.081 W/healthd ( 1398): battery l=95 v=4333 t=29.0 h=2 st=3 c=-226000 fc=4235000 cc=468 chg=
07-06 12:32:49.916 E/NtChgAidl( 1440): NtChgAidl: mBattTempRegion _aidl_return:0
07-06 12:32:41.097 W/healthd ( 1398): time_last:18, soc_current_time=73269, soc_pre_time=73251,charging_status:0,soc_temp:95
07-06 12:32:41.101 W/HealthLoop( 1398): debug.nt.screen_brightness:3.999469
07-06 12:32:50.054 I/vendor.qti.bluetooth@1.0-ibs_handler( 1391): ProcessIbsCmd: Received IBS_WAKE_IND: 0xFD
07-06 12:32:50.054 I/vendor.qti.bluetooth@1.0-ibs_handler( 1391): ProcessIbsCmd: Writing IBS_WAKE_ACK
07-06 12:32:50.097 I/vendor.qti.bluetooth@1.0-ibs_handler( 1391): ProcessIbsCmd: Received IBS_SLEEP_IND: 0xFE
07-06 12:32:50.127 I/adbd    ( 2329): adbd service requested 'shell,v2,TERM=dumb,raw:dumpsys window windows'
07-06 12:32:50.149 W/dumpsys (32343): Thread Pool max thread count is 0. Cannot cache binder as linkToDeath cannot be implemented. serviceName: window
07-06 12:32:50.224 I/adbd    ( 2329): adbd service requested 'shell,v2,TERM=dumb,raw:dumpsys window'
07-06 12:32:50.244 W/dumpsys (32346): Thread Pool max thread count is 0. Cannot cache binder as linkToDeath cannot be implemented. serviceName: window
07-06 12:32:50.352 I/WifiHAL ( 1426): event received NL80211_CMD_VENDOR, vendor_id = 0x1374, subcmd = 0xd
07-06 12:32:50.353 I/cnss-daemon( 2278): nl80211 response handler invoked
07-06 12:32:50.353 I/cnss-daemon( 2278): nl80211_response_handler: cmd 103, vendorID 4980, subcmd 13  received
07-06 12:32:51.033 I/adbd    ( 2329): adbd service requested 'shell,v2,TERM=dumb,raw:input tap 1001 716'
07-06 12:32:42.243 E/simulated_ntc( 4482): proc_shell_write write invalid para
07-06 12:32:51.086 D/TaskbarManager( 3827): dispatchTouchEvent:  displayId=0 isDefaultDisplay=true
07-06 12:32:51.119 I/adbd    ( 2329): adbd service requested 'shell,v2,TERM=dumb,raw:dumpsys window windows'
07-06 12:32:51.147 W/dumpsys (32355): Thread Pool max thread count is 0. Cannot cache binder as linkToDeath cannot be implemented. serviceName: window
07-06 12:32:51.214 I/adbd    ( 2329): adbd service requested 'shell,v2,TERM=dumb,raw:dumpsys window'
07-06 12:32:51.242 W/dumpsys (32359): Thread Pool max thread count is 0. Cannot cache binder as linkToDeath cannot be implemented. serviceName: window
07-06 12:32:51.285 I/adbd    ( 2329): adbd service requested 'shell,v2,TERM=dumb,raw:dumpsys window windows'
07-06 12:32:51.309 W/dumpsys (32362): Thread Pool max thread count is 0. Cannot cache binder as linkToDeath cannot be implemented. serviceName: window
07-06 12:32:51.352 I/adbd    ( 2329): adbd service requested 'shell,v2,TERM=dumb,raw:dumpsys window'
07-06 12:32:51.372 W/dumpsys (32365): Thread Pool max thread count is 0. Cannot cache binder as linkToDeath cannot be implemented. serviceName: window
07-06 12:32:51.492 D/WifiStaIfaceHidlImpl( 2570): getCachedScanData is not implemented by HIDL
07-06 12:32:51.495 D/NtSmartWifiMonitor( 2570): get rssi = -45, frequecy=5620, datastall=0, current state=6
07-06 12:32:51.496 D/NtSmartWifiMonitor( 2570): 5G Wifi rssi queue: sufficient rssi=-70[-45]
07-06 12:32:52.128 I/CNSS    ( 2192): /sys/wifi/dump_in_progress file read permission doesn't exist
07-06 12:32:52.128 I/CNSS    ( 2192): /sys/wifi/max_chipset_log_size doesn't exist
07-06 12:32:52.129 I/adbd    ( 2329): adbd service requested 'shell,v2,TERM=dumb,raw:dumpsys window windows'
07-06 12:32:52.155 W/dumpsys (32369): Thread Pool max thread count is 0. Cannot cache binder as linkToDeath cannot be implemented. serviceName: window
07-06 12:32:52.204 I/adbd    ( 2329): adbd service requested 'shell,v2,TERM=dumb,raw:dumpsys window'
07-06 12:32:52.227 W/dumpsys (32372): Thread Pool max thread count is 0. Cannot cache binder as linkToDeath cannot be implemented. serviceName: window
07-06 12:32:52.357 I/WifiHAL ( 1426): event received NL80211_CMD_VENDOR, vendor_id = 0x1374, subcmd = 0xd
07-06 12:32:52.357 I/cnss-daemon( 2278): nl80211 response handler invoked
07-06 12:32:52.357 I/cnss-daemon( 2278): nl80211_response_handler: cmd 103, vendorID 4980, subcmd 13  received
07-06 12:32:52.950 I/adbd    ( 2329): adbd service requested 'shell,v2,TERM=dumb,raw:input tap 1001 716'
07-06 12:32:52.992 I/NearbyMediums( 5846): No BLE Fast/GATT advertisements found in the latest cycle.
07-06 12:32:52.992 I/NearbyMediums( 5846): Current Tracked Scanning Clients are : {NearbyConnections.EnvironmentMonitor, NearbySharing}
07-06 12:32:53.003 D/TaskbarManager( 3827): dispatchTouchEvent:  displayId=0 isDefaultDisplay=true
07-06 12:32:53.091 I/adbd    ( 2329): adbd service requested 'shell,v2,TERM=dumb,raw:dumpsys window windows'
07-06 12:32:53.108 D/SatelliteController( 3621): iisInCarrierRoamingNbIotNtn: satellite is disabled
07-06 12:32:53.109 D/MobileConnectionRepositoryEx( 3309): [1] smoothSignal: last level: 4 smooth level: -1 new level: 4
07-06 12:32:53.109 D/MobileConnectionRepositoryEx( 3309): [1] smoothSignal: new level >= last, no action.
07-06 12:32:53.109 D/MobileConnectionRepositoryEx( 3309): [1] smoothSignal: last level: 4 smooth level: -1 new level: 4
07-06 12:32:53.109 D/MobileConnectionRepositoryEx( 3309): [1] smoothSignal: new level >= last, no action.
07-06 12:32:53.109 D/MobileConnectionRepositoryEx( 3309): [1] getSmoothLevel: 4 mSmoothLevel -1
07-06 12:32:53.109 D/QtiLinkBandwidthEstimator-0( 3621): handleMessage: 5
07-06 12:32:53.115 W/dumpsys (32382): Thread Pool max thread count is 0. Cannot cache binder as linkToDeath cannot be implemented. serviceName: window
07-06 12:32:53.202 I/adbd    ( 2329): adbd service requested 'shell,v2,TERM=dumb,raw:dumpsys window'
07-06 12:32:53.227 W/dumpsys (32385): Thread Pool max thread count is 0. Cannot cache binder as linkToDeath cannot be implemented. serviceName: window
07-06 12:32:53.272 I/adbd    ( 2329): adbd service requested 'shell,v2,TERM=dumb,raw:dumpsys window windows'
07-06 12:32:53.298 W/dumpsys (32388): Thread Pool max thread count is 0. Cannot cache binder as linkToDeath cannot be implemented. serviceName: window
07-06 12:32:53.338 I/adbd    ( 2329): adbd service requested 'shell,v2,TERM=dumb,raw:dumpsys window'
07-06 12:32:53.362 W/dumpsys (32391): Thread Pool max thread count is 0. Cannot cache binder as linkToDeath cannot be implemented. serviceName: window
07-06 12:32:54.353 I/vendor.qti.bluetooth@1.0-ibs_handler( 1391): ProcessIbsCmd: Received IBS_WAKE_IND: 0xFD
07-06 12:32:54.353 I/vendor.qti.bluetooth@1.0-ibs_handler( 1391): ProcessIbsCmd: Writing IBS_WAKE_ACK
07-06 12:32:54.359 I/WifiHAL ( 1426): event received NL80211_CMD_VENDOR, vendor_id = 0x1374, subcmd = 0xd
07-06 12:32:54.359 I/cnss-daemon( 2278): nl80211 response handler invoked
07-06 12:32:54.359 I/cnss-daemon( 2278): nl80211_response_handler: cmd 103, vendorID 4980, subcmd 13  received
07-06 12:32:54.394 I/vendor.qti.bluetooth@1.0-ibs_handler( 1391): ProcessIbsCmd: Received IBS_SLEEP_IND: 0xFE
07-06 12:32:54.508 D/WifiStaIfaceHidlImpl( 2570): getCachedScanData is not implemented by HIDL
07-06 12:32:54.512 D/NtSmartWifiMonitor( 2570): get rssi = -45, frequecy=5620, datastall=0, current state=6
07-06 12:32:54.512 D/NtSmartWifiMonitor( 2570): 5G Wifi rssi queue: sufficient rssi=-70[-45, -45]
07-06 12:32:46.454 I/[kworke][0x2e87ca53c64][10:32:55.270906] qca6490(31648): [31648:I:PMO] pmo_core_enable_wow_in_fw: drv wow is enabled
07-06 12:32:46.490 I/[kworke][0x2e87cafe771][10:32:55.307320] qca6490(31648): [31648:I:HIF] hif_try_complete_tasks: waiting for tasklets 0 grp tasklets 0 work 2
07-06 12:32:46.519 I/[kworke][0x2e87cb858c6][10:32:55.336138] qca6490(31648): [31648:I:PMO] pmo_core_psoc_send_host_wakeup_ind_to_fw: Host wakeup indication sent to fw
07-06 12:32:47.181 I/(virq   (27663): irq_count)- GICv3:IPI(1):118881589 GICv3:arch_timer(11):54214071 GICv3:IPI(6):13774902 GICv3:apps_rsc(24):8249627 GICv3:IPI(2):4630783 GICv3:ufshcd(33):3454118 GICv3:ipcc_0(30):3333461 ipcc:glink-native-slpi(365):1892445 GICv3:msm_drm(219):1873984 ipcc:glink-native-adsp(364):1660175
07-06 12:32:47.181 I/(cpu    (27663): irq_count)- 0:47391536 1:47749392 2:47083185 3:46327723 4:10704634 5:9595246 6:9167448 7:4345128
07-06 12:32:47.181 I/(ipi    (27663): irq_count)- 0:118881589 1:4630783 2:0 3:0 4:0 5:13774902 6:0
07-06 12:32:47.255 E/simulated_ntc( 4482): proc_shell_write write invalid para
07-06 12:32:56.375 I/WifiHAL ( 1426): event received NL80211_CMD_VENDOR, vendor_id = 0x1374, subcmd = 0xd
07-06 12:32:56.376 I/cnss-daemon( 2278): nl80211 response handler invoked
07-06 12:32:56.376 I/cnss-daemon( 2278): nl80211_response_handler: cmd 103, vendorID 4980, subcmd 13  received
07-06 12:32:48.206 I/[kworke][0x2e87ea66385][10:32:57.022468] qca6490(31648): [31648:I:PMO] pmo_core_enable_wow_in_fw: drv wow is enabled
07-06 12:32:48.265 I/[kworke][0x2e87eb7ab71][10:32:57.081454] qca6490(31648): [31648:I:PMO] pmo_core_psoc_send_host_wakeup_ind_to_fw: Host wakeup indication sent to fw
07-06 12:32:57.134 I/vendor.qti.bluetooth@1.0-ibs_handler( 1391): ProcessIbsCmd: Received IBS_WAKE_IND: 0xFD
07-06 12:32:57.134 I/vendor.qti.bluetooth@1.0-ibs_handler( 1391): ProcessIbsCmd: Writing IBS_WAKE_ACK
07-06 12:32:57.177 I/vendor.qti.bluetooth@1.0-ibs_handler( 1391): ProcessIbsCmd: Received IBS_SLEEP_IND: 0xFE
07-06 12:32:57.535 D/WifiStaIfaceHidlImpl( 2570): getCachedScanData is not implemented by HIDL
07-06 12:32:57.541 D/NtSmartWifiMonitor( 2570): get rssi = -46, frequecy=5620, datastall=0, current state=6
07-06 12:32:57.541 D/NtSmartWifiMonitor( 2570): 5G Wifi rssi queue: sufficient rssi=-70[-45, -45, -46]
07-06 12:32:57.542 D/NtSmartWifi( 2570): handleMessage EVENT_LINK_QUALITY_CHANGED ...
07-06 12:32:57.542 D/NtSmartWifi( 2570): enableSufficientCheckWhenScreenOn, true,  mSmartWifiEnabled=false, screenOn= true
07-06 12:32:49.365 I/[kworke][0x2e87ff9f6d9][10:32:58.181552] qca6490(31648): [31648:I:PMO] pmo_core_enable_wow_in_fw: drv wow is enabled
07-06 12:32:49.401 I/[kworke][0x2e880048746][10:32:58.217611] qca6490(31648): [31648:I:HIF] hif_try_complete_tasks: waiting for tasklets 0 grp tasklets 0 work 2
07-06 12:32:49.433 I/[kworke][0x2e8800e094d][10:32:58.250065] qca6490(31648): [31648:I:PMO] pmo_core_psoc_send_host_wakeup_ind_to_fw: Host wakeup indication sent to fw
07-06 12:32:58.379 I/WifiHAL ( 1426): event received NL80211_CMD_VENDOR, vendor_id = 0x1374, subcmd = 0xd
07-06 12:32:58.380 I/cnss-daemon( 2278): nl80211 response handler invoked
07-06 12:32:58.380 I/cnss-daemon( 2278): nl80211_response_handler: cmd 103, vendorID 4980, subcmd 13  received
07-06 12:32:50.208 I/[kworke][0x2e880f10f44][10:32:59.024971] qca6490(31648): [31648:I:PMO] pmo_core_enable_wow_in_fw: drv wow is enabled
07-06 12:32:50.244 I/[kworke][0x2e880fb9ffd][10:32:59.061034] qca6490(31648): [31648:I:HIF] hif_try_complete_tasks: waiting for tasklets 0 grp tasklets 0 work 2
07-06 12:32:50.278 I/[kworke][0x2e881059896][10:32:59.095069] qca6490(31648): [31648:I:PMO] pmo_core_psoc_send_host_wakeup_ind_to_fw: Host wakeup indication sent to fw
07-06 12:32:50.907 I/[kworke][0x2e881bdca96][10:32:59.723789] qca6490(31648): [31648:I:PMO] pmo_core_enable_wow_in_fw: drv wow is enabled
07-06 12:32:50.942 I/[kworke][0x2e881c81e15][10:32:59.759035] qca6490(31648): [31648:I:HIF] hif_try_complete_tasks: waiting for tasklets 0 grp tasklets 0 work 2
07-06 12:32:50.968 I/[kworke][0x2e881cfb24b][10:32:59.784905] qca6490(31648): [31648:I:PMO] pmo_core_psoc_send_host_wakeup_ind_to_fw: Host wakeup indication sent to fw
07-06 12:33:00.391 I/WifiHAL ( 1426): event received NL80211_CMD_VENDOR, vendor_id = 0x1374, subcmd = 0xd
07-06 12:33:00.392 I/cnss-daemon( 2278): nl80211 response handler invoked
07-06 12:33:00.393 I/cnss-daemon( 2278): nl80211_response_handler: cmd 103, vendorID 4980, subcmd 13  received
07-06 12:33:00.566 D/WifiStaIfaceHidlImpl( 2570): getCachedScanData is not implemented by HIDL
07-06 12:33:00.571 D/NtSmartWifiMonitor( 2570): get rssi = -45, frequecy=5620, datastall=0, current state=6
07-06 12:33:00.571 D/NtSmartWifiMonitor( 2570): 5G Wifi rssi queue: sufficient rssi=-70[-45]
07-06 12:33:00.981 I/vendor.qti.bluetooth@1.0-ibs_handler( 1391): ProcessIbsCmd: Received IBS_WAKE_IND: 0xFD
07-06 12:33:00.982 I/vendor.qti.bluetooth@1.0-ibs_handler( 1391): ProcessIbsCmd: Writing IBS_WAKE_ACK
07-06 12:33:00.993 I/NearbyDiscovery( 5846): (REDACTED) BloomFilterAdvManager: Detected bloom filter but too far away, ignoring. %sm, %s
07-06 12:33:00.993 I/NearbyDiscovery( 5846): (REDACTED) loadFastPairModule: checkFeaturesAreAvailable:%d
07-06 12:33:00.994 I/NearbyDiscovery( 5846): loadFastPairModule: FastPair module is downloaded. [CONTEXT service_id=265 ]
07-06 12:33:01.025 I/vendor.qti.bluetooth@1.0-ibs_handler( 1391): ProcessIbsCmd: Received IBS_SLEEP_IND: 0xFE
07-06 12:32:52.266 E/simulated_ntc( 4482): proc_shell_write write invalid para
07-06 12:32:52.813 I/[kworke][0x2e883ec2fbb][10:33:01.629777] qca6490(31648): [31648:I:PMO] pmo_core_enable_wow_in_fw: drv wow is enabled
07-06 12:32:52.863 I/[kworke][0x2e883fafb74][10:33:01.680280] qca6490(31648): [31648:I:PMO] pmo_core_psoc_send_host_wakeup_ind_to_fw: Host wakeup indication sent to fw
07-06 12:32:53.500 I/[kworke][0x2e884b5635d][10:33:02.316546] qca6490(31648): [31648:I:PMO] pmo_core_enable_wow_in_fw: drv wow is enabled
07-06 12:33:02.318 I/CNSS    ( 2192): /sys/wifi/dump_in_progress file read permission doesn't exist
07-06 12:33:02.318 I/CNSS    ( 2192): /sys/wifi/max_chipset_log_size doesn't exist
07-06 12:32:53.535 I/[kworke][0x2e884bfabb0][10:33:02.351643] qca6490(31648): [31648:I:HIF] hif_try_complete_tasks: waiting for tasklets 1 grp tasklets 0 work 0
07-06 12:32:53.560 I/[kworke][0x2e884c71b74][10:33:02.377027] qca6490(31648): [31648:I:PMO] pmo_core_psoc_send_host_wakeup_ind_to_fw: Host wakeup indication sent to fw
07-06 12:33:02.400 I/WifiHAL ( 1426): event received NL80211_CMD_VENDOR, vendor_id = 0x1374, subcmd = 0xd
07-06 12:33:02.401 I/cnss-daemon( 2278): nl80211 response handler invoked
07-06 12:33:02.401 I/cnss-daemon( 2278): nl80211_response_handler: cmd 103, vendorID 4980, subcmd 13  received
07-06 12:33:02.586 W/ActivityManager( 2570): Unbind failed: could not find connection for android.os.BinderProxy@7b75a59
07-06 12:33:02.587 D/SatelliteModemInterface( 3621): Binding to vendor.qti.data.ntnsatapp
07-06 12:33:02.590 W/ActivityManager( 2570): Unable to start service Intent { act=android.telephony.satellite.SatelliteService xflg=0x4 pkg=vendor.qti.data.ntnsatapp } U=0: not found
07-06 12:33:02.590 E/SatelliteModemInterface( 3621): Error binding to the satellite service. Retrying in 51281 ms.
07-06 12:33:02.996 I/NearbyMediums( 5846): No BLE Fast/GATT advertisements found in the latest cycle.
07-06 12:33:02.996 I/NearbyMediums( 5846): Current Tracked Scanning Clients are : {NearbyConnections.EnvironmentMonitor, NearbySharing}
07-06 12:33:03.027 I/vendor.qti.bluetooth@1.0-ibs_handler( 1391): ProcessIbsCmd: Received IBS_WAKE_IND: 0xFD
07-06 12:33:03.027 I/vendor.qti.bluetooth@1.0-ibs_handler( 1391): ProcessIbsCmd: Writing IBS_WAKE_ACK
07-06 12:33:03.038 I/NearbyDiscovery( 5846): (REDACTED) BloomFilterAdvManager: Detected bloom filter but too far away, ignoring. %sm, %s
07-06 12:33:03.068 I/vendor.qti.bluetooth@1.0-ibs_handler( 1391): ProcessIbsCmd: Received IBS_SLEEP_IND: 0xFE
07-06 12:33:03.317 I/M.PowerCycleState(10700): Capping deep sleep mAh from -29.851449444444548 to -26.566800572538057
07-06 12:33:03.319 V/U.Notification(10700): Posting new notification, elapsed=16073
07-06 12:33:03.593 D/WifiStaIfaceHidlImpl( 2570): getCachedScanData is not implemented by HIDL
07-06 12:33:03.597 D/NtSmartWifiMonitor( 2570): get rssi = -45, frequecy=5620, datastall=0, current state=6
07-06 12:33:03.598 D/NtSmartWifiMonitor( 2570): 5G Wifi rssi queue: sufficient rssi=-70[-45, -45]
07-06 12:32:55.379 I/[kworke][0x2e886dc1841][10:33:04.196291] qca6490(31648): [31648:I:PMO] pmo_core_enable_wow_in_fw: drv wow is enabled
07-06 12:32:55.414 I/[kworke][0x2e886e62aa3][10:33:04.230669] qca6490(31648): [31648:I:HIF] hif_try_complete_tasks: waiting for tasklets 0 grp tasklets 0 work 2
07-06 12:32:55.444 I/[kworke][0x2e886eefd46][10:33:04.260785] qca6490(31648): [31648:I:PMO] pmo_core_psoc_send_host_wakeup_ind_to_fw: Host wakeup indication sent to fw
07-06 12:33:04.408 I/WifiHAL ( 1426): event received NL80211_CMD_VENDOR, vendor_id = 0x1374, subcmd = 0xd
07-06 12:33:04.408 I/cnss-daemon( 2278): nl80211 response handler invoked
07-06 12:33:04.408 I/cnss-daemon( 2278): nl80211_response_handler: cmd 103, vendorID 4980, subcmd 13  received
07-06 12:32:56.231 I/[kworke][0x2e887d58764][10:33:05.047693] qca6490(31648): [31648:I:PMO] pmo_core_enable_wow_in_fw: drv wow is enabled
07-06 12:32:56.267 I/[kworke][0x2e887e03598][10:33:05.084149] qca6490(31648): [31648:I:HIF] hif_try_complete_tasks: waiting for tasklets 0 grp tasklets 0 work 2
07-06 12:32:56.295 I/[kworke][0x2e887e85374][10:33:05.111854] qca6490(31648): [31648:I:PMO] pmo_core_psoc_send_host_wakeup_ind_to_fw: Host wakeup indication sent to fw
07-06 12:33:05.316 I/vendor.qti.bluetooth@1.0-ibs_handler( 1391): ProcessIbsCmd: Received IBS_WAKE_IND: 0xFD
07-06 12:33:05.316 I/vendor.qti.bluetooth@1.0-ibs_handler( 1391): ProcessIbsCmd: Writing IBS_WAKE_ACK
07-06 12:33:05.327 I/NearbyDiscovery( 5846): (REDACTED) BloomFilterAdvManager: Detected bloom filter but too far away, ignoring. %sm, %s
07-06 12:33:05.357 I/vendor.qti.bluetooth@1.0-ibs_handler( 1391): ProcessIbsCmd: Received IBS_SLEEP_IND: 0xFE
07-06 12:32:56.653 I/(virq   (27662): irq_count)- GICv3:IPI(1):118889496 GICv3:arch_timer(11):54221381 GICv3:IPI(6):13776200 GICv3:apps_rsc(24):8250370 GICv3:IPI(2):4631060 GICv3:ufshcd(33):3454286 GICv3:ipcc_0(30):3333678 ipcc:glink-native-slpi(365):1892616 GICv3:msm_drm(219):1874091 ipcc:glink-native-adsp(364):1660270
07-06 12:32:56.653 I/(cpu    (27662): irq_count)- 0:47395539 1:47754112 2:47087943 3:46332493 4:10704752 5:9595414 6:9167813 7:4345147
07-06 12:32:56.654 I/(ipi    (27662): irq_count)- 0:118889496 1:4631060 2:0 3:0 4:0 5:13776200 6:0
07-06 12:32:57.224 I/[kworke][0x2e888f860c1][10:33:06.040458] qca6490(31648): [31648:I:PMO] pmo_core_enable_wow_in_fw: drv wow is enabled
07-06 12:32:57.269 I/[kworke][0x2e88905b78a][10:33:06.085988] qca6490(31648): [31648:I:PMO] pmo_core_psoc_send_host_wakeup_ind_to_fw: Host wakeup indication sent to fw
07-06 12:32:57.277 E/simulated_ntc( 4482): proc_shell_write write invalid para
07-06 12:33:06.421 I/WifiHAL ( 1426): event received NL80211_CMD_VENDOR, vendor_id = 0x1374, subcmd = 0xd
07-06 12:33:06.421 I/cnss-daemon( 2278): nl80211 response handler invoked
07-06 12:33:06.421 I/cnss-daemon( 2278): nl80211_response_handler: cmd 103, vendorID 4980, subcmd 13  received
07-06 12:33:06.623 D/WifiStaIfaceHidlImpl( 2570): getCachedScanData is not implemented by HIDL
07-06 12:33:06.628 D/NtSmartWifiMonitor( 2570): get rssi = -45, frequecy=5620, datastall=0, current state=6
07-06 12:33:06.628 D/NtSmartWifiMonitor( 2570): 5G Wifi rssi queue: sufficient rssi=-70[-45, -45, -45]
07-06 12:33:06.629 D/NtSmartWifi( 2570): handleMessage EVENT_LINK_QUALITY_CHANGED ...
07-06 12:33:06.629 D/NtSmartWifi( 2570): enableSufficientCheckWhenScreenOn, true,  mSmartWifiEnabled=false, screenOn= true
07-06 12:32:58.512 I/[kworke][0x2e88a71ed1a][10:33:07.329156] qca6490(31648): [31648:I:PMO] pmo_core_enable_wow_in_fw: drv wow is enabled
07-06 12:32:58.547 I/[kworke][0x2e88a7bfe9b][10:33:07.363522] qca6490(31648): [31648:I:HIF] hif_try_complete_tasks: waiting for tasklets 0 grp tasklets 0 work 2
07-06 12:32:58.574 I/[kworke][0x2e88a8420b5][10:33:07.391284] qca6490(31648): [31648:I:PMO] pmo_core_psoc_send_host_wakeup_ind_to_fw: Host wakeup indication sent to fw
07-06 12:32:59.214 I/[kworke][0x2e88b3f7bea][10:33:08.030793] qca6490(31648): [31648:I:PMO] pmo_core_enable_wow_in_fw: drv wow is enabled
07-06 12:32:59.266 I/[kworke][0x2e88b4ed66a][10:33:08.083200] qca6490(31648): [31648:I:PMO] pmo_core_psoc_send_host_wakeup_ind_to_fw: Host wakeup indication sent to fw
07-06 12:33:08.432 I/WifiHAL ( 1426): event received NL80211_CMD_VENDOR, vendor_id = 0x1374, subcmd = 0xd
07-06 12:33:08.433 I/cnss-daemon( 2278): nl80211 response handler invoked
07-06 12:33:08.433 I/cnss-daemon( 2278): nl80211_response_handler: cmd 103, vendorID 4980, subcmd 13  received
07-06 12:33:08.825 I/adbd    ( 2329): New TLS connection [fd=26]
07-06 12:33:08.827 I/adbd    ( 2329): host-26: connection terminated: read failed
07-06 12:33:00.643 I/[kworke][0x2e88ce20a8c][10:33:09.459468] qca6490(31648): [31648:I:PMO] pmo_core_enable_wow_in_fw: drv wow is enabled
07-06 12:33:00.680 I/[kworke][0x2e88ced2573][10:33:09.497374] qca6490(31648): [31648:I:HIF] hif_try_complete_tasks: waiting for tasklets 0 grp tasklets 0 work 2
07-06 12:33:00.714 I/[kworke][0x2e88cf7177d][10:33:09.531321] qca6490(31648): [31648:I:PMO] pmo_core_psoc_send_host_wakeup_ind_to_fw: Host wakeup indication sent to fw
07-06 12:33:09.647 D/WifiStaIfaceHidlImpl( 2570): getCachedScanData is not implemented by HIDL
07-06 12:33:09.652 D/NtSmartWifiMonitor( 2570): get rssi = -45, frequecy=5620, datastall=0, current state=6
07-06 12:33:09.652 D/NtSmartWifiMonitor( 2570): 5G Wifi rssi queue: sufficient rssi=-70[-45]
07-06 12:33:09.654 I/vendor.qti.bluetooth@1.0-ibs_handler( 1391): ProcessIbsCmd: Received IBS_WAKE_IND: 0xFD
07-06 12:33:09.654 I/vendor.qti.bluetooth@1.0-ibs_handler( 1391): ProcessIbsCmd: Writing IBS_WAKE_ACK
07-06 12:33:09.695 I/vendor.qti.bluetooth@1.0-ibs_handler( 1391): ProcessIbsCmd: Received IBS_SLEEP_IND: 0xFE
07-06 12:33:01.079 W/healthd ( 1398): time_last:38, soc_current_time=73289, soc_pre_time=73251,charging_status:0,soc_temp:95
07-06 12:33:01.079 W/healthd ( 1398): battery l=95 v=4338 t=29.0 h=2 st=3 c=-163000 fc=4235000 cc=468 chg=
07-06 12:33:01.094 W/healthd ( 1398): time_last:38, soc_current_time=73289, soc_pre_time=73251,charging_status:0,soc_temp:95
07-06 12:33:01.099 W/HealthLoop( 1398): debug.nt.screen_brightness:3.999469
07-06 12:33:10.442 I/WifiHAL ( 1426): event received NL80211_CMD_VENDOR, vendor_id = 0x1374, subcmd = 0xd
07-06 12:33:10.442 I/cnss-daemon( 2278): nl80211 response handler invoked
07-06 12:33:10.442 I/cnss-daemon( 2278): nl80211_response_handler: cmd 103, vendorID 4980, subcmd 13  received
07-06 12:33:02.187 I/[kworke][0x2e88ea69066][10:33:11.004080] qca6490(31648): [31648:I:PMO] pmo_core_enable_wow_in_fw: drv wow is enabled
07-06 12:33:02.223 I/[kworke][0x2e88eb109b4][10:33:11.039830] qca6490(31648): [31648:I:HIF] hif_try_complete_tasks: waiting for tasklets 0 grp tasklets 0 work 2
07-06 12:33:02.252 I/[kworke][0x2e88eb9aba2][10:33:11.069296] qca6490(31648): [31648:I:PMO] pmo_core_psoc_send_host_wakeup_ind_to_fw: Host wakeup indication sent to fw
07-06 12:33:02.290 E/simulated_ntc( 4482): proc_shell_write write invalid para
07-06 12:33:11.149 I/adbd    ( 2329): adbd service requested 'shell,v2,TERM=dumb,raw:dumpsys window windows'
07-06 12:33:11.174 W/dumpsys (32415): Thread Pool max thread count is 0. Cannot cache binder as linkToDeath cannot be implemented. serviceName: window
07-06 12:33:11.281 I/adbd    ( 2329): adbd service requested 'shell,v2,TERM=dumb,raw:dumpsys window'
07-06 12:33:11.308 W/dumpsys (32418): Thread Pool max thread count is 0. Cannot cache binder as linkToDeath cannot be implemented. serviceName: window
07-06 12:33:11.311 I/system_server( 2570): AssetManager2(0xb400007a55cef7f8) locale list changing from [] to [en-GB]
07-06 12:33:11.312 I/system_server( 2570): AssetManager2(0xb400007a55d5b4f8) locale list changing from [] to [en-GB]
07-06 12:33:11.313 I/system_server( 2570): AssetManager2(0xb400007a55d43ad8) locale list changing from [] to [en-GB]
07-06 12:33:11.316 I/system_server( 2570): AssetManager2(0xb400007a55d6dab8) locale list changing from [] to [en-GB]
07-06 12:33:11.517 I/adbd    ( 2329): adbd service requested 'shell,v2,TERM=dumb,raw:input tap 1001 716'
07-06 12:33:11.572 D/TaskbarManager( 3827): dispatchTouchEvent:  displayId=0 isDefaultDisplay=true
07-06 12:33:11.614 I/adbd    ( 2329): adbd service requested 'shell,v2,TERM=dumb,raw:dumpsys window windows'
07-06 12:33:11.632 W/dumpsys (32426): Thread Pool max thread count is 0. Cannot cache binder as linkToDeath cannot be implemented. serviceName: window
07-06 12:33:11.700 I/adbd    ( 2329): adbd service requested 'shell,v2,TERM=dumb,raw:dumpsys window'
07-06 12:33:11.723 W/dumpsys (32430): Thread Pool max thread count is 0. Cannot cache binder as linkToDeath cannot be implemented. serviceName: window
07-06 12:33:11.765 I/adbd    ( 2329): adbd service requested 'shell,v2,TERM=dumb,raw:dumpsys window windows'
07-06 12:33:11.787 W/dumpsys (32433): Thread Pool max thread count is 0. Cannot cache binder as linkToDeath cannot be implemented. serviceName: window
07-06 12:33:11.831 I/adbd    ( 2329): adbd service requested 'shell,v2,TERM=dumb,raw:dumpsys window'
07-06 12:33:11.851 W/dumpsys (32436): Thread Pool max thread count is 0. Cannot cache binder as linkToDeath cannot be implemented. serviceName: window
07-06 12:33:11.934 I/vendor.qti.bluetooth@1.0-ibs_handler( 1391): ProcessIbsCmd: Received IBS_WAKE_IND: 0xFD
07-06 12:33:11.934 I/vendor.qti.bluetooth@1.0-ibs_handler( 1391): ProcessIbsCmd: Writing IBS_WAKE_ACK
07-06 12:33:11.941 I/NearbyDiscovery( 5846): (REDACTED) BloomFilterAdvManager: Detected bloom filter but too far away, ignoring. %sm, %s
07-06 12:33:11.975 I/vendor.qti.bluetooth@1.0-ibs_handler( 1391): ProcessIbsCmd: Received IBS_SLEEP_IND: 0xFE
07-06 12:33:12.209 I/CNSS    ( 2192): /sys/wifi/dump_in_progress file read permission doesn't exist
07-06 12:33:12.210 I/CNSS    ( 2192): /sys/wifi/max_chipset_log_size doesn't exist
07-06 12:33:12.451 I/WifiHAL ( 1426): event received NL80211_CMD_VENDOR, vendor_id = 0x1374, subcmd = 0xd
07-06 12:33:12.452 I/cnss-daemon( 2278): nl80211 response handler invoked
07-06 12:33:12.452 I/cnss-daemon( 2278): nl80211_response_handler: cmd 103, vendorID 4980, subcmd 13  received
07-06 12:33:12.543 I/adbd    ( 2329): adbd service requested 'shell,v2,TERM=dumb,raw:dumpsys window windows'
07-06 12:33:12.572 W/dumpsys (32441): Thread Pool max thread count is 0. Cannot cache binder as linkToDeath cannot be implemented. serviceName: window
07-06 12:33:12.617 I/adbd    ( 2329): adbd service requested 'shell,v2,TERM=dumb,raw:dumpsys window'
07-06 12:33:12.645 W/dumpsys (32444): Thread Pool max thread count is 0. Cannot cache binder as linkToDeath cannot be implemented. serviceName: window
07-06 12:33:12.666 D/WifiStaIfaceHidlImpl( 2570): getCachedScanData is not implemented by HIDL
07-06 12:33:12.669 D/NtSmartWifiMonitor( 2570): get rssi = -45, frequecy=5620, datastall=0, current state=6
07-06 12:33:12.670 D/NtSmartWifiMonitor( 2570): 5G Wifi rssi queue: sufficient rssi=-70[-45, -45]
07-06 12:33:12.998 I/NearbyMediums( 5846): No BLE Fast/GATT advertisements found in the latest cycle.
07-06 12:33:12.998 I/NearbyMediums( 5846): Current Tracked Scanning Clients are : {NearbyConnections.EnvironmentMonitor, NearbySharing}
07-06 12:33:13.329 I/adbd    ( 2329): New TLS connection [fd=45]
07-06 12:33:13.332 I/adbd    ( 2329): host-45: connection terminated: read failed
07-06 12:33:13.554 I/adbd    ( 2329): adbd service requested 'shell,v2,TERM=dumb,raw:input tap 1001 716'
07-06 12:33:13.608 D/TaskbarManager( 3827): dispatchTouchEvent:  displayId=0 isDefaultDisplay=true
07-06 12:33:13.647 I/adbd    ( 2329): adbd service requested 'shell,v2,TERM=dumb,raw:dumpsys window windows'
07-06 12:33:13.675 W/dumpsys (32455): Thread Pool max thread count is 0. Cannot cache binder as linkToDeath cannot be implemented. serviceName: window
07-06 12:33:13.723 I/adbd    ( 2329): adbd service requested 'shell,v2,TERM=dumb,raw:dumpsys window'
07-06 12:33:13.755 W/dumpsys (32459): Thread Pool max thread count is 0. Cannot cache binder as linkToDeath cannot be implemented. serviceName: window
07-06 12:33:13.799 I/adbd    ( 2329): adbd service requested 'shell,v2,TERM=dumb,raw:dumpsys window windows'
07-06 12:33:13.820 W/dumpsys (32462): Thread Pool max thread count is 0. Cannot cache binder as linkToDeath cannot be implemented. serviceName: window
07-06 12:33:13.854 I/adbd    ( 2329): adbd service requested 'shell,v2,TERM=dumb,raw:dumpsys window'
07-06 12:33:13.877 W/dumpsys (32465): Thread Pool max thread count is 0. Cannot cache binder as linkToDeath cannot be implemented. serviceName: window
07-06 12:33:14.459 I/cnss-daemon( 2278): nl80211 response handler invoked
07-06 12:33:14.460 I/cnss-daemon( 2278): nl80211_response_handler: cmd 103, vendorID 4980, subcmd 13  received
07-06 12:33:14.460 I/WifiHAL ( 1426): event received NL80211_CMD_VENDOR, vendor_id = 0x1374, subcmd = 0xd
07-06 12:33:14.567 I/adbd    ( 2329): adbd service requested 'shell,v2,TERM=dumb,raw:settings put global sysui_demo_allowed 1'
07-06 12:33:14.618 V/SettingsShellCmd( 2570): putForUser(userId=0, table=global, key=sysui_demo_allowed, value=1, tag=null, makeDefault=false, overrideableByRestore=false)
07-06 12:33:14.648 I/adbd    ( 2329): adbd service requested 'shell,v2,TERM=dumb,raw:am broadcast -a com.android.systemui.demo -e command clock -e hhmm 0941'
07-06 12:33:14.693 D/IpClient/wlan0( 3484): interfaceLinkStateChanged: ifindex 26 up
07-06 12:33:14.698 I/ActivityManager( 2570): Broadcasting: Intent { act=com.android.systemui.demo flg=0x400000 (has extras) }
07-06 12:33:14.699 I/ActivityManager( 2570): Enqueued broadcast Intent { act=com.android.systemui.demo flg=0x400000 (has extras) }: 0
07-06 12:33:14.704 I/ActivityManager( 2570): Broadcast completed: result=0
07-06 12:33:14.705 D/DemoStatusIcons( 3309): addModernDemoWifiView: 
07-06 12:33:14.710 D/DemoStatusIcons( 3309): addModernDemoWifiView: 
07-06 12:33:14.715 D/DemoStatusIcons( 3309): addModernDemoWifiView: 
07-06 12:33:14.717 D/FiveGServiceClient( 3309): getNrIconGroup nrIconType:1; is6Rx:false; show6RxConfig:true
07-06 12:33:14.721 D/LightBarController( 3309): updateStatus= numStacks: 1, size: 1, appearance: 24
07-06 12:33:14.722 V/WifiManager( 3309): unregisterTrafficStateCallback: callback=com.android.systemui.statusbar.pipeline.wifi.data.repository.prod.WifiRepositoryImpl$wifiActivity$1$callback$1@681553b
07-06 12:33:14.725 D/FiveGServiceClient( 3309): unregisterListener phoneId=0 listener: com.android.systemui.statusbar.pipeline.mobile.data.repository.prod.MobileConnectionRepositoryImpl$getFiveGStateFlow$1$listener$1@1b0be45
07-06 12:33:14.731 D/FiveGServiceClient( 3309): unregisterListener phoneId=0 listener: com.android.systemui.statusbar.pipeline.mobile.data.repository.prod.MobileConnectionRepositoryImpl$getFiveGStateFlow$1$listener$1@98399a
07-06 12:33:14.736 D/FiveGServiceClient( 3309): unregisterListener phoneId=0 listener: com.android.systemui.statusbar.pipeline.mobile.data.repository.prod.MobileConnectionRepositoryImpl$getFiveGStateFlow$1$listener$1@bb90ebc
07-06 12:33:14.753 I/adbd    ( 2329): adbd service requested 'shell,v2,TERM=dumb,raw:am broadcast -a com.android.systemui.demo -e command notifications -e visible false'
07-06 12:33:14.803 I/ActivityManager( 2570): Broadcasting: Intent { act=com.android.systemui.demo flg=0x400000 (has extras) }
07-06 12:33:14.803 I/ActivityManager( 2570): Enqueued broadcast Intent { act=com.android.systemui.demo flg=0x400000 (has extras) }: 0
07-06 12:33:14.807 I/ActivityManager( 2570): Broadcast completed: result=0
07-06 12:33:06.124 I/(virq   (27657): irq_count)- GICv3:IPI(1):118902061 GICv3:arch_timer(11):54229511 GICv3:IPI(6):13777833 GICv3:apps_rsc(24):8251198 GICv3:IPI(2):4631439 GICv3:ufshcd(33):3454480 GICv3:ipcc_0(30):3333931 ipcc:glink-native-slpi(365):1892796 GICv3:msm_drm(219):1874236 ipcc:glink-native-adsp(364):1660417
07-06 12:33:06.125 I/(cpu    (27657): irq_count)- 0:47401400 1:47760111 2:47093827 3:46337926 4:10705478 5:9596323 6:9168438 7:4345276
07-06 12:33:06.125 I/(ipi    (27657): irq_count)- 0:118902061 1:4631439 2:0 3:0 4:0 5:13777833 6:0
07-06 12:33:06.707 I/[kworke][0x2e893d2e06c][10:33:15.524400] qca6490(31648): [31648:I:PMO] pmo_core_enable_wow_in_fw: drv wow is enabled
07-06 12:33:06.758 I/[kworke][0x2e893e1c2b5][10:33:15.575204] qca6490(31648): [31648:I:PMO] pmo_core_psoc_send_host_wakeup_ind_to_fw: Host wakeup indication sent to fw
07-06 12:33:15.687 D/WifiStaIfaceHidlImpl( 2570): getCachedScanData is not implemented by HIDL
07-06 12:33:15.691 D/NtSmartWifiMonitor( 2570): get rssi = -45, frequecy=5620, datastall=0, current state=6
07-06 12:33:15.692 D/NtSmartWifiMonitor( 2570): 5G Wifi rssi queue: sufficient rssi=-70[-45, -45, -45]
07-06 12:33:15.693 D/NtSmartWifi( 2570): handleMessage EVENT_LINK_QUALITY_CHANGED ...
07-06 12:33:15.693 D/NtSmartWifi( 2570): enableSufficientCheckWhenScreenOn, true,  mSmartWifiEnabled=false, screenOn= true
07-06 12:33:15.854 I/adbd    ( 2329): adbd service requested 'exec:screencap '-p''
07-06 12:33:15.962 W/screencap(32490): Thread Pool max thread count is 0. Cannot cache binder as linkToDeath cannot be implemented. serviceName: SurfaceFlingerAIDL
07-06 12:33:15.962 W/BpBinder(32490): Linking to death on android.gui.ISurfaceComposer but there are no threads (yet?) listening to incoming transactions. See ProcessState::startThreadPool and ProcessState::setThreadPoolMaxThreadCount. Generally you should setup the binder threadpool before other initialization steps.
07-06 12:33:15.962 W/ProcessState(32490): Extra binder thread started, but 0 threads requested. Do not use *startThreadPool when zero threads are requested.
07-06 12:33:15.964 E/HWComposer( 1617): getLuts: getLuts failed for display 4630946639017191809: UNSUPPORTED (8)
07-06 12:33:07.153 I/servicemanager(  543): Caller(pid=32490,uid=2000,sid=u:r:shell:s0) Could not find android.hardware.graphics.allocator.IAllocator/default in the VINTF manifest. No alternative instances declared in VINTF.
07-06 12:33:07.179 I/servicemanager(  543): Caller(pid=32490,uid=2000,sid=u:r:shell:s0) Could not find android.hardware.graphics.allocator.IAllocator/default in the VINTF manifest. No alternative instances declared in VINTF.
07-06 12:33:07.304 E/simulated_ntc( 4482): proc_shell_write write invalid para
07-06 12:33:16.318 I/adbd    ( 2329): adbd service requested 'shell,v2,TERM=dumb,raw:am broadcast -a com.android.systemui.demo -e command exit'
07-06 12:33:16.370 I/ActivityManager( 2570): Broadcasting: Intent { act=com.android.systemui.demo flg=0x400000 (has extras) }
07-06 12:33:16.372 I/ActivityManager( 2570): Enqueued broadcast Intent { act=com.android.systemui.demo flg=0x400000 (has extras) }: 0
07-06 12:33:16.374 D/BatteryController( 3309): registerReceiver 
07-06 12:33:16.376 I/ActivityManager( 2570): Broadcast completed: result=0
07-06 12:33:16.383 W/DemoModeController( 3309): Error running demo command, intent=Intent { act=com.android.systemui.demo flg=0x400010 (has extras) } java.lang.NullPointerException
07-06 12:33:16.384 V/WifiManager( 3309): registerTrafficStateCallback: callback=com.android.systemui.statusbar.pipeline.wifi.data.repository.prod.WifiRepositoryImpl$wifiActivity$1$callback$1@87ff345, executor=android.os.HandlerExecutor@b188e19
07-06 12:33:16.387 D/MobileConnectionRepositoryEx( 3309): [1] create.
07-06 12:33:16.391 D/MobileConnectionRepositoryEx( 3309): [1] smoothSignal: state not started.
07-06 12:33:16.391 D/MobileConnectionRepositoryEx( 3309): [1] delayNotifyOos: newState: 0 lastState: 1 delaying: false state: STARTING manual: false changedToNoService: false
07-06 12:33:16.391 D/MobileConnectionRepositoryEx( 3309): [1] smoothSignal: state not started.
07-06 12:33:16.391 D/MobileConnectionRepositoryEx( 3309): [1] getSmoothLevel: 4 mSmoothLevel -1
07-06 12:33:16.391 D/MobileConnectionRepositoryEx( 3309): [1] smoothConnection: true delayTime 0
07-06 12:33:16.395 D/ConnectivityService( 2570): NetReassign [no changes] [c 1] [a 2] [i 3]
07-06 12:33:16.408 D/LightBarController( 3309): updateStatus= numStacks: 1, size: 1, appearance: 24
07-06 12:33:16.411 E/MobileBinderEx( 3309): initSidePadding:3:1
07-06 12:33:16.412 D/LightBarController( 3309): updateStatus= numStacks: 1, size: 1, appearance: 24
07-06 12:33:16.426 I/MobileIconInteractor( 3309):  isGsm true primaryLevel 4  alwaysUseCdmaLevel false cdmaLevel 0 isLteCamped true lteRsrpLevel 4
07-06 12:33:16.433 D/FiveGServiceClient( 3309): getNrIconGroup nrIconType:1; is6Rx:false; show6RxConfig:true
07-06 12:33:16.433 D/FiveGServiceClient( 3309): getNrIconGroup nrIconType:1; is6Rx:false; show6RxConfig:true
07-06 12:33:16.437 I/MobileIconInteractor( 3309):  isGsm true primaryLevel 4  alwaysUseCdmaLevel false cdmaLevel 0 isLteCamped true lteRsrpLevel 4
07-06 12:33:16.439 D/FiveGServiceClient( 3309): getNrIconGroup nrIconType:1; is6Rx:false; show6RxConfig:true
07-06 12:33:16.440 D/FiveGServiceClient( 3309): registerListener phoneId=0  listener: com.android.systemui.statusbar.pipeline.mobile.data.repository.prod.MobileConnectionRepositoryImpl$getFiveGStateFlow$1$listener$1@76dfd19
07-06 12:33:16.440 D/FiveGServiceClient( 3309): resetState phoneId=0
07-06 12:33:16.440 D/ConnectivityService( 2570): NetReassign [no changes] [c 0] [a 1] [i 2]
07-06 12:33:16.440 D/FiveGServiceClient( 3309): mServiceConnected=true mClient=Client{mId=15, mUid=10192, mPackageName='com.android.systemui', mCallback=com.qti.extphone.ExtPhoneCallbackListener$IExtPhoneCallbackStub@701f367}
07-06 12:33:16.440 D/FiveGServiceClient( 3309): query 5G service state for phoneId 0
07-06 12:33:16.440 D/ExtTelephonyService( 3530): enforceReadPrivilegedPermission for queryNrIcon
07-06 12:33:16.441 D/QtiRadioProxy( 3530): queryNrIcon: slotId = 0
07-06 12:33:16.441 D/FiveGServiceClient( 3309): registerListener phoneId=0  listener: com.android.systemui.statusbar.pipeline.mobile.data.repository.prod.MobileConnectionRepositoryImpl$getFiveGStateFlow$1$listener$1@2db768c
07-06 12:33:16.441 D/FiveGServiceClient( 3309): resetState phoneId=0
07-06 12:33:16.441 D/FiveGServiceClient( 3309): mServiceConnected=true mClient=Client{mId=15, mUid=10192, mPackageName='com.android.systemui', mCallback=com.qti.extphone.ExtPhoneCallbackListener$IExtPhoneCallbackStub@701f367}
07-06 12:33:16.441 D/FiveGServiceClient( 3309): query 5G service state for phoneId 0
07-06 12:33:16.441 D/ExtTelephonyService( 3530): enforceReadPrivilegedPermission for queryNrIcon
07-06 12:33:16.442 D/QtiRadioProxy( 3530): queryNrIcon: slotId = 0
07-06 12:33:16.442 D/QtiRadioAidl( 3530): queryNrIcon: serial = 608
07-06 12:33:16.442 D/QtiRadioAidl( 3530): queryNrIcon: serial = 609
07-06 12:33:16.442 D/FiveGServiceClient( 3309): queryNrIconType result:Token: 608
07-06 12:33:16.442 D/FiveGServiceClient( 3309): onCiwlanAvailable: slotId = 0 available = false
07-06 12:33:16.442 D/FiveGServiceClient( 3309): queryNrIconType result:Token: 609
07-06 12:33:16.442 D/FiveGServiceClient( 3309): onCiwlanAvailable: slotId = 0 available = false
07-06 12:33:16.443 D/FiveGServiceClient( 3309): registerListener phoneId=0  listener: com.android.systemui.statusbar.pipeline.mobile.data.repository.prod.MobileConnectionRepositoryImpl$getFiveGStateFlow$1$listener$1@1d851d5
07-06 12:33:16.443 D/FiveGServiceClient( 3309): resetState phoneId=0
07-06 12:33:16.443 D/FiveGServiceClient( 3309): mServiceConnected=true mClient=Client{mId=15, mUid=10192, mPackageName='com.android.systemui', mCallback=com.qti.extphone.ExtPhoneCallbackListener$IExtPhoneCallbackStub@701f367}
07-06 12:33:16.443 D/FiveGServiceClient( 3309): query 5G service state for phoneId 0
07-06 12:33:16.443 D/ExtTelephonyService( 3530): enforceReadPrivilegedPermission for queryNrIcon
07-06 12:33:16.443 D/QtiRadioProxy( 3530): queryNrIcon: slotId = 0
07-06 12:33:16.443 D/QtiRadioAidl( 3530): queryNrIcon: serial = 610
07-06 12:33:16.443 D/FiveGServiceClient( 3309): queryNrIconType result:Token: 610
07-06 12:33:16.444 D/FiveGServiceClient( 3309): onCiwlanAvailable: slotId = 0 available = false
07-06 12:33:16.445 D/QtiRadioAidl( 3530): onNrIconTypeResponse: serial = 608, slotId = 0, errorCode = 0 iconType = 1
07-06 12:33:16.445 D/QtiRadioProxyHandler: ( 3530): handleMessage msg.what = 43
07-06 12:33:16.445 D/QtiRadioProxyHandler: ( 3530): EVENT_QUERY_NR_ICON_RESPONSE
07-06 12:33:16.445 D/QtiRadioProxy( 3530): onNrIconResponse: Responding back for transaction = Transaction{mToken=Token: 608, mName='queryNrIcon', mClient=Client{mId=15, mUid=10192, mPackageName='com.android.systemui', mCallback=com.qti.extphone.IExtPhoneCallback$Stub$Proxy@998da13}}
07-06 12:33:16.445 D/FiveGServiceClient( 3309): onNrIconResponse: slotId = 0 token = Token: 608 statusStatus: 1 NrIcon = NrIcon: type = 1, Rx = -1
07-06 12:33:16.445 D/FiveGServiceClient( 3309): getNrIconGroup nrIconType:1; is6Rx:false; show6RxConfig:true
07-06 12:33:16.445 D/FiveGServiceClient( 3309): phoneId(0) Change in state from mNrIconType=-1, is6Rx=false, mIconGroup=IconGroup(Unknown) 
07-06 12:33:16.445 D/FiveGServiceClient( 3309): 	to mNrIconType=1, is6Rx=false, mIconGroup=IconGroup(5GBasic)
07-06 12:33:16.446 D/QtiRadioAidl( 3530): onNrIconTypeResponse: serial = 609, slotId = 0, errorCode = 0 iconType = 1
07-06 12:33:16.446 D/QtiRadioProxy( 3530): onNrIconType slotId = 0 NrIconType = NrIconType: 1
07-06 12:33:16.446 D/NrIconProxy( 3530): updateByDisplayInfo: slotId: 0 nrIconType: NrIconType: 1 override: null
07-06 12:33:16.446 D/QtiRadioProxy( 3530): onNrIconType updateNrIconType = null
07-06 12:33:16.446 D/QtiRadioProxyHandler: ( 3530): handleMessage msg.what = 1
07-06 12:33:16.446 D/QtiRadioProxyHandler: ( 3530): EVENT_ON_NR_ICON_TYPE
07-06 12:33:16.446 D/QtiRadioProxy( 3530): onNrIconType: Responding back for transaction = Transaction{mToken=Token: 609, mName='queryNrIcon', mClient=Client{mId=15, mUid=10192, mPackageName='com.android.systemui', mCallback=com.qti.extphone.IExtPhoneCallback$Stub$Proxy@638d450}}
07-06 12:33:16.446 D/CarrierTextController( 3309): updateCarrierText(): 1
07-06 12:33:16.446 D/QtiRadioAidl( 3530): onNrIconTypeResponse: serial = 610, slotId = 0, errorCode = 0 iconType = 1
07-06 12:33:16.446 D/QtiRadioProxy( 3530): onNrIconType slotId = 0 NrIconType = NrIconType: 1
07-06 12:33:16.446 D/NrIconProxy( 3530): updateByDisplayInfo: slotId: 0 nrIconType: NrIconType: 1 override: null
07-06 12:33:16.446 D/QtiRadioProxy( 3530): onNrIconType updateNrIconType = null
07-06 12:33:16.446 D/CarrierTextController( 3309): updateCarrierText():trueSunrise:false
07-06 12:33:16.446 D/FiveGServiceClient( 3309): onNrIconType: slotId = 0 token = Token: 609 statusStatus: 1 NrIconType = NrIconType: 1
07-06 12:33:16.446 D/FiveGServiceClient( 3309): getNrIconGroup nrIconType:1; is6Rx:false; show6RxConfig:true
07-06 12:33:16.446 D/CarrierTextController( 3309): updateCarrierText(): 1
07-06 12:33:16.446 D/CarrierTextController( 3309): updateCarrierText():trueSunrise:false
07-06 12:33:16.446 D/QtiRadioProxyHandler: ( 3530): handleMessage msg.what = 1
07-06 12:33:16.446 D/QtiRadioProxyHandler: ( 3530): EVENT_ON_NR_ICON_TYPE
07-06 12:33:16.446 D/QtiRadioProxy( 3530): onNrIconType: Responding back for transaction = Transaction{mToken=Token: 610, mName='queryNrIcon', mClient=Client{mId=15, mUid=10192, mPackageName='com.android.systemui', mCallback=com.qti.extphone.IExtPhoneCallback$Stub$Proxy@cc2f649}}
07-06 12:33:16.446 D/FiveGServiceClient( 3309): onNrIconType: slotId = 0 token = Token: 610 statusStatus: 1 NrIconType = NrIconType: 1
07-06 12:33:16.446 D/FiveGServiceClient( 3309): getNrIconGroup nrIconType:1; is6Rx:false; show6RxConfig:true
07-06 12:33:16.455 I/cnss-daemon( 2278): nl80211 response handler invoked
07-06 12:33:16.455 I/cnss-daemon( 2278): nl80211_response_handler: cmd 103, vendorID 4980, subcmd 13  received
07-06 12:33:16.456 I/WifiHAL ( 1426): event received NL80211_CMD_VENDOR, vendor_id = 0x1374, subcmd = 0xd
07-06 12:33:08.280 I/[kworke][0x2e8959fa6cb][10:33:17.097178] qca6490(31648): [31648:I:PMO] pmo_core_enable_wow_in_fw: drv wow is enabled
07-06 12:33:08.316 I/[kworke][0x2e895aa3bf5][10:33:17.133300] qca6490(31648): [31648:I:HIF] hif_try_complete_tasks: waiting for tasklets 0 grp tasklets 0 work 2
07-06 12:33:08.348 I/[kworke][0x2e895b38fce][10:33:17.165138] qca6490(31648): [31648:I:PMO] pmo_core_psoc_send_host_wakeup_ind_to_fw: Host wakeup indication sent to fw
