07-06 12:30:44.048 I/(virq   (27657): irq_count)- GICv3:IPI(1):118742852 GICv3:arch_timer(11):54124945 GICv3:IPI(6):13748414 GICv3:apps_rsc(24):8241037 GICv3:IPI(2):4625846 GICv3:ufshcd(33):3451861 GICv3:ipcc_0(30):3329547 ipcc:glink-native-slpi(365):1890318 GICv3:msm_drm(219):1872166 ipcc:glink-native-adsp(364):1658659
07-06 12:30:44.048 I/(cpu    (27657): irq_count)- 0:47331562 1:47689499 2:47021935 3:46267474 4:10691332 5:9580278 6:9153522 7:4335117
07-06 12:30:44.048 I/(ipi    (27657): irq_count)- 0:118742853 1:4625846 2:0 3:0 4:0 5:13748414 6:0
07-06 12:30:44.638 I/[kworke][0x2e7f13cfffb][10:30:53.455061] qca6490(30830): [30830:I:PMO] pmo_core_enable_wow_in_fw: drv wow is enabled
07-06 12:30:44.674 I/[kworke][0x2e7f1478d1e][10:30:53.491076] qca6490(30830): [30830:I:HIF] hif_try_complete_tasks: waiting for tasklets 0 grp tasklets 0 work 2
07-06 12:30:44.716 I/[kworke][0x2e7f153e929][10:30:53.533264] qca6490(30830): [30830:I:PMO] pmo_core_psoc_send_host_wakeup_ind_to_fw: Host wakeup indication sent to fw
07-06 12:30:45.325 I/sd 0    (31648): 0:0:0: [sda] Synchronizing SCSI cache
07-06 12:30:45.619 I/sd 0    (31321): 0:0:4: [sde] Synchronizing SCSI cache
07-06 12:30:46.268 I/[kworke][0x2e7f31a6d2d][10:30:55.084677] qca6490(30830): [30830:I:PMO] pmo_core_enable_wow_in_fw: drv wow is enabled
07-06 12:30:46.306 I/[kworke][0x2e7f325bb56][10:30:55.123265] qca6490(30830): [30830:I:HIF] hif_try_complete_tasks: waiting for tasklets 0 grp tasklets 0 work 2
07-06 12:30:46.339 I/[kworke][0x2e7f32f4121][10:30:55.155770] qca6490(30830): [30830:I:PMO] pmo_core_psoc_send_host_wakeup_ind_to_fw: Host wakeup indication sent to fw
07-06 12:30:46.949 E/simulated_ntc( 4482): proc_shell_write write invalid para
07-06 12:30:48.114 I/[kworke][0x2e7f53759e6][10:30:56.931033] qca6490(30830): [30830:I:PMO] pmo_core_enable_wow_in_fw: drv wow is enabled
07-06 12:30:48.152 I/[kworke][0x2e7f5425ce1][10:30:56.968619] qca6490(30830): [30830:I:HIF] hif_try_complete_tasks: waiting for tasklets 0 grp tasklets 0 work 2
07-06 12:30:48.187 I/[kworke][0x2e7f54cc173][10:30:57.004094] qca6490(30830): [30830:I:PMO] pmo_core_psoc_send_host_wakeup_ind_to_fw: Host wakeup indication sent to fw
07-06 12:30:48.802 I/[kworke][0x2e7f600c60b][10:30:57.618555] qca6490(30830): [30830:I:PMO] pmo_core_enable_wow_in_fw: drv wow is enabled
07-06 12:30:48.851 I/[kworke][0x2e7f60f4af7][10:30:57.668114] qca6490(30830): [30830:I:HIF] hif_try_complete_tasks: waiting for tasklets 0 grp tasklets 0 work 2
07-06 12:30:48.887 I/[kworke][0x2e7f619acbe][10:30:57.703551] qca6490(30830): [30830:I:PMO] pmo_core_psoc_send_host_wakeup_ind_to_fw: Host wakeup indication sent to fw
07-06 12:30:49.680 I/[kworke][0x2e7f7022a4a][10:30:58.497118] qca6490(30830): [30830:I:PMO] pmo_core_enable_wow_in_fw: drv wow is enabled
07-06 12:30:49.735 I/[kworke][0x2e7f712526a][10:30:58.552267] qca6490(30830): [30830:I:PMO] pmo_core_psoc_send_host_wakeup_ind_to_fw: Host wakeup indication sent to fw
07-06 12:30:50.332 I/[kworke][0x2e7f7c14254][10:30:59.149385] qca6490(30830): [30830:I:PMO] pmo_core_enable_wow_in_fw: drv wow is enabled
07-06 12:30:50.386 I/[kworke][0x2e7f7d0f09d][10:30:59.202909] qca6490(30830): [30830:I:HIF] hif_try_complete_tasks: waiting for tasklets 0 grp tasklets 0 work 2
07-06 12:30:50.419 I/[kworke][0x2e7f7dab74c][10:30:59.236278] qca6490(30830): [30830:I:PMO] pmo_core_psoc_send_host_wakeup_ind_to_fw: Host wakeup indication sent to fw
07-06 12:31:00.624 I/ActivityManager( 2570): Force stopping com.callstack.agentdevice.snapshothelper appid=10352 user=0: start instr
07-06 12:31:00.635 W/ProcessStats( 2570): Tracking association SourceState{aa6b5ee com.nothing.launcher/10177 BFgs #102395} whose proc state 4 is better than process ProcessState{ed974f0 com.nothing.universal.search/10329 pkg=com.nothing.universal.search} proc state 5 (31 skipped)
07-06 12:31:00.639 D/BackgroundInstallControlService( 2570): Package event received: 0
07-06 12:31:00.643 I/AppsFilter( 2570): interaction: PackageSetting{9d05b6c ch.karimattia.libraries/10260} -> PackageSetting{3443053 com.callstack.agentdevice.snapshothelper/10352} BLOCKED
07-06 12:31:00.643 I/AppsFilter( 2570): interaction: PackageSetting{b1a0535 com.callstack.agentdevice.multitouchhelper/10355} -> PackageSetting{3443053 com.callstack.agentdevice.snapshothelper/10352} BLOCKED
07-06 12:31:00.643 I/AppsFilter( 2570): interaction: PackageSetting{e341b3b ch.karimattia.workoutpixel.test/10280} -> PackageSetting{3443053 com.callstack.agentdevice.snapshothelper/10352} BLOCKED
07-06 12:31:00.643 I/AppsFilter( 2570): interaction: PackageSetting{71dc258 ch.karimattia.workoutpixels/10303} -> PackageSetting{3443053 com.callstack.agentdevice.snapshothelper/10352} BLOCKED
07-06 12:31:00.645 D/BackgroundInstallControlService( 2570): Package event received: 0
07-06 12:31:00.672 I/ActivityManager( 2570): Start proc 31719:com.callstack.agentdevice.snapshothelper/u0a352 for added application com.callstack.agentdevice.snapshothelper
07-06 12:31:00.672 I/ActivityManager( 2570): ProcessObserver broadcast disabled
07-06 12:31:00.715 D/OomAdjuster( 2570): process : com.callstack.agentdevice.snapshothelper, pid = 31719, isTop = false, uid = 10352, hasActivity = false
07-06 12:31:00.715 D/OomAdjuster( 2570): process : com.callstack.agentdevice.snapshothelper is not top!
07-06 12:31:00.720 D/NtScrollerManagerImpl(31719): init NtScrollerManagerImpl
07-06 12:31:00.722 D/ActivityManager( 2570): uid = 10352, pid = 31719, processName = com.callstack.agentdevice.snapshothelper is not top app, set nt foreground
07-06 12:31:00.763 D/AccessibilityManagerService( 2570): changeCurrentUserForTestAutomationIfNeededLocked(0): ignoring because device doesn't support visible background users
07-06 12:31:00.763 I/UiAutomationManager( 2570): Registering UiTestAutomationService (id=com.android.server.accessibility/UiAutomation, flags=0x0) when called by user 0
07-06 12:31:00.763 V/AccessibilityManagerService( 2570): onUserStateChangedLocked for userId: 0, forceUpdate: false
07-06 12:31:00.765 W/MagnificationConnectionManager( 2570): requestConnection duplicated request: connect=false, mConnectionState=DISCONNECTED
07-06 12:31:00.773 V/AccessibilityManagerService( 2570): onUserStateChangedLocked for userId: 0, forceUpdate: false
07-06 12:31:00.775 W/AccessibilityWindowsPopulator( 2570): The displayInfo of this displayId (0) called back from the surface fligner is null
07-06 12:31:00.776 W/MagnificationConnectionManager( 2570): requestConnection duplicated request: connect=false, mConnectionState=DISCONNECTED
07-06 12:30:51.959 E/simulated_ntc( 4482): proc_shell_write write invalid para
07-06 12:31:00.777 W/AccessibilityWindowsPopulator( 2570): The displayInfo of this displayId (0) called back from the surface fligner is null
07-06 12:31:00.778 W/AccessibilityWindowsPopulator( 2570): The displayInfo of this displayId (0) called back from the surface fligner is null
07-06 12:31:00.778 W/AccessibilityWindowsPopulator( 2570): The displayInfo of this displayId (0) called back from the surface fligner is null
07-06 12:31:00.780 W/AccessibilityWindowsPopulator( 2570): The displayInfo of this displayId (0) called back from the surface fligner is null
07-06 12:31:00.781 W/AccessibilityWindowsPopulator( 2570): The displayInfo of this displayId (0) called back from the surface fligner is null
07-06 12:31:00.781 W/AccessibilityWindowsPopulator( 2570): The displayInfo of this displayId (0) called back from the surface fligner is null
07-06 12:31:00.783 W/AccessibilityWindowsPopulator( 2570): The displayInfo of this displayId (0) called back from the surface fligner is null
07-06 12:31:00.783 W/AccessibilityWindowsPopulator( 2570): The displayInfo of this displayId (0) called back from the surface fligner is null
07-06 12:31:00.784 W/AccessibilityWindowsPopulator( 2570): The displayInfo of this displayId (0) called back from the surface fligner is null
07-06 12:31:00.785 W/AccessibilityWindowsPopulator( 2570): The displayInfo of this displayId (0) called back from the surface fligner is null
07-06 12:31:00.786 D/BatterySaverPolicy( 2570): accessibility changed to true, updating policy.
07-06 12:31:00.786 W/AccessibilityWindowsPopulator( 2570): The displayInfo of this displayId (0) called back from the surface fligner is null
07-06 12:31:00.787 W/AccessibilityWindowsPopulator( 2570): The displayInfo of this displayId (0) called back from the surface fligner is null
07-06 12:31:00.788 W/AccessibilityWindowsPopulator( 2570): The displayInfo of this displayId (0) called back from the surface fligner is null
07-06 12:31:00.789 W/AccessibilityWindowsPopulator( 2570): The displayInfo of this displayId (0) called back from the surface fligner is null
07-06 12:31:00.790 W/AccessibilityWindowsPopulator( 2570): The displayInfo of this displayId (0) called back from the surface fligner is null
07-06 12:31:00.792 W/AccessibilityWindowsPopulator( 2570): The displayInfo of this displayId (0) called back from the surface fligner is null
07-06 12:31:00.822 W/AccessibilityWindowsPopulator( 2570): The displayInfo of this displayId (0) called back from the surface fligner is null
07-06 12:31:01.135 I/ActivityManager( 2570): Force stopping com.callstack.agentdevice.snapshothelper appid=10352 user=0: from pid 31739
07-06 12:31:01.137 I/ActivityManager( 2570): Killing 31719:com.callstack.agentdevice.snapshothelper/u0a352 (adj 0): stop com.callstack.agentdevice.snapshothelper due to from pid 31739
07-06 12:31:01.142 W/ActivityManager( 2570): Crash of app com.callstack.agentdevice.snapshothelper running instrumentation ComponentInfo{com.callstack.agentdevice.snapshothelper/com.callstack.agentdevice.snapshothelper.SnapshotInstrumentation}
07-06 12:31:01.142 I/ActivityManager( 2570): Force stopping com.callstack.agentdevice.snapshothelper appid=10352 user=0: finished inst
07-06 12:31:01.149 I/AppsFilter( 2570): interaction: PackageSetting{9d05b6c ch.karimattia.libraries/10260} -> PackageSetting{c3861d8 com.callstack.agentdevice.snapshothelper/10352} BLOCKED
07-06 12:31:01.149 I/AppsFilter( 2570): interaction: PackageSetting{b1a0535 com.callstack.agentdevice.multitouchhelper/10355} -> PackageSetting{c3861d8 com.callstack.agentdevice.snapshothelper/10352} BLOCKED
07-06 12:31:01.150 I/AppsFilter( 2570): interaction: PackageSetting{e341b3b ch.karimattia.workoutpixel.test/10280} -> PackageSetting{c3861d8 com.callstack.agentdevice.snapshothelper/10352} BLOCKED
07-06 12:31:01.150 I/AppsFilter( 2570): interaction: PackageSetting{71dc258 ch.karimattia.workoutpixels/10303} -> PackageSetting{c3861d8 com.callstack.agentdevice.snapshothelper/10352} BLOCKED
07-06 12:31:01.150 W/ActivityManager( 2570): Invalid packageName: com.callstack.agentdevice.snapshothelper
07-06 12:31:01.158 V/ActivityManager( 2570): Got obituary of 31719:com.callstack.agentdevice.snapshothelper
07-06 12:31:01.159 W/ActivityManager( 2570): pid 2570 system sent binder code 1 with flags 1 to frozen apps and got error -32
07-06 12:31:01.160 V/AccessibilityManagerService( 2570): onUserStateChangedLocked for userId: 0, forceUpdate: false
07-06 12:31:01.161 W/MagnificationConnectionManager( 2570): requestConnection duplicated request: connect=false, mConnectionState=DISCONNECTED
07-06 12:31:01.161 V/AccessibilityManagerService( 2570): onUserStateChangedLocked for userId: 0, forceUpdate: false
07-06 12:31:01.161 W/MagnificationConnectionManager( 2570): requestConnection duplicated request: connect=false, mConnectionState=DISCONNECTED
07-06 12:31:01.163 D/BatterySaverPolicy( 2570): accessibility changed to false, updating policy.
07-06 12:31:01.584 D/AccessibilityManagerService( 2570): changeCurrentUserForTestAutomationIfNeededLocked(0): ignoring because device doesn't support visible background users
07-06 12:31:01.584 I/UiAutomationManager( 2570): Registering UiTestAutomationService (id=com.android.server.accessibility/UiAutomation, flags=0x0) when called by user 0
07-06 12:31:01.584 V/AccessibilityManagerService( 2570): onUserStateChangedLocked for userId: 0, forceUpdate: false
07-06 12:31:01.585 W/MagnificationConnectionManager( 2570): requestConnection duplicated request: connect=false, mConnectionState=DISCONNECTED
07-06 12:31:01.590 V/AccessibilityManagerService( 2570): onUserStateChangedLocked for userId: 0, forceUpdate: false
07-06 12:31:01.591 W/MagnificationConnectionManager( 2570): requestConnection duplicated request: connect=false, mConnectionState=DISCONNECTED
07-06 12:31:01.602 D/BatterySaverPolicy( 2570): accessibility changed to true, updating policy.
07-06 12:30:53.518 I/(virq   (27663): irq_count)- GICv3:IPI(1):118747038 GICv3:arch_timer(11):54128873 GICv3:IPI(6):13749196 GICv3:apps_rsc(24):8241467 GICv3:IPI(2):4626135 GICv3:ufshcd(33):3451957 GICv3:ipcc_0(30):3329608 ipcc:glink-native-slpi(365):1890318 GICv3:msm_drm(219):1872166 ipcc:glink-native-adsp(364):1658727
07-06 12:30:53.518 I/(cpu    (27663): irq_count)- 0:47334314 1:47691556 2:47024146 3:46269913 4:10691534 5:9580653 6:9153832 7:4335250
07-06 12:30:53.518 I/(ipi    (27663): irq_count)- 0:118747038 1:4626135 2:0 3:0 4:0 5:13749196 6:0
07-06 12:31:02.680 V/AccessibilityManagerService( 2570): onUserStateChangedLocked for userId: 0, forceUpdate: false
07-06 12:31:02.683 W/MagnificationConnectionManager( 2570): requestConnection duplicated request: connect=false, mConnectionState=DISCONNECTED
07-06 12:31:02.683 D/AccessibilityManagerService( 2570): restoreCurrentUserForTestAutomationIfNeededLocked(): ignoring because device doesn't support visible background users
07-06 12:31:02.687 D/BatterySaverPolicy( 2570): accessibility changed to false, updating policy.
07-06 12:30:54.543 I/[kworke][0x2e7fc92bc2c][10:31:03.359650] qca6490(30830): [30830:I:PMO] pmo_core_enable_wow_in_fw: drv wow is enabled
07-06 12:30:54.581 I/[kworke][0x2e7fc9df3fa][10:31:03.397941] qca6490(30830): [30830:I:HIF] hif_try_complete_tasks: waiting for tasklets 0 grp tasklets 0 work 2
07-06 12:30:54.613 I/[kworke][0x2e7fca74ad8][10:31:03.429819] qca6490(30830): [30830:I:PMO] pmo_core_psoc_send_host_wakeup_ind_to_fw: Host wakeup indication sent to fw
07-06 12:30:54.977 I/PM      (14852): suspend entry (s2idle)
07-06 12:30:54.990 I/Filesystems sync(14852): 0.013 seconds
07-06 12:30:54.990 E/ipa_pm_notify(14852): 498 Entry
07-06 12:30:54.990 E/ipa_pm_notify(14852): 510 Exit
07-06 12:30:54.990 I/        (14852): Freezing user space processes ...
07-06 12:30:54.994 E/smcinvoke( 1422): process_accept_req: Server id :17 interrupted probaby due to suspend, pid:1422
07-06 12:30:54.994 E/smcinvoke( 1423): process_accept_req: Server id :17 interrupted probaby due to suspend, pid:1423
07-06 12:30:54.994 E/smcinvoke( 1424): process_accept_req: Server id :17 interrupted probaby due to suspend, pid:1424
07-06 12:30:54.994 E/smcinvoke( 1425): process_accept_req: Server id :17 interrupted probaby due to suspend, pid:1425
07-06 12:30:54.994 E/smcinvoke( 1450): process_accept_req: Server id :18 interrupted probaby due to suspend, pid:1450
07-06 12:30:54.994 E/smcinvoke( 1451): process_accept_req: Server id :18 interrupted probaby due to suspend, pid:1451
07-06 12:30:54.994 E/smcinvoke( 1452): process_accept_req: Server id :18 interrupted probaby due to suspend, pid:1452
07-06 12:30:54.994 E/smcinvoke( 1453): process_accept_req: Server id :18 interrupted probaby due to suspend, pid:1453
07-06 12:30:54.994 E/smcinvoke( 1496): process_accept_req: Server id :21 interrupted probaby due to suspend, pid:1496
07-06 12:30:54.994 E/smcinvoke( 1497): process_accept_req: Server id :21 interrupted probaby due to suspend, pid:1497
07-06 12:30:54.994 E/smcinvoke( 1498): process_accept_req: Server id :21 interrupted probaby due to suspend, pid:1498
07-06 12:30:54.994 E/smcinvoke( 1499): process_accept_req: Server id :21 interrupted probaby due to suspend, pid:1499
07-06 12:30:54.994 E/smcinvoke( 1501): process_accept_req: Server id :22 interrupted probaby due to suspend, pid:1501
07-06 12:30:54.994 E/smcinvoke( 1502): process_accept_req: Server id :22 interrupted probaby due to suspend, pid:1502
07-06 12:30:54.994 E/smcinvoke( 1503): process_accept_req: Server id :22 interrupted probaby due to suspend, pid:1503
07-06 12:30:54.994 E/smcinvoke( 1504): process_accept_req: Server id :22 interrupted probaby due to suspend, pid:1504
07-06 12:30:54.995 E/smcinvoke( 1508): process_accept_req: Server id :23 interrupted probaby due to suspend, pid:1508
07-06 12:30:54.995 E/smcinvoke( 1509): process_accept_req: Server id :23 interrupted probaby due to suspend, pid:1509
07-06 12:30:54.995 E/smcinvoke( 1517): process_accept_req: Server id :23 interrupted probaby due to suspend, pid:1517
07-06 12:30:54.995 E/smcinvoke( 1516): process_accept_req: Server id :23 interrupted probaby due to suspend, pid:1516
07-06 12:30:54.995 E/smcinvoke(13719): process_accept_req: Server id :29 interrupted probaby due to suspend, pid:13719
07-06 12:30:54.995 E/smcinvoke(13720): process_accept_req: Server id :29 interrupted probaby due to suspend, pid:13720
07-06 12:30:54.995 E/smcinvoke(13722): process_accept_req: Server id :29 interrupted probaby due to suspend, pid:13722
07-06 12:30:54.995 E/smcinvoke(13721): process_accept_req: Server id :29 interrupted probaby due to suspend, pid:13721
07-06 12:30:55.006 W/        (14852): process 2565 (fingerprint@2.3) no longer affine to cpu0
07-06 12:30:55.017 I/PM      (14852): PM: Pending Wakeup Sources: qcom_rx_wakelock
07-06 12:30:55.017 E/        (14852): Freezing of tasks aborted after 0.026 seconds
07-06 12:30:55.017 I/        (14852): OOM killer enabled.
07-06 12:30:55.017 I/        (14852): Restarting tasks ...
07-06 12:30:55.020 E/smcinvoke( 1422): process_accept_req: process_accept_req txn 1 either invalid or removed from Q
07-06 12:30:55.020 E/smcinvoke( 1425): process_accept_req: process_accept_req txn 2 either invalid or removed from Q
07-06 12:30:55.020 E/smcinvoke( 1496): process_accept_req: process_accept_req txn 6 either invalid or removed from Q
07-06 12:30:55.020 E/smcinvoke( 1498): process_accept_req: process_accept_req txn 7 either invalid or removed from Q
07-06 12:30:55.020 E/smcinvoke( 1501): process_accept_req: process_accept_req txn 7 either invalid or removed from Q
07-06 12:30:55.020 E/smcinvoke( 1499): process_accept_req: process_accept_req txn 5 either invalid or removed from Q
07-06 12:30:55.020 E/smcinvoke( 1504): process_accept_req: process_accept_req txn 6 either invalid or removed from Q
07-06 12:30:55.020 E/smcinvoke( 1503): process_accept_req: process_accept_req txn 3 either invalid or removed from Q
07-06 12:30:55.020 E/smcinvoke( 1502): process_accept_req: process_accept_req txn 5 either invalid or removed from Q
07-06 12:30:55.020 E/smcinvoke( 1508): process_accept_req: process_accept_req txn 4 either invalid or removed from Q
07-06 12:30:55.020 E/smcinvoke( 1509): process_accept_req: process_accept_req txn 2 either invalid or removed from Q
07-06 12:30:55.020 E/smcinvoke( 1517): process_accept_req: process_accept_req txn 3 either invalid or removed from Q
07-06 12:30:55.020 E/smcinvoke( 1516): process_accept_req: process_accept_req txn 5 either invalid or removed from Q
07-06 12:30:55.021 E/smcinvoke(13720): process_accept_req: process_accept_req txn 2 either invalid or removed from Q
07-06 12:30:55.021 E/smcinvoke(13722): process_accept_req: process_accept_req txn 1 either invalid or removed from Q
07-06 12:30:55.035 W/        (14852): done.
07-06 12:30:55.035 I/Abort   (14852): Pending Wakeup Sources: qcom_rx_wakelock
07-06 12:30:55.035 E/ipa_pm_notify(14852): 498 Entry
07-06 12:30:55.035 E/ipa_pm_notify(14852): 510 Exit
07-06 12:30:55.035 I/adsp_sleepmon(14852): PM_POST_SUSPEND
07-06 12:30:55.035 I/PM      (14852): suspend exit
07-06 12:30:55.035 I/adsp_sleepmon(  609): timer_event = 0,suspend_event = 1
07-06 12:30:55.682 I/[kworke][0x2e7fde0626e][10:31:04.498507] qca6490(30830): [30830:I:PMO] pmo_core_enable_wow_in_fw: drv wow is enabled
07-06 12:31:04.533 W/ActivityManager( 2570): Unbind failed: could not find connection for android.os.BinderProxy@827674c
07-06 12:31:04.540 W/ActivityManager( 2570): Unable to start service Intent { act=android.telephony.satellite.SatelliteService xflg=0x4 pkg=vendor.qti.data.ntnsatapp } U=0: not found
07-06 12:30:55.725 I/[kworke][0x2e7fded2b2e][10:31:04.542143] qca6490(30830): [30830:I:PMO] pmo_core_psoc_send_host_wakeup_ind_to_fw: Host wakeup indication sent to fw
07-06 12:30:56.343 I/[kworke][0x2e7fea21810][10:31:05.159702] qca6490(30830): [30830:I:PMO] pmo_core_enable_wow_in_fw: drv wow is enabled
07-06 12:30:56.381 I/[kworke][0x2e7fead61c4][10:31:05.198231] qca6490(30830): [30830:I:HIF] hif_try_complete_tasks: waiting for tasklets 0 grp tasklets 0 work 2
07-06 12:30:56.414 I/[kworke][0x2e7feb705bc][10:31:05.231138] qca6490(30830): [30830:I:PMO] pmo_core_psoc_send_host_wakeup_ind_to_fw: Host wakeup indication sent to fw
07-06 12:30:56.973 E/simulated_ntc( 4482): proc_shell_write write invalid para
07-06 12:31:05.800 D/NtMemoryManager( 2570): com.teslacoilsw.launcher last pss: 451712
07-06 12:31:05.800 D/NtMemoryManager( 2570): don't raise adj due to remove task : ch.karimattia.soli : -1
07-06 12:31:05.800 D/NtMemoryManager( 2570): org.mozilla.firefox last pss: 1753146
07-06 12:30:57.614 I/[kworke][0x2e80016a53f][10:31:06.431344] qca6490(30830): [30830:I:PMO] pmo_core_enable_wow_in_fw: drv wow is enabled
07-06 12:30:57.651 I/[kworke][0x2e8002157e3][10:31:06.467859] qca6490(30830): [30830:I:HIF] hif_try_complete_tasks: waiting for tasklets 1 grp tasklets 0 work 0
07-06 12:30:57.678 I/[kworke][0x2e8002953d4][10:31:06.495112] qca6490(30830): [30830:I:PMO] pmo_core_psoc_send_host_wakeup_ind_to_fw: Host wakeup indication sent to fw
07-06 12:30:58.285 I/[kworke][0x2e800dafdbc][10:31:07.101537] qca6490(30830): [30830:I:PMO] pmo_core_enable_wow_in_fw: drv wow is enabled
07-06 12:30:58.322 I/[kworke][0x2e800e60991][10:31:07.139242] qca6490(30830): [30830:I:HIF] hif_try_complete_tasks: waiting for tasklets 0 grp tasklets 0 work 2
07-06 12:30:58.357 I/[kworke][0x2e800f03a6e][10:31:07.174027] qca6490(30830): [30830:I:PMO] pmo_core_psoc_send_host_wakeup_ind_to_fw: Host wakeup indication sent to fw
07-06 12:30:58.733 I/sd 0    (31648): 0:0:4: [sde] Synchronizing SCSI cache
07-06 12:30:59.747 I/[kworke][0x2e802876bd3][10:31:08.563912] qca6490(30830): [30830:I:PMO] pmo_core_enable_wow_in_fw: drv wow is enabled
07-06 12:30:59.784 I/[kworke][0x2e802925dbf][10:31:08.601271] qca6490(30830): [30830:I:HIF] hif_try_complete_tasks: waiting for tasklets 0 grp tasklets 0 work 2
07-06 12:30:59.825 I/[kworke][0x2e8029e3630][10:31:08.641704] qca6490(30830): [30830:I:PMO] pmo_core_psoc_send_host_wakeup_ind_to_fw: Host wakeup indication sent to fw
07-06 12:31:08.887 D/BackgroundInstallControlService( 2570): Package event received: 0
07-06 12:31:08.887 D/BackgroundInstallControlService( 2570): Package event received: 0
07-06 12:31:00.708 I/[kworke][0x2e803a0d16c][10:31:09.524413] qca6490(30830): [30830:I:PMO] pmo_core_enable_wow_in_fw: drv wow is enabled
07-06 12:31:00.747 I/[kworke][0x2e803ac8336][10:31:09.564330] qca6490(30830): [30830:I:HIF] hif_try_complete_tasks: waiting for tasklets 0 grp tasklets 0 work 2
07-06 12:31:00.784 I/[kworke][0x2e803b76065][10:31:09.601413] qca6490(30830): [30830:I:PMO] pmo_core_psoc_send_host_wakeup_ind_to_fw: Host wakeup indication sent to fw
07-06 12:31:01.707 I/[kworke][0x2e804c5a201][10:31:10.523888] qca6490(30830): [30830:I:PMO] pmo_core_enable_wow_in_fw: drv wow is enabled
07-06 12:31:01.752 I/[kworke][0x2e804d2da84][10:31:10.569015] qca6490(30830): [30830:I:HIF] hif_try_complete_tasks: waiting for tasklets 0 grp tasklets 0 work 2
07-06 12:31:01.789 I/[kworke][0x2e804ddadbd][10:31:10.605964] qca6490(30830): [30830:I:PMO] pmo_core_psoc_send_host_wakeup_ind_to_fw: Host wakeup indication sent to fw
07-06 12:31:01.982 E/simulated_ntc( 4482): proc_shell_write write invalid para
07-06 12:31:11.335 V/SettingsShellCmd( 2570): putForUser(userId=0, table=global, key=sysui_demo_allowed, value=1, tag=null, makeDefault=false, overrideableByRestore=false)
07-06 12:31:11.346 D/ActivityManager( 2570): freezing 18358 com.nothing.hearthstone
07-06 12:31:11.468 I/ActivityManager( 2570): Enqueued broadcast Intent { act=com.android.systemui.demo flg=0x400000 (has extras) }: 0
07-06 12:31:11.589 I/ActivityManager( 2570): Enqueued broadcast Intent { act=com.android.systemui.demo flg=0x400000 (has extras) }: 0
07-06 12:31:02.989 I/(virq   (27657): irq_count)- GICv3:IPI(1):118751120 GICv3:arch_timer(11):54132548 GICv3:IPI(6):13749857 GICv3:apps_rsc(24):8241882 GICv3:IPI(2):4626385 GICv3:ufshcd(33):3451996 GICv3:ipcc_0(30):3329691 ipcc:glink-native-slpi(365):1890318 GICv3:msm_drm(219):1872166 ipcc:glink-native-adsp(364):1658815
07-06 12:31:02.989 I/(cpu    (27657): irq_count)- 0:47337126 1:47693524 2:47026105 3:46272322 4:10691667 5:9580818 6:9154212 7:4335264
07-06 12:31:02.989 I/(ipi    (27657): irq_count)- 0:118751121 1:4626386 2:0 3:0 4:0 5:13749857 6:0
07-06 12:31:03.687 I/[kworke][0x2e80709d8be][10:31:12.504351] qca6490(30830): [30830:I:PMO] pmo_core_enable_wow_in_fw: drv wow is enabled
07-06 12:31:03.726 I/[kworke][0x2e8071538ff][10:31:12.543181] qca6490(30830): [30830:I:HIF] hif_try_complete_tasks: waiting for tasklets 0 grp tasklets 0 work 2
07-06 12:31:03.759 I/[kworke][0x2e8071eae41][10:31:12.575465] qca6490(30830): [30830:I:PMO] pmo_core_psoc_send_host_wakeup_ind_to_fw: Host wakeup indication sent to fw
07-06 12:31:03.933 I/servicemanager(  543): Caller(pid=31780,uid=2000,sid=u:r:shell:s0) Could not find android.hardware.graphics.allocator.IAllocator/default in the VINTF manifest. No alternative instances declared in VINTF.
07-06 12:31:03.968 I/servicemanager(  543): Caller(pid=31780,uid=2000,sid=u:r:shell:s0) Could not find android.hardware.graphics.allocator.IAllocator/default in the VINTF manifest. No alternative instances declared in VINTF.
07-06 12:31:13.065 I/ActivityManager( 2570): Enqueued broadcast Intent { act=com.android.systemui.demo flg=0x400000 (has extras) }: 0
07-06 12:31:04.994 I/[kworke][0x2e80888bd65][10:31:13.811293] qca6490(30830): [30830:I:PMO] pmo_core_enable_wow_in_fw: drv wow is enabled
07-06 12:31:05.031 I/[kworke][0x2e808939c7d][10:31:13.848401] qca6490(30830): [30830:I:HIF] hif_try_complete_tasks: waiting for tasklets 0 grp tasklets 0 work 2
07-06 12:31:05.062 I/[kworke][0x2e8089ca355][10:31:13.879212] qca6490(30830): [30830:I:PMO] pmo_core_psoc_send_host_wakeup_ind_to_fw: Host wakeup indication sent to fw
07-06 12:31:05.316 I/sd 0    (30830): 0:0:0: [sda] Synchronizing SCSI cache
07-06 12:31:05.922 I/[kworke][0x2e809986061][10:31:14.738480] qca6490(30830): [30830:I:PMO] pmo_core_enable_wow_in_fw: drv wow is enabled
07-06 12:31:05.973 I/[kworke][0x2e809a74cff][10:31:14.789421] qca6490(30830): [30830:I:PMO] pmo_core_psoc_send_host_wakeup_ind_to_fw: Host wakeup indication sent to fw
07-06 12:31:06.628 I/[kworke][0x2e80a674334][10:31:15.444650] qca6490(30830): [30830:I:PMO] pmo_core_enable_wow_in_fw: drv wow is enabled
07-06 12:31:06.664 I/[kworke][0x2e80a71f4d0][10:31:15.481152] qca6490(30830): [30830:I:HIF] hif_try_complete_tasks: waiting for tasklets 0 grp tasklets 0 work 2
07-06 12:31:06.704 I/[kworke][0x2e80a7d9df6][10:31:15.520954] qca6490(30830): [30830:I:PMO] pmo_core_psoc_send_host_wakeup_ind_to_fw: Host wakeup indication sent to fw
07-06 12:31:06.992 E/simulated_ntc( 4482): proc_shell_write write invalid para
07-06 12:31:07.700 I/[kworke][0x2e80ba16335][10:31:16.516864] qca6490(30830): [30830:I:PMO] pmo_core_enable_wow_in_fw: drv wow is enabled
07-06 12:31:07.738 I/[kworke][0x2e80bac9969][10:31:16.555133] qca6490(30830): [30830:I:HIF] hif_try_complete_tasks: waiting for tasklets 0 grp tasklets 0 work 2
07-06 12:31:07.774 I/[kworke][0x2e80bb71bc6][10:31:16.591005] qca6490(30830): [30830:I:PMO] pmo_core_psoc_send_host_wakeup_ind_to_fw: Host wakeup indication sent to fw
07-06 12:31:08.421 I/[kworke][0x2e80c74bba4][10:31:17.238256] qca6490(30830): [30830:I:PMO] pmo_core_enable_wow_in_fw: drv wow is enabled
07-06 12:31:08.456 I/[kworke][0x2e80c7efae7][10:31:17.273233] qca6490(30830): [30830:I:HIF] hif_try_complete_tasks: waiting for tasklets 0 grp tasklets 0 work 2
07-06 12:31:08.492 I/[kworke][0x2e80c895353][10:31:17.308545] qca6490(30830): [30830:I:PMO] pmo_core_psoc_send_host_wakeup_ind_to_fw: Host wakeup indication sent to fw
07-06 12:31:09.087 I/[kworke][0x2e80d37b275][10:31:17.903734] qca6490(30830): [30830:I:PMO] pmo_core_enable_wow_in_fw: drv wow is enabled
07-06 12:31:09.136 I/[kworke][0x2e80d463f08][10:31:17.953395] qca6490(30830): [30830:I:PMO] pmo_core_psoc_send_host_wakeup_ind_to_fw: Host wakeup indication sent to fw
07-06 12:31:09.844 I/[kworke][0x2e80e156f71][10:31:18.660601] qca6490(30830): [30830:I:PMO] pmo_core_enable_wow_in_fw: drv wow is enabled
07-06 12:31:09.883 I/[kworke][0x2e80e20f486][10:31:18.699921] qca6490(30830): [30830:I:HIF] hif_try_complete_tasks: waiting for tasklets 0 grp tasklets 0 work 2
07-06 12:31:09.918 I/[kworke][0x2e80e2b3c4d][10:31:18.735012] qca6490(30830): [30830:I:PMO] pmo_core_psoc_send_host_wakeup_ind_to_fw: Host wakeup indication sent to fw
07-06 12:31:10.859 I/[kworke][0x2e80f3ebe71][10:31:19.675414] qca6490(30830): [30830:I:PMO] pmo_core_enable_wow_in_fw: drv wow is enabled
07-06 12:31:10.897 I/[kworke][0x2e80f4a02de][10:31:19.713873] qca6490(30830): [30830:I:HIF] hif_try_complete_tasks: waiting for tasklets 0 grp tasklets 0 work 2
07-06 12:31:10.934 I/[kworke][0x2e80f54fdbe][10:31:19.751351] qca6490(30830): [30830:I:PMO] pmo_core_psoc_send_host_wakeup_ind_to_fw: Host wakeup indication sent to fw
07-06 12:31:11.708 I/[kworke][0x2e8103788e4][10:31:20.524620] qca6490(30830): [30830:I:PMO] pmo_core_enable_wow_in_fw: drv wow is enabled
07-06 12:31:11.742 I/[kworke][0x2e81041aa27][10:31:20.559196] qca6490(30830): [30830:I:HIF] hif_try_complete_tasks: waiting for tasklets 0 grp tasklets 0 work 2
07-06 12:31:11.779 I/[kworke][0x2e8104c72f0][10:31:20.596007] qca6490(30830): [30830:I:PMO] pmo_core_psoc_send_host_wakeup_ind_to_fw: Host wakeup indication sent to fw
07-06 12:31:12.012 E/simulated_ntc( 4482): proc_shell_write write invalid para
07-06 12:31:12.461 I/(virq   (27662): irq_count)- GICv3:IPI(1):118754388 GICv3:arch_timer(11):54136140 GICv3:IPI(6):13750522 GICv3:apps_rsc(24):8242307 GICv3:IPI(2):4626645 GICv3:ufshcd(33):3452008 GICv3:ipcc_0(30):3329777 ipcc:glink-native-slpi(365):1890318 GICv3:msm_drm(219):1872166 ipcc:glink-native-adsp(364):1658904
07-06 12:31:12.461 I/(cpu    (27662): irq_count)- 0:47339516 1:47695178 2:47028106 3:46274493 4:10691797 5:9580995 6:9154586 7:4335337
07-06 12:31:12.462 I/(ipi    (27662): irq_count)- 0:118754388 1:4626645 2:0 3:0 4:0 5:13750522 6:0
07-06 12:31:13.028 I/[kworke][0x2e811ba667a][10:31:21.845121] qca6490(30830): [30830:I:PMO] pmo_core_enable_wow_in_fw: drv wow is enabled
07-06 12:31:13.066 I/[kworke][0x2e811c56cd4][10:31:21.882752] qca6490(30830): [30830:I:HIF] hif_try_complete_tasks: waiting for tasklets 0 grp tasklets 0 work 2
07-06 12:31:13.102 I/[kworke][0x2e811d02440][10:31:21.919331] qca6490(30830): [30830:I:PMO] pmo_core_psoc_send_host_wakeup_ind_to_fw: Host wakeup indication sent to fw
07-06 12:31:13.843 I/[kworke][0x2e812a92940][10:31:22.660091] qca6490(30830): [30830:I:PMO] pmo_core_enable_wow_in_fw: drv wow is enabled
07-06 12:31:13.843 I/sd 0    (27416): 0:0:0: [sda] Synchronizing SCSI cache
07-06 12:31:13.880 I/[kworke][0x2e812b410dc][10:31:22.697312] qca6490(30830): [30830:I:HIF] hif_try_complete_tasks: waiting for tasklets 0 grp tasklets 0 work 2
07-06 12:31:13.908 I/[    C2] [irq][0x2e812bc200b][10(    0): 31:22.724823] qca6490: [0:I:HIF] hif_wake_interrupt_handler: wake interrupt received on irq 319
07-06 12:31:13.908 I/[    C2] [irq][0x2e812bc2770][10(    0): 31:22.724920] qca6490: [0:I:HIF] hif_pm_runtime_request_resume: request runtime PM resume, rtpm_dbgid(15,RTPM_ID_WAKE_INTR_HANDLER)
07-06 12:31:13.918 I/[kworke][0x2e812bf0772][10:31:22.734734] qca6490(30830): [30830:I:PMO] pmo_core_psoc_send_host_wakeup_ind_to_fw: Host wakeup indication sent to fw
07-06 12:31:13.935 I/[    C5] [soft_i][0x2e812c41644][10(    0): 31:22.751998] qca6490: [0:I:WMA] WLAN triggered wakeup: BPF_ALLOW (39), vdev: 0 (STA)
07-06 12:31:13.935 I/[    C5] [soft_i][0x2e812c42f5e][10(    0): 31:22.752332] qca6490: [0:I:WMA] wma_wake_event_packet: Wake event packet:
07-06 12:31:13.935 I/[    C5] [soft_i][0x2e812c43047][10(    0): 31:22.752345] qca6490: [0:I:WMA] 00000000: 01 00 5e 00 00 fb 2e 75 e7 1a 1e 13 08 00 45 00
07-06 12:31:13.935 I/[    C5] [soft_i][0x2e812c430ec][10(    0): 31:22.752353] qca6490: [0:I:WMA] 00000010: 00 7f 3a 66 00 00 01 11 dc 59 c0 a8 01 0b e0 00
07-06 12:31:13.935 I/[    C5] [soft_i][0x2e812c43178][10(    0): 31:22.752360] qca6490: [0:I:WMA] 00000020: 00 fb 14 e9 14 e9 00 6b 4d 4e 00 00 00 00 00 03
07-06 12:31:13.935 I/[    C5] [soft_i][0x2e812c4321a][10(    0): 31:22.752369] qca6490: [0:I:WMA] 00000030: 00 00 00 00 00 00 10 5f 61 64 62 2d 74 6c 73 2d
07-06 12:31:13.935 I/[    C5] [soft_i][0x2e812c432a0][10(    0): 31:22.752376] qca6490: [0:I:WMA] 00000040: 63 6f 6e 6e 65 63 74 04 5f 74 63 70 05 6c 6f 63
07-06 12:31:13.935 I/[    C5] [soft_i][0x2e812c43341][10(    0): 31:22.752384] qca6490: [0:I:WMA] 00000050: 61 6c 00 00 ff 00 ff 04 5f 61 64 62 04 5f 74 63
07-06 12:31:13.935 I/[    C5] [soft_i][0x2e812c433c9][10(    0): 31:22.752391] qca6490: [0:I:WMA] 00000060: 70 05 6c 6f 63 61 6c 00 00 ff 00 ff 10 5f 61 64
07-06 12:31:13.935 I/[    C5] [soft_i][0x2e812c43455][10(    0): 31:22.752399] qca6490: [0:I:WMA] 00000070: 62 2d 74 6c 73 2d 70 61 69 72 69 6e 67 04 5f 74
07-06 12:31:13.935 I/[    C5] [soft_i][0x2e812c434dd][10(    0): 31:22.752406] qca6490: [0:I:WMA] 00000080: 63 70 05 6c 6f 63 61 6c 00 00 ff 00 ff
07-06 12:31:13.936 I/[    C5] [soft_i][0x2e812c4391c][10(    0): 31:22.752462] qca6490: [0:I:WMA] wma_log_pkt_ipv4: Pkt_len: 127, src_port: 5353, dst_port: 5353
07-06 12:31:14.900 I/[kworke][0x2e813ded955][10:31:23.717159] qca6490(30830): [30830:I:PMO] pmo_core_enable_wow_in_fw: drv wow is enabled
07-06 12:31:14.937 I/[kworke][0x2e813e9bacd][10:31:23.754298] qca6490(30830): [30830:I:HIF] hif_try_complete_tasks: waiting for tasklets 0 grp tasklets 0 work 2
07-06 12:31:14.979 I/[kworke][0x2e813f5dc0b][10:31:23.795702] qca6490(30830): [30830:I:PMO] pmo_core_psoc_send_host_wakeup_ind_to_fw: Host wakeup indication sent to fw
07-06 12:31:15.719 I/[kworke][0x2e814cebb46][10:31:24.535958] qca6490(30830): [30830:I:PMO] pmo_core_enable_wow_in_fw: drv wow is enabled
07-06 12:31:15.757 I/[kworke][0x2e814d9e4cf][10:31:24.574059] qca6490(30830): [30830:I:HIF] hif_try_complete_tasks: waiting for tasklets 0 grp tasklets 0 work 2
07-06 12:31:15.795 I/[kworke][0x2e814e4f3bf][10:31:24.611804] qca6490(30830): [30830:I:PMO] pmo_core_psoc_send_host_wakeup_ind_to_fw: Host wakeup indication sent to fw
07-06 12:31:16.462 I/[kworke][0x2e815a84762][10:31:25.278519] qca6490(30830): [30830:I:PMO] pmo_core_enable_wow_in_fw: drv wow is enabled
07-06 12:31:16.495 I/[kworke][0x2e815b225b5][10:31:25.312204] qca6490(30830): [30830:I:HIF] hif_try_complete_tasks: waiting for tasklets 0 grp tasklets 0 work 2
07-06 12:31:16.532 I/[kworke][0x2e815bccffb][10:31:25.348607] qca6490(30830): [30830:I:PMO] pmo_core_psoc_send_host_wakeup_ind_to_fw: Host wakeup indication sent to fw
07-06 12:31:17.028 E/simulated_ntc( 4482): proc_shell_write write invalid para
07-06 12:31:17.902 I/[kworke][0x2e8174e6557][10:31:26.719346] qca6490(30830): [30830:I:PMO] pmo_core_enable_wow_in_fw: drv wow is enabled
07-06 12:31:17.963 I/[kworke][0x2e817602d86][10:31:26.780042] qca6490(30830): [30830:I:PMO] pmo_core_psoc_send_host_wakeup_ind_to_fw: Host wakeup indication sent to fw
07-06 12:31:18.613 I/[kworke][0x2e8181e9a22][10:31:27.430023] qca6490(30830): [30830:I:PMO] pmo_core_enable_wow_in_fw: drv wow is enabled
07-06 12:31:18.650 I/[kworke][0x2e818297a56][10:31:27.467145] qca6490(30830): [30830:I:HIF] hif_try_complete_tasks: waiting for tasklets 0 grp tasklets 0 work 2
07-06 12:31:18.683 I/[kworke][0x2e81832f073][10:31:27.499441] qca6490(30830): [30830:I:PMO] pmo_core_psoc_send_host_wakeup_ind_to_fw: Host wakeup indication sent to fw
07-06 12:31:19.887 I/[kworke][0x2e81993b401][10:31:28.703541] qca6490(30830): [30830:I:PMO] pmo_core_enable_wow_in_fw: drv wow is enabled
07-06 12:31:19.923 I/[kworke][0x2e8199e7697][10:31:28.740269] qca6490(30830): [30830:I:HIF] hif_try_complete_tasks: waiting for tasklets 0 grp tasklets 0 work 2
07-06 12:31:19.957 I/[kworke][0x2e819a8596e][10:31:28.774013] qca6490(30830): [30830:I:PMO] pmo_core_psoc_send_host_wakeup_ind_to_fw: Host wakeup indication sent to fw
07-06 12:31:20.640 I/PM      (14852): suspend entry (s2idle)
07-06 12:31:20.658 I/Filesystems sync(14852): 0.018 seconds
07-06 12:31:20.658 E/ipa_pm_notify(14852): 498 Entry
07-06 12:31:20.659 E/ipa_pm_notify(14852): 510 Exit
07-06 12:31:20.659 I/        (14852): Freezing user space processes ...
07-06 12:31:20.662 E/smcinvoke( 1422): process_accept_req: Server id :17 interrupted probaby due to suspend, pid:1422
07-06 12:31:20.662 E/smcinvoke( 1423): process_accept_req: Server id :17 interrupted probaby due to suspend, pid:1423
07-06 12:31:20.662 E/smcinvoke( 1424): process_accept_req: Server id :17 interrupted probaby due to suspend, pid:1424
07-06 12:31:20.662 E/smcinvoke( 1425): process_accept_req: Server id :17 interrupted probaby due to suspend, pid:1425
07-06 12:31:20.662 E/smcinvoke( 1450): process_accept_req: Server id :18 interrupted probaby due to suspend, pid:1450
07-06 12:31:20.662 E/smcinvoke( 1451): process_accept_req: Server id :18 interrupted probaby due to suspend, pid:1451
07-06 12:31:20.662 E/smcinvoke( 1453): process_accept_req: Server id :18 interrupted probaby due to suspend, pid:1453
07-06 12:31:20.662 E/smcinvoke( 1452): process_accept_req: Server id :18 interrupted probaby due to suspend, pid:1452
07-06 12:31:20.662 E/smcinvoke( 1496): process_accept_req: Server id :21 interrupted probaby due to suspend, pid:1496
07-06 12:31:20.662 E/smcinvoke( 1497): process_accept_req: Server id :21 interrupted probaby due to suspend, pid:1497
07-06 12:31:20.662 E/smcinvoke( 1498): process_accept_req: Server id :21 interrupted probaby due to suspend, pid:1498
07-06 12:31:20.662 E/smcinvoke( 1501): process_accept_req: Server id :22 interrupted probaby due to suspend, pid:1501
07-06 12:31:20.662 E/smcinvoke( 1502): process_accept_req: Server id :22 interrupted probaby due to suspend, pid:1502
07-06 12:31:20.662 E/smcinvoke( 1499): process_accept_req: Server id :21 interrupted probaby due to suspend, pid:1499
07-06 12:31:20.662 E/smcinvoke( 1503): process_accept_req: Server id :22 interrupted probaby due to suspend, pid:1503
07-06 12:31:20.663 E/smcinvoke( 1508): process_accept_req: Server id :23 interrupted probaby due to suspend, pid:1508
07-06 12:31:20.663 E/smcinvoke( 1504): process_accept_req: Server id :22 interrupted probaby due to suspend, pid:1504
07-06 12:31:20.663 E/smcinvoke( 1509): process_accept_req: Server id :23 interrupted probaby due to suspend, pid:1509
07-06 12:31:20.663 E/smcinvoke( 1516): process_accept_req: Server id :23 interrupted probaby due to suspend, pid:1516
07-06 12:31:20.663 E/smcinvoke( 1517): process_accept_req: Server id :23 interrupted probaby due to suspend, pid:1517
07-06 12:31:20.663 E/smcinvoke(13719): process_accept_req: Server id :29 interrupted probaby due to suspend, pid:13719
07-06 12:31:20.663 E/smcinvoke(13720): process_accept_req: Server id :29 interrupted probaby due to suspend, pid:13720
07-06 12:31:20.663 E/smcinvoke(13721): process_accept_req: Server id :29 interrupted probaby due to suspend, pid:13721
07-06 12:31:20.663 E/smcinvoke(13722): process_accept_req: Server id :29 interrupted probaby due to suspend, pid:13722
07-06 12:31:20.674 W/        (14852): process 2565 (fingerprint@2.3) no longer affine to cpu0
07-06 12:31:20.686 I/PM      (14852): PM: Pending Wakeup Sources: qcom_rx_wakelock
07-06 12:31:20.686 E/        (14852): Freezing of tasks aborted after 0.027 seconds
07-06 12:31:20.686 I/        (14852): OOM killer enabled.
07-06 12:31:20.686 I/        (14852): Restarting tasks ...
07-06 12:31:20.688 E/smcinvoke( 1422): process_accept_req: process_accept_req txn 1 either invalid or removed from Q
07-06 12:31:20.688 E/smcinvoke( 1425): process_accept_req: process_accept_req txn 2 either invalid or removed from Q
07-06 12:31:20.688 E/smcinvoke( 1496): process_accept_req: process_accept_req txn 6 either invalid or removed from Q
07-06 12:31:20.688 E/smcinvoke( 1498): process_accept_req: process_accept_req txn 7 either invalid or removed from Q
07-06 12:31:20.688 E/smcinvoke( 1499): process_accept_req: process_accept_req txn 5 either invalid or removed from Q
07-06 12:31:20.688 E/smcinvoke( 1502): process_accept_req: process_accept_req txn 5 either invalid or removed from Q
07-06 12:31:20.688 E/smcinvoke( 1508): process_accept_req: process_accept_req txn 4 either invalid or removed from Q
07-06 12:31:20.688 E/smcinvoke( 1517): process_accept_req: process_accept_req txn 3 either invalid or removed from Q
07-06 12:31:20.688 E/smcinvoke( 1509): process_accept_req: process_accept_req txn 2 either invalid or removed from Q
07-06 12:31:20.689 E/smcinvoke( 1516): process_accept_req: process_accept_req txn 5 either invalid or removed from Q
07-06 12:31:20.689 E/smcinvoke(13720): process_accept_req: process_accept_req txn 2 either invalid or removed from Q
07-06 12:31:20.689 E/smcinvoke( 1503): process_accept_req: process_accept_req txn 3 either invalid or removed from Q
07-06 12:31:20.689 E/smcinvoke( 1501): process_accept_req: process_accept_req txn 7 either invalid or removed from Q
07-06 12:31:20.689 E/smcinvoke( 1504): process_accept_req: process_accept_req txn 6 either invalid or removed from Q
07-06 12:31:20.689 E/smcinvoke(13722): process_accept_req: process_accept_req txn 1 either invalid or removed from Q
07-06 12:31:20.703 W/        (14852): done.
07-06 12:31:20.703 I/Abort   (14852): Pending Wakeup Sources: qcom_rx_wakelock
07-06 12:31:20.703 E/ipa_pm_notify(14852): 498 Entry
07-06 12:31:20.703 E/ipa_pm_notify(14852): 510 Exit
07-06 12:31:20.703 I/adsp_sleepmon(14852): PM_POST_SUSPEND
07-06 12:31:20.703 I/PM      (14852): suspend exit
07-06 12:31:20.703 I/adsp_sleepmon(  609): timer_event = 0,suspend_event = 1
07-06 12:31:29.784 I/PowerGroup( 2570): Waking up power group from Dozing (groupId=0, uid=1000, reason=WAKE_REASON_WAKE_KEY, details=android.policy:KEY)...
07-06 12:31:29.784 I/PowerManagerService( 2570): Waking up from Dozing (uid=1000, reason=WAKE_REASON_WAKE_KEY, details=android.policy:KEY)...
07-06 12:31:29.787 D/DisplayPowerController[0]( 2570): DisplayPowerRequest changed: policy=BRIGHT, useProximitySensor=false, screenBrightnessOverride=NaN, screenAutoBrightnessAdjustmentOverride=NaN, screenLowPowerBrightnessFactor=1.0, blockScreenOn=false, lowPowerMode=false, boostScreenBrightness=false, dozeScreenBrightness=NaN, dozeScreenState=UNKNOWN, dozeScreenStateReason=DEFAULT_POLICY, useNormalBrightnessForDoze=false, waitForNegativeProximity=false
07-06 12:31:20.971 I/        ( 3446): [GTP-INF][goodix_pocket_mode_store] out pocket mode
07-06 12:31:29.788 D/WakelockCheck( 2570): Screen-On: Reset Disabled Wakelock
07-06 12:31:29.790 D/BackgroundInstallControlService( 2570): Package event received: 0
07-06 12:31:29.790 D/BackgroundInstallControlService( 2570): Package event received: 0
07-06 12:31:29.794 I/DisplayPowerController[0]( 2570): Blocking screen on until initial contents have been drawn.
07-06 12:31:29.794 D/OomAdjuster( 2570): process : com.teslacoilsw.launcher, pid = 17419, isTop = true, uid = 10237, hasActivity = true
07-06 12:31:29.794 D/OomAdjuster( 2570): process : com.android.vending, pid = 25694, isTop = false, uid = 10123, hasActivity = false
07-06 12:31:29.795 D/OomAdjuster( 2570): process : com.android.vending is not top!
07-06 12:31:29.795 D/OomAdjuster( 2570): process : com.nothing.launcher, pid = 3827, isTop = false, uid = 10177, hasActivity = true
07-06 12:31:29.795 D/OomAdjuster( 2570): system app not need limit!
07-06 12:31:29.796 D/OomAdjuster( 2570): process : com.nothing.cardservice, pid = 6912, isTop = false, uid = 10209, hasActivity = false
07-06 12:31:29.796 D/OomAdjuster( 2570): system app not need limit!
07-06 12:31:29.796 D/OomAdjuster( 2570): process : com.nothing.universal.search, pid = 6606, isTop = false, uid = 10329, hasActivity = false
07-06 12:31:29.796 D/OomAdjuster( 2570): system app not need limit!
07-06 12:31:29.797 D/OomAdjuster( 2570): process : com.google.android.adservices.api, pid = 2439, isTop = false, uid = 10213, hasActivity = false
07-06 12:31:29.797 D/OomAdjuster( 2570): process : com.google.android.adservices.api is not top!
07-06 12:31:29.797 D/OomAdjuster( 2570): process : com.google.android.gms.persistent, pid = 5846, isTop = false, uid = 10137, hasActivity = false
07-06 12:31:29.797 D/OomAdjuster( 2570): process : com.google.android.gms.persistent is not top!
07-06 12:31:29.797 D/OomAdjuster( 2570): process : com.google.android.gms, pid = 3409, isTop = false, uid = 10137, hasActivity = false
07-06 12:31:29.797 D/OomAdjuster( 2570): process : com.google.android.gms is not top!
07-06 12:31:29.797 D/OomAdjuster( 2570): process : com.android.companiondevicemanager, pid = 7192, isTop = false, uid = 10099, hasActivity = false
07-06 12:31:29.797 D/OomAdjuster( 2570): process : com.android.companiondevicemanager is not top!
07-06 12:31:29.798 D/OomAdjuster( 2570): set group = -1
07-06 12:31:29.798 D/OomAdjuster( 2570): process : com.google.android.apps.messaging:rcs, pid = 6383, isTop = false, uid = 10135, hasActivity = false
07-06 12:31:29.799 D/OomAdjuster( 2570): set cpuset: -1
07-06 12:31:29.799 D/OomAdjuster( 2570): process : com.google.android.apps.messaging:rcs is not top!
07-06 12:31:29.800 D/OomAdjuster( 2570): process : com.google.android.ext.services, pid = 4409, isTop = false, uid = 10210, hasActivity = false
07-06 12:31:29.800 D/OomAdjuster( 2570): process : com.google.android.ext.services is not top!
07-06 12:31:29.802 D/OomAdjuster( 2570): process : com.google.android.apps.chromecast.app, pid = 18231, isTop = false, uid = 10226, hasActivity = false
07-06 12:31:29.802 D/OomAdjuster( 2570): process : com.google.android.apps.chromecast.app is not top!
07-06 12:31:20.989 W/audit   ( 1044): audit_lost=26429 audit_rate_limit=5 audit_backlog_limit=64
07-06 12:31:29.803 D/WindowManager( 2570): Remove SleepToken: tag=Display-off, displayId=0
07-06 12:31:29.804 D/OomAdjuster( 2570): process : com.google.android.as, pid = 6349, isTop = false, uid = 10119, hasActivity = false
07-06 12:31:29.805 D/OomAdjuster( 2570): process : com.google.android.as is not top!
07-06 12:31:29.806 D/OomAdjuster( 2570): process : com.nothing.glyphnotification, pid = 18219, isTop = false, uid = 10197, hasActivity = false
07-06 12:31:29.806 D/OomAdjuster( 2570): system app not need limit!
07-06 12:31:29.806 D/OomAdjuster( 2570): process : com.nothing.ntgamedashboard, pid = 6660, isTop = false, uid = 1000, hasActivity = false
07-06 12:31:29.806 D/OomAdjuster( 2570): system app not need limit!
07-06 12:31:29.806 I/DisplayPowerController( 2570): Window Manager Policy screenTurningOn complete
07-06 12:31:29.806 D/NtGlyphServiceImpl( 2570): notifyScreenState mScreenOn true
07-06 12:31:29.806 D/NtAppUsageManager( 2570): No need to write old record
07-06 12:31:29.807 W/ProcessStats( 2570): Tracking association SourceState{aa6b5ee com.nothing.launcher/10177 BFgs #102405} whose proc state 4 is better than process ProcessState{ed974f0 com.nothing.universal.search/10329 pkg=com.nothing.universal.search} proc state 5 (23 skipped)
07-06 12:31:29.807 D/OomAdjuster( 2570): set group = 5
07-06 12:31:29.807 D/OomAdjuster( 2570): set cpuset: 5
07-06 12:31:29.809 I/MR2ServiceImpl( 2570): Updating composite discovery preference | preference: RouteDiscoveryRequest{ preferredFeatures={}, activeScan=false }, active routers: []
07-06 12:31:20.989 E/audit   ( 1044): rate limit exceeded
07-06 12:31:29.811 D/CoreBackPreview( 2570): Window{f4d2e45 u0 NotificationShade}: Setting back callback OnBackInvokedCallbackInfo{mCallback=android.window.IOnBackInvokedCallback$Stub$Proxy@a866eae, mPriority=0, mIsAnimationCallback=false, mOverrideBehavior=0}
07-06 12:31:29.817 V/DreamService[DozeService]( 3309): UpdateDoze mDozeScreenState=3 mDozeScreenBrightness=68 mDozeScreenBrightnessFloat=NaN
07-06 12:31:29.818 D/ShellSplitScreen( 3309): onStartedWakingUp
07-06 12:31:29.822 D/DreamManagerService( 2570): Dream requested to start dozing: android.os.Binder@3dea06d, screenState=DOZE, reason=UNKNOWN, screenBrightnessFloat=NaN, screenBrightnessInt=68, useNormalBrightnessForDoze=false
07-06 12:31:29.828 I/DisplayBrightnessStrategySelector( 2570): Changing the DisplayBrightnessStrategy from ScreenOffBrightnessStrategy to FallbackBrightnessStrategy for display 0
07-06 12:31:29.831 V/DisplayPowerController[0]( 2570): Brightness [0.41008174] reason changing to: 'manual', previous reason: 'screen_off'.
07-06 12:31:29.831 I/DisplayPowerController[0]( 2570): BrightnessEvent: brt=0.41008174 (83.0%), nits= 98.06348, lux=-1.0, reason=manual, strat=FallbackBrightnessStrategy, state=ON, stateReason=KEY, policy=BRIGHT, flags=, initBrt=0.0, rcmdBrt=NaN, preBrt=NaN, preLux=0.0, wasShortTermModelActive=false, autoBrightness=true (default), unclampedBrt=0.41008174, hbmMax=0.85836387, hbmMode=sunlight, thrmMax=1.0, rbcStrength=82, powerFactor=1.0, physDisp=Built-in Screen(local:4630946639017191809), logicalId=0, slowChange=false, rampSpeed=0.0
07-06 12:31:29.832 D/ScreenSceneDetector( 3280): Screen on
07-06 12:31:21.016 I/        ( 3446): [GTP-INF][goodix_pocket_mode_store] pocket mode disable
07-06 12:31:21.019 E/i2c_geni a84000.i2c( 3822): i2c error :-107
07-06 12:31:21.019 W/i2c_write( 3822): write failed ret -107, Maybe in Standby Mode - Retry(1)
07-06 12:31:21.023 I/goodix_fp(  960): [info] goodix_panel_state_chg_callback go to the goodix_fb_state_chg_callback type = 2
