07-06 12:30:00.450 D/lowmemorykiller(  513): Not killing for medium pressure event polling check
07-06 12:29:51.817 E/simulated_ntc( 4482): proc_shell_write write invalid para
07-06 12:30:00.704 E/TaskPersister( 2570): File error accessing recents directory (directory doesn't exist?).
07-06 12:30:00.723 D/WifiStaIfaceHidlImpl( 2570): getCachedScanData is not implemented by HIDL
07-06 12:30:00.727 D/NtSmartWifiMonitor( 2570): get rssi = -45, frequecy=5620, datastall=0, current state=6
07-06 12:30:00.727 D/NtSmartWifiMonitor( 2570): 5G Wifi rssi queue: sufficient rssi=-70[-44, -45]
07-06 12:30:01.336 I/CNSS    ( 2192): /sys/wifi/dump_in_progress file read permission doesn't exist
07-06 12:30:01.336 I/CNSS    ( 2192): /sys/wifi/max_chipset_log_size doesn't exist
07-06 12:29:52.519 I/[kworke][0x2e7b597a46a][10:30:01.335653] qca6490(27466): [27466:I:PMO] pmo_core_enable_wow_in_fw: drv wow is enabled
07-06 12:29:52.565 I/[kworke][0x2e7b5a53554][10:30:01.381959] qca6490(27466): [27466:I:PMO] pmo_core_psoc_send_host_wakeup_ind_to_fw: Host wakeup indication sent to fw
07-06 12:30:01.516 I/WifiHAL ( 1426): event received NL80211_CMD_VENDOR, vendor_id = 0x1374, subcmd = 0xd
07-06 12:30:01.517 I/cnss-daemon( 2278): nl80211 response handler invoked
07-06 12:30:01.517 I/cnss-daemon( 2278): nl80211_response_handler: cmd 103, vendorID 4980, subcmd 13  received
07-06 12:30:02.490 D/ThermalMitigationStrategy( 3280): reEvaluate:  mPendingScenesInfo: scenes: [] app: ch.karimattia.soli appCat: -1 level: 2 temp: 30 uid: 10357 pid: 31276 mScenesInfo: scenes: [] app: ch.karimattia.soli appCat: -1 level: 2 temp: 30 uid: 10357 pid: 31100 sceneChange: false appChange: false levelChange: false
07-06 12:30:02.491 D/ThermalMitigationStrategy( 3280): notifyBufferRateLocked: ch.karimattia.soli 31276 10357 -1 ch.karimattia.soli -1
07-06 12:29:53.752 W/healthd ( 1398): time_last:698, soc_current_time=73102, soc_pre_time=72404,charging_status:0,soc_temp:96
07-06 12:29:53.753 W/healthd ( 1398): battery l=96 v=4336 t=29.0 h=2 st=3 c=-181000 fc=4235000 cc=468 chg=
07-06 12:29:53.771 W/healthd ( 1398): time_last:698, soc_current_time=73102, soc_pre_time=72404,charging_status:0,soc_temp:96
07-06 12:30:02.590 E/NtChgAidl( 1440): NtChgAidl: mBattTempRegion _aidl_return:0
07-06 12:30:02.592 I/ForwardSyncCache(19293): reclaimMemory: Clearing caches
07-06 12:30:02.593 I/BugleSpam(19293): HadesBitmapStore: Purged 0 images during memory reclamation
07-06 12:30:02.594 I/BugleRestore(19293): reclaimMemory: Clearing persistent caches
07-06 12:30:02.595 W/Bugle   (19293): TextClassifierLibManagerImpl: Reclaiming memory at level: 40
07-06 12:29:53.778 W/HealthLoop( 1398): debug.nt.screen_brightness:4.100818
07-06 12:30:03.146 D/ProfileInstaller(31276): Skipping profile installation for ch.karimattia.soli
07-06 12:30:03.525 I/WifiHAL ( 1426): event received NL80211_CMD_VENDOR, vendor_id = 0x1374, subcmd = 0xd
07-06 12:30:03.526 I/cnss-daemon( 2278): nl80211 response handler invoked
07-06 12:30:03.526 I/cnss-daemon( 2278): nl80211_response_handler: cmd 103, vendorID 4980, subcmd 13  received
07-06 12:30:03.731 D/BoundBrokerSvc(27757): onUnbind: Intent { act=com.google.android.gms.common.telemetry.service.START dat=chimera-action:/... xflg=0x4 cmp=com.google.android.gms/.chimera.PersistentApiService }
07-06 12:30:03.751 D/WifiStaIfaceHidlImpl( 2570): getCachedScanData is not implemented by HIDL
07-06 12:30:03.756 D/NtSmartWifiMonitor( 2570): get rssi = -45, frequecy=5620, datastall=0, current state=6
07-06 12:30:03.756 D/NtSmartWifiMonitor( 2570): 5G Wifi rssi queue: sufficient rssi=-70[-44, -45, -45]
07-06 12:30:03.757 D/NtSmartWifi( 2570): handleMessage EVENT_LINK_QUALITY_CHANGED ...
07-06 12:30:03.757 D/NtSmartWifi( 2570): enableSufficientCheckWhenScreenOn, true,  mSmartWifiEnabled=false, screenOn= true
07-06 12:30:03.849 D/ActivityManager( 2570): freezing 31043 com.nothing.aiwidget
07-06 12:30:03.858 D/InetDiagMessage( 2570): Destroyed 0 sockets, proto=IPPROTO_TCP, family=AF_INET, states=14
07-06 12:30:03.862 D/InetDiagMessage( 2570): Destroyed 0 sockets, proto=IPPROTO_TCP, family=AF_INET6, states=14
07-06 12:30:03.862 D/InetDiagMessage( 2570): Destroyed live tcp sockets for uids={10326} in 9ms
07-06 12:30:03.940 I/adbd    ( 2329): adbd service requested 'shell,v2,TERM=dumb,raw:am instrument -w -e waitForIdleTimeoutMs 500 -e waitForIdleQuietMs 100 -e timeoutMs 5000 -e maxDepth 128 -e maxNodes 5000 -e emitChunks false -e sessionPort 54109 com.callstack.agentdevice.snapshothelper/.SnapshotInstrumentation'
07-06 12:30:03.992 W/libprocessgroup(31438): JoinCgroup: controller schedtune is not found
07-06 12:30:03.993 W/libprocessgroup(31438): A JoinCgroup action in the SystemMemoryProcess profile is used for controller memory in the cgroup v2 hierarchy and will be ignored
07-06 12:30:03.994 W/libprocessgroup(31438): SetCgroup::ExecuteForTask: failed to open /dev/cpuctl/top-app/tasks: Permission denied
07-06 12:30:03.994 W/libprocessgroup(31438): SetCgroup::ExecuteForTask: failed to open /dev/blkio/tasks: Permission denied
07-06 12:30:03.994 E/libprocessgroup(31438): set_timerslack_ns write failed: Operation not permitted
07-06 12:30:04.020 V/OsAgent ( 4804): broadcastSystemEvent - 7
07-06 12:30:04.191 D/AndroidRuntime(31436): >>>>>> START com.android.internal.os.RuntimeInit uid 2000 <<<<<<
07-06 12:30:04.195 I/app_process(31436): MMAP_TRYLOCK is supported in uffd errno:2 addr:0x7e0e5c2000 size:4096
07-06 12:30:04.196 I/AndroidRuntime(31436): Using default boot image
07-06 12:30:04.196 I/AndroidRuntime(31436): Leaving lock profiling enabled
07-06 12:30:04.199 I/app_process(31436): Using generational CollectorTypeCMC GC.
07-06 12:30:04.240 D/nativeloader(31436): InitDefaultPublicLibraries for_preload=1: libandroid.so:libaaudio.so:libamidi.so:libbinder_ndk.so:libc.so:libcamera2ndk.so:libdl.so:libEGL.so:libGLESv1_CM.so:libGLESv2.so:libGLESv3.so:libicu.so:libicui18n.so:libicuuc.so:libjnigraphics.so:liblog.so:libmediandk.so:libm.so:libnativehelper.so:libnativewindow.so:libOpenMAXAL.so:libOpenSLES.so:libRS.so:libstdc++.so:libsync.so:libvulkan.so:libwebviewchromium_plat_support.so:libz.so:libofflineproc_jni.so
07-06 12:30:04.253 D/nativeloader(31436): Load libicu_jni.so using APEX ns com_android_art for caller /apex/com.android.art/javalib/core-oj.jar: ok
07-06 12:30:04.253 D/app_process(31436): u_setTimeZoneFilesDirectory("/apex/com.android.tzdata/etc/tz/versioned/9/icu") succeeded. 
07-06 12:30:04.253 D/app_process(31436): I18n APEX ICU file found: /apex/com.android.i18n/etc/icu/icudt76l.dat
07-06 12:30:04.255 D/nativeloader(31436): Load libjavacore.so using APEX ns com_android_art for caller /apex/com.android.art/javalib/core-oj.jar: ok
07-06 12:30:04.256 D/nativeloader(31436): Load libopenjdk.so using APEX ns com_android_art for caller /apex/com.android.art/javalib/core-oj.jar: ok
07-06 12:30:04.257 I/app_process(31436): Priority-to-niceness mapping: 19, 16, 13, 10, 0, -2, -4, -5, -6, -8
07-06 12:30:04.279 D/nativeloader(31436): Load libframework-connectivity-tiramisu-jni.so using APEX ns com_android_tethering for caller /apex/com.android.tethering/javalib/framework-connectivity-t.jar: ok
07-06 12:30:04.280 D/AndroidRuntime(31436): Calling main entry com.android.commands.am.Am
07-06 12:30:04.282 W/PlatformAconfigPackage(31436): android.os.flagging.AconfigStorageReadException: ERROR_CANNOT_READ_STORAGE_FILE: Fail to mmap storage
07-06 12:30:04.283 I/AconfigPackage(31436): com.android.org.conscrypt.flags is mapped to com.android.conscrypt
07-06 12:30:04.283 I/AconfigPackage(31436): com.android.org.conscrypt.net.flags is mapped to com.android.conscrypt
07-06 12:30:04.283 I/AconfigPackage(31436): com.android.healthfitness.flags is mapped to com.android.healthfitness
07-06 12:30:04.283 I/AconfigPackage(31436): com.android.adservices.flags is mapped to com.android.adservices
07-06 12:30:04.283 I/AconfigPackage(31436): com.android.sdksandbox.flags is mapped to com.android.adservices
07-06 12:30:04.283 I/AconfigPackage(31436): com.android.permission.flags is mapped to com.android.permission
07-06 12:30:04.283 I/AconfigPackage(31436): com.android.permissioncontroller.flags is mapped to com.android.permission
07-06 12:30:04.283 I/AconfigPackage(31436): com.android.adbd.flags is mapped to com.android.adbd
07-06 12:30:04.283 I/AconfigPackage(31436): com.android.media.extractor.flags is mapped to com.android.media
07-06 12:30:04.283 I/AconfigPackage(31436): com.android.media.metrics.flags is mapped to com.android.media
07-06 12:30:04.283 I/AconfigPackage(31436): com.android.media.mainline.flags is mapped to com.android.media
07-06 12:30:04.283 I/AconfigPackage(31436): com.android.ipsec.flags is mapped to com.android.ipsec
07-06 12:30:04.283 I/AconfigPackage(31436): com.android.devicelock.flags is mapped to com.android.devicelock
07-06 12:30:04.283 I/AconfigPackage(31436): android.uprobestats.mainline.flags is mapped to com.android.uprobestats
07-06 12:30:04.283 I/AconfigPackage(31436): com.android.cellbroadcastreceiver.flags is mapped to com.android.cellbroadcast
07-06 12:30:04.283 I/AconfigPackage(31436): com.android.signature.flags is mapped to com.android.mediaprovider
07-06 12:30:04.283 I/AconfigPackage(31436): com.android.providers.media.flags is mapped to com.android.mediaprovider
07-06 12:30:04.283 I/AconfigPackage(31436): android.graphics.pdf.flags is mapped to com.android.mediaprovider
07-06 12:30:04.283 I/AconfigPackage(31436): android.graphics.pdf.flags.readonly is mapped to com.android.mediaprovider
07-06 12:30:04.284 I/AconfigPackage(31436): com.android.rkpd.flags is mapped to com.android.rkpd
07-06 12:30:04.284 I/AconfigPackage(31436): android.media.swcodec.flags is mapped to com.android.media.swcodec
07-06 12:30:04.284 I/AconfigPackage(31436): android.provider.flags is mapped to com.android.configinfrastructure
07-06 12:30:04.284 I/AconfigPackage(31436): com.android.server.deviceconfig is mapped to com.android.configinfrastructure
07-06 12:30:04.284 I/AconfigPackage(31436): com.android.art.flags is mapped to com.android.art
07-06 12:30:04.284 I/AconfigPackage(31436): com.android.art.rw.flags is mapped to com.android.art
07-06 12:30:04.284 I/AconfigPackage(31436): com.android.libcore is mapped to com.android.art
07-06 12:30:04.284 I/AconfigPackage(31436): com.android.os.statsd.flags is mapped to com.android.os.statsd
07-06 12:30:04.284 I/AconfigPackage(31436): com.android.appsearch.flags is mapped to com.android.appsearch
07-06 12:30:04.284 I/AconfigPackage(31436): com.android.uwb.flags is mapped to com.android.uwb
07-06 12:30:04.284 I/AconfigPackage(31436): com.android.ranging.flags is mapped to com.android.uwb
07-06 12:30:04.284 I/AconfigPackage(31436): com.android.tethering.mainline.beta is mapped to com.android.tethering
07-06 12:30:04.284 I/AconfigPackage(31436): android.net.http is mapped to com.android.tethering
07-06 12:30:04.284 I/AconfigPackage(31436): com.android.tethering.readonly.flags is mapped to com.android.tethering
07-06 12:30:04.284 I/AconfigPackage(31436): android.net.vcn is mapped to com.android.tethering
07-06 12:30:04.284 I/AconfigPackage(31436): com.android.net.flags is mapped to com.android.tethering
07-06 12:30:04.284 I/AconfigPackage(31436): com.android.tethering.flags is mapped to com.android.tethering
07-06 12:30:04.284 I/AconfigPackage(31436): com.android.tethering.beta.test is mapped to com.android.tethering
07-06 12:30:04.284 I/AconfigPackage(31436): com.android.nearby.flags is mapped to com.android.tethering
07-06 12:30:04.284 I/AconfigPackage(31436): com.android.net.thread.flags is mapped to com.android.tethering
07-06 12:30:04.284 I/AconfigPackage(31436): com.android.net.ct.flags is mapped to com.android.tethering
07-06 12:30:04.284 I/AconfigPackage(31436): android.net.http.flags is mapped to com.android.tethering
07-06 12:30:04.284 I/AconfigPackage(31436): com.android.adservices.ondevicepersonalization.flags is mapped to com.android.ondevicepersonalization
07-06 12:30:04.284 I/AconfigPackage(31436): com.android.bluetooth.flags is mapped to com.android.bt
07-06 12:30:04.284 I/AconfigPackage(31436): com.android.wifi.flags is mapped to com.android.wifi
07-06 12:30:04.284 I/AconfigPackage(31436): com.android.icu is mapped to com.android.i18n
07-06 12:30:04.284 I/AconfigPackage(31436): com.android.system.virtualmachine.flags is mapped to com.android.virt
07-06 12:30:04.285 I/AconfigPackage(31436): com.android.nfc.module.flags is mapped to com.android.nfcservices
07-06 12:30:04.285 I/AconfigPackage(31436): android.os.profiling is mapped to com.android.profiling
07-06 12:30:04.285 E/FeatureFlagsImplExport(31436): android.os.flagging.AconfigStorageReadException: ERROR_PACKAGE_NOT_FOUND: package android.xr cannot be found on the device
07-06 12:30:04.286 D/UiAutomationConnection(31436): Created on user UserHandle{0}
07-06 12:30:04.288 I/ActivityManager( 2570): Force stopping com.callstack.agentdevice.snapshothelper appid=10352 user=0: start instr
07-06 12:30:04.289 D/BackgroundInstallControlService( 2570): Package event received: 0
07-06 12:30:04.292 V/GrammaticalInflectionUtils( 2570): AttributionSource: android.content.AttributionSource@1f79c60a does not have READ_SYSTEM_GRAMMATICAL_GENDER permission.
07-06 12:30:04.294 D/BackgroundInstallControlService( 2570): Package event received: 0
07-06 12:30:04.294 V/OsAgent ( 4804): broadcastSystemEvent - 7
07-06 12:30:04.307 D/Zygote  ( 1323): Forked child process 31449
07-06 12:30:04.307 I/ActivityManager( 2570): Start proc 31449:com.callstack.agentdevice.snapshothelper/u0a352 for added application com.callstack.agentdevice.snapshothelper
07-06 12:30:04.307 I/ActivityManager( 2570): ProcessObserver broadcast disabled
07-06 12:30:04.317 I/.snapshothelper(31449): Using generational CollectorTypeCMC GC.
07-06 12:30:04.321 D/nativeloader(31449): Load libframework-connectivity-tiramisu-jni.so using APEX ns com_android_tethering for caller /apex/com.android.tethering/javalib/framework-connectivity-t.jar: ok
07-06 12:30:04.326 D/CompatibilityInfo( 2570): mCompatibilityFlags - 0
07-06 12:30:04.326 D/CompatibilityInfo( 2570): applicationDensity - 420
07-06 12:30:04.326 D/CompatibilityInfo( 2570): applicationScale - 1.0
07-06 12:30:04.327 D/OomAdjuster( 2570): process : com.callstack.agentdevice.snapshothelper, pid = 31449, isTop = false, uid = 10352, hasActivity = false
07-06 12:30:04.327 D/OomAdjuster( 2570): process : com.callstack.agentdevice.snapshothelper is not top!
07-06 12:30:04.332 D/NtScrollerManagerImpl(31449): init NtScrollerManagerImpl
07-06 12:30:04.338 D/nativeloader(31449): Configuring clns-9 for other apk /data/app/~~vPXxdbOP7QKgTxfEnTUfPw==/com.callstack.agentdevice.snapshothelper-vFLZD_otyLZVacLv7Wnh7w==/base.apk. target_sdk_version=36, uses_libraries=, library_path=/data/app/~~vPXxdbOP7QKgTxfEnTUfPw==/com.callstack.agentdevice.snapshothelper-vFLZD_otyLZVacLv7Wnh7w==/lib/arm64, permitted_path=/data:/mnt/expand:/data/user/0/com.callstack.agentdevice.snapshothelper
07-06 12:30:04.339 I/.snapshothelper(31449): AssetManager2(0xb400007a55cc4238) locale list changing from [] to [en-GB]
07-06 12:30:04.341 I/Perf    (31449): Connecting to perf service.
07-06 12:30:04.342 V/GraphicsEnvironment(31449): Currently set values for:
07-06 12:30:04.342 V/GraphicsEnvironment(31449):   angle_gl_driver_selection_pkgs=[com.android.angle, com.linecorp.b612.android, com.campmobile.snow, com.google.android.apps.tachyon]
07-06 12:30:04.342 V/GraphicsEnvironment(31449):   angle_gl_driver_selection_values=[angle, native, native, native]
07-06 12:30:04.342 V/GraphicsEnvironment(31449): com.callstack.agentdevice.snapshothelper is not listed in per-application setting
07-06 12:30:04.342 V/GraphicsEnvironment(31449): ANGLE allowlist from config: 
07-06 12:30:04.342 V/GraphicsEnvironment(31449): com.callstack.agentdevice.snapshothelper is not listed in ANGLE allowlist or settings, returning default
07-06 12:30:04.342 V/GraphicsEnvironment(31449): The updatable driver is turned off on this device.
07-06 12:30:04.345 I/SensorService( 2570): checkAndReportAmbientLightSensorStateChangeLocked new 1 old 1 force 0
07-06 12:30:04.346 V/OsAgent ( 4804): broadcastSystemEvent - 7
07-06 12:30:04.357 D/ActivityManager( 2570): uid = 10352, pid = 31449, processName = com.callstack.agentdevice.snapshothelper is not top app, set nt foreground
07-06 12:30:04.367 I/UiAutomation(31449): Initialized for user 0 on display 0
07-06 12:30:04.369 D/AccessibilityManagerService( 2570): changeCurrentUserForTestAutomationIfNeededLocked(0): ignoring because device doesn't support visible background users
07-06 12:30:04.369 I/UiAutomationManager( 2570): Registering UiTestAutomationService (id=com.android.server.accessibility/UiAutomation, flags=0x0) when called by user 0
07-06 12:30:04.369 V/AccessibilityManagerService( 2570): onUserStateChangedLocked for userId: 0, forceUpdate: false
07-06 12:30:04.369 W/MagnificationConnectionManager( 2570): requestConnection duplicated request: connect=false, mConnectionState=DISCONNECTED
07-06 12:30:04.377 V/AccessibilityManagerService( 2570): onUserStateChangedLocked for userId: 0, forceUpdate: false
07-06 12:30:04.379 W/MagnificationConnectionManager( 2570): requestConnection duplicated request: connect=false, mConnectionState=DISCONNECTED
07-06 12:30:04.383 D/BatterySaverPolicy( 2570): accessibility changed to true, updating policy.
07-06 12:30:04.384 D/AS.AudioService( 2570): Accessibility volume enabled = false
07-06 12:30:04.388 D/AccessibilitySourceService(18827): enabled a11y services count 0
07-06 12:30:04.388 D/AccessibilitySourceService(18827): a11y source sending 0 issue to sc
07-06 12:30:04.389 D/SafetySourceDataValidat( 2570): No cert check requested for package com.google.android.permissioncontroller
07-06 12:30:04.390 I/SafetyCenterAccessibilityListener(12037): accessibility event occurred, safety center feature not enabled.
07-06 12:29:56.684 I/(virq   (27662): irq_count)- GICv3:IPI(1):118691929 GICv3:arch_timer(11):54090177 GICv3:IPI(6):13740631 GICv3:apps_rsc(24):8238212 GICv3:IPI(2):4623808 GICv3:ufshcd(33):3451105 GICv3:ipcc_0(30):3328619 ipcc:glink-native-slpi(365):1889768 GICv3:msm_drm(219):1871686 ipcc:glink-native-adsp(364):1658153
07-06 12:29:56.684 I/(cpu    (27662): irq_count)- 0:47306480 1:47666036 2:46998458 3:46242628 4:10689005 5:9576939 6:9150845 7:4334490
07-06 12:29:56.684 I/(ipi    (27662): irq_count)- 0:118691929 1:4623808 2:0 3:0 4:0 5:13740631 6:0
07-06 12:30:05.527 I/WifiHAL ( 1426): event received NL80211_CMD_VENDOR, vendor_id = 0x1374, subcmd = 0xd
07-06 12:30:05.527 I/cnss-daemon( 2278): nl80211 response handler invoked
07-06 12:30:05.527 I/cnss-daemon( 2278): nl80211_response_handler: cmd 103, vendorID 4980, subcmd 13  received
07-06 12:29:56.826 E/simulated_ntc( 4482): proc_shell_write write invalid para
07-06 12:30:05.774 I/NearbyMediums( 5846): No BLE Fast/GATT advertisements found in the latest cycle.
07-06 12:30:05.774 I/NearbyMediums( 5846): Current Tracked Scanning Clients are : {NearbyConnections.EnvironmentMonitor, NearbySharing}
07-06 12:29:57.632 I/[kworke][0x2e7bb71c7d1][10:30:06.449298] qca6490(27466): [27466:I:PMO] pmo_core_enable_wow_in_fw: drv wow is enabled
07-06 12:29:57.669 I/[kworke][0x2e7bb7c81ba][10:30:06.485911] qca6490(27466): [27466:I:PMO] pmo_core_psoc_send_host_wakeup_ind_to_fw: Host wakeup indication sent to fw
07-06 12:30:06.524 I/vendor.qti.bluetooth@1.0-ibs_handler( 1391): ProcessIbsCmd: Received IBS_WAKE_IND: 0xFD
07-06 12:30:06.525 I/vendor.qti.bluetooth@1.0-ibs_handler( 1391): ProcessIbsCmd: Writing IBS_WAKE_ACK
07-06 12:30:06.565 I/vendor.qti.bluetooth@1.0-ibs_handler( 1391): ProcessIbsCmd: Received IBS_SLEEP_IND: 0xFE
07-06 12:30:06.652 I/adbd    ( 2329): New TLS connection [fd=26]
07-06 12:30:06.652 I/adbd    ( 2329): host-26: connection terminated: read failed
07-06 12:30:06.768 D/WifiStaIfaceHidlImpl( 2570): getCachedScanData is not implemented by HIDL
07-06 12:30:06.771 D/NtSmartWifiMonitor( 2570): get rssi = -46, frequecy=5620, datastall=0, current state=6
07-06 12:30:06.771 D/NtSmartWifiMonitor( 2570): 5G Wifi rssi queue: sufficient rssi=-70[-46]
07-06 12:30:07.540 I/WifiHAL ( 1426): event received NL80211_CMD_VENDOR, vendor_id = 0x1374, subcmd = 0xd
07-06 12:30:07.540 I/cnss-daemon( 2278): nl80211 response handler invoked
07-06 12:30:07.541 I/cnss-daemon( 2278): nl80211_response_handler: cmd 103, vendorID 4980, subcmd 13  received
07-06 12:29:59.362 I/[kworke][0x2e7bd6c65ba][10:30:08.178551] qca6490(31198): [31198:I:PMO] pmo_core_enable_wow_in_fw: drv wow is enabled
07-06 12:29:59.399 I/[kworke][0x2e7bd7758f5][10:30:08.215927] qca6490(31198): [31198:I:HIF] hif_try_complete_tasks: waiting for tasklets 1 grp tasklets 0 work 0
07-06 12:29:59.424 I/[kworke][0x2e7bd7e887d][10:30:08.240454] qca6490(31198): [31198:I:PMO] pmo_core_psoc_send_host_wakeup_ind_to_fw: Host wakeup indication sent to fw
07-06 12:30:08.251 D/ActivityManager( 2570): freezing 23269 org.telegram.messenger
07-06 12:30:08.255 D/ActivityManager( 2570): freezing 16126 com.whatsapp
07-06 12:30:08.259 D/ActivityManager( 2570): freezing 2196 com.android.carrierconfig
07-06 12:30:08.261 D/ActivityManager( 2570): freezing 30891 com.nothing.camera
07-06 12:30:08.262 D/ActivityManager( 2570): freezing 5560 com.google.ar.core
07-06 12:30:08.263 D/ActivityManager( 2570): freezing 5629 com.google.android.apps.safetyhub
07-06 12:30:08.264 D/ActivityManager( 2570): freezing 5666 com.google.earth
07-06 12:30:08.265 D/ActivityManager( 2570): freezing 5985 com.google.android.apps.wellbeing
07-06 12:30:08.266 D/ActivityManager( 2570): freezing 29935 com.google.android.apps.photos
07-06 12:30:08.268 D/ActivityManager( 2570): freezing 7432 com.android.keychain
07-06 12:30:08.269 D/ActivityManager( 2570): freezing 7731 com.google.android.contactkeys
07-06 12:30:08.270 D/ActivityManager( 2570): freezing 28150 android.process.acore
07-06 12:30:08.271 D/ActivityManager( 2570): freezing 12641 com.google.android.gms.learning
07-06 12:30:08.272 D/ActivityManager( 2570): freezing 12080 com.google.android.healthconnect.controller
07-06 12:30:08.273 D/ActivityManager( 2570): freezing 12085 com.google.android.tts
07-06 12:30:08.273 D/ActivityManager( 2570): freezing 5602 com.google.android.euicc
07-06 12:30:08.275 D/ActivityManager( 2570): freezing 12159 android.process.media
07-06 12:30:08.275 D/ActivityManager( 2570): freezing 12037 com.google.android.permissioncontroller
07-06 12:30:08.276 D/ActivityManager( 2570): freezing 2065 com.google.android.dialer
07-06 12:30:08.278 D/ActivityManager( 2570): freezing 29273 com.google.android.apps.walletnfcrel
07-06 12:30:08.280 D/ActivityManager( 2570): freezing 14605 com.nothing.user.center
07-06 12:30:08.281 D/ActivityManager( 2570): freezing 6008 com.google.android.gms.unstable
07-06 12:30:08.282 D/ActivityManager( 2570): freezing 14952 com.google.android.photopicker
07-06 12:30:08.283 D/ActivityManager( 2570): freezing 23344 com.google.android.gms.unstable
07-06 12:30:08.284 D/ActivityManager( 2570): freezing 31474 com.android.vending:background
07-06 12:30:08.286 D/ActivityManager( 2570): freezing 12525 com.infomaniak.drive
07-06 12:30:08.288 D/ActivityManager( 2570): freezing 23835 ch.sbb.mobile.android.preview
07-06 12:30:08.290 D/ActivityManager( 2570): freezing 27825 com.google.android.apps.turbo:aab
07-06 12:30:08.291 D/ActivityManager( 2570): freezing 20733 com.google.android.apps.turbo
07-06 12:30:08.292 D/ActivityManager( 2570): freezing 20749 com.android.settings
07-06 12:30:08.293 D/ActivityManager( 2570): freezing 4750 ch.search.android.search
07-06 12:30:08.295 D/ActivityManager( 2570): freezing 28766 ch.karimattia.workoutpixels
07-06 12:30:08.296 D/ActivityManager( 2570): freezing 18358 com.nothing.hearthstone
07-06 12:30:08.298 D/ActivityManager( 2570): freezing 18512 com.android.providers.calendar
07-06 12:30:08.299 D/ActivityManager( 2570): freezing 17890 com.android.settings
07-06 12:30:08.300 D/ActivityManager( 2570): freezing 20972 com.android.keychain
07-06 12:30:08.301 D/ActivityManager( 2570): freezing 1157 com.google.android.rkpdapp
07-06 12:30:08.302 D/ActivityManager( 2570): freezing 12043 android.process.media
07-06 12:30:08.303 D/ActivityManager( 2570): freezing 30540 com.google.android.apps.nbu.files
07-06 12:30:08.304 D/ActivityManager( 2570): freezing 30583 com.google.android.documentsui
07-06 12:30:08.306 D/ActivityManager( 2570): freezing 30465 com.google.android.apps.carrier.carrierwifi
07-06 12:30:08.306 D/ActivityManager( 2570): freezing 19921 com.google.android.cellbroadcastreceiver
07-06 12:30:08.307 D/ActivityManager( 2570): freezing 30999 com.google.android.packageinstaller
07-06 12:30:08.308 D/ActivityManager( 2570): freezing 21003 com.google.android.odad
07-06 12:30:08.309 D/ActivityManager( 2570): freezing 18827 com.google.android.permissioncontroller
07-06 12:30:08.310 D/ActivityManager( 2570): freezing 5951 android.process.acore
07-06 12:30:08.312 D/ActivityManager( 2570): freezing 26902 org.thoughtcrime.securesms
07-06 12:30:08.314 D/ActivityManager( 2570): freezing 30267 com.google.android.apps.maps
07-06 12:30:08.317 D/ActivityManager( 2570): freezing 11167 org.mozilla.firefox:crashhelper_disable_art_image_
07-06 12:30:08.318 D/ActivityManager( 2570): freezing 620 org.mozilla.firefox:tab_disable_art_image_27
07-06 12:30:08.319 D/ActivityManager( 2570): freezing 772 org.mozilla.firefox:tab_disable_art_image_30
07-06 12:30:08.321 D/ActivityManager( 2570): freezing 28083 org.mozilla.firefox:tab_disable_art_image_19
07-06 12:30:08.322 D/ActivityManager( 2570): freezing 27295 org.mozilla.firefox:gpu_disable_art_image_
07-06 12:30:08.324 D/ActivityManager( 2570): freezing 19020 org.mozilla.firefox:utility_disable_art_image_
07-06 12:30:08.325 D/ActivityManager( 2570): freezing 17751 org.mozilla.firefox
07-06 12:30:08.331 D/InetDiagMessage( 2570): Destroyed 2 sockets, proto=IPPROTO_TCP, family=AF_INET, states=14
07-06 12:30:08.333 D/InetDiagMessage( 2570): Destroyed 0 sockets, proto=IPPROTO_TCP, family=AF_INET6, states=14
07-06 12:30:08.333 D/InetDiagMessage( 2570): Destroyed live tcp sockets for uids={10300} in 5ms
07-06 12:30:08.379 W/CachedAppOptimi( 2570): type=1400 audit(0.0:33966): avc:  denied  { write } for  dev="tmpfs" ino=1098 scontext=u:r:system_server:s0 tcontext=u:object_r:zygote_tmpfs:s0 tclass=file permissive=0
07-06 12:30:08.475 D/InetDiagMessage( 2570): Destroyed 0 sockets, proto=IPPROTO_TCP, family=AF_INET, states=14
07-06 12:30:08.477 D/InetDiagMessage( 2570): Destroyed 1 sockets, proto=IPPROTO_TCP, family=AF_INET6, states=14
07-06 12:30:08.477 D/InetDiagMessage( 2570): Destroyed live tcp sockets for uids={10247} in 4ms
07-06 12:29:59.669 W/        ( 3103): ------------[ cut here ]------------
07-06 12:29:59.669 W/        ( 3103): WARNING: CPU: 1 PID: 3103 at mm/pgsize_migration.c:139 show_map+0x1a4/0x1c0
07-06 12:29:59.669 W/        ( 3103): Modules linked in: qca6490(O) ipa_clientsm(O) rndisipam(O) ipanetm(O) msm_drm(O) camera(O) msm_video(O) machine_dlkm(O) msm_eva(O) rmnet_perf(O) rmnet_sch(O) ipam(O) rmnet_aps(O) msm_cvp(O) swr_dmic_dlkm(O) rmnet_perf_tether(O) wcd938x_dlkm(O) lpass_cdc_rx_macro_dlkm(O) rmnet_shs(O) rmnet_offload(O) wcd938x_slave_dlkm(O) wcd937x_dlkm(O) tfa98xx_dlkm(O) stm_ftrace gsim(O) coresight_tpdm rmnet_core(O) msm_mmrm(O) mbhc_dlkm(O) lpass_cdc_wsa2_macro_dlkm(O) lpass_cdc_va_macro_dlkm(O) wcd9xxx_dlkm(O) lpass_cdc_tx_macro_dlkm(O) audio_pkt_dlkm(O) pinctrl_lpi_dlkm(O) lpass_cdc_wsa_macro_dlkm(O) audpkt_ion_dlkm(O) swr_ctrl_dlkm(O) lpass_cdc_dlkm(O) audio_prm_dlkm(O) adsp_loader_dlkm(O) rmnet_wlan(O) rmnet_ctl(O) coresight_dummy coresight_tgu wsa883x_dlkm(O) wcd937x_slave_dlkm(O) hdmi_dlkm(O) coresight_remote_etm spf_core_dlkm(O) gpr_dlkm(O) q6_notifier_dlkm(O) snd_event_dlkm(O) q6_dlkm(O) coresight_replicator stm_console wsa881x_dlkm(O) q6_pdr_dlkm(O)
07-06 12:29:59.669 W/        ( 3103): nothing_bootloader_log qnoc_parrot coresight_cti stm_p_basic coresight_tpda swr_dlkm(O) wcd_core_dlkm(O) qrtr_mhi qrtr_gunyah stub_dlkm(O) qcom_lpm qcom_q6v5_pas coresight_tmc snd_usb_audio_qmi qti_amoled_ecm hwmon coresight_funnel qrtr_smd coresight_hwevent icc_test nothing_task_meminfo coresight_csr simulated_ntc coresight_stm slim_qcom_ngd_ctrl coresight stm_p_ost nothing_readahead_trace stm_core qcom_q6v5 nothing_restart_handler nothing_disk_usage qcom_spmi_adc5 mhi_dev_drv nothing_secure_element tz_log qcom_vadc_common qcom_edac qdss_bridge usb_f_gsi usb_f_qdss qcedev_mod qce50 gh_virtio_backend bt_fm_slim usb_bam qcom_pil_info qti_cpufreq_cdev mhi_dev_net ep_pcie_drv qti_userspace_cdev sdhci_msm ipa_fmwk sps_drv leds_aw20036 slimbus sdpm_clk leds_qti_tri_led leds_qpnp_vibrator_ldo leds_qti_flash btpower policy_engine qcom_cpufreq_hw_debug qti_devfreq_cdev msm_lmh_dcvs cpu_voltage_cooling qti_qmi_sensor_v2 ddr_cdev goodix_fp qti_battery_charger_main
07-06 12:29:59.669 W/        ( 3103): i3c_master_msm_geni i2c_msm_geni repeater_i2c_eusb2 bcl_soc qti_qmi_cdev qcom_spmi_temp_alarm synx_driver sys_pm_vx shared_rail_scmi cdsprm subsystem_sleep_stats cnss_nl hdcp qcom_iommu_debug hung_task_enh msm_memshare fsa4480_i2c glink_probe smp2p cdsp_loader core_hang_detect qcom_logbuf_vendor_hooks zram secure_state msm_show_epoch pm8941_pwrkey shared_rail_vendor dwc3_msm hvc_gunyah dcc_v2 qcom_ipc_lite qpnp_amoled_regulator plh_scmi plh_vendor nt36xxx_i2c qcom_pon usb_f_ccid phy_msm_snps_eusb2 synaptics_dsx ehset msm_sharedmem repeater qfprom_sys smcinvoke_mod qbt_handler nt36xxx_spi heap_mem_ext_v01 sysmon_subsystem_stats goodix_core eud glink_pkt nb7vpq904m soc_sleep_stats mhi_cntrl_qcom fts_tp usb_f_diag adsp_sleepmon gh_irq_lend camcc_diwali qcom_esoc debugcc_diwali gh_mem_notifier qcom_sysmon qcom_soc_wdt cnss2 mhi_dev_uci qsee_ipc_irq_bridge phy_qcom_ufs_qmp_14nm f_fs_ipc_log phy_qcom_ufs_qmp_v4_parrot cdc_mbim mhi_dev_netdev mhi_dev_dtr
07-06 12:29:59.669 W/        ( 3103): qti_battery_debug phy_msm_snps_hs charger_ulog_glink altmode_glink mhi cnss_plat_ipc_qmi_svc spmi_glink_debug redriver msm_ext_display rdbg atmel_mxt_ts lzo lvstest usb_f_cdev phy_msm_ssusb_qmp cdc_wdm boot_stats camcc_waipio lt9611uxc phy_qcom_emu spi_msm_geni spmi_pmic_arb_debug ucsi_glink rimps_log sg cnss_prealloc qcom_i2c_pmic sensors_ssc phy_qcom_ufs_qmp_v3 cnss_utils rq_stats gpi slot_status icnss2 haptic pwm_qti_lpg msm_rng qseecom_mod phy_qcom_ufs_qmp_v4_lahaina wlan_firmware_service frpc_adsprpc videocc_waipio qti_adc_tm videocc_diwali microdump_collector pmic_glink pdr_interface qcom_ramdump pci_msm_drv qmi_helpers gplaf_scmi rproc_qcom_common smp2p_sleepstate pci_edma hardware_id hyp_core_ctl panel_event_notifier pmic_pon_log qcom_cpuss_sleep_stats qpnp_pbs pinctrl_spmi_mpp gpucc_waipio gplaf_vendor lzo_rle gpucc_diwali memlat guestvm_loader debugcc_waipio bam_dma pinctrl_spmi_gpio msm_show_resume_irq qcom_smd qcom_glink_smem qcom_pm8008_regulator
07-06 12:29:59.669 W/        ( 3103): phy_qcom_ufs_qmp_v4_anarok qcom_glink qcom_sync_file zsmalloc msm_sysstats msm_kgsl nvmem_qfprom msm_performance mdt_loader nothing_writeback_kmsg nfc_i2c bcl_pmic5 c1dcvs_scmi c1dcvs_vendor qcom_rimps msm_qmp qcom_aoss mem_offline arm_smmu ufs_qcom ufshcd_crypto_qti stub_regulator rtc_pm8xxx qrtr qnoc_diwali qcom_reboot_reason spmi_pmic_arb qcom_spmi_pmic regmap_spmi qti_regmap_debugfs pmu_scmi pmu_vendor qcom_pmu_lib cpuprime_online_helper qcom_llcc_pmu qcom_iommu_util qcom_gic_intr_routing qcom_dload_mode pinctrl_diwali pinctrl_cape phy_qcom_ufs_qmp_v4_cape phy_qcom_ufs_qmp_v4_diwali phy_qcom_ufs_qmp_v4_waipio phy_qcom_ufs phy_generic nvmem_qcom_spmi_sdam msm_geni_serial msm_geni_se reboot_mode qti_fixed_regulator qnoc_waipio qnoc_qos pinctrl_waipio pinctrl_msm memory_dump_v2 mem_hooks mem_buf qcom_dma_heaps msm_dma_iommu_mapping mem_buf_dev secure_buffer mac80211 llcc_qcom kryo_arm64_edac iommu_logger gh_rm_drv gh_msgq gh_dbl gh_ctrl gh_arm_drv gcc_diwali
07-06 12:29:59.669 W/        ( 3103): dispcc_waipio dispcc_diwali cqhci crypto_qti_common crypto_qti_hwkm hwkm tmecom_intf cfg80211 cpu_hotplug thermal_pause sched_walt qcom_cpufreq_hw bwmon qcom_dcvs dcvs_fp rpmh_regulator qcom_tsens qcom_pdc qcom_ipcc icc_rpmh socinfo icc_debug icc_bcm_voter gcc_waipio clk_dummy clk_qcom gdsc_regulator proxy_consumer debug_regulator clk_rpmh qcom_rpmh cmd_db qcom_ipc_logging qcom_cpu_vendor_hooks gh_virt_wdt qcom_wdt_core qcom_scm minidump smem qcom_hwspinlock
07-06 12:29:59.670 W/        ( 3103): CPU: 1 PID: 3103 Comm: CachedAppOptimi Tainted: G S      W  O      5.10.237-android12-9-00009-g744d5c916fbb-ab15260229 #1
07-06 12:29:59.670 W/Hardware name( 3103): Qualcomm Technologies, Inc. Cape QRD with PM8010 (DT)
07-06 12:29:59.670 W/pstate  ( 3103): 22400005 (nzCv daif +PAN -UAO +TCO BTYPE=--)
07-06 12:29:59.670 W/pc      ( 3103): show_map+0x1a4/0x1c0
07-06 12:29:59.670 W/lr      ( 3103): show_map+0x5c/0x1c0
07-06 12:29:59.670 W/sp      ( 3103): ffffffc012ce3bf0
07-06 12:29:59.670 W/        ( 3103): x29: ffffffc012ce3bf0 x28: 0000007cd2cef000
07-06 12:29:59.670 W/        ( 3103): x27: ffffffec93c2d8d0 x26: ffffffec93c2dee8
07-06 12:29:59.670 W/        ( 3103): x25: ffffff803481d3f0 x24: ffffff89b54e22d0
07-06 12:29:59.670 W/        ( 3103): x23: ffffffc012ce3c90 x22: 0000000000000000
07-06 12:29:59.670 W/        ( 3103): x21: ffffff803481d3f0 x20: ffffff88b01b2f00
07-06 12:29:59.670 W/        ( 3103): x19: ffffff89b54e22a8 x18: ffffffc012b4d048
07-06 12:29:59.670 W/        ( 3103): x17: ffffffec94b98544 x16: 0000000000000001
07-06 12:29:59.670 W/        ( 3103): x15: 0000000000000030 x14: 0000000000000000
07-06 12:29:59.670 W/        ( 3103): x13: 0000000000000000 x12: 0000000000000000
07-06 12:29:59.670 W/        ( 3103): x11: ffffff8053fdf7c0 x10: 0000000000000002
07-06 12:29:59.670 W/        ( 3103): x9 : 0000000000000000 x8 : 0000007cd2cf4000
07-06 12:29:59.670 W/        ( 3103): x7 : 0000000000000000 x6 : ffffff88b01b2fe8
07-06 12:29:59.670 W/        ( 3103): x5 : 0000000000000040 x4 : 0000000000000000
07-06 12:29:59.670 W/        ( 3103): x3 : 0000000000000000 x2 : ffffffffffffffe8
07-06 12:29:59.670 W/        ( 3103): x1 : ffffff803481d4d8 x0 : ffffff88b01b2f00
07-06 12:29:59.670 W/Call trace( 3103):  
07-06 12:29:59.670 W/        ( 3103): show_map+0x1a4/0x1c0
07-06 12:29:59.670 W/        ( 3103): seq_read_iter+0x48c/0x640
07-06 12:29:59.670 W/        ( 3103): seq_read+0xfc/0x134
07-06 12:29:59.670 W/        ( 3103): vfs_read+0xf4/0x374
07-06 12:29:59.670 W/        ( 3103): ksys_read+0x7c/0xf0
07-06 12:29:59.670 W/        ( 3103): __arm64_sys_read+0x20/0x30
07-06 12:29:59.670 W/        ( 3103): el0_svc_common+0xd4/0x270
07-06 12:29:59.670 W/        ( 3103): el0_svc+0x28/0x98
07-06 12:29:59.670 W/        ( 3103): el0_sync_handler+0x8c/0xf0
07-06 12:29:59.670 W/        ( 3103): el0_sync+0x1b8/0x1c0
07-06 12:29:59.670 W/        ( 3103): ---[ end trace ba86cd1b90aa4c1c ]---
07-06 12:29:59.670 W/        ( 3103): ------------[ cut here ]------------
07-06 12:29:59.670 W/        ( 3103): WARNING: CPU: 1 PID: 3103 at mm/pgsize_migration.c:139 show_map+0x1b0/0x1c0
07-06 12:29:59.670 W/        ( 3103): Modules linked in: qca6490(O) ipa_clientsm(O) rndisipam(O) ipanetm(O) msm_drm(O) camera(O) msm_video(O) machine_dlkm(O) msm_eva(O) rmnet_perf(O) rmnet_sch(O) ipam(O) rmnet_aps(O) msm_cvp(O) swr_dmic_dlkm(O) rmnet_perf_tether(O) wcd938x_dlkm(O) lpass_cdc_rx_macro_dlkm(O) rmnet_shs(O) rmnet_offload(O) wcd938x_slave_dlkm(O) wcd937x_dlkm(O) tfa98xx_dlkm(O) stm_ftrace gsim(O) coresight_tpdm rmnet_core(O) msm_mmrm(O) mbhc_dlkm(O) lpass_cdc_wsa2_macro_dlkm(O) lpass_cdc_va_macro_dlkm(O) wcd9xxx_dlkm(O) lpass_cdc_tx_macro_dlkm(O) audio_pkt_dlkm(O) pinctrl_lpi_dlkm(O) lpass_cdc_wsa_macro_dlkm(O) audpkt_ion_dlkm(O) swr_ctrl_dlkm(O) lpass_cdc_dlkm(O) audio_prm_dlkm(O) adsp_loader_dlkm(O) rmnet_wlan(O) rmnet_ctl(O) coresight_dummy coresight_tgu wsa883x_dlkm(O) wcd937x_slave_dlkm(O) hdmi_dlkm(O) coresight_remote_etm spf_core_dlkm(O) gpr_dlkm(O) q6_notifier_dlkm(O) snd_event_dlkm(O) q6_dlkm(O) coresight_replicator stm_console wsa881x_dlkm(O) q6_pdr_dlkm(O)
07-06 12:29:59.670 W/        ( 3103): nothing_bootloader_log qnoc_parrot coresight_cti stm_p_basic coresight_tpda swr_dlkm(O) wcd_core_dlkm(O) qrtr_mhi qrtr_gunyah stub_dlkm(O) qcom_lpm qcom_q6v5_pas coresight_tmc snd_usb_audio_qmi qti_amoled_ecm hwmon coresight_funnel qrtr_smd coresight_hwevent icc_test nothing_task_meminfo coresight_csr simulated_ntc coresight_stm slim_qcom_ngd_ctrl coresight stm_p_ost nothing_readahead_trace stm_core qcom_q6v5 nothing_restart_handler nothing_disk_usage qcom_spmi_adc5 mhi_dev_drv nothing_secure_element tz_log qcom_vadc_common qcom_edac qdss_bridge usb_f_gsi usb_f_qdss qcedev_mod qce50 gh_virtio_backend bt_fm_slim usb_bam qcom_pil_info qti_cpufreq_cdev mhi_dev_net ep_pcie_drv qti_userspace_cdev sdhci_msm ipa_fmwk sps_drv leds_aw20036 slimbus sdpm_clk leds_qti_tri_led leds_qpnp_vibrator_ldo leds_qti_flash btpower policy_engine qcom_cpufreq_hw_debug qti_devfreq_cdev msm_lmh_dcvs cpu_voltage_cooling qti_qmi_sensor_v2 ddr_cdev goodix_fp qti_battery_charger_main
07-06 12:29:59.670 W/        ( 3103): i3c_master_msm_geni i2c_msm_geni repeater_i2c_eusb2 bcl_soc qti_qmi_cdev qcom_spmi_temp_alarm synx_driver sys_pm_vx shared_rail_scmi cdsprm subsystem_sleep_stats cnss_nl hdcp qcom_iommu_debug hung_task_enh msm_memshare fsa4480_i2c glink_probe smp2p cdsp_loader core_hang_detect qcom_logbuf_vendor_hooks zram secure_state msm_show_epoch pm8941_pwrkey shared_rail_vendor dwc3_msm hvc_gunyah dcc_v2 qcom_ipc_lite qpnp_amoled_regulator plh_scmi plh_vendor nt36xxx_i2c qcom_pon usb_f_ccid phy_msm_snps_eusb2 synaptics_dsx ehset msm_sharedmem repeater qfprom_sys smcinvoke_mod qbt_handler nt36xxx_spi heap_mem_ext_v01 sysmon_subsystem_stats goodix_core eud glink_pkt nb7vpq904m soc_sleep_stats mhi_cntrl_qcom fts_tp usb_f_diag adsp_sleepmon gh_irq_lend camcc_diwali qcom_esoc debugcc_diwali gh_mem_notifier qcom_sysmon qcom_soc_wdt cnss2 mhi_dev_uci qsee_ipc_irq_bridge phy_qcom_ufs_qmp_14nm f_fs_ipc_log phy_qcom_ufs_qmp_v4_parrot cdc_mbim mhi_dev_netdev mhi_dev_dtr
07-06 12:29:59.670 W/        ( 3103): qti_battery_debug phy_msm_snps_hs charger_ulog_glink altmode_glink mhi cnss_plat_ipc_qmi_svc spmi_glink_debug redriver msm_ext_display rdbg atmel_mxt_ts lzo lvstest usb_f_cdev phy_msm_ssusb_qmp cdc_wdm boot_stats camcc_waipio lt9611uxc phy_qcom_emu spi_msm_geni spmi_pmic_arb_debug ucsi_glink rimps_log sg cnss_prealloc qcom_i2c_pmic sensors_ssc phy_qcom_ufs_qmp_v3 cnss_utils rq_stats gpi slot_status icnss2 haptic pwm_qti_lpg msm_rng qseecom_mod phy_qcom_ufs_qmp_v4_lahaina wlan_firmware_service frpc_adsprpc videocc_waipio qti_adc_tm videocc_diwali microdump_collector pmic_glink pdr_interface qcom_ramdump pci_msm_drv qmi_helpers gplaf_scmi rproc_qcom_common smp2p_sleepstate pci_edma hardware_id hyp_core_ctl panel_event_notifier pmic_pon_log qcom_cpuss_sleep_stats qpnp_pbs pinctrl_spmi_mpp gpucc_waipio gplaf_vendor lzo_rle gpucc_diwali memlat guestvm_loader debugcc_waipio bam_dma pinctrl_spmi_gpio msm_show_resume_irq qcom_smd qcom_glink_smem qcom_pm8008_regulator
07-06 12:29:59.670 W/        ( 3103): phy_qcom_ufs_qmp_v4_anarok qcom_glink qcom_sync_file zsmalloc msm_sysstats msm_kgsl nvmem_qfprom msm_performance mdt_loader nothing_writeback_kmsg nfc_i2c bcl_pmic5 c1dcvs_scmi c1dcvs_vendor qcom_rimps msm_qmp qcom_aoss mem_offline arm_smmu ufs_qcom ufshcd_crypto_qti stub_regulator rtc_pm8xxx qrtr qnoc_diwali qcom_reboot_reason spmi_pmic_arb qcom_spmi_pmic regmap_spmi qti_regmap_debugfs pmu_scmi pmu_vendor qcom_pmu_lib cpuprime_online_helper qcom_llcc_pmu qcom_iommu_util qcom_gic_intr_routing qcom_dload_mode pinctrl_diwali pinctrl_cape phy_qcom_ufs_qmp_v4_cape phy_qcom_ufs_qmp_v4_diwali phy_qcom_ufs_qmp_v4_waipio phy_qcom_ufs phy_generic nvmem_qcom_spmi_sdam msm_geni_serial msm_geni_se reboot_mode qti_fixed_regulator qnoc_waipio qnoc_qos pinctrl_waipio pinctrl_msm memory_dump_v2 mem_hooks mem_buf qcom_dma_heaps msm_dma_iommu_mapping mem_buf_dev secure_buffer mac80211 llcc_qcom kryo_arm64_edac iommu_logger gh_rm_drv gh_msgq gh_dbl gh_ctrl gh_arm_drv gcc_diwali
07-06 12:29:59.670 W/        ( 3103): dispcc_waipio dispcc_diwali cqhci crypto_qti_common crypto_qti_hwkm hwkm tmecom_intf cfg80211 cpu_hotplug thermal_pause sched_walt qcom_cpufreq_hw bwmon qcom_dcvs dcvs_fp rpmh_regulator qcom_tsens qcom_pdc qcom_ipcc icc_rpmh socinfo icc_debug icc_bcm_voter gcc_waipio clk_dummy clk_qcom gdsc_regulator proxy_consumer debug_regulator clk_rpmh qcom_rpmh cmd_db qcom_ipc_logging qcom_cpu_vendor_hooks gh_virt_wdt qcom_wdt_core qcom_scm minidump smem qcom_hwspinlock
07-06 12:29:59.670 W/        ( 3103): CPU: 1 PID: 3103 Comm: CachedAppOptimi Tainted: G S      W  O      5.10.237-android12-9-00009-g744d5c916fbb-ab15260229 #1
07-06 12:29:59.670 W/Hardware name( 3103): Qualcomm Technologies, Inc. Cape QRD with PM8010 (DT)
07-06 12:29:59.670 W/pstate  ( 3103): 22400005 (nzCv daif +PAN -UAO +TCO BTYPE=--)
07-06 12:29:59.670 W/pc      ( 3103): show_map+0x1b0/0x1c0
07-06 12:29:59.670 W/lr      ( 3103): show_map+0xf0/0x1c0
07-06 12:29:59.670 W/sp      ( 3103): ffffffc012ce3bf0
07-06 12:29:59.670 W/        ( 3103): x29: ffffffc012ce3bf0 x28: 0000007cd2cef000
07-06 12:29:59.670 W/        ( 3103): x27: ffffffec93c2d8d0 x26: ffffffec93c2dee8
07-06 12:29:59.670 W/        ( 3103): x25: ffffff803481d3f0 x24: ffffff89b54e22d0
07-06 12:29:59.670 W/        ( 3103): x23: ffffffc012ce3c90 x22: ffffff88b01b3500
07-06 12:29:59.670 W/        ( 3103): x21: ffffff803481d3f0 x20: ffffff88b01b2f00
07-06 12:29:59.670 W/        ( 3103): x19: ffffff89b54e22a8 x18: ffffffc012b4d048
07-06 12:29:59.670 W/        ( 3103): x17: ffffffec94b98544 x16: 0000000000000001
07-06 12:29:59.670 W/        ( 3103): x15: 0000000000000030 x14: 0000000000000000
07-06 12:29:59.670 W/        ( 3103): x13: 0000000000000000 x12: 0000000000000000
07-06 12:29:59.670 W/        ( 3103): x11: ffffff8053fdf7c0 x10: 0000000000000002
07-06 12:29:59.670 W/        ( 3103): x9 : 0000000000000000 x8 : 0000007cd2cf4000
07-06 12:29:59.670 W/        ( 3103): x7 : 0000000000000000 x6 : ffffff88b01b35e8
07-06 12:29:59.670 W/        ( 3103): x5 : 0000000000000040 x4 : 0000000000000000
07-06 12:29:59.670 W/        ( 3103): x3 : 0000000000000000 x2 : ffffffffffffffe8
07-06 12:29:59.670 W/        ( 3103): x1 : ffffff803481d4d8 x0 : ffffff88b01b3500
07-06 12:29:59.670 W/Call trace( 3103):  
07-06 12:29:59.670 W/        ( 3103): show_map+0x1b0/0x1c0
07-06 12:29:59.670 W/        ( 3103): seq_read_iter+0x48c/0x640
07-06 12:29:59.670 W/        ( 3103): seq_read+0xfc/0x134
07-06 12:29:59.670 W/        ( 3103): vfs_read+0xf4/0x374
07-06 12:29:59.670 W/        ( 3103): ksys_read+0x7c/0xf0
07-06 12:29:59.670 W/        ( 3103): __arm64_sys_read+0x20/0x30
07-06 12:29:59.670 W/        ( 3103): el0_svc_common+0xd4/0x270
07-06 12:29:59.670 W/        ( 3103): el0_svc+0x28/0x98
07-06 12:29:59.670 W/        ( 3103): el0_sync_handler+0x8c/0xf0
07-06 12:29:59.670 W/        ( 3103): el0_sync+0x1b8/0x1c0
07-06 12:29:59.670 W/        ( 3103): ---[ end trace ba86cd1b90aa4c1d ]---
07-06 12:30:08.727 W/CachedAppOptimi( 2570): type=1400 audit(0.0:33967): avc:  denied  { write } for  dev="tmpfs" ino=1098 scontext=u:r:system_server:s0 tcontext=u:object_r:zygote_tmpfs:s0 tclass=file permissive=0
07-06 12:30:09.125 D/InetDiagMessage( 2570): Destroyed 0 sockets, proto=IPPROTO_TCP, family=AF_INET, states=14
07-06 12:30:09.127 D/InetDiagMessage( 2570): Destroyed 0 sockets, proto=IPPROTO_TCP, family=AF_INET6, states=14
07-06 12:30:09.127 D/InetDiagMessage( 2570): Destroyed live tcp sockets for uids={10178} in 4ms
07-06 12:30:09.129 D/InetDiagMessage( 2570): Destroyed 0 sockets, proto=IPPROTO_TCP, family=AF_INET, states=14
07-06 12:30:09.131 D/InetDiagMessage( 2570): Destroyed 0 sockets, proto=IPPROTO_TCP, family=AF_INET6, states=14
07-06 12:30:09.131 D/InetDiagMessage( 2570): Destroyed live tcp sockets for uids={10066} in 4ms
07-06 12:30:09.134 D/InetDiagMessage( 2570): Destroyed 0 sockets, proto=IPPROTO_TCP, family=AF_INET, states=14
07-06 12:30:09.135 D/InetDiagMessage( 2570): Destroyed 0 sockets, proto=IPPROTO_TCP, family=AF_INET6, states=14
07-06 12:30:09.135 D/InetDiagMessage( 2570): Destroyed live tcp sockets for uids={10157} in 4ms
07-06 12:30:09.137 D/InetDiagMessage( 2570): Destroyed 0 sockets, proto=IPPROTO_TCP, family=AF_INET, states=14
07-06 12:30:09.138 D/InetDiagMessage( 2570): Destroyed 0 sockets, proto=IPPROTO_TCP, family=AF_INET6, states=14
07-06 12:30:09.138 D/InetDiagMessage( 2570): Destroyed live tcp sockets for uids={10118} in 3ms
07-06 12:30:09.139 D/InetDiagMessage( 2570): Destroyed 0 sockets, proto=IPPROTO_TCP, family=AF_INET, states=14
07-06 12:30:09.141 D/InetDiagMessage( 2570): Destroyed 0 sockets, proto=IPPROTO_TCP, family=AF_INET6, states=14
07-06 12:30:09.141 D/InetDiagMessage( 2570): Destroyed live tcp sockets for uids={10208} in 3ms
07-06 12:30:09.142 D/InetDiagMessage( 2570): Destroyed 0 sockets, proto=IPPROTO_TCP, family=AF_INET, states=14
07-06 12:30:09.144 D/InetDiagMessage( 2570): Destroyed 0 sockets, proto=IPPROTO_TCP, family=AF_INET6, states=14
07-06 12:30:09.144 D/InetDiagMessage( 2570): Destroyed live tcp sockets for uids={10127} in 3ms
07-06 12:30:09.183 W/CachedAppOptimi( 2570): type=1400 audit(0.0:33968): avc:  denied  { write } for  dev="tmpfs" ino=1098 scontext=u:r:system_server:s0 tcontext=u:object_r:zygote_tmpfs:s0 tclass=file permissive=0
07-06 12:30:09.418 D/BoundBrokerSvc( 3409): onUnbind: Intent { act=com.google.android.gms.measurement.START xflg=0x4 pkg=com.google.android.gms }
07-06 12:30:09.505 D/InetDiagMessage( 2570): Destroyed 0 sockets, proto=IPPROTO_TCP, family=AF_INET, states=14
07-06 12:30:09.507 D/InetDiagMessage( 2570): Destroyed 0 sockets, proto=IPPROTO_TCP, family=AF_INET6, states=14
07-06 12:30:09.507 D/InetDiagMessage( 2570): Destroyed live tcp sockets for uids={10170} in 5ms
07-06 12:30:09.531 W/CachedAppOptimi( 2570): type=1400 audit(0.0:33969): avc:  denied  { write } for  dev="tmpfs" ino=1098 scontext=u:r:system_server:s0 tcontext=u:object_r:zygote_tmpfs:s0 tclass=file permissive=0
07-06 12:30:09.541 I/WifiHAL ( 1426): event received NL80211_CMD_VENDOR, vendor_id = 0x1374, subcmd = 0xd
07-06 12:30:09.541 I/cnss-daemon( 2278): nl80211 response handler invoked
07-06 12:30:09.541 I/cnss-daemon( 2278): nl80211_response_handler: cmd 103, vendorID 4980, subcmd 13  received
07-06 12:30:09.668 D/InetDiagMessage( 2570): Destroyed 0 sockets, proto=IPPROTO_TCP, family=AF_INET, states=14
07-06 12:30:09.669 D/InetDiagMessage( 2570): Destroyed 0 sockets, proto=IPPROTO_TCP, family=AF_INET6, states=14
07-06 12:30:09.670 D/InetDiagMessage( 2570): Destroyed live tcp sockets for uids={10026} in 4ms
07-06 12:30:09.671 D/InetDiagMessage( 2570): Destroyed 0 sockets, proto=IPPROTO_TCP, family=AF_INET, states=14
07-06 12:30:09.673 D/InetDiagMessage( 2570): Destroyed 0 sockets, proto=IPPROTO_TCP, family=AF_INET6, states=14
07-06 12:30:09.673 D/InetDiagMessage( 2570): Destroyed live tcp sockets for uids={99910065} in 3ms
07-06 12:30:09.695 W/CachedAppOptimi( 2570): type=1400 audit(0.0:33970): avc:  denied  { write } for  dev="tmpfs" ino=1098 scontext=u:r:system_server:s0 tcontext=u:object_r:zygote_tmpfs:s0 tclass=file permissive=0
07-06 12:30:09.779 D/WifiStaIfaceHidlImpl( 2570): getCachedScanData is not implemented by HIDL
07-06 12:30:09.781 D/NtSmartWifiMonitor( 2570): get rssi = -45, frequecy=5620, datastall=0, current state=6
07-06 12:30:09.781 D/NtSmartWifiMonitor( 2570): 5G Wifi rssi queue: sufficient rssi=-70[-46, -45]
07-06 12:30:09.790 D/InetDiagMessage( 2570): Destroyed 0 sockets, proto=IPPROTO_TCP, family=AF_INET, states=14
07-06 12:30:09.791 D/InetDiagMessage( 2570): Destroyed 0 sockets, proto=IPPROTO_TCP, family=AF_INET6, states=14
07-06 12:30:09.791 D/InetDiagMessage( 2570): Destroyed live tcp sockets for uids={10278} in 4ms
07-06 12:30:09.793 D/InetDiagMessage( 2570): Destroyed 0 sockets, proto=IPPROTO_TCP, family=AF_INET, states=14
07-06 12:30:09.795 D/InetDiagMessage( 2570): Destroyed 0 sockets, proto=IPPROTO_TCP, family=AF_INET6, states=14
07-06 12:30:09.795 D/InetDiagMessage( 2570): Destroyed live tcp sockets for uids={99910152} in 3ms
07-06 12:30:09.803 W/CachedAppOptimi( 2570): type=1400 audit(0.0:33971): avc:  denied  { write } for  dev="tmpfs" ino=1098 scontext=u:r:system_server:s0 tcontext=u:object_r:zygote_tmpfs:s0 tclass=file permissive=0
07-06 12:30:09.892 D/InetDiagMessage( 2570): Destroyed 0 sockets, proto=IPPROTO_TCP, family=AF_INET, states=14
07-06 12:30:09.895 D/InetDiagMessage( 2570): Destroyed 0 sockets, proto=IPPROTO_TCP, family=AF_INET6, states=14
07-06 12:30:09.895 D/InetDiagMessage( 2570): Destroyed live tcp sockets for uids={10286} in 4ms
07-06 12:30:09.907 W/CachedAppOptimi( 2570): type=1400 audit(0.0:33972): avc:  denied  { write } for  dev="tmpfs" ino=1098 scontext=u:r:system_server:s0 tcontext=u:object_r:zygote_tmpfs:s0 tclass=file permissive=0
07-06 12:30:09.967 D/InetDiagMessage( 2570): Destroyed 0 sockets, proto=IPPROTO_TCP, family=AF_INET, states=14
07-06 12:30:09.970 D/InetDiagMessage( 2570): Destroyed 0 sockets, proto=IPPROTO_TCP, family=AF_INET6, states=14
07-06 12:30:09.970 D/InetDiagMessage( 2570): Destroyed live tcp sockets for uids={99910059} in 5ms
07-06 12:30:09.972 D/InetDiagMessage( 2570): Destroyed 0 sockets, proto=IPPROTO_TCP, family=AF_INET, states=14
07-06 12:30:09.973 D/InetDiagMessage( 2570): Destroyed 0 sockets, proto=IPPROTO_TCP, family=AF_INET6, states=14
07-06 12:30:09.973 D/InetDiagMessage( 2570): Destroyed live tcp sockets for uids={99910220} in 3ms
07-06 12:30:09.974 D/InetDiagMessage( 2570): Destroyed 0 sockets, proto=IPPROTO_TCP, family=AF_INET, states=14
07-06 12:30:09.975 D/InetDiagMessage( 2570): Destroyed 0 sockets, proto=IPPROTO_TCP, family=AF_INET6, states=14
07-06 12:30:09.975 D/InetDiagMessage( 2570): Destroyed live tcp sockets for uids={10120} in 1ms
