07-06 12:30:35.507 I/NearbySharing( 5846): Stopping advertising because no high power receive surface is registered and device is visible to HIDDEN.
07-06 12:30:35.507 I/NearbySharing( 5846): Stopping FastInitiation scanning because the screen is locked.
07-06 12:30:35.509 I/NearbySharing( 5846): Fast Initiation Scanning has stopped
07-06 12:30:35.510 I/NearbySharing( 5846): Dismissing HUN as there's no device nearby.
07-06 12:30:35.669 I/NearbySharing( 5846): Network state changed: NetworkState(isRestricted=false, isOnline=true, isCongested=false, isMetered=false, isWifiConnected=true)
07-06 12:30:35.669 I/NearbySharing( 5846): Network state changed: NetworkState(isRestricted=false, isOnline=true, isCongested=false, isMetered=false, isWifiConnected=true)
07-06 12:30:35.699 I/cnss-daemon( 2278): nl80211 response handler invoked
07-06 12:30:35.699 I/WifiHAL ( 1426): event received NL80211_CMD_VENDOR, vendor_id = 0x1374, subcmd = 0xd
07-06 12:30:35.699 I/cnss-daemon( 2278): nl80211_response_handler: cmd 103, vendorID 4980, subcmd 13  received
07-06 12:30:35.713 I/adbd    ( 2329): New TLS connection [fd=26]
07-06 12:30:35.714 I/adbd    ( 2329): host-26: connection terminated: read failed
07-06 12:30:26.899 E/simulated_ntc( 4482): proc_shell_write write invalid para
07-06 12:30:35.778 W/AccessibilityManagerService( 2570):  wait for adding window timeout: 1101
07-06 12:30:35.958 D/SceneManager( 3280): SCREEN State: 0
07-06 12:30:36.015 D/BoundBrokerSvc( 5846): onRebind: Intent { act=com.google.android.gms.libs.gmscorelogger.service.START dat=chimera-action:/... xflg=0x4 cmp=com.google.android.gms/.chimera.PersistentDirectBootAwareApiService }
07-06 12:30:36.027 I/vendor.qti.bluetooth@1.0-ibs_handler( 1391): DeviceSleep: TX Awake, Sending SLEEP_IND
07-06 12:30:36.307 V/WindowManagerShell( 3309): Transition requested (#1297): android.os.BinderProxy@3191297 TransitionRequestInfo { type = SLEEP, triggerTask = null, pipChange = null, remoteTransition = null, displayChange = null, flags = 0, debugId = 1297 }
07-06 12:30:36.306 D/NtStartingWindowManagerImpl( 2570): onTransactionReady(): TransitionRecord{545d0c id=1297 type=SLEEP flags=0x0}, mStartFromLauncherTransition=false
07-06 12:30:36.308 D/NtStartingWindowManagerImpl( 2570): checkSameTaskSwitch(): skip, last transition is not opened from Launcher
07-06 12:30:36.310 V/WindowManagerShell( 3309): onTransitionReady(transaction=11038066021660)
07-06 12:30:36.310 V/WindowManager( 2570): Sent Transition (#1297) createdAt=07-06 12:30:36.304 via request=TransitionRequestInfo { type = SLEEP, triggerTask = null, pipChange = null, remoteTransition = null, displayChange = null, flags = 0, debugId = 1297 }
07-06 12:30:36.310 V/WindowManager( 2570):     startWCT=null
07-06 12:30:36.311 V/WindowManager( 2570):     info={id=1297 t=SLEEP f=0x40 trk=0 isSameTaskSwitch=false r=[] c=[]}
07-06 12:30:36.315 W/Transition( 2570): Transition already started id=1297 state=2
07-06 12:30:36.316 V/WindowManagerShell( 3309): onTransitionReady (#1297) android.os.BinderProxy@3191297: {id=1297 t=SLEEP f=0x40 trk=0 isSameTaskSwitch=false r=[] c=[]}
07-06 12:30:36.316 V/WindowManagerShell( 3309): No transition roots in (#1297) android.os.BinderProxy@3191297@0 so abort
07-06 12:30:36.317 D/PopUpViewTransitionObserver( 3309): onTransitionFinished: transition=android.os.BinderProxy@3191297, taskInfo=[]
07-06 12:30:36.317 V/WindowManagerShell( 3309): Transition animation finished (aborted=true), notifying core (#1297) android.os.BinderProxy@3191297@0
07-06 12:30:36.318 V/WindowManager( 2570): Finish Transition (#1297): created at 07-06 12:30:36.304 collect-started=0.669ms request-sent=0.808ms started=1.992ms ready=1.977ms sent=4.76ms finished=13.971ms
07-06 12:30:36.319 V/WindowManagerShell( 3309): Track 0 became idle
07-06 12:30:36.319 V/WindowManagerShell( 3309): All active transition animations finished
07-06 12:30:36.787 D/OomAdjuster( 2570): process : com.android.systemui, pid = 3309, isTop = false, uid = 10192, hasActivity = false
07-06 12:30:36.787 D/OomAdjuster( 2570): system app not need limit!
07-06 12:30:36.789 D/OomAdjuster( 2570): set group = -1
07-06 12:30:36.789 D/OomAdjuster( 2570): set cpuset: -1
07-06 12:30:28.495 I/PM      (14852): suspend entry (s2idle)
07-06 12:30:28.523 I/Filesystems sync(14852): 0.028 seconds
07-06 12:30:28.524 E/ipa_pm_notify(14852): 498 Entry
07-06 12:30:28.524 E/ipa_pm_notify(14852): 510 Exit
07-06 12:30:28.524 I/        (14852): Freezing user space processes ...
07-06 12:30:28.526 E/smcinvoke( 1422): process_accept_req: Server id :17 interrupted probaby due to suspend, pid:1422
07-06 12:30:28.526 E/smcinvoke( 1423): process_accept_req: Server id :17 interrupted probaby due to suspend, pid:1423
07-06 12:30:28.526 E/smcinvoke( 1425): process_accept_req: Server id :17 interrupted probaby due to suspend, pid:1425
07-06 12:30:28.526 E/smcinvoke( 1424): process_accept_req: Server id :17 interrupted probaby due to suspend, pid:1424
07-06 12:30:28.526 E/smcinvoke( 1450): process_accept_req: Server id :18 interrupted probaby due to suspend, pid:1450
07-06 12:30:28.527 E/smcinvoke( 1451): process_accept_req: Server id :18 interrupted probaby due to suspend, pid:1451
07-06 12:30:28.527 E/smcinvoke( 1453): process_accept_req: Server id :18 interrupted probaby due to suspend, pid:1453
07-06 12:30:28.527 E/smcinvoke( 1452): process_accept_req: Server id :18 interrupted probaby due to suspend, pid:1452
07-06 12:30:28.527 E/smcinvoke( 1496): process_accept_req: Server id :21 interrupted probaby due to suspend, pid:1496
07-06 12:30:28.527 E/smcinvoke( 1497): process_accept_req: Server id :21 interrupted probaby due to suspend, pid:1497
07-06 12:30:28.527 E/smcinvoke( 1498): process_accept_req: Server id :21 interrupted probaby due to suspend, pid:1498
07-06 12:30:28.527 E/smcinvoke( 1499): process_accept_req: Server id :21 interrupted probaby due to suspend, pid:1499
07-06 12:30:28.527 E/smcinvoke( 1501): process_accept_req: Server id :22 interrupted probaby due to suspend, pid:1501
07-06 12:30:28.527 E/smcinvoke( 1502): process_accept_req: Server id :22 interrupted probaby due to suspend, pid:1502
07-06 12:30:28.527 E/smcinvoke( 1503): process_accept_req: Server id :22 interrupted probaby due to suspend, pid:1503
07-06 12:30:28.527 E/smcinvoke( 1504): process_accept_req: Server id :22 interrupted probaby due to suspend, pid:1504
07-06 12:30:28.527 E/smcinvoke( 1508): process_accept_req: Server id :23 interrupted probaby due to suspend, pid:1508
07-06 12:30:28.527 E/smcinvoke( 1509): process_accept_req: Server id :23 interrupted probaby due to suspend, pid:1509
07-06 12:30:28.527 E/smcinvoke( 1516): process_accept_req: Server id :23 interrupted probaby due to suspend, pid:1516
07-06 12:30:28.527 E/smcinvoke( 1517): process_accept_req: Server id :23 interrupted probaby due to suspend, pid:1517
07-06 12:30:28.527 E/smcinvoke(13719): process_accept_req: Server id :29 interrupted probaby due to suspend, pid:13719
07-06 12:30:28.527 E/smcinvoke(13720): process_accept_req: Server id :29 interrupted probaby due to suspend, pid:13720
07-06 12:30:28.528 E/smcinvoke(13721): process_accept_req: Server id :29 interrupted probaby due to suspend, pid:13721
07-06 12:30:28.528 E/smcinvoke(13722): process_accept_req: Server id :29 interrupted probaby due to suspend, pid:13722
07-06 12:30:28.535 W/        (14852): process 2565 (fingerprint@2.3) no longer affine to cpu7
07-06 12:30:28.543 I/PM      (14852): PM: Pending Wakeup Sources: qcom_rx_wakelock
07-06 12:30:28.543 E/        (14852): Freezing of tasks aborted after 0.019 seconds
07-06 12:30:28.543 I/        (14852): OOM killer enabled.
07-06 12:30:28.543 I/        (14852): Restarting tasks ...
07-06 12:30:28.544 E/smcinvoke( 1422): process_accept_req: process_accept_req txn 1 either invalid or removed from Q
07-06 12:30:28.544 E/smcinvoke( 1496): process_accept_req: process_accept_req txn 6 either invalid or removed from Q
07-06 12:30:28.544 E/smcinvoke( 1501): process_accept_req: process_accept_req txn 7 either invalid or removed from Q
07-06 12:30:28.544 E/smcinvoke( 1499): process_accept_req: process_accept_req txn 5 either invalid or removed from Q
07-06 12:30:28.545 E/smcinvoke( 1504): process_accept_req: process_accept_req txn 6 either invalid or removed from Q
07-06 12:30:28.545 E/smcinvoke( 1509): process_accept_req: process_accept_req txn 2 either invalid or removed from Q
07-06 12:30:28.545 E/smcinvoke( 1516): process_accept_req: process_accept_req txn 5 either invalid or removed from Q
07-06 12:30:28.545 E/smcinvoke( 1517): process_accept_req: process_accept_req txn 3 either invalid or removed from Q
07-06 12:30:28.545 E/smcinvoke( 1425): process_accept_req: process_accept_req txn 2 either invalid or removed from Q
07-06 12:30:28.545 E/smcinvoke( 1502): process_accept_req: process_accept_req txn 5 either invalid or removed from Q
07-06 12:30:28.545 E/smcinvoke( 1498): process_accept_req: process_accept_req txn 7 either invalid or removed from Q
07-06 12:30:28.545 E/smcinvoke(13720): process_accept_req: process_accept_req txn 2 either invalid or removed from Q
07-06 12:30:28.545 E/smcinvoke( 1503): process_accept_req: process_accept_req txn 3 either invalid or removed from Q
07-06 12:30:28.545 E/smcinvoke(13722): process_accept_req: process_accept_req txn 1 either invalid or removed from Q
07-06 12:30:28.545 E/smcinvoke( 1508): process_accept_req: process_accept_req txn 4 either invalid or removed from Q
07-06 12:30:28.555 W/        (14852): done.
07-06 12:30:28.555 I/Abort   (14852): Pending Wakeup Sources: qcom_rx_wakelock
07-06 12:30:28.555 E/ipa_pm_notify(14852): 498 Entry
07-06 12:30:28.555 E/ipa_pm_notify(14852): 510 Exit
07-06 12:30:28.555 I/adsp_sleepmon(14852): PM_POST_SUSPEND
07-06 12:30:28.555 I/PM      (14852): suspend exit
07-06 12:30:28.555 I/adsp_sleepmon(  609): timer_event = 0,suspend_event = 1
07-06 12:30:37.373 W/libc    ( 1044): Access denied finding property "suspend.debug.wakestats_log.enabled"
07-06 12:30:28.758 I/PM      (14852): suspend entry (s2idle)
07-06 12:30:28.767 I/Filesystems sync(14852): 0.008 seconds
07-06 12:30:28.767 E/ipa_pm_notify(14852): 498 Entry
07-06 12:30:28.767 E/ipa_pm_notify(14852): 510 Exit
07-06 12:30:28.767 I/        (14852): Freezing user space processes ...
07-06 12:30:28.770 E/smcinvoke( 1422): process_accept_req: Server id :17 interrupted probaby due to suspend, pid:1422
07-06 12:30:28.770 E/smcinvoke( 1423): process_accept_req: Server id :17 interrupted probaby due to suspend, pid:1423
07-06 12:30:28.770 E/smcinvoke( 1424): process_accept_req: Server id :17 interrupted probaby due to suspend, pid:1424
07-06 12:30:28.770 E/smcinvoke( 1425): process_accept_req: Server id :17 interrupted probaby due to suspend, pid:1425
07-06 12:30:28.770 E/smcinvoke( 1450): process_accept_req: Server id :18 interrupted probaby due to suspend, pid:1450
07-06 12:30:28.770 E/smcinvoke( 1452): process_accept_req: Server id :18 interrupted probaby due to suspend, pid:1452
07-06 12:30:28.770 E/smcinvoke( 1453): process_accept_req: Server id :18 interrupted probaby due to suspend, pid:1453
07-06 12:30:28.770 E/smcinvoke( 1451): process_accept_req: Server id :18 interrupted probaby due to suspend, pid:1451
07-06 12:30:28.770 E/smcinvoke( 1496): process_accept_req: Server id :21 interrupted probaby due to suspend, pid:1496
07-06 12:30:28.771 E/smcinvoke( 1497): process_accept_req: Server id :21 interrupted probaby due to suspend, pid:1497
07-06 12:30:28.771 E/smcinvoke( 1498): process_accept_req: Server id :21 interrupted probaby due to suspend, pid:1498
07-06 12:30:28.771 E/smcinvoke( 1499): process_accept_req: Server id :21 interrupted probaby due to suspend, pid:1499
07-06 12:30:28.771 E/smcinvoke( 1502): process_accept_req: Server id :22 interrupted probaby due to suspend, pid:1502
07-06 12:30:28.771 E/smcinvoke( 1501): process_accept_req: Server id :22 interrupted probaby due to suspend, pid:1501
07-06 12:30:28.771 E/smcinvoke( 1503): process_accept_req: Server id :22 interrupted probaby due to suspend, pid:1503
07-06 12:30:28.771 E/smcinvoke( 1504): process_accept_req: Server id :22 interrupted probaby due to suspend, pid:1504
07-06 12:30:28.771 E/smcinvoke( 1508): process_accept_req: Server id :23 interrupted probaby due to suspend, pid:1508
07-06 12:30:28.771 E/smcinvoke( 1509): process_accept_req: Server id :23 interrupted probaby due to suspend, pid:1509
07-06 12:30:28.771 E/smcinvoke( 1516): process_accept_req: Server id :23 interrupted probaby due to suspend, pid:1516
07-06 12:30:28.771 E/smcinvoke( 1517): process_accept_req: Server id :23 interrupted probaby due to suspend, pid:1517
07-06 12:30:28.772 E/smcinvoke(13719): process_accept_req: Server id :29 interrupted probaby due to suspend, pid:13719
07-06 12:30:28.772 E/smcinvoke(13720): process_accept_req: Server id :29 interrupted probaby due to suspend, pid:13720
07-06 12:30:28.772 E/smcinvoke(13721): process_accept_req: Server id :29 interrupted probaby due to suspend, pid:13721
07-06 12:30:28.772 E/smcinvoke(13722): process_accept_req: Server id :29 interrupted probaby due to suspend, pid:13722
07-06 12:30:28.787 I/PM      (14852): PM: Pending Wakeup Sources: qcom_rx_wakelock
07-06 12:30:28.787 E/        (14852): Freezing of tasks aborted after 0.020 seconds
07-06 12:30:28.787 I/        (14852): OOM killer enabled.
07-06 12:30:28.787 I/        (14852): Restarting tasks ...
07-06 12:30:28.790 E/smcinvoke( 1422): process_accept_req: process_accept_req txn 1 either invalid or removed from Q
07-06 12:30:28.790 E/smcinvoke( 1425): process_accept_req: process_accept_req txn 2 either invalid or removed from Q
07-06 12:30:28.790 E/smcinvoke( 1496): process_accept_req: process_accept_req txn 6 either invalid or removed from Q
07-06 12:30:28.790 E/smcinvoke( 1498): process_accept_req: process_accept_req txn 7 either invalid or removed from Q
07-06 12:30:28.790 E/smcinvoke( 1499): process_accept_req: process_accept_req txn 5 either invalid or removed from Q
07-06 12:30:28.790 E/smcinvoke( 1501): process_accept_req: process_accept_req txn 7 either invalid or removed from Q
07-06 12:30:28.790 E/smcinvoke( 1502): process_accept_req: process_accept_req txn 5 either invalid or removed from Q
07-06 12:30:28.790 E/smcinvoke( 1503): process_accept_req: process_accept_req txn 3 either invalid or removed from Q
07-06 12:30:28.790 E/smcinvoke( 1504): process_accept_req: process_accept_req txn 6 either invalid or removed from Q
07-06 12:30:28.790 E/smcinvoke( 1508): process_accept_req: process_accept_req txn 4 either invalid or removed from Q
07-06 12:30:28.790 E/smcinvoke( 1516): process_accept_req: process_accept_req txn 5 either invalid or removed from Q
07-06 12:30:28.790 E/smcinvoke( 1509): process_accept_req: process_accept_req txn 2 either invalid or removed from Q
07-06 12:30:28.790 E/smcinvoke( 1517): process_accept_req: process_accept_req txn 3 either invalid or removed from Q
07-06 12:30:28.790 E/smcinvoke(13720): process_accept_req: process_accept_req txn 2 either invalid or removed from Q
07-06 12:30:28.790 E/smcinvoke(13722): process_accept_req: process_accept_req txn 1 either invalid or removed from Q
07-06 12:30:28.801 W/        (14852): done.
07-06 12:30:28.801 I/Abort   (14852): Pending Wakeup Sources: qcom_rx_wakelock
07-06 12:30:28.801 E/ipa_pm_notify(14852): 498 Entry
07-06 12:30:28.802 E/ipa_pm_notify(14852): 510 Exit
07-06 12:30:28.802 I/adsp_sleepmon(14852): PM_POST_SUSPEND
07-06 12:30:28.802 I/PM      (14852): suspend exit
07-06 12:30:28.802 I/adsp_sleepmon(  609): timer_event = 0,suspend_event = 1
07-06 12:30:37.705 I/WifiHAL ( 1426): event received NL80211_CMD_VENDOR, vendor_id = 0x1374, subcmd = 0xd
07-06 12:30:37.706 I/cnss-daemon( 2278): nl80211 response handler invoked
07-06 12:30:37.706 I/cnss-daemon( 2278): nl80211_response_handler: cmd 103, vendorID 4980, subcmd 13  received
07-06 12:30:29.202 I/PM      (14852): suspend entry (s2idle)
07-06 12:30:29.209 I/Filesystems sync(14852): 0.006 seconds
07-06 12:30:29.209 E/ipa_pm_notify(14852): 498 Entry
07-06 12:30:29.209 E/ipa_pm_notify(14852): 510 Exit
07-06 12:30:29.209 I/        (14852): Freezing user space processes ...
07-06 12:30:29.212 E/smcinvoke( 1423): process_accept_req: Server id :17 interrupted probaby due to suspend, pid:1423
07-06 12:30:29.212 E/smcinvoke( 1422): process_accept_req: Server id :17 interrupted probaby due to suspend, pid:1422
07-06 12:30:29.212 E/smcinvoke( 1425): process_accept_req: Server id :17 interrupted probaby due to suspend, pid:1425
07-06 12:30:29.212 E/smcinvoke( 1424): process_accept_req: Server id :17 interrupted probaby due to suspend, pid:1424
07-06 12:30:29.212 E/smcinvoke( 1452): process_accept_req: Server id :18 interrupted probaby due to suspend, pid:1452
07-06 12:30:29.212 E/smcinvoke( 1450): process_accept_req: Server id :18 interrupted probaby due to suspend, pid:1450
07-06 12:30:29.212 E/smcinvoke( 1453): process_accept_req: Server id :18 interrupted probaby due to suspend, pid:1453
07-06 12:30:29.212 E/smcinvoke( 1451): process_accept_req: Server id :18 interrupted probaby due to suspend, pid:1451
07-06 12:30:29.212 E/smcinvoke( 1498): process_accept_req: Server id :21 interrupted probaby due to suspend, pid:1498
07-06 12:30:29.212 E/smcinvoke( 1497): process_accept_req: Server id :21 interrupted probaby due to suspend, pid:1497
07-06 12:30:29.213 E/smcinvoke( 1496): process_accept_req: Server id :21 interrupted probaby due to suspend, pid:1496
07-06 12:30:29.213 E/smcinvoke( 1501): process_accept_req: Server id :22 interrupted probaby due to suspend, pid:1501
07-06 12:30:29.213 E/smcinvoke( 1503): process_accept_req: Server id :22 interrupted probaby due to suspend, pid:1503
07-06 12:30:29.213 E/smcinvoke( 1502): process_accept_req: Server id :22 interrupted probaby due to suspend, pid:1502
07-06 12:30:29.213 E/smcinvoke( 1499): process_accept_req: Server id :21 interrupted probaby due to suspend, pid:1499
07-06 12:30:29.213 E/smcinvoke( 1504): process_accept_req: Server id :22 interrupted probaby due to suspend, pid:1504
07-06 12:30:29.213 E/smcinvoke( 1509): process_accept_req: Server id :23 interrupted probaby due to suspend, pid:1509
07-06 12:30:29.213 E/smcinvoke( 1508): process_accept_req: Server id :23 interrupted probaby due to suspend, pid:1508
07-06 12:30:29.213 E/smcinvoke( 1516): process_accept_req: Server id :23 interrupted probaby due to suspend, pid:1516
07-06 12:30:29.213 E/smcinvoke( 1517): process_accept_req: Server id :23 interrupted probaby due to suspend, pid:1517
07-06 12:30:29.213 E/smcinvoke(13719): process_accept_req: Server id :29 interrupted probaby due to suspend, pid:13719
07-06 12:30:29.213 E/smcinvoke(13720): process_accept_req: Server id :29 interrupted probaby due to suspend, pid:13720
07-06 12:30:29.213 E/smcinvoke(13721): process_accept_req: Server id :29 interrupted probaby due to suspend, pid:13721
07-06 12:30:29.213 E/smcinvoke(13722): process_accept_req: Server id :29 interrupted probaby due to suspend, pid:13722
07-06 12:30:29.232 I/PM      (14852): PM: Pending Wakeup Sources: qcom_rx_wakelock
07-06 12:30:29.232 E/        (14852): Freezing of tasks aborted after 0.023 seconds
07-06 12:30:29.232 I/        (14852): OOM killer enabled.
07-06 12:30:29.232 I/        (14852): Restarting tasks ...
07-06 12:30:29.234 E/smcinvoke( 1422): process_accept_req: process_accept_req txn 1 either invalid or removed from Q
07-06 12:30:29.234 E/smcinvoke( 1425): process_accept_req: process_accept_req txn 2 either invalid or removed from Q
07-06 12:30:29.234 E/smcinvoke( 1499): process_accept_req: process_accept_req txn 5 either invalid or removed from Q
07-06 12:30:29.234 E/smcinvoke( 1498): process_accept_req: process_accept_req txn 7 either invalid or removed from Q
07-06 12:30:29.234 E/smcinvoke( 1496): process_accept_req: process_accept_req txn 6 either invalid or removed from Q
07-06 12:30:29.234 E/smcinvoke( 1501): process_accept_req: process_accept_req txn 7 either invalid or removed from Q
07-06 12:30:29.234 E/smcinvoke( 1503): process_accept_req: process_accept_req txn 3 either invalid or removed from Q
07-06 12:30:29.234 E/smcinvoke( 1502): process_accept_req: process_accept_req txn 5 either invalid or removed from Q
07-06 12:30:29.234 E/smcinvoke( 1504): process_accept_req: process_accept_req txn 6 either invalid or removed from Q
07-06 12:30:29.234 E/smcinvoke( 1509): process_accept_req: process_accept_req txn 2 either invalid or removed from Q
07-06 12:30:29.234 E/smcinvoke( 1508): process_accept_req: process_accept_req txn 4 either invalid or removed from Q
07-06 12:30:29.234 E/smcinvoke( 1516): process_accept_req: process_accept_req txn 5 either invalid or removed from Q
07-06 12:30:29.234 E/smcinvoke( 1517): process_accept_req: process_accept_req txn 3 either invalid or removed from Q
07-06 12:30:29.234 E/smcinvoke(13722): process_accept_req: process_accept_req txn 1 either invalid or removed from Q
07-06 12:30:29.235 E/smcinvoke(13720): process_accept_req: process_accept_req txn 2 either invalid or removed from Q
07-06 12:30:29.245 W/        (14852): done.
07-06 12:30:29.245 I/Abort   (14852): Pending Wakeup Sources: qcom_rx_wakelock
07-06 12:30:29.245 E/ipa_pm_notify(14852): 498 Entry
07-06 12:30:29.245 E/ipa_pm_notify(14852): 510 Exit
07-06 12:30:29.245 I/adsp_sleepmon(14852): PM_POST_SUSPEND
07-06 12:30:29.245 I/PM      (14852): suspend exit
07-06 12:30:29.245 I/adsp_sleepmon(  609): timer_event = 0,suspend_event = 1
07-06 12:30:29.931 I/[kworke][0x2e7e068481a][10:30:38.747969] qca6490(23236): [23236:I:PMO] pmo_core_enable_wow_in_fw: drv wow is enabled
07-06 12:30:29.986 I/[kworke][0x2e7e0785cd3][10:30:38.802859] qca6490(23236): [23236:I:PMO] pmo_core_psoc_send_host_wakeup_ind_to_fw: Host wakeup indication sent to fw
07-06 12:30:30.100 I/PM      (14852): suspend entry (s2idle)
07-06 12:30:30.105 I/Filesystems sync(14852): 0.004 seconds
07-06 12:30:30.105 E/ipa_pm_notify(14852): 498 Entry
07-06 12:30:30.105 E/ipa_pm_notify(14852): 510 Exit
07-06 12:30:30.105 I/        (14852): Freezing user space processes ...
07-06 12:30:30.108 E/smcinvoke( 1422): process_accept_req: Server id :17 interrupted probaby due to suspend, pid:1422
07-06 12:30:30.108 E/smcinvoke( 1423): process_accept_req: Server id :17 interrupted probaby due to suspend, pid:1423
07-06 12:30:30.108 E/smcinvoke( 1424): process_accept_req: Server id :17 interrupted probaby due to suspend, pid:1424
07-06 12:30:30.108 E/smcinvoke( 1425): process_accept_req: Server id :17 interrupted probaby due to suspend, pid:1425
07-06 12:30:30.108 E/smcinvoke( 1450): process_accept_req: Server id :18 interrupted probaby due to suspend, pid:1450
07-06 12:30:30.108 E/smcinvoke( 1451): process_accept_req: Server id :18 interrupted probaby due to suspend, pid:1451
07-06 12:30:30.108 E/smcinvoke( 1452): process_accept_req: Server id :18 interrupted probaby due to suspend, pid:1452
07-06 12:30:30.108 E/smcinvoke( 1453): process_accept_req: Server id :18 interrupted probaby due to suspend, pid:1453
07-06 12:30:30.108 E/smcinvoke( 1496): process_accept_req: Server id :21 interrupted probaby due to suspend, pid:1496
07-06 12:30:30.108 E/smcinvoke( 1498): process_accept_req: Server id :21 interrupted probaby due to suspend, pid:1498
07-06 12:30:30.108 E/smcinvoke( 1497): process_accept_req: Server id :21 interrupted probaby due to suspend, pid:1497
07-06 12:30:30.109 E/smcinvoke( 1499): process_accept_req: Server id :21 interrupted probaby due to suspend, pid:1499
07-06 12:30:30.109 E/smcinvoke( 1503): process_accept_req: Server id :22 interrupted probaby due to suspend, pid:1503
07-06 12:30:30.109 E/smcinvoke( 1501): process_accept_req: Server id :22 interrupted probaby due to suspend, pid:1501
07-06 12:30:30.109 E/smcinvoke( 1502): process_accept_req: Server id :22 interrupted probaby due to suspend, pid:1502
07-06 12:30:30.109 E/smcinvoke( 1504): process_accept_req: Server id :22 interrupted probaby due to suspend, pid:1504
07-06 12:30:30.109 E/smcinvoke( 1508): process_accept_req: Server id :23 interrupted probaby due to suspend, pid:1508
07-06 12:30:30.109 E/smcinvoke( 1509): process_accept_req: Server id :23 interrupted probaby due to suspend, pid:1509
07-06 12:30:30.109 E/smcinvoke( 1517): process_accept_req: Server id :23 interrupted probaby due to suspend, pid:1517
07-06 12:30:30.109 E/smcinvoke( 1516): process_accept_req: Server id :23 interrupted probaby due to suspend, pid:1516
07-06 12:30:30.109 E/smcinvoke(13719): process_accept_req: Server id :29 interrupted probaby due to suspend, pid:13719
07-06 12:30:30.109 E/smcinvoke(13720): process_accept_req: Server id :29 interrupted probaby due to suspend, pid:13720
07-06 12:30:30.109 E/smcinvoke(13721): process_accept_req: Server id :29 interrupted probaby due to suspend, pid:13721
07-06 12:30:30.109 E/smcinvoke(13722): process_accept_req: Server id :29 interrupted probaby due to suspend, pid:13722
07-06 12:30:30.126 W/        (14852): (elapsed 0.021 seconds) done.
07-06 12:30:30.126 I/        (14852): OOM killer disabled.
07-06 12:30:30.126 I/        (14852): Freezing remaining freezable tasks ... (elapsed 0.004 seconds) done.
07-06 12:30:30.131 I/printk  (14852): Suspending console(s) (use no_console_suspend to debug)
07-06 12:30:30.135 I/[kworke][0x2e7e0a3e45c][10:30:38.951439] qca6490(27662): [27662:I:HDD] hdd_suspend_wlan: WLAN being suspended by OS
07-06 12:30:30.135 I/[kworke][0x2e7e0a40209][10:30:38.951835] qca6490(27662): [27662:I:PMO] pmo_core_is_wow_applicable: lpass enabled, enabling wow
07-06 12:30:30.208 I/[binder][0x2e7e0b98c98][10:30:39.025362] qca6490(14852): [14852:I:HDD] __wlan_hdd_bus_suspend: starting bus suspend
07-06 12:30:30.208 I/[binder][0x2e7e0b99078][10:30:39.025414] qca6490(14852): [14852:I:PMO] pmo_core_enable_wow_in_fw: drv wow is enabled
07-06 12:30:30.208 I/[binder][0x2e7e0b99104][10:30:39.025421] qca6490(14852): [14852:I:PMO] pmo_core_enable_wow_in_fw: system suspend wow
07-06 12:30:30.233 I/[binder][0x2e7e0c0b891][10:30:39.049842] qca6490(14852): [14852:I:HIF] hif_try_complete_tasks: waiting for tasklets 0 grp tasklets 0 work 2
07-06 12:30:30.250 I/[binder][0x2e7e0c5d3ed][10:30:39.067273] qca6490(14852): [14852:I:HDD] __wlan_hdd_bus_suspend: bus suspend succeeded
07-06 12:30:30.256 I/[haptic_hv][0279]aw8692x_wait_enter_standby(14852): entered standby!
07-06 12:30:30.256 I/        (14852): aw20036_suspend vip 0 fact 0 always 0 (0)
07-06 12:30:30.256 I/        (14852): aw20036_suspend goto suspend
07-06 12:30:30.256 I/aw20036_hw_off(14852): enter
07-06 12:30:30.262 I/sd 0    (27657): 0:0:4: [sde] Synchronizing SCSI cache
07-06 12:30:30.262 I/sd 0    (27658): 0:0:0: [sda] Synchronizing SCSI cache
07-06 12:30:30.266 E/PM      (14852): dpm_run_callback(): platform_pm_suspend.cfi_jt+0x0/0x8 returns -16
07-06 12:30:30.266 E/alarmtimer.0.auto(14852): PM: failed to suspend: error -16
07-06 12:30:30.266 E/PM      (14852): Some devices failed to suspend, or early wake event detected
07-06 12:30:30.267 I/        (14852): aw20036_resume (1)
07-06 12:30:30.267 I/        (14852): aw20036_resume is suspend
07-06 12:30:30.276 I/[binder][0x2e7e0cd5514][10:30:39.092889] qca6490(14852): [14852:I:HDD] wlan_hdd_bus_resume: starting bus resume
07-06 12:30:30.276 I/[binder][0x2e7e0cd763d][10:30:39.093331] qca6490(14852): [14852:I:PMO] pmo_core_psoc_send_host_wakeup_ind_to_fw: Host wakeup indication sent to fw
07-06 12:30:30.292 I/[    C5] [soft_i][0x2e7e0d1ed54][10(    0): 30:39.108572] qca6490: [0:I:WMA] Non-WLAN triggered wakeup: UNSPECIFIED (-1)
07-06 12:30:30.293 I/[binder][0x2e7e0d23af3][10:30:39.109607] qca6490(14852): [14852:I:HDD] wlan_hdd_bus_resume: bus resume succeeded
07-06 12:30:30.305 I/[kworke][0x2e7e0d5e6f8][10:30:39.122140] qca6490(27662): [27662:I:HDD] hdd_resume_wlan: WLAN being resumed by OS
07-06 12:30:30.308 I/        (14852): OOM killer enabled.
07-06 12:30:30.308 I/        (14852): Restarting tasks ...
07-06 12:30:30.311 E/smcinvoke( 1422): process_accept_req: process_accept_req txn 1 either invalid or removed from Q
07-06 12:30:30.312 E/smcinvoke( 1498): process_accept_req: process_accept_req txn 7 either invalid or removed from Q
07-06 12:30:30.312 E/smcinvoke( 1499): process_accept_req: process_accept_req txn 5 either invalid or removed from Q
07-06 12:30:30.312 E/smcinvoke( 1501): process_accept_req: process_accept_req txn 7 either invalid or removed from Q
07-06 12:30:30.312 E/smcinvoke( 1502): process_accept_req: process_accept_req txn 5 either invalid or removed from Q
07-06 12:30:30.312 E/smcinvoke( 1504): process_accept_req: process_accept_req txn 6 either invalid or removed from Q
07-06 12:30:30.312 E/smcinvoke( 1509): process_accept_req: process_accept_req txn 2 either invalid or removed from Q
07-06 12:30:30.312 E/smcinvoke( 1508): process_accept_req: process_accept_req txn 4 either invalid or removed from Q
07-06 12:30:30.312 E/smcinvoke( 1517): process_accept_req: process_accept_req txn 3 either invalid or removed from Q
07-06 12:30:30.313 E/smcinvoke(13720): process_accept_req: process_accept_req txn 2 either invalid or removed from Q
07-06 12:30:30.313 E/smcinvoke(13722): process_accept_req: process_accept_req txn 1 either invalid or removed from Q
07-06 12:30:30.316 E/smcinvoke( 1425): process_accept_req: process_accept_req txn 2 either invalid or removed from Q
07-06 12:30:30.326 E/smcinvoke( 1496): process_accept_req: process_accept_req txn 6 either invalid or removed from Q
07-06 12:30:30.326 E/smcinvoke( 1503): process_accept_req: process_accept_req txn 3 either invalid or removed from Q
07-06 12:30:30.326 E/smcinvoke( 1516): process_accept_req: process_accept_req txn 5 either invalid or removed from Q
07-06 12:30:39.146 I/SensorService( 2570): checkAndReportAmbientLightSensorStateChangeLocked new 0 old 0 force 0
07-06 12:30:30.329 W/        (14852): done.
07-06 12:30:30.329 I/Abort   (14852): Device alarmtimer.0.auto failed to suspend: error -16
07-06 12:30:30.329 E/ipa_pm_notify(14852): 498 Entry
07-06 12:30:30.329 E/ipa_pm_notify(14852): 510 Exit
07-06 12:30:30.329 I/adsp_sleepmon(14852): PM_POST_SUSPEND
07-06 12:30:30.329 I/PM      (14852): suspend exit
07-06 12:30:30.329 I/adsp_sleepmon(  609): timer_event = 0,suspend_event = 1
07-06 12:30:39.719 I/WifiHAL ( 1426): event received NL80211_CMD_VENDOR, vendor_id = 0x1374, subcmd = 0xd
07-06 12:30:39.720 I/cnss-daemon( 2278): nl80211 response handler invoked
07-06 12:30:39.720 I/cnss-daemon( 2278): nl80211_response_handler: cmd 103, vendorID 4980, subcmd 13  received
07-06 12:30:39.881 D/Dragonite( 2570): release 91
07-06 12:30:40.235 I/adbd    ( 2329): adbd service requested 'shell,v2,TERM=dumb,raw:dumpsys window windows'
07-06 12:30:40.262 W/dumpsys (31612): Thread Pool max thread count is 0. Cannot cache binder as linkToDeath cannot be implemented. serviceName: window
07-06 12:30:40.267 D/UdfpsController( 3309): dismissFingerprintIcon() reason = DELAY_DISMISS_FINGERPRINT shouldHandleTouch = true
07-06 12:30:40.267 D/DeviceEntryUdfpsInteractor( 3309): setHandleTouchWhenHide true
07-06 12:30:40.267 D/DeviceEntryUdfpsInteractor( 3309): setUdfpsHide true
07-06 12:30:40.271 D/DozeScreenState( 3309): messagePending: false, justInitialized: false, pulseEnding: false, turningOn: false, screenState: 1
07-06 12:30:40.271 D/ScrimController( 3309): State changed to: OFF getCaller:
07-06 12:30:40.271 I/sensors-hal( 1414): activate:172, android.sensor.amblient_light_scene/655372 en=0
07-06 12:30:40.272 D/LightBarController( 3309): updateStatus= numStacks: 0, size: 0, appearance: 0
07-06 12:30:40.273 E/minksocket( 1381): MinkIPC_QRTR_Service: client with node 1 port 74d9 went down
07-06 12:30:40.273 I/sensors-hal( 1414): activate:183, android.sensor.amblient_light_scene/655372 en=0 completed
07-06 12:30:40.274 D/DozeService( 3309): setDozeScreenState= state: 1, dozeScreenState: 3, cb: com.android.systemui.doze.DozeMachine$Service$Delegate.setDozeScreenState:721 com.android.systemui.doze.DozeMachine$Service$Delegate.setDozeScreenState:721 com.android.systemui.doze.DozeSuspendScreenStatePreventingAdapter.setDozeScreenState:40 com.android.systemui.doze.DozeScreenState.applyScreenState:463 com.android.systemui.doze.DozeScreenState.lambda$transitionTo$0:416 com.android.systemui.doze.DozeScreenState.$r8$lambda$mfTkWoab-M1fSOs588_5ScCp89E:0 com.android.systemui.doze.DozeScreenState$$ExternalSyntheticLambda0.run:0 com.android.systemui.statusbar.phone.DozeServiceHost.executePendingScreenOffCallback:540 
07-06 12:30:40.274 I/SensorService( 2570): [NothSensor] disable handle 655372 deactive(0)
07-06 12:30:40.274 V/DreamService[DozeService]( 3309): UpdateDoze mDozeScreenState=1 mDozeScreenBrightness=68 mDozeScreenBrightnessFloat=NaN
07-06 12:30:40.274 D/DreamManagerService( 2570): Dream requested to start dozing: android.os.Binder@3dea06d, screenState=OFF, reason=UNKNOWN, screenBrightnessFloat=NaN, screenBrightnessInt=68, useNormalBrightnessForDoze=false
07-06 12:30:40.275 D/DisplayPowerController[0]( 2570): DisplayPowerRequest changed: policy=DOZE, useProximitySensor=false, screenBrightnessOverride=NaN, screenAutoBrightnessAdjustmentOverride=NaN, screenLowPowerBrightnessFactor=1.0, blockScreenOn=false, lowPowerMode=false, boostScreenBrightness=false, dozeScreenBrightness=0.26377952, dozeScreenState=OFF, dozeScreenStateReason=UNKNOWN, useNormalBrightnessForDoze=false, waitForNegativeProximity=false
07-06 12:30:40.275 D/KeyguardInteractor( 3309): isDozeOff: false
07-06 12:30:40.278 I/DisplayPowerController[0]( 2570): Blocking screen off
07-06 12:30:40.315 D/WindowManager( 2570): Create SleepToken: tag=Display-off, displayId=0
07-06 12:30:40.317 D/NtAppUsageManager( 2570): No need to write old record
07-06 12:30:40.318 D/InetDiagMessage( 2570): Destroyed 0 sockets, proto=IPPROTO_TCP, family=AF_INET, states=14
07-06 12:30:40.320 I/DisplayPowerController[0]( 2570): Unblocked screen off after 42 ms
07-06 12:30:40.320 D/ShadeControllerImpl( 3309): Make expanded visible: expanded visible=true
07-06 12:30:40.321 D/QSImplEx( 3309): setExpansionEnabledPolicy false dragLayer com.android.launcher3.dragndrop.DragLayer{c443a77 I.E...... ......ID 0,0-1080,2286 #7f0a0330 app:id/drag_layer}
07-06 12:30:40.322 D/ShadeControllerImpl( 3309): Make expanded visible: expanded visible=true
07-06 12:30:40.323 D/ScrimController( 3309): State changed to: AOD getCaller:
07-06 12:30:40.323 I/sensors-hal( 1414): batch:205, android.sensor.proximity/82, period=200000000, max_latency=0
07-06 12:30:40.323 I/sensors-hal( 1414): set_config:65, no need to adjust sample_period_ns due to reporting_mode = 2
07-06 12:30:40.323 I/sensors-hal( 1414): send_sensor_config_request:466, dt=proximity: convert sample_period=200000000 to batch_period=200000
07-06 12:30:40.324 I/sensors-hal( 1414): send_sync_sensor_request:344, send sync request
07-06 12:30:40.324 I/sensors-hal( 1414): send_sync_sensor_request:370, wait for notification of response
07-06 12:30:40.325 D/LightBarController( 3309): updateStatus= numStacks: 0, size: 0, appearance: 0
07-06 12:30:40.326 D/InetDiagMessage( 2570): Destroyed 0 sockets, proto=IPPROTO_TCP, family=AF_INET6, states=14
07-06 12:30:40.326 D/InetDiagMessage( 2570): Destroyed live tcp sockets for uids={10357} in 16ms
07-06 12:30:40.327 I/sensors-hal( 1414): ssc_conn_resp_cb:649, resp_value = 0
07-06 12:30:40.327 D/NtAppUsageManager( 2570): No need to write old record
07-06 12:30:40.327 I/AutomaticBrightnessController( 2570): Switching to mode default
07-06 12:30:40.327 I/sensors-hal( 1414): send_sync_sensor_request:376, takes 2 ms to receive the response with 0
07-06 12:30:40.327 I/sensors-hal( 1414): batch:214, android.sensor.proximity/82, period=200000000, max_latency=0 request completed
07-06 12:30:40.327 I/SensorService( 2570): [NothSensor] disable handle 82 deactive(0)
07-06 12:30:40.327 I/DisplayBrightnessStrategySelector( 2570): Changing the DisplayBrightnessStrategy from DozeBrightnessStrategy to ScreenOffBrightnessStrategy for display 0
07-06 12:30:40.329 D/InetDiagMessage( 2570): Destroyed 0 sockets, proto=IPPROTO_TCP, family=AF_INET, states=14
07-06 12:30:40.329 V/DisplayPowerController[0]( 2570): Brightness [0.0] reason changing to: 'screen_off', previous reason: 'doze'.
07-06 12:30:40.330 I/DisplayPowerController[0]( 2570): BrightnessEvent: brt=0.0 (0.0%), nits= 2.0, lux=-1.0, reason=screen_off, strat=ScreenOffBrightnessStrategy, state=OFF, stateReason=UNKNOWN, policy=DOZE, flags=, initBrt=0.26377952, rcmdBrt=NaN, preBrt=NaN, preLux=0.0, wasShortTermModelActive=false, autoBrightness=true (default), unclampedBrt=0.0, hbmMax=0.85836387, hbmMode=sunlight, thrmMax=1.0, rbcStrength=82, powerFactor=1.0, physDisp=Built-in Screen(local:4630946639017191809), logicalId=0, slowChange=false, rampSpeed=0.0
07-06 12:30:40.331 D/SurfaceFlinger( 1617): Setting power mode 0 on physical display 4630946639017191809
07-06 12:30:40.331 D/SurfaceFlinger( 1617): setPhysicalDisplayPowerMode: Optimizing thread scheduling: optimizeForPower
07-06 12:30:40.331 D/InetDiagMessage( 2570): Destroyed 0 sockets, proto=IPPROTO_TCP, family=AF_INET6, states=14
07-06 12:30:40.332 I/SDM     ( 1464): DisplayBase::SetDisplayState: Set state = 0, display 32-0, teardown = 0
07-06 12:30:40.332 D/InetDiagMessage( 2570): Destroyed live tcp sockets for uids={20357} in 5ms
07-06 12:30:40.332 I/DisplayDeviceRepository( 2570): Display device changed state: "Built-in Screen", OFF
07-06 12:30:40.332 I/SDM     ( 1464): DRMPanelFeatureMgr::MarkForNullCommit: Marked 7 for null commit
07-06 12:30:40.332 D/BrightnessThermalClamper( 2570): Thermal status observer already started
07-06 12:30:31.516 I/goodix_fp(  960): [info] goodix_panel_state_chg_callback go to the goodix_fb_state_chg_callback type = 1
07-06 12:30:31.516 W/        ( 2565): process 2659 (fingerprint@2.3) no longer affine to cpu7
07-06 12:30:40.333 D/WindowManager( 2570): DeferredDisplayUpdater: partially applying DisplayInfo(1080 x 2412) immediately
07-06 12:30:40.334 I/SDM     ( 1464): HWDeviceDRM::NullCommit: Null commit succeeded crtc=159
07-06 12:30:40.334 W/SurfaceControl( 2570): Invalid layer stack -1
07-06 12:30:40.334 I/DisplayDevice( 2570): [0] Layerstack set to -1 for local:4630946639017191809
07-06 12:30:40.337 V/AudioFlinger( 1601): setParameters(): io 0, keyvalue screen_state=off, calling pid 2570 calling uid 1000
07-06 12:30:40.338 V/AudioFlinger( 1601): setParameters: filtered keyvalue screen_state=off
07-06 12:30:40.338 I/NearbyDiscovery( 5846): (REDACTED) FastPairDisplayObserver: %s -> %s
07-06 12:30:40.339 I/NearbyDiscovery( 5846): (REDACTED) PureOffloadFastPairScanner: eventType=%s, isInternalReq=%s, isScanning=%s, isScanningAllowed=%s
07-06 12:30:40.339 I/NearbyDiscovery( 5846): (REDACTED) ApFastPairScanner: isScreenOn=%s, isLocationEnabled=%s, disableLocationRequirement=%s, isDiscoveryScanningEnabled=%s, during24GhzWifiWarmingUpPeriod=%s
07-06 12:30:40.339 D/AHAL: AudioDevice( 1389): SetParameters: 1437: enter: screen_state=off
07-06 12:30:40.339 D/AHAL: AudioVoice( 1389): VoiceSetParameters: 90: Enter params: screen_state=off
07-06 12:30:40.339 D/AHAL: AudioVoice( 1389): VoiceSetParameters: 311: Exit ret: 0
07-06 12:30:40.339 D/AHAL: FM( 1389): fm_set_parameters: 262: Enter
07-06 12:30:40.339 D/AHAL: FM( 1389): fm_set_parameters: 320: exit
07-06 12:30:40.339 D/BluetoothAdapter( 5846): isLeEnabled(): ON
07-06 12:30:40.339 D/AHAL: AudioDevice( 1389): SetParameters: 1498:  - screen = off
07-06 12:30:40.339 I/PAL: ResourceManager( 1389): setParameter: 8795: Screen State:0
07-06 12:30:40.339 D/AHAL: AudioDevice( 1389): SetParameters: 2123: exit: screen_state=off
07-06 12:30:40.339 I/NearbyDiscovery( 5846): (REDACTED) ApFastPairScanner: eventType=%s, intReq=%s, scanning=%s, scanAllowed=%s, bleEnabled=%s, lockScanRate=%s, startScanningByLowPowerMode=%s
07-06 12:30:40.342 D/QtiLinkBandwidthEstimator-0( 3621): handleMessage: 1
07-06 12:30:40.342 D/QtiLinkBandwidthEstimator-1( 3621): handleMessage: 1
07-06 12:30:31.542 E/        (  960): [drm:dsi_pwr_panel_regulator_mode_set [msm_drm]] *ERROR* [msm-dsi-error]: Regulator ibb was not found
07-06 12:30:40.427 I/adbd    ( 2329): adbd service requested 'shell,v2,TERM=dumb,raw:dumpsys window'
07-06 12:30:40.453 W/dumpsys (31616): Thread Pool max thread count is 0. Cannot cache binder as linkToDeath cannot be implemented. serviceName: window
07-06 12:30:40.487 I/SDM     ( 1464): DisplayBase::SetDisplayState: active 0-0 state 0-0 pending_power_state_ 0
07-06 12:30:40.488 D/SurfaceFlinger( 1617): Finished setting power mode 0 on physical display 4630946639017191809
07-06 12:30:40.489 D/SurfaceControl( 2570): Excessive delay in setPowerMode()
07-06 12:30:31.670 I/        (31198): [GTP-INF][drm_notifier_work_func] get suspend notification
07-06 12:30:40.490 I/QTI PowerHAL( 1402): Power setMode: 7 to: 0
07-06 12:30:40.491 I/QTI PowerHAL( 1402): Got set_interactive hint
07-06 12:30:40.491 D/NtAppUsageManager( 2570): No need to write old record
07-06 12:30:40.533 W/AccessibilityWindowsPopulator( 2570): The displayInfo of this displayId (0) called back from the surface fligner is null
07-06 12:30:40.634 I/adbd    ( 2329): adbd service requested 'shell,v2,TERM=dumb,raw:am force-stop com.callstack.agentdevice.snapshothelper'
07-06 12:30:40.704 I/ActivityManager( 2570): Force stopping com.callstack.agentdevice.snapshothelper appid=10352 user=0: from pid 31623
07-06 12:30:40.705 I/ActivityManager( 2570): Killing 31449:com.callstack.agentdevice.snapshothelper/u0a352 (adj 0): stop com.callstack.agentdevice.snapshothelper due to from pid 31623
07-06 12:30:40.706 I/SensorService( 2570): checkAndReportAmbientLightSensorStateChangeLocked new 0 old 0 force 0
07-06 12:30:40.708 W/ActivityManager( 2570): Crash of app com.callstack.agentdevice.snapshothelper running instrumentation ComponentInfo{com.callstack.agentdevice.snapshothelper/com.callstack.agentdevice.snapshothelper.SnapshotInstrumentation}
07-06 12:30:40.710 V/OsAgent ( 4804): broadcastSystemEvent - 7
07-06 12:30:40.711 I/app_process(31436): System.exit called, status: 0
07-06 12:30:40.711 I/AndroidRuntime(31436): VM exiting with result code 0.
07-06 12:30:40.714 I/ActivityManager( 2570): Force stopping com.callstack.agentdevice.snapshothelper appid=10352 user=0: finished inst
07-06 12:30:40.714 D/InetDiagMessage( 2570): Destroyed 0 sockets, proto=IPPROTO_TCP, family=AF_INET, states=14
07-06 12:30:40.716 D/BackgroundInstallControlService( 2570): Package event received: 0
07-06 12:30:40.717 D/BackgroundInstallControlService( 2570): Package event received: 0
07-06 12:30:40.718 D/OomAdjuster( 2570): process : com.android.systemui, pid = 3309, isTop = false, uid = 10192
07-06 12:30:40.718 D/OomAdjuster( 2570): system app not need limit!
07-06 12:30:40.718 D/OomAdjuster( 2570): set group = 7
07-06 12:30:40.718 D/OomAdjuster( 2570): set cpuset: 7
07-06 12:30:40.718 D/BackgroundInstallControlService( 2570): Package event received: 0
07-06 12:30:40.718 D/BackgroundInstallControlService( 2570): Package event received: 0
07-06 12:30:40.718 D/BackgroundInstallControlService( 2570): Package event received: 0
07-06 12:30:40.718 D/BackgroundInstallControlService( 2570): Package event received: 0
07-06 12:30:40.719 V/OsAgent ( 4804): broadcastSystemEvent - 7
07-06 12:30:40.721 I/AppsFilter( 2570): interaction: PackageSetting{9d05b6c ch.karimattia.libraries/10260} -> PackageSetting{4f05bd4 com.callstack.agentdevice.snapshothelper/10352} BLOCKED
07-06 12:30:40.722 D/BackgroundInstallControlService( 2570): Package event received: 0
07-06 12:30:40.722 I/AppsFilter( 2570): interaction: PackageSetting{b1a0535 com.callstack.agentdevice.multitouchhelper/10355} -> PackageSetting{4f05bd4 com.callstack.agentdevice.snapshothelper/10352} BLOCKED
07-06 12:30:40.722 D/BackgroundInstallControlService( 2570): Package event received: 0
07-06 12:30:40.722 D/BackgroundInstallControlService( 2570): Package event received: 0
07-06 12:30:40.722 D/BackgroundInstallControlService( 2570): Package event received: 0
07-06 12:30:40.722 I/AppsFilter( 2570): interaction: PackageSetting{e341b3b ch.karimattia.workoutpixel.test/10280} -> PackageSetting{4f05bd4 com.callstack.agentdevice.snapshothelper/10352} BLOCKED
07-06 12:30:40.722 D/BackgroundInstallControlService( 2570): Package event received: 0
07-06 12:30:40.722 I/AppsFilter( 2570): interaction: PackageSetting{71dc258 ch.karimattia.workoutpixels/10303} -> PackageSetting{4f05bd4 com.callstack.agentdevice.snapshothelper/10352} BLOCKED
07-06 12:30:40.722 D/BackgroundInstallControlService( 2570): Package event received: 0
07-06 12:30:40.722 W/ActivityManager( 2570): Invalid packageName: com.callstack.agentdevice.snapshothelper
07-06 12:30:40.723 D/BackgroundInstallControlService( 2570): Package event received: 0
07-06 12:30:40.724 D/BackgroundInstallControlService( 2570): Package event received: 0
07-06 12:30:40.725 D/BackgroundInstallControlService( 2570): Package event received: 0
07-06 12:30:40.725 D/BackgroundInstallControlService( 2570): Package event received: 0
07-06 12:30:40.725 D/BackgroundInstallControlService( 2570): Package event received: 0
07-06 12:30:40.725 D/BackgroundInstallControlService( 2570): Package event received: 0
07-06 12:30:40.725 D/BackgroundInstallControlService( 2570): Package event received: 0
07-06 12:30:40.725 D/BackgroundInstallControlService( 2570): Package event received: 0
07-06 12:30:40.725 D/BackgroundInstallControlService( 2570): Package event received: 0
07-06 12:30:40.726 D/BackgroundInstallControlService( 2570): Package event received: 0
07-06 12:30:40.726 D/BackgroundInstallControlService( 2570): Package event received: 0
07-06 12:30:40.726 D/BackgroundInstallControlService( 2570): Package event received: 0
07-06 12:30:40.726 D/BackgroundInstallControlService( 2570): Package event received: 0
07-06 12:30:40.726 D/BackgroundInstallControlService( 2570): Package event received: 0
07-06 12:30:40.726 D/BackgroundInstallControlService( 2570): Package event received: 0
07-06 12:30:40.726 D/BackgroundInstallControlService( 2570): Package event received: 0
07-06 12:30:31.910 E/simulated_ntc( 4482): proc_shell_write write invalid para
07-06 12:30:40.730 I/MR2ServiceImpl( 2570): Updating composite discovery preference | preference: RouteDiscoveryRequest{ preferredFeatures={}, activeScan=false }, active routers: []
07-06 12:30:40.733 D/InetDiagMessage( 2570): Destroyed 0 sockets, proto=IPPROTO_TCP, family=AF_INET6, states=14
07-06 12:30:40.733 D/InetDiagMessage( 2570): Destroyed live tcp sockets for uids={10352} in 22ms
07-06 12:30:40.735 D/InetDiagMessage( 2570): Destroyed 0 sockets, proto=IPPROTO_TCP, family=AF_INET, states=14
07-06 12:30:40.737 D/InetDiagMessage( 2570): Destroyed 0 sockets, proto=IPPROTO_TCP, family=AF_INET6, states=14
07-06 12:30:40.737 D/InetDiagMessage( 2570): Destroyed live tcp sockets for uids={20352} in 4ms
07-06 12:30:40.738 D/CarrierSvcBindHelper( 3621): onHandleForceStop: [com.callstack.agentdevice.snapshothelper]
07-06 12:30:40.739 D/BackgroundInstallControlService( 2570): Package event received: 0
07-06 12:30:40.739 D/BackgroundInstallControlService( 2570): Package event received: 0
07-06 12:30:31.922 I/binder  (24758): undelivered transaction 17901886, process died.
07-06 12:30:40.739 D/BackgroundInstallControlService( 2570): Package event received: 0
07-06 12:30:40.739 D/BackgroundInstallControlService( 2570): Package event received: 0
07-06 12:30:31.924 I/binder_alloc( 7441): 31449: binder_alloc_buf, no vma
07-06 12:30:31.924 I/binder  ( 7441): 2570:7441 transaction async to 31449:0 failed 17901935/29189/-3, code 1 size 192-0 line 3350
07-06 12:30:40.740 D/BackgroundInstallControlService( 2570): Package event received: 0
07-06 12:30:40.740 D/BackgroundInstallControlService( 2570): Package event received: 0
07-06 12:30:40.740 D/BackgroundInstallControlService( 2570): Package event received: 0
07-06 12:30:40.740 D/BackgroundInstallControlService( 2570): Package event received: 0
07-06 12:30:40.740 D/BackgroundInstallControlService( 2570): Package event received: 0
07-06 12:30:40.740 D/BackgroundInstallControlService( 2570): Package event received: 0
07-06 12:30:40.740 D/BackgroundInstallControlService( 2570): Package event received: 0
07-06 12:30:40.740 D/BackgroundInstallControlService( 2570): Package event received: 0
07-06 12:30:40.740 D/BackgroundInstallControlService( 2570): Package event received: 0
07-06 12:30:40.740 D/BackgroundInstallControlService( 2570): Package event received: 0
07-06 12:30:40.740 D/BackgroundInstallControlService( 2570): Package event received: 0
07-06 12:30:40.740 D/BackgroundInstallControlService( 2570): Package event received: 0
07-06 12:30:40.740 D/BackgroundInstallControlService( 2570): Package event received: 0
07-06 12:30:40.740 D/BackgroundInstallControlService( 2570): Package event received: 0
07-06 12:30:40.740 D/BackgroundInstallControlService( 2570): Package event received: 0
07-06 12:30:40.740 D/BackgroundInstallControlService( 2570): Package event received: 0
07-06 12:30:40.740 D/BackgroundInstallControlService( 2570): Package event received: 0
07-06 12:30:40.740 D/BackgroundInstallControlService( 2570): Package event received: 0
07-06 12:30:40.740 D/BackgroundInstallControlService( 2570): Package event received: 0
07-06 12:30:40.740 D/BackgroundInstallControlService( 2570): Package event received: 0
07-06 12:30:40.740 W/ActivityManager( 2570): pid 2570 system sent binder code 1 with flags 1 to frozen apps and got error -32
07-06 12:30:40.741 V/ActivityManager( 2570): Got obituary of 31449:com.callstack.agentdevice.snapshothelper
07-06 12:30:40.741 V/AccessibilityManagerService( 2570): onUserStateChangedLocked for userId: 0, forceUpdate: false
07-06 12:30:40.741 I/Zygote  ( 1323): Process 31449 exited due to signal 9 (Killed)
07-06 12:30:40.742 W/MagnificationConnectionManager( 2570): requestConnection duplicated request: connect=false, mConnectionState=DISCONNECTED
07-06 12:30:40.743 V/UiAutomationManager( 2570): UiAutomation service owner died
