07-06 12:30:09.983 W/CachedAppOptimi( 2570): type=1400 audit(0.0:33973): avc:  denied  { write } for  dev="tmpfs" ino=1098 scontext=u:r:system_server:s0 tcontext=u:object_r:zygote_tmpfs:s0 tclass=file permissive=0
07-06 12:30:10.077 D/InetDiagMessage( 2570): Destroyed 0 sockets, proto=IPPROTO_TCP, family=AF_INET, states=14
07-06 12:30:10.079 D/InetDiagMessage( 2570): Destroyed 0 sockets, proto=IPPROTO_TCP, family=AF_INET6, states=14
07-06 12:30:10.079 D/InetDiagMessage( 2570): Destroyed live tcp sockets for uids={10227} in 5ms
07-06 12:30:10.087 W/CachedAppOptimi( 2570): type=1400 audit(0.0:33974): avc:  denied  { write } for  dev="tmpfs" ino=1098 scontext=u:r:system_server:s0 tcontext=u:object_r:zygote_tmpfs:s0 tclass=file permissive=0
07-06 12:30:10.147 D/InetDiagMessage( 2570): Destroyed 0 sockets, proto=IPPROTO_TCP, family=AF_INET, states=14
07-06 12:30:10.150 D/InetDiagMessage( 2570): Destroyed 0 sockets, proto=IPPROTO_TCP, family=AF_INET6, states=14
07-06 12:30:10.150 D/InetDiagMessage( 2570): Destroyed live tcp sockets for uids={10289} in 5ms
07-06 12:30:01.358 W/audit   ( 3103): audit_lost=26391 audit_rate_limit=5 audit_backlog_limit=64
07-06 12:30:01.358 E/audit   ( 3103): rate limit exceeded
07-06 12:30:10.263 D/InetDiagMessage( 2570): Destroyed 0 sockets, proto=IPPROTO_TCP, family=AF_INET, states=14
07-06 12:30:10.265 D/InetDiagMessage( 2570): Destroyed 0 sockets, proto=IPPROTO_TCP, family=AF_INET6, states=14
07-06 12:30:10.265 D/InetDiagMessage( 2570): Destroyed live tcp sockets for uids={10089} in 5ms
07-06 12:30:10.393 V/U.Notification(10700): Posting new notification, elapsed=16064
07-06 12:30:10.610 D/InetDiagMessage( 2570): Destroyed 0 sockets, proto=IPPROTO_TCP, family=AF_INET, states=14
07-06 12:30:10.612 D/InetDiagMessage( 2570): Destroyed 0 sockets, proto=IPPROTO_TCP, family=AF_INET6, states=14
07-06 12:30:10.612 D/InetDiagMessage( 2570): Destroyed live tcp sockets for uids={10306} in 5ms
07-06 12:30:10.615 D/InetDiagMessage( 2570): Destroyed 0 sockets, proto=IPPROTO_TCP, family=AF_INET, states=14
07-06 12:30:10.617 D/InetDiagMessage( 2570): Destroyed 0 sockets, proto=IPPROTO_TCP, family=AF_INET6, states=14
07-06 12:30:10.617 D/InetDiagMessage( 2570): Destroyed live tcp sockets for uids={10251} in 5ms
07-06 12:30:10.620 D/InetDiagMessage( 2570): Destroyed 0 sockets, proto=IPPROTO_TCP, family=AF_INET, states=14
07-06 12:30:10.621 D/InetDiagMessage( 2570): Destroyed 0 sockets, proto=IPPROTO_TCP, family=AF_INET6, states=14
07-06 12:30:10.621 D/InetDiagMessage( 2570): Destroyed live tcp sockets for uids={10129} in 3ms
07-06 12:30:10.622 D/InetDiagMessage( 2570): Destroyed 0 sockets, proto=IPPROTO_TCP, family=AF_INET, states=14
07-06 12:30:10.623 D/InetDiagMessage( 2570): Destroyed 0 sockets, proto=IPPROTO_TCP, family=AF_INET6, states=14
07-06 12:30:10.623 D/InetDiagMessage( 2570): Destroyed live tcp sockets for uids={99901000} in 2ms
07-06 12:30:10.624 D/InetDiagMessage( 2570): Destroyed 0 sockets, proto=IPPROTO_TCP, family=AF_INET, states=14
07-06 12:30:10.625 D/InetDiagMessage( 2570): Destroyed 0 sockets, proto=IPPROTO_TCP, family=AF_INET6, states=14
07-06 12:30:10.625 D/InetDiagMessage( 2570): Destroyed live tcp sockets for uids={10245} in 3ms
07-06 12:30:01.835 E/simulated_ntc( 4482): proc_shell_write write invalid para
07-06 12:30:10.806 D/InetDiagMessage( 2570): Destroyed 0 sockets, proto=IPPROTO_TCP, family=AF_INET, states=14
07-06 12:30:10.808 D/InetDiagMessage( 2570): Destroyed 0 sockets, proto=IPPROTO_TCP, family=AF_INET6, states=14
07-06 12:30:10.808 D/InetDiagMessage( 2570): Destroyed live tcp sockets for uids={10303} in 4ms
07-06 12:30:10.823 W/CachedAppOptimi( 2570): type=1400 audit(0.0:33979): avc:  denied  { write } for  dev="tmpfs" ino=1098 scontext=u:r:system_server:s0 tcontext=u:object_r:zygote_tmpfs:s0 tclass=file permissive=0
07-06 12:30:10.992 D/InetDiagMessage( 2570): Destroyed 0 sockets, proto=IPPROTO_TCP, family=AF_INET, states=14
07-06 12:30:10.994 D/InetDiagMessage( 2570): Destroyed 0 sockets, proto=IPPROTO_TCP, family=AF_INET6, states=14
07-06 12:30:10.994 D/InetDiagMessage( 2570): Destroyed live tcp sockets for uids={10201} in 6ms
07-06 12:30:10.997 D/InetDiagMessage( 2570): Destroyed 0 sockets, proto=IPPROTO_TCP, family=AF_INET, states=14
07-06 12:30:10.998 D/InetDiagMessage( 2570): Destroyed 0 sockets, proto=IPPROTO_TCP, family=AF_INET6, states=14
07-06 12:30:10.998 D/InetDiagMessage( 2570): Destroyed live tcp sockets for uids={10078} in 3ms
07-06 12:30:10.999 W/CachedAppOptimi( 2570): type=1400 audit(0.0:33980): avc:  denied  { write } for  dev="tmpfs" ino=1098 scontext=u:r:system_server:s0 tcontext=u:object_r:zygote_tmpfs:s0 tclass=file permissive=0
07-06 12:30:11.053 D/InetDiagMessage( 2570): Destroyed 0 sockets, proto=IPPROTO_TCP, family=AF_INET, states=14
07-06 12:30:11.056 D/InetDiagMessage( 2570): Destroyed 0 sockets, proto=IPPROTO_TCP, family=AF_INET6, states=14
07-06 12:30:11.056 D/InetDiagMessage( 2570): Destroyed live tcp sockets for uids={10331} in 5ms
07-06 12:30:11.058 D/InetDiagMessage( 2570): Destroyed 0 sockets, proto=IPPROTO_TCP, family=AF_INET, states=14
07-06 12:30:11.061 D/InetDiagMessage( 2570): Destroyed 0 sockets, proto=IPPROTO_TCP, family=AF_INET6, states=14
07-06 12:30:11.061 D/InetDiagMessage( 2570): Destroyed live tcp sockets for uids={10059} in 5ms
07-06 12:30:11.059 W/CachedAppOptimi( 2570): type=1400 audit(0.0:33981): avc:  denied  { write } for  dev="tmpfs" ino=1098 scontext=u:r:system_server:s0 tcontext=u:object_r:zygote_tmpfs:s0 tclass=file permissive=0
07-06 12:30:11.124 D/InetDiagMessage( 2570): Destroyed 0 sockets, proto=IPPROTO_TCP, family=AF_INET, states=14
07-06 12:30:11.126 D/InetDiagMessage( 2570): Destroyed 0 sockets, proto=IPPROTO_TCP, family=AF_INET6, states=14
07-06 12:30:11.126 D/InetDiagMessage( 2570): Destroyed live tcp sockets for uids={10124} in 5ms
07-06 12:30:11.129 D/InetDiagMessage( 2570): Destroyed 0 sockets, proto=IPPROTO_TCP, family=AF_INET, states=14
07-06 12:30:11.131 D/InetDiagMessage( 2570): Destroyed 0 sockets, proto=IPPROTO_TCP, family=AF_INET6, states=14
07-06 12:30:11.132 D/InetDiagMessage( 2570): Destroyed live tcp sockets for uids={10072} in 5ms
07-06 12:30:11.133 D/InetDiagMessage( 2570): Destroyed 0 sockets, proto=IPPROTO_TCP, family=AF_INET, states=14
07-06 12:30:11.134 D/InetDiagMessage( 2570): Destroyed 0 sockets, proto=IPPROTO_TCP, family=AF_INET6, states=14
07-06 12:30:11.134 D/InetDiagMessage( 2570): Destroyed live tcp sockets for uids={10268} in 2ms
07-06 12:30:11.135 D/InetDiagMessage( 2570): Destroyed 0 sockets, proto=IPPROTO_TCP, family=AF_INET, states=14
07-06 12:30:11.136 D/InetDiagMessage( 2570): Destroyed 0 sockets, proto=IPPROTO_TCP, family=AF_INET6, states=14
07-06 12:30:11.136 D/InetDiagMessage( 2570): Destroyed live tcp sockets for uids={10215} in 2ms
07-06 12:30:11.137 D/InetDiagMessage( 2570): Destroyed 0 sockets, proto=IPPROTO_TCP, family=AF_INET, states=14
07-06 12:30:11.138 D/InetDiagMessage( 2570): Destroyed 0 sockets, proto=IPPROTO_TCP, family=AF_INET6, states=14
07-06 12:30:11.138 D/InetDiagMessage( 2570): Destroyed live tcp sockets for uids={10068} in 3ms
07-06 12:30:11.139 D/InetDiagMessage( 2570): Destroyed 0 sockets, proto=IPPROTO_TCP, family=AF_INET, states=14
07-06 12:30:11.140 D/InetDiagMessage( 2570): Destroyed 0 sockets, proto=IPPROTO_TCP, family=AF_INET6, states=14
07-06 12:30:11.140 D/InetDiagMessage( 2570): Destroyed live tcp sockets for uids={10287} in 2ms
07-06 12:30:11.167 W/CachedAppOptimi( 2570): type=1400 audit(0.0:33982): avc:  denied  { write } for  dev="tmpfs" ino=1098 scontext=u:r:system_server:s0 tcontext=u:object_r:zygote_tmpfs:s0 tclass=file permissive=0
07-06 12:30:11.280 D/InetDiagMessage( 2570): Destroyed 0 sockets, proto=IPPROTO_TCP, family=AF_INET, states=14
07-06 12:30:11.282 D/InetDiagMessage( 2570): Destroyed 0 sockets, proto=IPPROTO_TCP, family=AF_INET6, states=14
07-06 12:30:11.282 D/InetDiagMessage( 2570): Destroyed live tcp sockets for uids={10220} in 6ms
07-06 12:30:11.285 D/InetDiagMessage( 2570): Destroyed 0 sockets, proto=IPPROTO_TCP, family=AF_INET, states=14
07-06 12:30:11.286 D/InetDiagMessage( 2570): Destroyed 0 sockets, proto=IPPROTO_TCP, family=AF_INET6, states=14
07-06 12:30:11.286 D/InetDiagMessage( 2570): Destroyed live tcp sockets for uids={10065} in 3ms
07-06 12:30:11.287 D/InetDiagMessage( 2570): Destroyed 0 sockets, proto=IPPROTO_TCP, family=AF_INET, states=14
07-06 12:30:11.288 D/InetDiagMessage( 2570): Destroyed 0 sockets, proto=IPPROTO_TCP, family=AF_INET6, states=14
07-06 12:30:11.288 D/InetDiagMessage( 2570): Destroyed live tcp sockets for uids={10252} in 2ms
07-06 12:30:11.289 D/InetDiagMessage( 2570): Destroyed 0 sockets, proto=IPPROTO_TCP, family=AF_INET, states=14
07-06 12:30:11.290 D/InetDiagMessage( 2570): Destroyed 0 sockets, proto=IPPROTO_TCP, family=AF_INET6, states=14
07-06 12:30:11.290 D/InetDiagMessage( 2570): Destroyed live tcp sockets for uids={10151} in 2ms
07-06 12:30:11.291 D/InetDiagMessage( 2570): Destroyed 0 sockets, proto=IPPROTO_TCP, family=AF_INET, states=14
07-06 12:30:11.292 D/InetDiagMessage( 2570): Destroyed 0 sockets, proto=IPPROTO_TCP, family=AF_INET6, states=14
07-06 12:30:11.292 D/InetDiagMessage( 2570): Destroyed live tcp sockets for uids={10230} in 2ms
07-06 12:30:11.554 I/WifiHAL ( 1426): event received NL80211_CMD_VENDOR, vendor_id = 0x1374, subcmd = 0xd
07-06 12:30:11.554 I/cnss-daemon( 2278): nl80211 response handler invoked
07-06 12:30:11.555 I/cnss-daemon( 2278): nl80211_response_handler: cmd 103, vendorID 4980, subcmd 13  received
07-06 12:30:11.557 I/CNSS    ( 2192): /sys/wifi/dump_in_progress file read permission doesn't exist
07-06 12:30:11.558 I/CNSS    ( 2192): /sys/wifi/max_chipset_log_size doesn't exist
07-06 12:30:03.326 I/[kworke][0x2e7c1f5b3b1][10:30:12.142470] qca6490(31198): [31198:I:PMO] pmo_core_enable_wow_in_fw: drv wow is enabled
07-06 12:30:03.361 I/[kworke][0x2e7c20020d2][10:30:12.178059] qca6490(31198): [31198:I:HIF] hif_try_complete_tasks: waiting for tasklets 1 grp tasklets 0 work 0
07-06 12:30:03.392 I/[kworke][0x2e7c20935c5][10:30:12.209058] qca6490(31198): [31198:I:PMO] pmo_core_psoc_send_host_wakeup_ind_to_fw: Host wakeup indication sent to fw
07-06 12:30:12.595 D/ActivityManager( 2570): freezing 19293 com.google.android.apps.messaging
07-06 12:30:12.804 D/WifiStaIfaceHidlImpl( 2570): getCachedScanData is not implemented by HIDL
07-06 12:30:12.809 D/NtSmartWifiMonitor( 2570): get rssi = -45, frequecy=5620, datastall=0, current state=6
07-06 12:30:12.809 D/NtSmartWifiMonitor( 2570): 5G Wifi rssi queue: sufficient rssi=-70[-46, -45, -45]
07-06 12:30:12.809 D/NtSmartWifi( 2570): handleMessage EVENT_LINK_QUALITY_CHANGED ...
07-06 12:30:12.810 D/NtSmartWifi( 2570): enableSufficientCheckWhenScreenOn, true,  mSmartWifiEnabled=false, screenOn= true
07-06 12:30:13.336 E/minksocket( 1381): MinkIPC_QRTR_Service: client with node 1 port 74c3 went down
07-06 12:30:13.340 E/minksocket( 1381): MinkIPC_QRTR_Service: client with node 1 port 74c4 went down
07-06 12:30:13.345 E/minksocket( 1381): MinkIPC_QRTR_Service: client with node 1 port 74c5 went down
07-06 12:30:13.348 E/minksocket( 1381): MinkIPC_QRTR_Service: client with node 1 port 74c6 went down
07-06 12:30:13.561 I/WifiHAL ( 1426): event received NL80211_CMD_VENDOR, vendor_id = 0x1374, subcmd = 0xd
07-06 12:30:13.561 I/cnss-daemon( 2278): nl80211 response handler invoked
07-06 12:30:13.561 I/cnss-daemon( 2278): nl80211_response_handler: cmd 103, vendorID 4980, subcmd 13  received
07-06 12:30:13.826 W/ProcessStats( 2570): Tracking association SourceState{4f60e45 com.google.android.gms/99910137 Service #102335} whose proc state 8 is better than process ProcessState{ce8b106 com.google.android.gms.persistent/99910137 pkg=com.google.android.gms} proc state 15 (126 skipped)
07-06 12:30:13.949 D/BoundBrokerSvc( 5102): onUnbind: Intent { act=com.google.android.gms.pay.service.BIND dat=chimera-action:/... xflg=0x4 cmp=com.google.android.gms/.chimera.GmsApiService }
07-06 12:30:14.442 E/minksocket( 1381): MinkIPC_QRTR_Service: client with node 1 port 74c7 went down
07-06 12:30:14.445 E/minksocket( 1381): MinkIPC_QRTR_Service: client with node 1 port 74c8 went down
07-06 12:30:14.447 E/minksocket( 1381): MinkIPC_QRTR_Service: client with node 1 port 74c9 went down
07-06 12:30:14.450 E/minksocket( 1381): MinkIPC_QRTR_Service: client with node 1 port 74ca went down
07-06 12:30:14.955 I/adbd    ( 2329): New TLS connection [fd=26]
07-06 12:30:14.957 I/adbd    ( 2329): host-26: connection terminated: read failed
07-06 12:30:06.158 I/(virq   (27658): irq_count)- GICv3:IPI(1):118703329 GICv3:arch_timer(11):54099228 GICv3:IPI(6):13741955 GICv3:apps_rsc(24):8238787 GICv3:IPI(2):4624230 GICv3:ufshcd(33):3451304 GICv3:ipcc_0(30):3328807 ipcc:glink-native-slpi(365):1889952 GICv3:msm_drm(219):1871688 ipcc:glink-native-adsp(364):1658211
07-06 12:30:06.158 I/(cpu    (27658): irq_count)- 0:47312743 1:47671519 2:47004420 3:46248144 4:10689236 5:9577297 6:9151153 7:4334510
07-06 12:30:06.158 I/(ipi    (27658): irq_count)- 0:118703329 1:4624230 2:0 3:0 4:0 5:13741955 6:0
07-06 12:30:15.150 I/adbd    ( 2329): adbd service requested 'shell,v2,TERM=dumb,raw:settings put global sysui_demo_allowed 1'
07-06 12:30:15.196 V/SettingsShellCmd( 2570): putForUser(userId=0, table=global, key=sysui_demo_allowed, value=1, tag=null, makeDefault=false, overrideableByRestore=false)
07-06 12:30:15.298 I/adbd    ( 2329): adbd service requested 'shell,v2,TERM=dumb,raw:am broadcast -a com.android.systemui.demo -e command clock -e hhmm 0941'
07-06 12:30:15.353 I/ActivityManager( 2570): Broadcasting: Intent { act=com.android.systemui.demo flg=0x400000 (has extras) }
07-06 12:30:15.354 I/ActivityManager( 2570): Enqueued broadcast Intent { act=com.android.systemui.demo flg=0x400000 (has extras) }: 0
07-06 12:30:15.358 I/ActivityManager( 2570): Broadcast completed: result=0
07-06 12:30:15.358 D/DemoStatusIcons( 3309): addModernDemoWifiView: 
07-06 12:30:15.363 D/FiveGServiceClient( 3309): getNrIconGroup nrIconType:1; is6Rx:false; show6RxConfig:true
07-06 12:30:15.363 D/FiveGServiceClient( 3309): getNrIconGroup nrIconType:1; is6Rx:false; show6RxConfig:true
07-06 12:30:15.363 D/DemoStatusIcons( 3309): addModernDemoWifiView: 
07-06 12:30:15.366 D/DemoStatusIcons( 3309): addModernDemoWifiView: 
07-06 12:30:15.368 V/WifiManager( 3309): unregisterTrafficStateCallback: callback=com.android.systemui.statusbar.pipeline.wifi.data.repository.prod.WifiRepositoryImpl$wifiActivity$1$callback$1@a97d69f
07-06 12:30:15.372 D/LightBarController( 3309): updateStatus= numStacks: 1, size: 1, appearance: 24
07-06 12:30:15.373 D/FiveGServiceClient( 3309): unregisterListener phoneId=0 listener: com.android.systemui.statusbar.pipeline.mobile.data.repository.prod.MobileConnectionRepositoryImpl$getFiveGStateFlow$1$listener$1@31c98b3
07-06 12:30:15.373 D/FiveGServiceClient( 3309): unregisterListener phoneId=0 listener: com.android.systemui.statusbar.pipeline.mobile.data.repository.prod.MobileConnectionRepositoryImpl$getFiveGStateFlow$1$listener$1@725be70
07-06 12:30:15.388 D/FiveGServiceClient( 3309): unregisterListener phoneId=0 listener: com.android.systemui.statusbar.pipeline.mobile.data.repository.prod.MobileConnectionRepositoryImpl$getFiveGStateFlow$1$listener$1@3684604
07-06 12:30:15.411 I/adbd    ( 2329): adbd service requested 'shell,v2,TERM=dumb,raw:am broadcast -a com.android.systemui.demo -e command notifications -e visible false'
07-06 12:30:15.463 I/ActivityManager( 2570): Broadcasting: Intent { act=com.android.systemui.demo flg=0x400000 (has extras) }
07-06 12:30:15.464 I/ActivityManager( 2570): Enqueued broadcast Intent { act=com.android.systemui.demo flg=0x400000 (has extras) }: 0
07-06 12:30:15.467 I/ActivityManager( 2570): Broadcast completed: result=0
07-06 12:30:15.563 I/WifiHAL ( 1426): event received NL80211_CMD_VENDOR, vendor_id = 0x1374, subcmd = 0xd
07-06 12:30:15.563 I/cnss-daemon( 2278): nl80211 response handler invoked
07-06 12:30:15.563 I/cnss-daemon( 2278): nl80211_response_handler: cmd 103, vendorID 4980, subcmd 13  received
07-06 12:30:06.845 E/simulated_ntc( 4482): proc_shell_write write invalid para
07-06 12:30:15.777 I/NearbyMediums( 5846): No BLE Fast/GATT advertisements found in the latest cycle.
07-06 12:30:15.777 I/NearbyMediums( 5846): Current Tracked Scanning Clients are : {NearbyConnections.EnvironmentMonitor, NearbySharing}
07-06 12:30:15.825 D/WifiStaIfaceHidlImpl( 2570): getCachedScanData is not implemented by HIDL
07-06 12:30:15.829 D/NtSmartWifiMonitor( 2570): get rssi = -45, frequecy=5620, datastall=0, current state=6
07-06 12:30:15.829 D/NtSmartWifiMonitor( 2570): 5G Wifi rssi queue: sufficient rssi=-70[-45]
07-06 12:30:07.618 I/[kworke][0x2e7c6df3581][10:30:16.434761] qca6490(31198): [31198:I:PMO] pmo_core_enable_wow_in_fw: drv wow is enabled
07-06 12:30:07.672 I/[kworke][0x2e7c6ef2946][10:30:16.489212] qca6490(31198): [31198:I:PMO] pmo_core_psoc_send_host_wakeup_ind_to_fw: Host wakeup indication sent to fw
07-06 12:30:16.518 I/adbd    ( 2329): adbd service requested 'exec:screencap '-p''
07-06 12:30:16.627 W/screencap(31539): Thread Pool max thread count is 0. Cannot cache binder as linkToDeath cannot be implemented. serviceName: SurfaceFlingerAIDL
07-06 12:30:16.627 W/BpBinder(31539): Linking to death on android.gui.ISurfaceComposer but there are no threads (yet?) listening to incoming transactions. See ProcessState::startThreadPool and ProcessState::setThreadPoolMaxThreadCount. Generally you should setup the binder threadpool before other initialization steps.
07-06 12:30:16.627 W/ProcessState(31539): Extra binder thread started, but 0 threads requested. Do not use *startThreadPool when zero threads are requested.
07-06 12:30:16.629 E/HWComposer( 1617): getLuts: getLuts failed for display 4630946639017191809: UNSUPPORTED (8)
07-06 12:30:07.818 I/servicemanager(  543): Caller(pid=31539,uid=2000,sid=u:r:shell:s0) Could not find android.hardware.graphics.allocator.IAllocator/default in the VINTF manifest. No alternative instances declared in VINTF.
07-06 12:30:07.876 I/servicemanager(  543): Caller(pid=31539,uid=2000,sid=u:r:shell:s0) Could not find android.hardware.graphics.allocator.IAllocator/default in the VINTF manifest. No alternative instances declared in VINTF.
07-06 12:30:17.001 I/adbd    ( 2329): adbd service requested 'shell,v2,TERM=dumb,raw:am broadcast -a com.android.systemui.demo -e command exit'
07-06 12:30:17.055 I/ActivityManager( 2570): Broadcasting: Intent { act=com.android.systemui.demo flg=0x400000 (has extras) }
07-06 12:30:17.056 I/ActivityManager( 2570): Enqueued broadcast Intent { act=com.android.systemui.demo flg=0x400000 (has extras) }: 0
07-06 12:30:17.059 I/ActivityManager( 2570): Broadcast completed: result=0
07-06 12:30:17.062 D/BatteryController( 3309): registerReceiver 
07-06 12:30:17.070 D/MobileConnectionRepositoryEx( 3309): [1] create.
07-06 12:30:17.074 W/DemoModeController( 3309): Error running demo command, intent=Intent { act=com.android.systemui.demo flg=0x400010 (has extras) } java.lang.NullPointerException
07-06 12:30:17.075 D/MobileConnectionRepositoryEx( 3309): [1] delayNotifyOos: newState: 0 lastState: 1 delaying: false state: STARTING manual: false changedToNoService: false
07-06 12:30:17.075 D/MobileConnectionRepositoryEx( 3309): [1] smoothSignal: state not started.
07-06 12:30:17.075 D/MobileConnectionRepositoryEx( 3309): [1] smoothSignal: state not started.
07-06 12:30:17.075 D/MobileConnectionRepositoryEx( 3309): [1] getSmoothLevel: 4 mSmoothLevel -1
07-06 12:30:17.080 D/MobileConnectionRepositoryEx( 3309): [1] smoothConnection: true delayTime 0
07-06 12:30:17.082 D/ConnectivityService( 2570): NetReassign [no changes] [c 1] [a 4] [i 4]
07-06 12:30:17.109 D/LightBarController( 3309): updateStatus= numStacks: 1, size: 1, appearance: 24
07-06 12:30:17.111 V/WifiManager( 3309): registerTrafficStateCallback: callback=com.android.systemui.statusbar.pipeline.wifi.data.repository.prod.WifiRepositoryImpl$wifiActivity$1$callback$1@2bc7715, executor=android.os.HandlerExecutor@b188e19
07-06 12:30:17.126 E/MobileBinderEx( 3309): initSidePadding:3:1
07-06 12:30:17.136 D/LightBarController( 3309): updateStatus= numStacks: 1, size: 1, appearance: 24
07-06 12:30:17.140 I/MobileIconInteractor( 3309):  isGsm true primaryLevel 4  alwaysUseCdmaLevel false cdmaLevel 0 isLteCamped true lteRsrpLevel 4
07-06 12:30:17.141 D/FiveGServiceClient( 3309): getNrIconGroup nrIconType:1; is6Rx:false; show6RxConfig:true
07-06 12:30:17.141 D/FiveGServiceClient( 3309): getNrIconGroup nrIconType:1; is6Rx:false; show6RxConfig:true
07-06 12:30:17.142 I/MobileIconInteractor( 3309):  isGsm true primaryLevel 4  alwaysUseCdmaLevel false cdmaLevel 0 isLteCamped true lteRsrpLevel 4
07-06 12:30:17.142 D/FiveGServiceClient( 3309): getNrIconGroup nrIconType:1; is6Rx:false; show6RxConfig:true
07-06 12:30:17.143 D/ConnectivityService( 2570): NetReassign [no changes] [c 1] [a 0] [i 1]
07-06 12:30:17.144 D/FiveGServiceClient( 3309): registerListener phoneId=0  listener: com.android.systemui.statusbar.pipeline.mobile.data.repository.prod.MobileConnectionRepositoryImpl$getFiveGStateFlow$1$listener$1@7c796a9
07-06 12:30:17.144 D/FiveGServiceClient( 3309): resetState phoneId=0
07-06 12:30:17.144 D/FiveGServiceClient( 3309): registerListener phoneId=0  listener: com.android.systemui.statusbar.pipeline.mobile.data.repository.prod.MobileConnectionRepositoryImpl$getFiveGStateFlow$1$listener$1@f98d42e
07-06 12:30:17.144 D/FiveGServiceClient( 3309): resetState phoneId=0
07-06 12:30:17.145 D/FiveGServiceClient( 3309): mServiceConnected=true mClient=Client{mId=15, mUid=10192, mPackageName='com.android.systemui', mCallback=com.qti.extphone.ExtPhoneCallbackListener$IExtPhoneCallbackStub@701f367}
07-06 12:30:17.145 D/FiveGServiceClient( 3309): mServiceConnected=true mClient=Client{mId=15, mUid=10192, mPackageName='com.android.systemui', mCallback=com.qti.extphone.ExtPhoneCallbackListener$IExtPhoneCallbackStub@701f367}
07-06 12:30:17.145 D/FiveGServiceClient( 3309): query 5G service state for phoneId 0
07-06 12:30:17.145 D/FiveGServiceClient( 3309): query 5G service state for phoneId 0
07-06 12:30:17.145 D/ExtTelephonyService( 3530): enforceReadPrivilegedPermission for queryNrIcon
07-06 12:30:17.145 D/ExtTelephonyService( 3530): enforceReadPrivilegedPermission for queryNrIcon
07-06 12:30:17.145 D/FiveGServiceClient( 3309): registerListener phoneId=0  listener: com.android.systemui.statusbar.pipeline.mobile.data.repository.prod.MobileConnectionRepositoryImpl$getFiveGStateFlow$1$listener$1@4e7f342
07-06 12:30:17.145 D/FiveGServiceClient( 3309): resetState phoneId=0
07-06 12:30:17.145 D/FiveGServiceClient( 3309): mServiceConnected=true mClient=Client{mId=15, mUid=10192, mPackageName='com.android.systemui', mCallback=com.qti.extphone.ExtPhoneCallbackListener$IExtPhoneCallbackStub@701f367}
07-06 12:30:17.145 D/FiveGServiceClient( 3309): query 5G service state for phoneId 0
07-06 12:30:17.145 D/QtiRadioProxy( 3530): queryNrIcon: slotId = 0
07-06 12:30:17.145 D/QtiRadioProxy( 3530): queryNrIcon: slotId = 0
07-06 12:30:17.145 D/QtiRadioAidl( 3530): queryNrIcon: serial = 602
07-06 12:30:17.145 D/QtiRadioAidl( 3530): queryNrIcon: serial = 603
07-06 12:30:17.145 D/ExtTelephonyService( 3530): enforceReadPrivilegedPermission for queryNrIcon
07-06 12:30:17.146 D/QtiRadioProxy( 3530): queryNrIcon: slotId = 0
07-06 12:30:17.146 D/FiveGServiceClient( 3309): queryNrIconType result:Token: 603
07-06 12:30:17.146 D/QtiRadioAidl( 3530): queryNrIcon: serial = 604
07-06 12:30:17.146 D/FiveGServiceClient( 3309): queryNrIconType result:Token: 602
07-06 12:30:17.146 D/FiveGServiceClient( 3309): onCiwlanAvailable: slotId = 0 available = false
07-06 12:30:17.146 D/FiveGServiceClient( 3309): onCiwlanAvailable: slotId = 0 available = false
07-06 12:30:17.146 D/FiveGServiceClient( 3309): queryNrIconType result:Token: 604
07-06 12:30:17.146 D/FiveGServiceClient( 3309): onCiwlanAvailable: slotId = 0 available = false
07-06 12:30:17.150 D/QtiRadioAidl( 3530): onNrIconTypeResponse: serial = 602, slotId = 0, errorCode = 0 iconType = 1
07-06 12:30:17.150 D/QtiRadioProxyHandler: ( 3530): handleMessage msg.what = 43
07-06 12:30:17.150 D/QtiRadioProxyHandler: ( 3530): EVENT_QUERY_NR_ICON_RESPONSE
07-06 12:30:17.151 D/QtiRadioProxy( 3530): onNrIconResponse: Responding back for transaction = Transaction{mToken=Token: 602, mName='queryNrIcon', mClient=Client{mId=15, mUid=10192, mPackageName='com.android.systemui', mCallback=com.qti.extphone.IExtPhoneCallback$Stub$Proxy@8b566aa}}
07-06 12:30:17.151 D/FiveGServiceClient( 3309): onNrIconResponse: slotId = 0 token = Token: 602 statusStatus: 1 NrIcon = NrIcon: type = 1, Rx = -1
07-06 12:30:17.151 D/QtiRadioAidl( 3530): onNrIconTypeResponse: serial = 603, slotId = 0, errorCode = 0 iconType = 1
07-06 12:30:17.151 D/FiveGServiceClient( 3309): getNrIconGroup nrIconType:1; is6Rx:false; show6RxConfig:true
07-06 12:30:17.151 D/QtiRadioProxy( 3530): onNrIconType slotId = 0 NrIconType = NrIconType: 1
07-06 12:30:17.151 D/FiveGServiceClient( 3309): phoneId(0) Change in state from mNrIconType=-1, is6Rx=false, mIconGroup=IconGroup(Unknown) 
07-06 12:30:17.151 D/FiveGServiceClient( 3309): 	to mNrIconType=1, is6Rx=false, mIconGroup=IconGroup(5GBasic)
07-06 12:30:17.151 D/NrIconProxy( 3530): updateByDisplayInfo: slotId: 0 nrIconType: NrIconType: 1 override: null
07-06 12:30:17.151 D/QtiRadioProxy( 3530): onNrIconType updateNrIconType = null
07-06 12:30:17.151 D/QtiRadioProxyHandler: ( 3530): handleMessage msg.what = 1
07-06 12:30:17.151 D/QtiRadioProxyHandler: ( 3530): EVENT_ON_NR_ICON_TYPE
07-06 12:30:17.151 D/QtiRadioAidl( 3530): onNrIconTypeResponse: serial = 604, slotId = 0, errorCode = 0 iconType = 1
07-06 12:30:17.151 D/QtiRadioProxy( 3530): onNrIconType slotId = 0 NrIconType = NrIconType: 1
07-06 12:30:17.151 D/NrIconProxy( 3530): updateByDisplayInfo: slotId: 0 nrIconType: NrIconType: 1 override: null
07-06 12:30:17.151 D/QtiRadioProxy( 3530): onNrIconType updateNrIconType = null
07-06 12:30:17.151 D/CarrierTextController( 3309): updateCarrierText(): 1
07-06 12:30:17.151 D/QtiRadioProxy( 3530): onNrIconType: Responding back for transaction = Transaction{mToken=Token: 603, mName='queryNrIcon', mClient=Client{mId=15, mUid=10192, mPackageName='com.android.systemui', mCallback=com.qti.extphone.IExtPhoneCallback$Stub$Proxy@c00b29b}}
07-06 12:30:17.151 D/CarrierTextController( 3309): updateCarrierText():trueSunrise:false
07-06 12:30:17.151 D/CarrierTextController( 3309): updateCarrierText(): 1
07-06 12:30:17.151 D/FiveGServiceClient( 3309): onNrIconType: slotId = 0 token = Token: 603 statusStatus: 1 NrIconType = NrIconType: 1
07-06 12:30:17.151 D/FiveGServiceClient( 3309): getNrIconGroup nrIconType:1; is6Rx:false; show6RxConfig:true
07-06 12:30:17.151 D/QtiRadioProxyHandler: ( 3530): handleMessage msg.what = 1
07-06 12:30:17.151 D/QtiRadioProxyHandler: ( 3530): EVENT_ON_NR_ICON_TYPE
07-06 12:30:17.151 D/CarrierTextController( 3309): updateCarrierText():trueSunrise:false
07-06 12:30:17.151 D/QtiRadioProxy( 3530): onNrIconType: Responding back for transaction = Transaction{mToken=Token: 604, mName='queryNrIcon', mClient=Client{mId=15, mUid=10192, mPackageName='com.android.systemui', mCallback=com.qti.extphone.IExtPhoneCallback$Stub$Proxy@1997638}}
07-06 12:30:17.152 D/FiveGServiceClient( 3309): onNrIconType: slotId = 0 token = Token: 604 statusStatus: 1 NrIconType = NrIconType: 1
07-06 12:30:17.152 D/FiveGServiceClient( 3309): getNrIconGroup nrIconType:1; is6Rx:false; show6RxConfig:true
07-06 12:30:17.451 I/vendor.qti.bluetooth@1.0-ibs_handler( 1391): ProcessIbsCmd: Received IBS_WAKE_IND: 0xFD
07-06 12:30:17.451 I/vendor.qti.bluetooth@1.0-ibs_handler( 1391): ProcessIbsCmd: Writing IBS_WAKE_ACK
07-06 12:30:17.464 I/NearbyDiscovery( 5846): (REDACTED) BloomFilterAdvManager: Detected bloom filter but too far away, ignoring. %sm, %s
07-06 12:30:17.494 I/vendor.qti.bluetooth@1.0-ibs_handler( 1391): ProcessIbsCmd: Received IBS_SLEEP_IND: 0xFE
07-06 12:30:17.543 D/IpClient/wlan0( 3484): interfaceLinkStateChanged: ifindex 26 up
07-06 12:30:17.570 I/cnss-daemon( 2278): nl80211 response handler invoked
07-06 12:30:17.570 I/WifiHAL ( 1426): event received NL80211_CMD_VENDOR, vendor_id = 0x1374, subcmd = 0xd
07-06 12:30:17.570 I/cnss-daemon( 2278): nl80211_response_handler: cmd 103, vendorID 4980, subcmd 13  received
07-06 12:30:09.320 I/[kworke][0x2e7c8d1dd83][10:30:18.136841] qca6490(31198): [31198:I:PMO] pmo_core_enable_wow_in_fw: drv wow is enabled
07-06 12:30:09.370 I/[kworke][0x2e7c8e09bdf][10:30:18.187166] qca6490(31198): [31198:I:PMO] pmo_core_psoc_send_host_wakeup_ind_to_fw: Host wakeup indication sent to fw
07-06 12:30:18.845 D/WifiStaIfaceHidlImpl( 2570): getCachedScanData is not implemented by HIDL
07-06 12:30:18.851 D/NtSmartWifiMonitor( 2570): get rssi = -45, frequecy=5620, datastall=0, current state=6
07-06 12:30:18.851 D/NtSmartWifiMonitor( 2570): 5G Wifi rssi queue: sufficient rssi=-70[-45, -45]
07-06 12:30:19.054 I/adbd    ( 2329): New TLS connection [fd=26]
07-06 12:30:19.057 I/adbd    ( 2329): host-26: connection terminated: read failed
07-06 12:30:19.579 I/WifiHAL ( 1426): event received NL80211_CMD_VENDOR, vendor_id = 0x1374, subcmd = 0xd
07-06 12:30:19.579 I/cnss-daemon( 2278): nl80211 response handler invoked
07-06 12:30:19.579 I/cnss-daemon( 2278): nl80211_response_handler: cmd 103, vendorID 4980, subcmd 13  received
07-06 12:30:19.731 I/vendor.qti.bluetooth@1.0-ibs_handler( 1391): ProcessIbsCmd: Received IBS_WAKE_IND: 0xFD
07-06 12:30:19.732 I/vendor.qti.bluetooth@1.0-ibs_handler( 1391): ProcessIbsCmd: Writing IBS_WAKE_ACK
07-06 12:30:19.743 I/NearbyDiscovery( 5846): (REDACTED) BloomFilterAdvManager: Detected bloom filter but too far away, ignoring. %sm, %s
07-06 12:30:19.745 I/NearbyDiscovery( 5846): (REDACTED) %s
07-06 12:30:19.747 I/NearbyDiscovery( 5846): (REDACTED) %s
07-06 12:30:19.748 I/NearbyDiscovery( 5846): (REDACTED) %s
07-06 12:30:19.772 I/vendor.qti.bluetooth@1.0-ibs_handler( 1391): ProcessIbsCmd: Received IBS_SLEEP_IND: 0xFE
07-06 12:30:19.868 D/NtMemoryManager( 2570): com.teslacoilsw.launcher last pss: 451712
07-06 12:30:19.868 D/NtMemoryManager( 2570): don't raise adj due to remove task : ch.karimattia.soli : -1
07-06 12:30:19.868 D/NtMemoryManager( 2570): org.mozilla.firefox last pss: 1753146
07-06 12:30:09.502 E/BATTERY_CHG(27658): handle_message: adsp_to_kernel_log:key_info:pump:97,pump_en:0,ovp:1,wpc:1,fcc:2500,fv:4500,icl:0,ibus_ma:0,usb_sus:0,wls_sus:0,BattInit:1,chg_type:0,soc:96,soc_time:2773,soc_pre:96,real_cap:3877000,htemp_charge:4100,plug_in:0,plugGpio:1,usbTemp:0,battTemp:0,nt_cc_enable:0,2646:00,2654:32,2606:07,2708:00,2952:28,2658:5a,2707:00,2b09:01,f243:6e,f245:00,f246:00,8a44:00,8b44:00,
07-06 12:30:11.589 I/[kworke][0x2e7cb6aa454][10:30:20.405945] qca6490(31198): [31198:I:PMO] pmo_core_enable_wow_in_fw: drv wow is enabled
07-06 12:30:11.637 I/[kworke][0x2e7cb78989d][10:30:20.453576] qca6490(31198): [31198:I:PMO] pmo_core_psoc_send_host_wakeup_ind_to_fw: Host wakeup indication sent to fw
07-06 12:30:11.858 E/simulated_ntc( 4482): proc_shell_write write invalid para
07-06 12:30:12.045 I/sd 0    (27416): 0:0:0: [sda] Synchronizing SCSI cache
07-06 12:30:21.422 I/CNSS    ( 2192): /sys/wifi/dump_in_progress file read permission doesn't exist
07-06 12:30:21.422 I/CNSS    ( 2192): /sys/wifi/max_chipset_log_size doesn't exist
07-06 12:30:12.604 I/[kworke][0x2e7cc941f4e][10:30:21.421345] qca6490(31198): [31198:I:PMO] pmo_core_enable_wow_in_fw: drv wow is enabled
07-06 12:30:12.641 I/[kworke][0x2e7cc9eced2][10:30:21.457819] qca6490(31198): [31198:I:HIF] hif_try_complete_tasks: waiting for tasklets 0 grp tasklets 0 work 2
07-06 12:30:12.669 I/[kworke][0x2e7cca71115][10:30:21.486009] qca6490(31198): [31198:I:PMO] pmo_core_psoc_send_host_wakeup_ind_to_fw: Host wakeup indication sent to fw
07-06 12:30:21.597 I/WifiHAL ( 1426): event received NL80211_CMD_VENDOR, vendor_id = 0x1374, subcmd = 0xd
07-06 12:30:21.598 I/cnss-daemon( 2278): nl80211 response handler invoked
07-06 12:30:21.598 I/cnss-daemon( 2278): nl80211_response_handler: cmd 103, vendorID 4980, subcmd 13  received
07-06 12:30:21.817 I/vendor.qti.bluetooth@1.0-ibs_handler( 1391): ProcessIbsCmd: Received IBS_WAKE_IND: 0xFD
07-06 12:30:21.817 I/vendor.qti.bluetooth@1.0-ibs_handler( 1391): ProcessIbsCmd: Writing IBS_WAKE_ACK
07-06 12:30:21.858 I/vendor.qti.bluetooth@1.0-ibs_handler( 1391): ProcessIbsCmd: Received IBS_SLEEP_IND: 0xFE
07-06 12:30:21.867 D/WifiStaIfaceHidlImpl( 2570): getCachedScanData is not implemented by HIDL
07-06 12:30:21.872 D/NtSmartWifiMonitor( 2570): get rssi = -45, frequecy=5620, datastall=0, current state=6
07-06 12:30:21.872 D/NtSmartWifiMonitor( 2570): 5G Wifi rssi queue: sufficient rssi=-70[-45, -45, -45]
07-06 12:30:21.873 D/NtSmartWifi( 2570): handleMessage EVENT_LINK_QUALITY_CHANGED ...
07-06 12:30:21.873 D/NtSmartWifi( 2570): enableSufficientCheckWhenScreenOn, true,  mSmartWifiEnabled=false, screenOn= true
07-06 12:30:13.708 I/[kworke][0x2e7cdd789e0][10:30:22.525273] qca6490(31198): [31198:I:PMO] pmo_core_enable_wow_in_fw: drv wow is enabled
07-06 12:30:13.743 I/[kworke][0x2e7cde1ac59][10:30:22.559866] qca6490(31198): [31198:I:HIF] hif_try_complete_tasks: waiting for tasklets 0 grp tasklets 0 work 2
07-06 12:30:13.765 I/[kworke][0x2e7cde83f99][10:30:22.582309] qca6490(31198): [31198:I:PMO] pmo_core_psoc_send_host_wakeup_ind_to_fw: Host wakeup indication sent to fw
07-06 12:30:13.766 W/healthd ( 1398): time_last:718, soc_current_time=73122, soc_pre_time=72404,charging_status:0,soc_temp:96
07-06 12:30:13.766 W/healthd ( 1398): battery l=96 v=4338 t=29.0 h=2 st=3 c=-156000 fc=4235000 cc=468 chg=
07-06 12:30:13.783 W/healthd ( 1398): time_last:718, soc_current_time=73122, soc_pre_time=72404,charging_status:0,soc_temp:96
07-06 12:30:22.602 E/NtChgAidl( 1440): NtChgAidl: mBattTempRegion _aidl_return:0
07-06 12:30:13.788 W/HealthLoop( 1398): debug.nt.screen_brightness:4.100818
07-06 12:30:14.403 I/[kworke][0x2e7cea2ede7][10:30:23.219513] qca6490(31198): [31198:I:PMO] pmo_core_enable_wow_in_fw: drv wow is enabled
07-06 12:30:14.450 I/[kworke][0x2e7ceb0afd8][10:30:23.266472] qca6490(31198): [31198:I:PMO] pmo_core_psoc_send_host_wakeup_ind_to_fw: Host wakeup indication sent to fw
07-06 12:30:23.601 I/WifiHAL ( 1426): event received NL80211_CMD_VENDOR, vendor_id = 0x1374, subcmd = 0xd
07-06 12:30:23.601 I/cnss-daemon( 2278): nl80211 response handler invoked
07-06 12:30:23.602 I/cnss-daemon( 2278): nl80211_response_handler: cmd 103, vendorID 4980, subcmd 13  received
07-06 12:30:23.961 D/ActivityManager( 2570): freezing 5102 com.google.android.gms
07-06 12:30:23.965 D/ActivityManager( 2570): freezing 27757 com.google.android.gms.persistent
07-06 12:30:23.972 D/InetDiagMessage( 2570): Destroyed 0 sockets, proto=IPPROTO_TCP, family=AF_INET, states=14
07-06 12:30:23.974 D/InetDiagMessage( 2570): Destroyed 0 sockets, proto=IPPROTO_TCP, family=AF_INET6, states=14
07-06 12:30:23.974 D/InetDiagMessage( 2570): Destroyed live tcp sockets for uids={99910137} in 4ms
07-06 12:30:24.082 I/vendor.qti.bluetooth@1.0-ibs_handler( 1391): ProcessIbsCmd: Received IBS_WAKE_IND: 0xFD
07-06 12:30:24.082 I/vendor.qti.bluetooth@1.0-ibs_handler( 1391): ProcessIbsCmd: Writing IBS_WAKE_ACK
07-06 12:30:24.123 I/vendor.qti.bluetooth@1.0-ibs_handler( 1391): ProcessIbsCmd: Received IBS_SLEEP_IND: 0xFE
07-06 12:30:15.630 I/(virq   (27662): irq_count)- GICv3:IPI(1):118711973 GICv3:arch_timer(11):54105932 GICv3:IPI(6):13743424 GICv3:apps_rsc(24):8239340 GICv3:IPI(2):4624579 GICv3:ufshcd(33):3451404 GICv3:ipcc_0(30):3329060 ipcc:glink-native-slpi(365):1890115 GICv3:msm_drm(219):1871749 ipcc:glink-native-adsp(364):1658369
07-06 12:30:15.630 I/(cpu    (27662): irq_count)- 0:47316884 1:47675841 2:47009174 3:46252812 4:10689499 5:9577832 6:9151576 7:4334656
07-06 12:30:15.630 I/(ipi    (27662): irq_count)- 0:118711974 1:4624579 2:0 3:0 4:0 5:13743424 6:0
07-06 12:30:24.895 D/WifiStaIfaceHidlImpl( 2570): getCachedScanData is not implemented by HIDL
07-06 12:30:24.900 D/NtSmartWifiMonitor( 2570): get rssi = -45, frequecy=5620, datastall=0, current state=6
07-06 12:30:24.900 D/NtSmartWifiMonitor( 2570): 5G Wifi rssi queue: sufficient rssi=-70[-45]
07-06 12:30:25.003 D/NfcService( 3533): handleMessage: MSG_WATCHDOG_PING
07-06 12:30:25.003 D/OomAdjuster( 2570): process : com.google.android.gms, pid = 5102, isTop = false, uid = 99910137, hasActivity = false
07-06 12:30:25.004 D/OomAdjuster( 2570): process : com.google.android.gms is not top!
07-06 12:30:25.009 D/ActivityManager( 2570): sync unfroze 5102 com.google.android.gms for 6
07-06 12:30:25.010 D/OomAdjuster( 2570): process : com.google.android.gms.persistent, pid = 27757, isTop = false, uid = 99910137, hasActivity = false
07-06 12:30:25.010 D/OomAdjuster( 2570): process : com.google.android.gms.persistent is not top!
07-06 12:30:25.015 D/ActivityManager( 2570): sync unfroze 27757 com.google.android.gms.persistent for 6
07-06 12:30:25.015 W/ProcessStats( 2570): Tracking association SourceState{4f60e45 com.google.android.gms/99910137 Service #102338} whose proc state 8 is better than process ProcessState{ce8b106 com.google.android.gms.persistent/99910137 pkg=com.google.android.gms} proc state 15 (3 skipped)
07-06 12:30:25.032 I/Authzen ( 5102): [DeviceStateSyncManager] The server is in sync with current state. Nothing to do
07-06 12:30:16.768 I/[kworke][0x2e7d157c4f4][10:30:25.584407] qca6490(31198): [31198:I:PMO] pmo_core_enable_wow_in_fw: drv wow is enabled
07-06 12:30:16.817 I/[kworke][0x2e7d16637b5][10:30:25.633724] qca6490(31198): [31198:I:PMO] pmo_core_psoc_send_host_wakeup_ind_to_fw: Host wakeup indication sent to fw
07-06 12:30:25.657 I/WifiHAL ( 1426): event received NL80211_CMD_VENDOR, vendor_id = 0x1374, subcmd = 0xd
07-06 12:30:25.658 I/cnss-daemon( 2278): nl80211 response handler invoked
07-06 12:30:25.658 I/cnss-daemon( 2278): nl80211_response_handler: cmd 103, vendorID 4980, subcmd 13  received
07-06 12:30:16.874 E/simulated_ntc( 4482): proc_shell_write write invalid para
07-06 12:30:25.779 I/NearbyMediums( 5846): No BLE Fast/GATT advertisements found in the latest cycle.
07-06 12:30:25.779 I/NearbyMediums( 5846): Current Tracked Scanning Clients are : {NearbyConnections.EnvironmentMonitor, NearbySharing}
07-06 12:30:17.518 I/[kworke][0x2e7d23395c4][10:30:26.334711] qca6490(31198): [31198:I:PMO] pmo_core_enable_wow_in_fw: drv wow is enabled
07-06 12:30:17.554 I/[kworke][0x2e7d23e4bfb][10:30:26.371274] qca6490(31198): [31198:I:HIF] hif_try_complete_tasks: waiting for tasklets 0 grp tasklets 0 work 2
07-06 12:30:17.583 I/[kworke][0x2e7d246a2d0][10:30:26.399739] qca6490(31198): [31198:I:PMO] pmo_core_psoc_send_host_wakeup_ind_to_fw: Host wakeup indication sent to fw
07-06 12:30:26.487 V/U.Notification(10700): Posting new notification, elapsed=16092
07-06 12:30:27.078 D/MobileConnectionRepositoryEx( 3309): [1] handleMessage: EVENT_START
07-06 12:30:27.167 D/WifiStaIfaceHidlImpl( 2570): getCachedScanData is not implemented by HIDL
07-06 12:30:27.185 I/vendor.qti.bluetooth@1.0-ibs_handler( 1391): DeviceWakeUp: Writing IBS_WAKE_IND
07-06 12:30:27.191 I/vendor.qti.bluetooth@1.0-ibs_handler( 1391): ProcessIbsCmd: Received IBS_WAKE_ACK: 0xFC
07-06 12:30:27.191 I/vendor.qti.bluetooth@1.0-ibs_handler( 1391): ProcessIbsCmd: Signal wack_cond_
07-06 12:30:27.192 I/vendor.qti.bluetooth@1.0-ibs_handler( 1391): ProcessIbsCmd: Received IBS_WAKE_IND: 0xFD
07-06 12:30:27.192 I/vendor.qti.bluetooth@1.0-ibs_handler( 1391): ProcessIbsCmd: Writing IBS_WAKE_ACK
07-06 12:30:27.234 I/vendor.qti.bluetooth@1.0-ibs_handler( 1391): ProcessIbsCmd: Received IBS_SLEEP_IND: 0xFE
07-06 12:30:27.571 D/BoundBrokerSvc( 3409): onUnbind: Intent { act=com.google.android.gms.common.BIND_SHARED_PREFS xflg=0x4 pkg=com.google.android.gms }
07-06 12:30:27.613 I/AppSearchIcing( 2570): icing-search-engine.cc:2487: Persisting data to disk with mode 3
07-06 12:30:27.620 I/AppSearchIcing( 2570): icing-search-engine.cc:2502: PersistToDisk completed.
07-06 12:30:27.663 I/WifiHAL ( 1426): event received NL80211_CMD_VENDOR, vendor_id = 0x1374, subcmd = 0xd
07-06 12:30:27.664 I/cnss-daemon( 2278): nl80211 response handler invoked
07-06 12:30:27.664 I/cnss-daemon( 2278): nl80211_response_handler: cmd 103, vendorID 4980, subcmd 13  received
07-06 12:30:27.770 D/DisplayPowerController[0]( 2570): DisplayPowerRequest changed: policy=DIM, useProximitySensor=false, screenBrightnessOverride=NaN, screenAutoBrightnessAdjustmentOverride=NaN, screenLowPowerBrightnessFactor=1.0, blockScreenOn=false, lowPowerMode=false, boostScreenBrightness=false, dozeScreenBrightness=NaN, dozeScreenState=UNKNOWN, dozeScreenStateReason=DEFAULT_POLICY, useNormalBrightnessForDoze=false, waitForNegativeProximity=false
07-06 12:30:27.771 D/NtAppUsageManager( 2570): No need to write old record
07-06 12:30:27.778 V/DisplayPowerController[0]( 2570): Brightness [0.05] reason changing to: 'automatic [ dim ]', previous reason: 'automatic'.
07-06 12:30:27.779 I/DisplayPowerController[0]( 2570): BrightnessEvent: brt=0.05 (39.0%), nits= 4.3617077, lux=242.6625, reason=automatic [ dim ], strat=AutomaticBrightnessStrategy, state=ON, stateReason=KEY, policy=DIM, flags=, initBrt=0.41008174, rcmdBrt=0.41008174, preBrt=NaN, preLux=NaN, wasShortTermModelActive=false, autoBrightness=true (default), unclampedBrt=0.41008174, hbmMax=0.85836387, hbmMode=sunlight, thrmMax=1.0, rbcStrength=82, powerFactor=1.0, physDisp=Built-in Screen(local:4630946639017191809), logicalId=0, slowChange=false, rampSpeed=0.2
07-06 12:30:27.832 E/NtVrr   ( 1617): updateVrrParameters, mLastVrrMode =1, mCurrentDynamicMode=16, mCurrentFixMode=16
07-06 12:30:27.832 E/NtVrr   ( 1617): VRR write vrr mode: 16
07-06 12:30:27.835 E/NtSurfaceFlinger( 1617): mIdleFrom60HzFixMode=0, mWantUseFixVrr=0, isUseFixMode=0
07-06 12:30:19.018 E/        ( 1975): [drm:store_skip_frame_mode:3160] [sde error]set refresh rate, index: 16
07-06 12:30:27.909 D/WifiStaIfaceHidlImpl( 2570): getCachedScanData is not implemented by HIDL
07-06 12:30:27.913 D/NtSmartWifiMonitor( 2570): get rssi = -45, frequecy=5620, datastall=0, current state=6
07-06 12:30:27.913 D/NtSmartWifiMonitor( 2570): 5G Wifi rssi queue: sufficient rssi=-70[-45, -45]
07-06 12:30:28.191 I/vendor.qti.bluetooth@1.0-ibs_handler( 1391): DeviceSleep: TX Awake, Sending SLEEP_IND
07-06 12:30:28.674 D/NtAppUsageManager( 2570): No need to write old record
07-06 12:30:20.426 I/[kworke][0x2e7d5877a85][10:30:29.242508] qca6490(31198): [31198:I:PMO] pmo_core_enable_wow_in_fw: drv wow is enabled
07-06 12:30:20.479 I/[kworke][0x2e7d59700fa][10:30:29.295501] qca6490(31198): [31198:I:PMO] pmo_core_psoc_send_host_wakeup_ind_to_fw: Host wakeup indication sent to fw
07-06 12:30:29.677 I/WifiHAL ( 1426): event received NL80211_CMD_VENDOR, vendor_id = 0x1374, subcmd = 0xd
07-06 12:30:29.678 I/cnss-daemon( 2278): nl80211 response handler invoked
07-06 12:30:29.678 I/cnss-daemon( 2278): nl80211_response_handler: cmd 103, vendorID 4980, subcmd 13  received
07-06 12:30:21.487 I/[kworke][0x2e7d6be5cda][10:30:30.303659] qca6490(31198): [31198:I:PMO] pmo_core_enable_wow_in_fw: drv wow is enabled
07-06 12:30:21.525 I/[kworke][0x2e7d6c977e3][10:30:30.341566] qca6490(31198): [31198:I:HIF] hif_try_complete_tasks: waiting for tasklets 0 grp tasklets 0 work 2
07-06 12:30:21.555 I/[kworke][0x2e7d6d25744][10:30:30.371851] qca6490(31198): [31198:I:PMO] pmo_core_psoc_send_host_wakeup_ind_to_fw: Host wakeup indication sent to fw
07-06 12:30:30.502 I/SensorService( 2570): checkAndReportAmbientLightSensorStateChangeLocked new 1 old 1 force 0
07-06 12:30:21.886 E/simulated_ntc( 4482): proc_shell_write write invalid para
07-06 12:30:30.935 D/WifiStaIfaceHidlImpl( 2570): getCachedScanData is not implemented by HIDL
07-06 12:30:30.940 D/NtSmartWifiMonitor( 2570): get rssi = -45, frequecy=5620, datastall=0, current state=6
07-06 12:30:30.940 D/NtSmartWifiMonitor( 2570): 5G Wifi rssi queue: sufficient rssi=-70[-45, -45, -45]
07-06 12:30:30.940 D/NtSmartWifi( 2570): handleMessage EVENT_LINK_QUALITY_CHANGED ...
07-06 12:30:30.940 D/NtSmartWifi( 2570): enableSufficientCheckWhenScreenOn, true,  mSmartWifiEnabled=false, screenOn= true
07-06 12:30:31.684 I/CNSS    ( 2192): /sys/wifi/dump_in_progress file read permission doesn't exist
07-06 12:30:31.684 I/CNSS    ( 2192): /sys/wifi/max_chipset_log_size doesn't exist
07-06 12:30:31.689 I/WifiHAL ( 1426): event received NL80211_CMD_VENDOR, vendor_id = 0x1374, subcmd = 0xd
07-06 12:30:31.690 I/cnss-daemon( 2278): nl80211 response handler invoked
07-06 12:30:31.690 I/cnss-daemon( 2278): nl80211_response_handler: cmd 103, vendorID 4980, subcmd 13  received
07-06 12:30:32.397 W/ActivityManager( 2570): Unbind failed: could not find connection for android.os.BinderProxy@d7f3e1
07-06 12:30:32.399 D/SatelliteModemInterface( 3621): Binding to vendor.qti.data.ntnsatapp
07-06 12:30:32.404 W/ActivityManager( 2570): Unable to start service Intent { act=android.telephony.satellite.SatelliteService xflg=0x4 pkg=vendor.qti.data.ntnsatapp } U=0: not found
07-06 12:30:32.405 E/SatelliteModemInterface( 3621): Error binding to the satellite service. Retrying in 32122 ms.
07-06 12:30:32.486 I/SensorService( 2570): checkAndReportAmbientLightSensorStateChangeLocked new 1 old 1 force 0
07-06 12:30:32.530 I/S.FlushReqestGen(10700): Queueing async flush of data to disk for 2 listeners.
07-06 12:30:32.551 I/S.FlushReqestGen(10700): Async flush done.
07-06 12:30:32.551 D/U/AsyncTaskHelper(10700): r8lambdaeKjHpdWvaEhsTIzu7XkVhl4aiT4$3@e3a8343 finished, thread=ATH-4. Queue time: 1ms. Run real=20 cpu=14 ms
07-06 12:30:32.729 I/vendor.qti.bluetooth@1.0-ibs_handler( 1391): ProcessIbsCmd: Received IBS_WAKE_IND: 0xFD
07-06 12:30:32.729 I/vendor.qti.bluetooth@1.0-ibs_handler( 1391): ProcessIbsCmd: Writing IBS_WAKE_ACK
07-06 12:30:32.740 I/NearbyDiscovery( 5846): (REDACTED) BloomFilterAdvManager: Detected bloom filter but too far away, ignoring. %sm, %s
07-06 12:30:32.740 I/NearbyDiscovery( 5846): (REDACTED) loadFastPairModule: checkFeaturesAreAvailable:%d
07-06 12:30:32.741 I/NearbyDiscovery( 5846): loadFastPairModule: FastPair module is downloaded. [CONTEXT service_id=265 ]
07-06 12:30:32.768 W/.gms.persistent( 5846): Missing inline cache for void dovf.l(dpxl, int, dpsu, dmwl)
07-06 12:30:32.770 I/vendor.qti.bluetooth@1.0-ibs_handler( 1391): ProcessIbsCmd: Received IBS_SLEEP_IND: 0xFE
07-06 12:30:24.635 I/[kworke][0x2e7da58c08e][10:30:33.452082] qca6490(23236): [23236:I:PMO] pmo_core_enable_wow_in_fw: drv wow is enabled
07-06 12:30:24.689 I/[kworke][0x2e7da688eb4][10:30:33.506030] qca6490(23236): [23236:I:PMO] pmo_core_psoc_send_host_wakeup_ind_to_fw: Host wakeup indication sent to fw
07-06 12:30:33.698 I/WifiHAL ( 1426): event received NL80211_CMD_VENDOR, vendor_id = 0x1374, subcmd = 0xd
07-06 12:30:33.698 I/cnss-daemon( 2278): nl80211 response handler invoked
07-06 12:30:33.698 I/cnss-daemon( 2278): nl80211_response_handler: cmd 103, vendorID 4980, subcmd 13  received
07-06 12:30:33.821 I/SensorService( 2570): checkAndReportAmbientLightSensorStateChangeLocked new 1 old 1 force 0
07-06 12:30:25.101 I/(virq   (27662): irq_count)- GICv3:IPI(1):118721398 GICv3:arch_timer(11):54113256 GICv3:IPI(6):13744787 GICv3:apps_rsc(24):8239808 GICv3:IPI(2):4624934 GICv3:ufshcd(33):3451526 GICv3:ipcc_0(30):3329254 ipcc:glink-native-slpi(365):1890275 GICv3:msm_drm(219):1872032 ipcc:glink-native-adsp(364):1658443
07-06 12:30:25.101 I/(cpu    (27662): irq_count)- 0:47321866 1:47680742 2:47013880 3:46257939 4:10689609 5:9578012 6:9152019 7:4334676
07-06 12:30:25.101 I/(ipi    (27662): irq_count)- 0:118721398 1:4624934 2:0 3:0 4:0 5:13744787 6:0
07-06 12:30:33.955 D/WifiStaIfaceHidlImpl( 2570): getCachedScanData is not implemented by HIDL
07-06 12:30:33.960 D/NtSmartWifiMonitor( 2570): get rssi = -45, frequecy=5620, datastall=0, current state=6
07-06 12:30:33.960 D/NtSmartWifiMonitor( 2570): 5G Wifi rssi queue: sufficient rssi=-70[-45]
07-06 12:30:25.843 I/[kworke][0x2e7dbbaa3b4][10:30:34.660017] qca6490(23236): [23236:I:PMO] pmo_core_enable_wow_in_fw: drv wow is enabled
07-06 12:30:25.881 I/[kworke][0x2e7dbc5af33][10:30:34.697717] qca6490(23236): [23236:I:HIF] hif_try_complete_tasks: waiting for tasklets 0 grp tasklets 0 work 2
07-06 12:30:25.916 I/[kworke][0x2e7dbcfdd7d][10:30:34.732467] qca6490(23236): [23236:I:PMO] pmo_core_psoc_send_host_wakeup_ind_to_fw: Host wakeup indication sent to fw
07-06 12:30:34.768 I/PowerGroup( 2570): Powering off display group due to timeout (groupId= 0, uid= 1000, millisSinceLastUserActivity=150000, lastUserActivityEvent=other)...
07-06 12:30:34.770 I/PowerManagerService( 2570): Going to sleep due to timeout (uid 1000, screenOffTimeout=150000, activityTimeoutWM=-1, maxDimRatio=0.20000005, maxDimDur=7000)...
07-06 12:30:34.770 D/KeyguardViewMediator( 3309): onStartedGoingToSleep(3)
07-06 12:30:34.771 D/WakelockCheck( 2570): Screen-Off: Start WakeLock Track
07-06 12:30:34.773 D/BackgroundInstallControlService( 2570): Package event received: 0
07-06 12:30:34.773 D/BackgroundInstallControlService( 2570): Package event received: 0
07-06 12:30:34.774 I/DreamManagerService( 2570): Entering dreamland.
07-06 12:30:34.774 D/KeyguardViewMediator( 3309): notifyStartedGoingToSleep
07-06 12:30:34.775 D/OomAdjuster( 2570): process : com.nothing.launcher, pid = 3827, isTop = false, uid = 10177
07-06 12:30:25.963 I/        ( 3446): [GTP-INF][goodix_pocket_mode_store] out pocket mode
07-06 12:30:34.775 D/OomAdjuster( 2570): process : com.nothing.cardservice, pid = 6912, isTop = false, uid = 10209
07-06 12:30:34.775 D/OomAdjuster( 2570): system app not need limit!
07-06 12:30:34.776 D/OomAdjuster( 2570): set group = 7
07-06 12:30:34.776 D/OomAdjuster( 2570): set cpuset: 7
07-06 12:30:34.777 D/KeyguardTransitionRepository( 3309): (Internal) Setting current transition info: TransitionInfo(ownerName=FromGoneTransitionInteractor(Sleep transition triggered), from=GONE, to=DOZING, animated)
