07-06 12:30:30.109 E/smcinvoke( 1509): process_accept_req: Server id :23 interrupted probaby due to suspend, pid:1509
07-06 12:30:30.109 E/smcinvoke( 1517): process_accept_req: Server id :23 interrupted probaby due to suspend, pid:1517
07-06 12:30:30.109 E/smcinvoke( 1516): process_accept_req: Server id :23 interrupted probaby due to suspend, pid:1516
07-06 12:30:30.109 E/smcinvoke(13719): process_accept_req: Server id :29 interrupted probaby due to suspend, pid:13719
07-06 12:30:30.109 E/smcinvoke(13720): process_accept_req: Server id :29 interrupted probaby due to suspend, pid:13720
07-06 12:30:30.109 E/smcinvoke(13721): process_accept_req: Server id :29 interrupted probaby due to suspend, pid:13721
07-06 12:30:30.109 E/smcinvoke(13722): process_accept_req: Server id :29 interrupted probaby due to suspend, pid:13722
07-06 12:30:30.126 W/        (14852): (elapsed 0.021 seconds) done.
07-06 12:30:30.126 I/        (14852): OOM killer disabled.
07-06 12:30:30.126 I/        (14852): Freezing remaining freezable tasks ... (elapsed 0.004 seconds) done.
07-06 12:30:30.131 I/printk  (14852): Suspending console(s) (use no_console_suspend to debug)
07-06 12:30:30.135 I/[kworke][0x2e7e0a3e45c][10:30:38.951439] qca6490(27662): [27662:I:HDD] hdd_suspend_wlan: WLAN being suspended by OS
07-06 12:30:30.135 I/[kworke][0x2e7e0a40209][10:30:38.951835] qca6490(27662): [27662:I:PMO] pmo_core_is_wow_applicable: lpass enabled, enabling wow
07-06 12:30:30.208 I/[binder][0x2e7e0b98c98][10:30:39.025362] qca6490(14852): [14852:I:HDD] __wlan_hdd_bus_suspend: starting bus suspend
07-06 12:30:30.208 I/[binder][0x2e7e0b99078][10:30:39.025414] qca6490(14852): [14852:I:PMO] pmo_core_enable_wow_in_fw: drv wow is enabled
07-06 12:30:30.208 I/[binder][0x2e7e0b99104][10:30:39.025421] qca6490(14852): [14852:I:PMO] pmo_core_enable_wow_in_fw: system suspend wow
07-06 12:30:30.233 I/[binder][0x2e7e0c0b891][10:30:39.049842] qca6490(14852): [14852:I:HIF] hif_try_complete_tasks: waiting for tasklets 0 grp tasklets 0 work 2
07-06 12:30:30.250 I/[binder][0x2e7e0c5d3ed][10:30:39.067273] qca6490(14852): [14852:I:HDD] __wlan_hdd_bus_suspend: bus suspend succeeded
07-06 12:30:30.256 I/[haptic_hv][0279]aw8692x_wait_enter_standby(14852): entered standby!
07-06 12:30:30.256 I/        (14852): aw20036_suspend vip 0 fact 0 always 0 (0)
07-06 12:30:30.256 I/        (14852): aw20036_suspend goto suspend
07-06 12:30:30.256 I/aw20036_hw_off(14852): enter
07-06 12:30:30.262 I/sd 0    (27657): 0:0:4: [sde] Synchronizing SCSI cache
07-06 12:30:30.262 I/sd 0    (27658): 0:0:0: [sda] Synchronizing SCSI cache
07-06 12:30:30.266 E/PM      (14852): dpm_run_callback(): platform_pm_suspend.cfi_jt+0x0/0x8 returns -16
07-06 12:30:30.266 E/alarmtimer.0.auto(14852): PM: failed to suspend: error -16
07-06 12:30:30.266 E/PM      (14852): Some devices failed to suspend, or early wake event detected
07-06 12:30:30.267 I/        (14852): aw20036_resume (1)
07-06 12:30:30.267 I/        (14852): aw20036_resume is suspend
07-06 12:30:30.276 I/[binder][0x2e7e0cd5514][10:30:39.092889] qca6490(14852): [14852:I:HDD] wlan_hdd_bus_resume: starting bus resume
07-06 12:30:30.276 I/[binder][0x2e7e0cd763d][10:30:39.093331] qca6490(14852): [14852:I:PMO] pmo_core_psoc_send_host_wakeup_ind_to_fw: Host wakeup indication sent to fw
07-06 12:30:30.292 I/[    C5] [soft_i][0x2e7e0d1ed54][10(    0): 30:39.108572] qca6490: [0:I:WMA] Non-WLAN triggered wakeup: UNSPECIFIED (-1)
07-06 12:30:30.293 I/[binder][0x2e7e0d23af3][10:30:39.109607] qca6490(14852): [14852:I:HDD] wlan_hdd_bus_resume: bus resume succeeded
07-06 12:30:30.305 I/[kworke][0x2e7e0d5e6f8][10:30:39.122140] qca6490(27662): [27662:I:HDD] hdd_resume_wlan: WLAN being resumed by OS
07-06 12:30:30.308 I/        (14852): OOM killer enabled.
07-06 12:30:30.308 I/        (14852): Restarting tasks ...
07-06 12:30:30.311 E/smcinvoke( 1422): process_accept_req: process_accept_req txn 1 either invalid or removed from Q
07-06 12:30:30.312 E/smcinvoke( 1498): process_accept_req: process_accept_req txn 7 either invalid or removed from Q
07-06 12:30:30.312 E/smcinvoke( 1499): process_accept_req: process_accept_req txn 5 either invalid or removed from Q
07-06 12:30:30.312 E/smcinvoke( 1501): process_accept_req: process_accept_req txn 7 either invalid or removed from Q
07-06 12:30:30.312 E/smcinvoke( 1502): process_accept_req: process_accept_req txn 5 either invalid or removed from Q
07-06 12:30:30.312 E/smcinvoke( 1504): process_accept_req: process_accept_req txn 6 either invalid or removed from Q
07-06 12:30:30.312 E/smcinvoke( 1509): process_accept_req: process_accept_req txn 2 either invalid or removed from Q
07-06 12:30:30.312 E/smcinvoke( 1508): process_accept_req: process_accept_req txn 4 either invalid or removed from Q
07-06 12:30:30.312 E/smcinvoke( 1517): process_accept_req: process_accept_req txn 3 either invalid or removed from Q
07-06 12:30:30.313 E/smcinvoke(13720): process_accept_req: process_accept_req txn 2 either invalid or removed from Q
07-06 12:30:30.313 E/smcinvoke(13722): process_accept_req: process_accept_req txn 1 either invalid or removed from Q
07-06 12:30:30.316 E/smcinvoke( 1425): process_accept_req: process_accept_req txn 2 either invalid or removed from Q
07-06 12:30:30.326 E/smcinvoke( 1496): process_accept_req: process_accept_req txn 6 either invalid or removed from Q
07-06 12:30:30.326 E/smcinvoke( 1503): process_accept_req: process_accept_req txn 3 either invalid or removed from Q
07-06 12:30:30.326 E/smcinvoke( 1516): process_accept_req: process_accept_req txn 5 either invalid or removed from Q
07-06 12:30:30.329 W/        (14852): done.
07-06 12:30:30.329 I/Abort   (14852): Device alarmtimer.0.auto failed to suspend: error -16
07-06 12:30:30.329 E/ipa_pm_notify(14852): 498 Entry
07-06 12:30:30.329 E/ipa_pm_notify(14852): 510 Exit
07-06 12:30:30.329 I/adsp_sleepmon(14852): PM_POST_SUSPEND
07-06 12:30:30.329 I/PM      (14852): suspend exit
07-06 12:30:30.329 I/adsp_sleepmon(  609): timer_event = 0,suspend_event = 1
07-06 12:30:39.881 D/Dragonite( 2570): release 91
07-06 12:30:40.274 V/DreamService[DozeService]( 3309): UpdateDoze mDozeScreenState=1 mDozeScreenBrightness=68 mDozeScreenBrightnessFloat=NaN
07-06 12:30:40.274 D/DreamManagerService( 2570): Dream requested to start dozing: android.os.Binder@3dea06d, screenState=OFF, reason=UNKNOWN, screenBrightnessFloat=NaN, screenBrightnessInt=68, useNormalBrightnessForDoze=false
07-06 12:30:40.275 D/DisplayPowerController[0]( 2570): DisplayPowerRequest changed: policy=DOZE, useProximitySensor=false, screenBrightnessOverride=NaN, screenAutoBrightnessAdjustmentOverride=NaN, screenLowPowerBrightnessFactor=1.0, blockScreenOn=false, lowPowerMode=false, boostScreenBrightness=false, dozeScreenBrightness=0.26377952, dozeScreenState=OFF, dozeScreenStateReason=UNKNOWN, useNormalBrightnessForDoze=false, waitForNegativeProximity=false
07-06 12:30:40.278 I/DisplayPowerController[0]( 2570): Blocking screen off
07-06 12:30:40.315 D/WindowManager( 2570): Create SleepToken: tag=Display-off, displayId=0
07-06 12:30:40.317 D/NtAppUsageManager( 2570): No need to write old record
07-06 12:30:40.320 I/DisplayPowerController[0]( 2570): Unblocked screen off after 42 ms
07-06 12:30:40.327 D/NtAppUsageManager( 2570): No need to write old record
07-06 12:30:40.327 I/AutomaticBrightnessController( 2570): Switching to mode default
07-06 12:30:40.327 I/DisplayBrightnessStrategySelector( 2570): Changing the DisplayBrightnessStrategy from DozeBrightnessStrategy to ScreenOffBrightnessStrategy for display 0
07-06 12:30:40.329 V/DisplayPowerController[0]( 2570): Brightness [0.0] reason changing to: 'screen_off', previous reason: 'doze'.
07-06 12:30:40.330 I/DisplayPowerController[0]( 2570): BrightnessEvent: brt=0.0 (0.0%), nits= 2.0, lux=-1.0, reason=screen_off, strat=ScreenOffBrightnessStrategy, state=OFF, stateReason=UNKNOWN, policy=DOZE, flags=, initBrt=0.26377952, rcmdBrt=NaN, preBrt=NaN, preLux=0.0, wasShortTermModelActive=false, autoBrightness=true (default), unclampedBrt=0.0, hbmMax=0.85836387, hbmMode=sunlight, thrmMax=1.0, rbcStrength=82, powerFactor=1.0, physDisp=Built-in Screen(local:4630946639017191809), logicalId=0, slowChange=false, rampSpeed=0.0
07-06 12:30:40.332 I/DisplayDeviceRepository( 2570): Display device changed state: "Built-in Screen", OFF
07-06 12:30:40.332 D/BrightnessThermalClamper( 2570): Thermal status observer already started
07-06 12:30:31.516 I/goodix_fp(  960): [info] goodix_panel_state_chg_callback go to the goodix_fb_state_chg_callback type = 1
07-06 12:30:31.516 W/        ( 2565): process 2659 (fingerprint@2.3) no longer affine to cpu7
07-06 12:30:40.333 D/WindowManager( 2570): DeferredDisplayUpdater: partially applying DisplayInfo(1080 x 2412) immediately
07-06 12:30:40.334 I/DisplayDevice( 2570): [0] Layerstack set to -1 for local:4630946639017191809
07-06 12:30:31.542 E/        (  960): [drm:dsi_pwr_panel_regulator_mode_set [msm_drm]] *ERROR* [msm-dsi-error]: Regulator ibb was not found
07-06 12:30:31.670 I/        (31198): [GTP-INF][drm_notifier_work_func] get suspend notification
07-06 12:30:40.491 D/NtAppUsageManager( 2570): No need to write old record
07-06 12:30:40.533 W/AccessibilityWindowsPopulator( 2570): The displayInfo of this displayId (0) called back from the surface fligner is null
07-06 12:30:40.704 I/ActivityManager( 2570): Force stopping com.callstack.agentdevice.snapshothelper appid=10352 user=0: from pid 31623
07-06 12:30:40.705 I/ActivityManager( 2570): Killing 31449:com.callstack.agentdevice.snapshothelper/u0a352 (adj 0): stop com.callstack.agentdevice.snapshothelper due to from pid 31623
07-06 12:30:40.708 W/ActivityManager( 2570): Crash of app com.callstack.agentdevice.snapshothelper running instrumentation ComponentInfo{com.callstack.agentdevice.snapshothelper/com.callstack.agentdevice.snapshothelper.SnapshotInstrumentation}
07-06 12:30:40.714 I/ActivityManager( 2570): Force stopping com.callstack.agentdevice.snapshothelper appid=10352 user=0: finished inst
07-06 12:30:40.716 D/BackgroundInstallControlService( 2570): Package event received: 0
07-06 12:30:40.717 D/BackgroundInstallControlService( 2570): Package event received: 0
07-06 12:30:40.718 D/OomAdjuster( 2570): process : com.android.systemui, pid = 3309, isTop = false, uid = 10192
07-06 12:30:40.718 D/OomAdjuster( 2570): system app not need limit!
07-06 12:30:40.718 D/OomAdjuster( 2570): set group = 7
07-06 12:30:40.718 D/OomAdjuster( 2570): set cpuset: 7
07-06 12:30:40.718 D/BackgroundInstallControlService( 2570): Package event received: 0
07-06 12:30:40.718 D/BackgroundInstallControlService( 2570): Package event received: 0
07-06 12:30:40.718 D/BackgroundInstallControlService( 2570): Package event received: 0
07-06 12:30:40.718 D/BackgroundInstallControlService( 2570): Package event received: 0
07-06 12:30:40.721 I/AppsFilter( 2570): interaction: PackageSetting{9d05b6c ch.karimattia.libraries/10260} -> PackageSetting{4f05bd4 com.callstack.agentdevice.snapshothelper/10352} BLOCKED
07-06 12:30:40.722 D/BackgroundInstallControlService( 2570): Package event received: 0
07-06 12:30:40.722 I/AppsFilter( 2570): interaction: PackageSetting{b1a0535 com.callstack.agentdevice.multitouchhelper/10355} -> PackageSetting{4f05bd4 com.callstack.agentdevice.snapshothelper/10352} BLOCKED
07-06 12:30:40.722 D/BackgroundInstallControlService( 2570): Package event received: 0
07-06 12:30:40.722 D/BackgroundInstallControlService( 2570): Package event received: 0
07-06 12:30:40.722 D/BackgroundInstallControlService( 2570): Package event received: 0
07-06 12:30:40.722 I/AppsFilter( 2570): interaction: PackageSetting{e341b3b ch.karimattia.workoutpixel.test/10280} -> PackageSetting{4f05bd4 com.callstack.agentdevice.snapshothelper/10352} BLOCKED
07-06 12:30:40.722 D/BackgroundInstallControlService( 2570): Package event received: 0
07-06 12:30:40.722 I/AppsFilter( 2570): interaction: PackageSetting{71dc258 ch.karimattia.workoutpixels/10303} -> PackageSetting{4f05bd4 com.callstack.agentdevice.snapshothelper/10352} BLOCKED
07-06 12:30:40.722 D/BackgroundInstallControlService( 2570): Package event received: 0
07-06 12:30:40.722 W/ActivityManager( 2570): Invalid packageName: com.callstack.agentdevice.snapshothelper
07-06 12:30:40.723 D/BackgroundInstallControlService( 2570): Package event received: 0
07-06 12:30:40.724 D/BackgroundInstallControlService( 2570): Package event received: 0
07-06 12:30:40.725 D/BackgroundInstallControlService( 2570): Package event received: 0
07-06 12:30:40.725 D/BackgroundInstallControlService( 2570): Package event received: 0
07-06 12:30:40.725 D/BackgroundInstallControlService( 2570): Package event received: 0
07-06 12:30:40.725 D/BackgroundInstallControlService( 2570): Package event received: 0
07-06 12:30:40.725 D/BackgroundInstallControlService( 2570): Package event received: 0
07-06 12:30:40.725 D/BackgroundInstallControlService( 2570): Package event received: 0
07-06 12:30:40.725 D/BackgroundInstallControlService( 2570): Package event received: 0
07-06 12:30:40.726 D/BackgroundInstallControlService( 2570): Package event received: 0
07-06 12:30:40.726 D/BackgroundInstallControlService( 2570): Package event received: 0
07-06 12:30:40.726 D/BackgroundInstallControlService( 2570): Package event received: 0
07-06 12:30:40.726 D/BackgroundInstallControlService( 2570): Package event received: 0
07-06 12:30:40.726 D/BackgroundInstallControlService( 2570): Package event received: 0
07-06 12:30:40.726 D/BackgroundInstallControlService( 2570): Package event received: 0
07-06 12:30:40.726 D/BackgroundInstallControlService( 2570): Package event received: 0
07-06 12:30:31.910 E/simulated_ntc( 4482): proc_shell_write write invalid para
07-06 12:30:40.730 I/MR2ServiceImpl( 2570): Updating composite discovery preference | preference: RouteDiscoveryRequest{ preferredFeatures={}, activeScan=false }, active routers: []
07-06 12:30:40.739 D/BackgroundInstallControlService( 2570): Package event received: 0
07-06 12:30:40.739 D/BackgroundInstallControlService( 2570): Package event received: 0
07-06 12:30:31.922 I/binder  (24758): undelivered transaction 17901886, process died.
07-06 12:30:40.739 D/BackgroundInstallControlService( 2570): Package event received: 0
07-06 12:30:40.739 D/BackgroundInstallControlService( 2570): Package event received: 0
07-06 12:30:31.924 I/binder_alloc( 7441): 31449: binder_alloc_buf, no vma
07-06 12:30:31.924 I/binder  ( 7441): 2570:7441 transaction async to 31449:0 failed 17901935/29189/-3, code 1 size 192-0 line 3350
07-06 12:30:40.740 D/BackgroundInstallControlService( 2570): Package event received: 0
07-06 12:30:40.740 D/BackgroundInstallControlService( 2570): Package event received: 0
07-06 12:30:40.740 D/BackgroundInstallControlService( 2570): Package event received: 0
07-06 12:30:40.740 D/BackgroundInstallControlService( 2570): Package event received: 0
07-06 12:30:40.740 D/BackgroundInstallControlService( 2570): Package event received: 0
07-06 12:30:40.740 D/BackgroundInstallControlService( 2570): Package event received: 0
07-06 12:30:40.740 D/BackgroundInstallControlService( 2570): Package event received: 0
07-06 12:30:40.740 D/BackgroundInstallControlService( 2570): Package event received: 0
07-06 12:30:40.740 D/BackgroundInstallControlService( 2570): Package event received: 0
07-06 12:30:40.740 D/BackgroundInstallControlService( 2570): Package event received: 0
07-06 12:30:40.740 D/BackgroundInstallControlService( 2570): Package event received: 0
07-06 12:30:40.740 D/BackgroundInstallControlService( 2570): Package event received: 0
07-06 12:30:40.740 D/BackgroundInstallControlService( 2570): Package event received: 0
07-06 12:30:40.740 D/BackgroundInstallControlService( 2570): Package event received: 0
07-06 12:30:40.740 D/BackgroundInstallControlService( 2570): Package event received: 0
07-06 12:30:40.740 D/BackgroundInstallControlService( 2570): Package event received: 0
07-06 12:30:40.740 D/BackgroundInstallControlService( 2570): Package event received: 0
07-06 12:30:40.740 D/BackgroundInstallControlService( 2570): Package event received: 0
07-06 12:30:40.740 D/BackgroundInstallControlService( 2570): Package event received: 0
07-06 12:30:40.740 D/BackgroundInstallControlService( 2570): Package event received: 0
07-06 12:30:40.740 W/ActivityManager( 2570): pid 2570 system sent binder code 1 with flags 1 to frozen apps and got error -32
07-06 12:30:40.741 V/ActivityManager( 2570): Got obituary of 31449:com.callstack.agentdevice.snapshothelper
07-06 12:30:40.741 V/AccessibilityManagerService( 2570): onUserStateChangedLocked for userId: 0, forceUpdate: false
07-06 12:30:40.742 W/MagnificationConnectionManager( 2570): requestConnection duplicated request: connect=false, mConnectionState=DISCONNECTED
07-06 12:30:40.743 V/UiAutomationManager( 2570): UiAutomation service owner died
07-06 12:30:40.755 D/BatterySaverPolicy( 2570): accessibility changed to false, updating policy.
07-06 12:30:32.150 W/nt_vote ( 1440): FCC_MAIN: FCC_TEMPERATURE_CONTROL_VOTER,1 voting on of val=20000
07-06 12:30:32.150 W/nt_vote ( 1440): FCC_MAIN: effective vote is now 9000 voted by FCC_NT_CHG_VOTER,0
07-06 12:30:41.145 D/AccessibilityManagerService( 2570): changeCurrentUserForTestAutomationIfNeededLocked(0): ignoring because device doesn't support visible background users
07-06 12:30:41.145 I/UiAutomationManager( 2570): Registering UiTestAutomationService (id=com.android.server.accessibility/UiAutomation, flags=0x0) when called by user 0
07-06 12:30:41.145 V/AccessibilityManagerService( 2570): onUserStateChangedLocked for userId: 0, forceUpdate: false
07-06 12:30:41.146 W/MagnificationConnectionManager( 2570): requestConnection duplicated request: connect=false, mConnectionState=DISCONNECTED
07-06 12:30:41.148 D/BatterySaverPolicy( 2570): accessibility changed to true, updating policy.
07-06 12:30:41.149 V/AccessibilityManagerService( 2570): onUserStateChangedLocked for userId: 0, forceUpdate: false
07-06 12:30:41.149 W/MagnificationConnectionManager( 2570): requestConnection duplicated request: connect=false, mConnectionState=DISCONNECTED
07-06 12:30:32.151 I/BATTERY_CHG( 1440): scenario_fcc_store: scenario_fcc_store,val:9000
07-06 12:30:32.407 I/PM      (14852): suspend entry (s2idle)
07-06 12:30:32.418 I/Filesystems sync(14852): 0.011 seconds
07-06 12:30:32.418 E/ipa_pm_notify(14852): 498 Entry
07-06 12:30:32.418 E/ipa_pm_notify(14852): 510 Exit
07-06 12:30:32.418 I/        (14852): Freezing user space processes ...
07-06 12:30:32.422 E/smcinvoke( 1422): process_accept_req: Server id :17 interrupted probaby due to suspend, pid:1422
07-06 12:30:32.422 E/smcinvoke( 1423): process_accept_req: Server id :17 interrupted probaby due to suspend, pid:1423
07-06 12:30:32.422 E/smcinvoke( 1424): process_accept_req: Server id :17 interrupted probaby due to suspend, pid:1424
07-06 12:30:32.422 E/smcinvoke( 1425): process_accept_req: Server id :17 interrupted probaby due to suspend, pid:1425
07-06 12:30:32.422 E/smcinvoke( 1450): process_accept_req: Server id :18 interrupted probaby due to suspend, pid:1450
07-06 12:30:32.422 E/smcinvoke( 1451): process_accept_req: Server id :18 interrupted probaby due to suspend, pid:1451
07-06 12:30:32.422 E/smcinvoke( 1452): process_accept_req: Server id :18 interrupted probaby due to suspend, pid:1452
07-06 12:30:32.422 E/smcinvoke( 1453): process_accept_req: Server id :18 interrupted probaby due to suspend, pid:1453
07-06 12:30:32.422 E/smcinvoke( 1496): process_accept_req: Server id :21 interrupted probaby due to suspend, pid:1496
07-06 12:30:32.422 E/smcinvoke( 1497): process_accept_req: Server id :21 interrupted probaby due to suspend, pid:1497
07-06 12:30:32.422 E/smcinvoke( 1498): process_accept_req: Server id :21 interrupted probaby due to suspend, pid:1498
07-06 12:30:32.422 E/smcinvoke( 1499): process_accept_req: Server id :21 interrupted probaby due to suspend, pid:1499
07-06 12:30:32.422 E/smcinvoke( 1501): process_accept_req: Server id :22 interrupted probaby due to suspend, pid:1501
07-06 12:30:32.422 E/smcinvoke( 1502): process_accept_req: Server id :22 interrupted probaby due to suspend, pid:1502
07-06 12:30:32.423 E/smcinvoke( 1503): process_accept_req: Server id :22 interrupted probaby due to suspend, pid:1503
07-06 12:30:32.423 E/smcinvoke( 1504): process_accept_req: Server id :22 interrupted probaby due to suspend, pid:1504
07-06 12:30:32.423 E/smcinvoke( 1508): process_accept_req: Server id :23 interrupted probaby due to suspend, pid:1508
07-06 12:30:32.423 E/smcinvoke( 1509): process_accept_req: Server id :23 interrupted probaby due to suspend, pid:1509
07-06 12:30:32.423 E/smcinvoke( 1516): process_accept_req: Server id :23 interrupted probaby due to suspend, pid:1516
07-06 12:30:32.423 E/smcinvoke( 1517): process_accept_req: Server id :23 interrupted probaby due to suspend, pid:1517
07-06 12:30:32.423 E/smcinvoke(13720): process_accept_req: Server id :29 interrupted probaby due to suspend, pid:13720
07-06 12:30:32.423 E/smcinvoke(13721): process_accept_req: Server id :29 interrupted probaby due to suspend, pid:13721
07-06 12:30:32.423 E/smcinvoke(13719): process_accept_req: Server id :29 interrupted probaby due to suspend, pid:13719
07-06 12:30:32.423 E/smcinvoke(13722): process_accept_req: Server id :29 interrupted probaby due to suspend, pid:13722
07-06 12:30:32.441 I/PM      (14852): PM: Pending Wakeup Sources: qcom_rx_wakelock
07-06 12:30:32.441 E/        (14852): Freezing of tasks aborted after 0.022 seconds
07-06 12:30:32.441 I/        (14852): OOM killer enabled.
07-06 12:30:32.441 I/        (14852): Restarting tasks ...
07-06 12:30:32.443 E/smcinvoke( 1422): process_accept_req: process_accept_req txn 1 either invalid or removed from Q
07-06 12:30:32.443 E/smcinvoke( 1425): process_accept_req: process_accept_req txn 2 either invalid or removed from Q
07-06 12:30:32.443 E/smcinvoke( 1496): process_accept_req: process_accept_req txn 6 either invalid or removed from Q
07-06 12:30:32.443 E/smcinvoke( 1499): process_accept_req: process_accept_req txn 5 either invalid or removed from Q
07-06 12:30:32.443 E/smcinvoke( 1498): process_accept_req: process_accept_req txn 7 either invalid or removed from Q
07-06 12:30:32.443 E/smcinvoke( 1501): process_accept_req: process_accept_req txn 7 either invalid or removed from Q
07-06 12:30:32.443 E/smcinvoke( 1503): process_accept_req: process_accept_req txn 3 either invalid or removed from Q
07-06 12:30:32.443 E/smcinvoke( 1502): process_accept_req: process_accept_req txn 5 either invalid or removed from Q
07-06 12:30:32.443 E/smcinvoke( 1504): process_accept_req: process_accept_req txn 6 either invalid or removed from Q
07-06 12:30:32.443 E/smcinvoke( 1508): process_accept_req: process_accept_req txn 4 either invalid or removed from Q
07-06 12:30:32.443 E/smcinvoke( 1509): process_accept_req: process_accept_req txn 2 either invalid or removed from Q
07-06 12:30:32.443 E/smcinvoke( 1516): process_accept_req: process_accept_req txn 5 either invalid or removed from Q
07-06 12:30:32.443 E/smcinvoke( 1517): process_accept_req: process_accept_req txn 3 either invalid or removed from Q
07-06 12:30:32.444 E/smcinvoke(13720): process_accept_req: process_accept_req txn 2 either invalid or removed from Q
07-06 12:30:32.444 E/smcinvoke(13722): process_accept_req: process_accept_req txn 1 either invalid or removed from Q
07-06 12:30:32.456 W/        (14852): done.
07-06 12:30:32.456 I/Abort   (14852): Pending Wakeup Sources: qcom_rx_wakelock
07-06 12:30:32.456 E/ipa_pm_notify(14852): 498 Entry
07-06 12:30:32.456 E/ipa_pm_notify(14852): 510 Exit
07-06 12:30:32.456 I/adsp_sleepmon(14852): PM_POST_SUSPEND
07-06 12:30:32.456 I/PM      (14852): suspend exit
07-06 12:30:32.456 I/adsp_sleepmon(  609): timer_event = 0,suspend_event = 1
07-06 12:30:42.065 D/ActivityManager( 2570): freezing 5102 com.google.android.gms
07-06 12:30:42.069 D/ActivityManager( 2570): freezing 27757 com.google.android.gms.persistent
07-06 12:30:42.228 V/AccessibilityManagerService( 2570): onUserStateChangedLocked for userId: 0, forceUpdate: false
07-06 12:30:42.230 W/MagnificationConnectionManager( 2570): requestConnection duplicated request: connect=false, mConnectionState=DISCONNECTED
07-06 12:30:42.230 D/AccessibilityManagerService( 2570): restoreCurrentUserForTestAutomationIfNeededLocked(): ignoring because device doesn't support visible background users
07-06 12:30:42.235 D/BatterySaverPolicy( 2570): accessibility changed to false, updating policy.
07-06 12:30:33.999 I/sd 0    (31198): 0:0:5: [sdf] Synchronizing SCSI cache
07-06 12:30:34.000 I/sd 0    (24463): 0:0:3: [sdd] Synchronizing SCSI cache
07-06 12:30:34.574 I/(virq   (27662): irq_count)- GICv3:IPI(1):118736880 GICv3:arch_timer(11):54120541 GICv3:IPI(6):13747574 GICv3:apps_rsc(24):8240584 GICv3:IPI(2):4625537 GICv3:ufshcd(33):3451790 GICv3:ipcc_0(30):3329481 ipcc:glink-native-slpi(365):1890318 GICv3:msm_drm(219):1872166 ipcc:glink-native-adsp(364):1658585
07-06 12:30:34.574 I/(cpu    (27662): irq_count)- 0:47328025 1:47686607 2:47019539 3:46264599 4:10691066 5:9579742 6:9153238 7:4334988
07-06 12:30:34.574 I/(ipi    (27662): irq_count)- 0:118736880 1:4625537 2:0 3:0 4:0 5:13747574 6:0
07-06 12:30:35.583 I/[kworke][0x2e7e6e02096][10:30:44.399922] qca6490(30830): [30830:I:PMO] pmo_core_enable_wow_in_fw: drv wow is enabled
07-06 12:30:35.621 I/[kworke][0x2e7e6eb44d6][10:30:44.437952] qca6490(30830): [30830:I:HIF] hif_try_complete_tasks: waiting for tasklets 0 grp tasklets 0 work 2
07-06 12:30:35.654 I/[kworke][0x2e7e6f4fe6b][10:30:44.471147] qca6490(30830): [30830:I:PMO] pmo_core_psoc_send_host_wakeup_ind_to_fw: Host wakeup indication sent to fw
07-06 12:30:35.658 I/PM      (14852): suspend entry (s2idle)
07-06 12:30:35.670 I/Filesystems sync(14852): 0.012 seconds
07-06 12:30:35.671 E/ipa_pm_notify(14852): 498 Entry
07-06 12:30:35.671 E/ipa_pm_notify(14852): 510 Exit
07-06 12:30:35.671 I/        (14852): Freezing user space processes ...
07-06 12:30:35.674 E/smcinvoke( 1422): process_accept_req: Server id :17 interrupted probaby due to suspend, pid:1422
07-06 12:30:35.674 E/smcinvoke( 1423): process_accept_req: Server id :17 interrupted probaby due to suspend, pid:1423
07-06 12:30:35.674 E/smcinvoke( 1424): process_accept_req: Server id :17 interrupted probaby due to suspend, pid:1424
07-06 12:30:35.674 E/smcinvoke( 1425): process_accept_req: Server id :17 interrupted probaby due to suspend, pid:1425
07-06 12:30:35.674 E/smcinvoke( 1450): process_accept_req: Server id :18 interrupted probaby due to suspend, pid:1450
07-06 12:30:35.674 E/smcinvoke( 1451): process_accept_req: Server id :18 interrupted probaby due to suspend, pid:1451
07-06 12:30:35.674 E/smcinvoke( 1452): process_accept_req: Server id :18 interrupted probaby due to suspend, pid:1452
07-06 12:30:35.675 E/smcinvoke( 1453): process_accept_req: Server id :18 interrupted probaby due to suspend, pid:1453
07-06 12:30:35.675 E/smcinvoke( 1496): process_accept_req: Server id :21 interrupted probaby due to suspend, pid:1496
07-06 12:30:35.675 E/smcinvoke( 1498): process_accept_req: Server id :21 interrupted probaby due to suspend, pid:1498
07-06 12:30:35.675 E/smcinvoke( 1497): process_accept_req: Server id :21 interrupted probaby due to suspend, pid:1497
07-06 12:30:35.675 E/smcinvoke( 1499): process_accept_req: Server id :21 interrupted probaby due to suspend, pid:1499
07-06 12:30:35.675 E/smcinvoke( 1501): process_accept_req: Server id :22 interrupted probaby due to suspend, pid:1501
07-06 12:30:35.675 E/smcinvoke( 1502): process_accept_req: Server id :22 interrupted probaby due to suspend, pid:1502
07-06 12:30:35.675 E/smcinvoke( 1503): process_accept_req: Server id :22 interrupted probaby due to suspend, pid:1503
07-06 12:30:35.675 E/smcinvoke( 1504): process_accept_req: Server id :22 interrupted probaby due to suspend, pid:1504
07-06 12:30:35.675 E/smcinvoke( 1508): process_accept_req: Server id :23 interrupted probaby due to suspend, pid:1508
07-06 12:30:35.675 E/smcinvoke( 1509): process_accept_req: Server id :23 interrupted probaby due to suspend, pid:1509
07-06 12:30:35.675 E/smcinvoke( 1516): process_accept_req: Server id :23 interrupted probaby due to suspend, pid:1516
07-06 12:30:35.675 E/smcinvoke( 1517): process_accept_req: Server id :23 interrupted probaby due to suspend, pid:1517
07-06 12:30:35.676 E/smcinvoke(13719): process_accept_req: Server id :29 interrupted probaby due to suspend, pid:13719
07-06 12:30:35.676 E/smcinvoke(13720): process_accept_req: Server id :29 interrupted probaby due to suspend, pid:13720
07-06 12:30:35.676 E/smcinvoke(13721): process_accept_req: Server id :29 interrupted probaby due to suspend, pid:13721
07-06 12:30:35.676 E/smcinvoke(13722): process_accept_req: Server id :29 interrupted probaby due to suspend, pid:13722
07-06 12:30:35.686 W/        (14852): process 2565 (fingerprint@2.3) no longer affine to cpu7
07-06 12:30:35.698 I/PM      (14852): PM: Pending Wakeup Sources: qcom_rx_wakelock
07-06 12:30:35.698 E/        (14852): Freezing of tasks aborted after 0.027 seconds
07-06 12:30:35.698 I/        (14852): OOM killer enabled.
07-06 12:30:35.698 I/        (14852): Restarting tasks ...
07-06 12:30:35.700 E/smcinvoke( 1422): process_accept_req: process_accept_req txn 1 either invalid or removed from Q
07-06 12:30:35.700 E/smcinvoke( 1496): process_accept_req: process_accept_req txn 6 either invalid or removed from Q
07-06 12:30:35.700 E/smcinvoke( 1499): process_accept_req: process_accept_req txn 5 either invalid or removed from Q
07-06 12:30:35.700 E/smcinvoke( 1501): process_accept_req: process_accept_req txn 7 either invalid or removed from Q
07-06 12:30:35.700 E/smcinvoke( 1504): process_accept_req: process_accept_req txn 6 either invalid or removed from Q
07-06 12:30:35.700 E/smcinvoke( 1425): process_accept_req: process_accept_req txn 2 either invalid or removed from Q
07-06 12:30:35.700 E/smcinvoke( 1498): process_accept_req: process_accept_req txn 7 either invalid or removed from Q
07-06 12:30:35.700 E/smcinvoke( 1502): process_accept_req: process_accept_req txn 5 either invalid or removed from Q
07-06 12:30:35.700 E/smcinvoke( 1508): process_accept_req: process_accept_req txn 4 either invalid or removed from Q
07-06 12:30:35.700 E/smcinvoke( 1516): process_accept_req: process_accept_req txn 5 either invalid or removed from Q
07-06 12:30:35.700 E/smcinvoke( 1503): process_accept_req: process_accept_req txn 3 either invalid or removed from Q
07-06 12:30:35.700 E/smcinvoke( 1517): process_accept_req: process_accept_req txn 3 either invalid or removed from Q
07-06 12:30:35.700 E/smcinvoke( 1509): process_accept_req: process_accept_req txn 2 either invalid or removed from Q
07-06 12:30:35.701 E/smcinvoke(13722): process_accept_req: process_accept_req txn 1 either invalid or removed from Q
07-06 12:30:35.701 E/smcinvoke(13720): process_accept_req: process_accept_req txn 2 either invalid or removed from Q
07-06 12:30:35.714 W/        (14852): done.
07-06 12:30:35.714 I/Abort   (14852): Pending Wakeup Sources: qcom_rx_wakelock
07-06 12:30:35.714 E/ipa_pm_notify(14852): 498 Entry
07-06 12:30:35.714 E/ipa_pm_notify(14852): 510 Exit
07-06 12:30:35.714 I/adsp_sleepmon(14852): PM_POST_SUSPEND
07-06 12:30:35.714 I/PM      (14852): suspend exit
07-06 12:30:35.714 I/adsp_sleepmon(  609): timer_event = 0,suspend_event = 1
07-06 12:30:45.319 I/ActivityManager( 2570): Force stopping com.callstack.agentdevice.snapshothelper appid=10352 user=0: from pid 31651
07-06 12:30:45.328 W/ProcessStats( 2570): Tracking association SourceState{aa6b5ee com.nothing.launcher/10177 BFgs #102380} whose proc state 4 is better than process ProcessState{ed974f0 com.nothing.universal.search/10329 pkg=com.nothing.universal.search} proc state 5 (35 skipped)
07-06 12:30:45.331 I/AppsFilter( 2570): interaction: PackageSetting{9d05b6c ch.karimattia.libraries/10260} -> PackageSetting{4f05bd4 com.callstack.agentdevice.snapshothelper/10352} BLOCKED
07-06 12:30:45.331 I/AppsFilter( 2570): interaction: PackageSetting{b1a0535 com.callstack.agentdevice.multitouchhelper/10355} -> PackageSetting{4f05bd4 com.callstack.agentdevice.snapshothelper/10352} BLOCKED
07-06 12:30:45.331 I/AppsFilter( 2570): interaction: PackageSetting{e341b3b ch.karimattia.workoutpixel.test/10280} -> PackageSetting{4f05bd4 com.callstack.agentdevice.snapshothelper/10352} BLOCKED
07-06 12:30:45.331 I/AppsFilter( 2570): interaction: PackageSetting{71dc258 ch.karimattia.workoutpixels/10303} -> PackageSetting{4f05bd4 com.callstack.agentdevice.snapshothelper/10352} BLOCKED
07-06 12:30:45.332 W/ActivityManager( 2570): Invalid packageName: com.callstack.agentdevice.snapshothelper
07-06 12:30:36.919 E/simulated_ntc( 4482): proc_shell_write write invalid para
07-06 12:30:45.798 I/ActivityManager( 2570): Force stopping com.callstack.agentdevice.snapshothelper appid=10352 user=0: start instr
07-06 12:30:45.799 D/BackgroundInstallControlService( 2570): Package event received: 0
07-06 12:30:45.799 I/AppsFilter( 2570): interaction: PackageSetting{9d05b6c ch.karimattia.libraries/10260} -> PackageSetting{eb9e982 com.callstack.agentdevice.snapshothelper/10352} BLOCKED
07-06 12:30:45.800 I/AppsFilter( 2570): interaction: PackageSetting{b1a0535 com.callstack.agentdevice.multitouchhelper/10355} -> PackageSetting{eb9e982 com.callstack.agentdevice.snapshothelper/10352} BLOCKED
07-06 12:30:45.800 I/AppsFilter( 2570): interaction: PackageSetting{e341b3b ch.karimattia.workoutpixel.test/10280} -> PackageSetting{eb9e982 com.callstack.agentdevice.snapshothelper/10352} BLOCKED
07-06 12:30:45.800 I/AppsFilter( 2570): interaction: PackageSetting{71dc258 ch.karimattia.workoutpixels/10303} -> PackageSetting{eb9e982 com.callstack.agentdevice.snapshothelper/10352} BLOCKED
07-06 12:30:45.800 D/BackgroundInstallControlService( 2570): Package event received: 0
07-06 12:30:45.837 I/keystore2( 1047): system/security/keystore2/watchdog/src/lib.rs:377 - Watchdog thread idle -> terminating. Have a great day.
07-06 12:30:45.838 I/ActivityManager( 2570): Start proc 31666:com.callstack.agentdevice.snapshothelper/u0a352 for added application com.callstack.agentdevice.snapshothelper
07-06 12:30:45.838 I/ActivityManager( 2570): ProcessObserver broadcast disabled
07-06 12:30:45.872 D/OomAdjuster( 2570): process : com.callstack.agentdevice.snapshothelper, pid = 31666, isTop = false, uid = 10352, hasActivity = false
07-06 12:30:45.872 D/OomAdjuster( 2570): process : com.callstack.agentdevice.snapshothelper is not top!
07-06 12:30:45.877 D/NtScrollerManagerImpl(31666): init NtScrollerManagerImpl
07-06 12:30:45.886 D/ActivityManager( 2570): uid = 10352, pid = 31666, processName = com.callstack.agentdevice.snapshothelper is not top app, set nt foreground
07-06 12:30:45.894 D/AccessibilityManagerService( 2570): changeCurrentUserForTestAutomationIfNeededLocked(0): ignoring because device doesn't support visible background users
07-06 12:30:45.895 I/UiAutomationManager( 2570): Registering UiTestAutomationService (id=com.android.server.accessibility/UiAutomation, flags=0x0) when called by user 0
07-06 12:30:45.895 V/AccessibilityManagerService( 2570): onUserStateChangedLocked for userId: 0, forceUpdate: false
07-06 12:30:45.896 W/MagnificationConnectionManager( 2570): requestConnection duplicated request: connect=false, mConnectionState=DISCONNECTED
07-06 12:30:45.902 V/AccessibilityManagerService( 2570): onUserStateChangedLocked for userId: 0, forceUpdate: false
07-06 12:30:45.904 W/AccessibilityWindowsPopulator( 2570): The displayInfo of this displayId (0) called back from the surface fligner is null
07-06 12:30:45.904 W/AccessibilityWindowsPopulator( 2570): The displayInfo of this displayId (0) called back from the surface fligner is null
07-06 12:30:45.904 W/MagnificationConnectionManager( 2570): requestConnection duplicated request: connect=false, mConnectionState=DISCONNECTED
07-06 12:30:45.906 W/AccessibilityWindowsPopulator( 2570): The displayInfo of this displayId (0) called back from the surface fligner is null
07-06 12:30:45.907 W/AccessibilityWindowsPopulator( 2570): The displayInfo of this displayId (0) called back from the surface fligner is null
07-06 12:30:45.907 W/AccessibilityWindowsPopulator( 2570): The displayInfo of this displayId (0) called back from the surface fligner is null
07-06 12:30:45.908 W/AccessibilityWindowsPopulator( 2570): The displayInfo of this displayId (0) called back from the surface fligner is null
07-06 12:30:45.908 W/AccessibilityWindowsPopulator( 2570): The displayInfo of this displayId (0) called back from the surface fligner is null
07-06 12:30:45.910 W/AccessibilityWindowsPopulator( 2570): The displayInfo of this displayId (0) called back from the surface fligner is null
07-06 12:30:45.911 W/AccessibilityWindowsPopulator( 2570): The displayInfo of this displayId (0) called back from the surface fligner is null
07-06 12:30:45.912 D/BatterySaverPolicy( 2570): accessibility changed to true, updating policy.
07-06 12:30:45.912 W/AccessibilityWindowsPopulator( 2570): The displayInfo of this displayId (0) called back from the surface fligner is null
07-06 12:30:45.913 W/AccessibilityWindowsPopulator( 2570): The displayInfo of this displayId (0) called back from the surface fligner is null
07-06 12:30:45.913 W/AccessibilityWindowsPopulator( 2570): The displayInfo of this displayId (0) called back from the surface fligner is null
07-06 12:30:45.914 W/AccessibilityWindowsPopulator( 2570): The displayInfo of this displayId (0) called back from the surface fligner is null
07-06 12:30:45.914 W/AccessibilityWindowsPopulator( 2570): The displayInfo of this displayId (0) called back from the surface fligner is null
07-06 12:30:45.915 W/AccessibilityWindowsPopulator( 2570): The displayInfo of this displayId (0) called back from the surface fligner is null
07-06 12:30:45.915 W/AccessibilityWindowsPopulator( 2570): The displayInfo of this displayId (0) called back from the surface fligner is null
07-06 12:30:45.917 W/AccessibilityWindowsPopulator( 2570): The displayInfo of this displayId (0) called back from the surface fligner is null
07-06 12:30:45.948 W/AccessibilityWindowsPopulator( 2570): The displayInfo of this displayId (0) called back from the surface fligner is null
07-06 12:30:46.119 V/AccessibilityManagerService( 2570): onUserStateChangedLocked for userId: 0, forceUpdate: false
07-06 12:30:46.122 W/MagnificationConnectionManager( 2570): requestConnection duplicated request: connect=false, mConnectionState=DISCONNECTED
07-06 12:30:46.122 D/AccessibilityManagerService( 2570): restoreCurrentUserForTestAutomationIfNeededLocked(): ignoring because device doesn't support visible background users
07-06 12:30:46.125 D/BatterySaverPolicy( 2570): accessibility changed to false, updating policy.
07-06 12:30:46.128 I/ActivityManager( 2570): Force stopping com.callstack.agentdevice.snapshothelper appid=10352 user=0: finished inst
07-06 12:30:46.129 E/ActivityManager( 2570): Unable to freeze binder for 31666: -11
07-06 12:30:37.312 I/binder  ( 3482): 2570:3482 ioctl 400c620e 77eb031c1c returned -11
07-06 12:30:37.312 I/binder  ( 3482): 2570:3482 ioctl 400c620e 77eb031c1c returned -11
07-06 12:30:46.130 I/ActivityManager( 2570): Killing 31666:com.callstack.agentdevice.snapshothelper/u0a352 (adj 0): stop com.callstack.agentdevice.snapshothelper due to finished inst
07-06 12:30:46.160 V/ActivityManager( 2570): Got obituary of 31666:com.callstack.agentdevice.snapshothelper
07-06 12:30:37.343 I/binder  (30706): undelivered TRANSACTION_COMPLETE
07-06 12:30:37.343 I/binder  (30706): undelivered transaction 17903826, process died.
07-06 12:30:46.298 I/ActivityManager( 2570): Force stopping com.callstack.agentdevice.snapshothelper appid=10352 user=0: from pid 31685
07-06 12:30:46.302 I/AppsFilter( 2570): interaction: PackageSetting{9d05b6c ch.karimattia.libraries/10260} -> PackageSetting{2a2a371 com.callstack.agentdevice.snapshothelper/10352} BLOCKED
07-06 12:30:46.302 I/AppsFilter( 2570): interaction: PackageSetting{b1a0535 com.callstack.agentdevice.multitouchhelper/10355} -> PackageSetting{2a2a371 com.callstack.agentdevice.snapshothelper/10352} BLOCKED
07-06 12:30:46.303 I/AppsFilter( 2570): interaction: PackageSetting{e341b3b ch.karimattia.workoutpixel.test/10280} -> PackageSetting{2a2a371 com.callstack.agentdevice.snapshothelper/10352} BLOCKED
07-06 12:30:46.303 I/AppsFilter( 2570): interaction: PackageSetting{71dc258 ch.karimattia.workoutpixels/10303} -> PackageSetting{2a2a371 com.callstack.agentdevice.snapshothelper/10352} BLOCKED
07-06 12:30:46.303 W/ActivityManager( 2570): Invalid packageName: com.callstack.agentdevice.snapshothelper
07-06 12:30:46.699 D/AccessibilityManagerService( 2570): changeCurrentUserForTestAutomationIfNeededLocked(0): ignoring because device doesn't support visible background users
07-06 12:30:46.699 I/UiAutomationManager( 2570): Registering UiTestAutomationService (id=com.android.server.accessibility/UiAutomation, flags=0x0) when called by user 0
07-06 12:30:46.699 V/AccessibilityManagerService( 2570): onUserStateChangedLocked for userId: 0, forceUpdate: false
07-06 12:30:46.700 W/MagnificationConnectionManager( 2570): requestConnection duplicated request: connect=false, mConnectionState=DISCONNECTED
07-06 12:30:46.708 V/AccessibilityManagerService( 2570): onUserStateChangedLocked for userId: 0, forceUpdate: false
07-06 12:30:46.708 W/MagnificationConnectionManager( 2570): requestConnection duplicated request: connect=false, mConnectionState=DISCONNECTED
07-06 12:30:46.723 D/BatterySaverPolicy( 2570): accessibility changed to true, updating policy.
07-06 12:30:38.575 I/[kworke][0x2e7ea4c9b56][10:30:47.391639] qca6490(30830): [30830:I:PMO] pmo_core_enable_wow_in_fw: drv wow is enabled
07-06 12:30:38.614 I/[kworke][0x2e7ea57f7e7][10:30:47.430420] qca6490(30830): [30830:I:HIF] hif_try_complete_tasks: waiting for tasklets 0 grp tasklets 0 work 2
07-06 12:30:38.647 I/[kworke][0x2e7ea61ed80][10:30:47.464415] qca6490(30830): [30830:I:PMO] pmo_core_psoc_send_host_wakeup_ind_to_fw: Host wakeup indication sent to fw
07-06 12:30:47.763 V/AccessibilityManagerService( 2570): onUserStateChangedLocked for userId: 0, forceUpdate: false
07-06 12:30:47.765 W/MagnificationConnectionManager( 2570): requestConnection duplicated request: connect=false, mConnectionState=DISCONNECTED
07-06 12:30:47.765 D/AccessibilityManagerService( 2570): restoreCurrentUserForTestAutomationIfNeededLocked(): ignoring because device doesn't support visible background users
07-06 12:30:47.770 D/BatterySaverPolicy( 2570): accessibility changed to false, updating policy.
07-06 12:30:39.175 I/sd 0    (31648): 0:0:4: [sde] Synchronizing SCSI cache
07-06 12:30:39.768 I/[kworke][0x2e7ebaa4ceb][10:30:48.585260] qca6490(30830): [30830:I:PMO] pmo_core_enable_wow_in_fw: drv wow is enabled
07-06 12:30:39.802 I/[kworke][0x2e7ebb43b63][10:30:48.619159] qca6490(30830): [30830:I:HIF] hif_try_complete_tasks: waiting for tasklets 0 grp tasklets 0 work 2
07-06 12:30:39.829 I/[kworke][0x2e7ebbc19b5][10:30:48.646017] qca6490(30830): [30830:I:PMO] pmo_core_psoc_send_host_wakeup_ind_to_fw: Host wakeup indication sent to fw
07-06 12:30:40.767 I/[kworke][0x2e7eccece3c][10:30:49.583677] qca6490(30830): [30830:I:PMO] pmo_core_enable_wow_in_fw: drv wow is enabled
07-06 12:30:40.807 I/[kworke][0x2e7ecdaba7a][10:30:49.624374] qca6490(30830): [30830:I:HIF] hif_try_complete_tasks: waiting for tasklets 0 grp tasklets 0 work 2
07-06 12:30:40.845 I/[kworke][0x2e7ece5a500][10:30:49.661634] qca6490(30830): [30830:I:PMO] pmo_core_psoc_send_host_wakeup_ind_to_fw: Host wakeup indication sent to fw
07-06 12:30:41.936 E/simulated_ntc( 4482): proc_shell_write write invalid para
07-06 12:30:42.116 I/PM      (14852): suspend entry (s2idle)
07-06 12:30:42.128 I/Filesystems sync(14852): 0.012 seconds
07-06 12:30:42.128 E/ipa_pm_notify(14852): 498 Entry
07-06 12:30:42.128 E/ipa_pm_notify(14852): 510 Exit
07-06 12:30:42.128 I/        (14852): Freezing user space processes ...
07-06 12:30:42.131 E/smcinvoke( 1422): process_accept_req: Server id :17 interrupted probaby due to suspend, pid:1422
07-06 12:30:42.131 E/smcinvoke( 1423): process_accept_req: Server id :17 interrupted probaby due to suspend, pid:1423
07-06 12:30:42.132 E/smcinvoke( 1424): process_accept_req: Server id :17 interrupted probaby due to suspend, pid:1424
07-06 12:30:42.132 E/smcinvoke( 1425): process_accept_req: Server id :17 interrupted probaby due to suspend, pid:1425
07-06 12:30:42.132 E/smcinvoke( 1450): process_accept_req: Server id :18 interrupted probaby due to suspend, pid:1450
07-06 12:30:42.132 E/smcinvoke( 1451): process_accept_req: Server id :18 interrupted probaby due to suspend, pid:1451
07-06 12:30:42.132 E/smcinvoke( 1453): process_accept_req: Server id :18 interrupted probaby due to suspend, pid:1453
07-06 12:30:42.132 E/smcinvoke( 1452): process_accept_req: Server id :18 interrupted probaby due to suspend, pid:1452
07-06 12:30:42.132 E/smcinvoke( 1496): process_accept_req: Server id :21 interrupted probaby due to suspend, pid:1496
07-06 12:30:42.132 E/smcinvoke( 1497): process_accept_req: Server id :21 interrupted probaby due to suspend, pid:1497
07-06 12:30:42.132 E/smcinvoke( 1499): process_accept_req: Server id :21 interrupted probaby due to suspend, pid:1499
07-06 12:30:42.132 E/smcinvoke( 1501): process_accept_req: Server id :22 interrupted probaby due to suspend, pid:1501
07-06 12:30:42.132 E/smcinvoke( 1502): process_accept_req: Server id :22 interrupted probaby due to suspend, pid:1502
07-06 12:30:42.132 E/smcinvoke( 1498): process_accept_req: Server id :21 interrupted probaby due to suspend, pid:1498
07-06 12:30:42.132 E/smcinvoke( 1503): process_accept_req: Server id :22 interrupted probaby due to suspend, pid:1503
07-06 12:30:42.132 E/smcinvoke( 1504): process_accept_req: Server id :22 interrupted probaby due to suspend, pid:1504
07-06 12:30:42.132 E/smcinvoke( 1509): process_accept_req: Server id :23 interrupted probaby due to suspend, pid:1509
07-06 12:30:42.132 E/smcinvoke( 1508): process_accept_req: Server id :23 interrupted probaby due to suspend, pid:1508
07-06 12:30:42.132 E/smcinvoke( 1516): process_accept_req: Server id :23 interrupted probaby due to suspend, pid:1516
07-06 12:30:42.133 E/smcinvoke( 1517): process_accept_req: Server id :23 interrupted probaby due to suspend, pid:1517
07-06 12:30:42.133 E/smcinvoke(13719): process_accept_req: Server id :29 interrupted probaby due to suspend, pid:13719
07-06 12:30:42.133 E/smcinvoke(13720): process_accept_req: Server id :29 interrupted probaby due to suspend, pid:13720
07-06 12:30:42.133 E/smcinvoke(13722): process_accept_req: Server id :29 interrupted probaby due to suspend, pid:13722
07-06 12:30:42.133 E/smcinvoke(13721): process_accept_req: Server id :29 interrupted probaby due to suspend, pid:13721
07-06 12:30:42.143 W/        (14852): process 2565 (fingerprint@2.3) no longer affine to cpu2
07-06 12:30:42.155 I/PM      (14852): PM: Pending Wakeup Sources: qcom_rx_wakelock
07-06 12:30:42.155 E/        (14852): Freezing of tasks aborted after 0.026 seconds
07-06 12:30:42.155 I/        (14852): OOM killer enabled.
07-06 12:30:42.155 I/        (14852): Restarting tasks ...
07-06 12:30:42.157 E/smcinvoke( 1422): process_accept_req: process_accept_req txn 1 either invalid or removed from Q
07-06 12:30:42.157 E/smcinvoke( 1425): process_accept_req: process_accept_req txn 2 either invalid or removed from Q
07-06 12:30:42.157 E/smcinvoke( 1496): process_accept_req: process_accept_req txn 6 either invalid or removed from Q
07-06 12:30:42.158 E/smcinvoke( 1498): process_accept_req: process_accept_req txn 7 either invalid or removed from Q
07-06 12:30:42.158 E/smcinvoke( 1499): process_accept_req: process_accept_req txn 5 either invalid or removed from Q
07-06 12:30:42.158 E/smcinvoke( 1501): process_accept_req: process_accept_req txn 7 either invalid or removed from Q
07-06 12:30:42.158 E/smcinvoke( 1503): process_accept_req: process_accept_req txn 3 either invalid or removed from Q
07-06 12:30:42.158 E/smcinvoke( 1504): process_accept_req: process_accept_req txn 6 either invalid or removed from Q
07-06 12:30:42.158 E/smcinvoke( 1509): process_accept_req: process_accept_req txn 2 either invalid or removed from Q
07-06 12:30:42.158 E/smcinvoke( 1508): process_accept_req: process_accept_req txn 4 either invalid or removed from Q
07-06 12:30:42.158 E/smcinvoke( 1517): process_accept_req: process_accept_req txn 3 either invalid or removed from Q
07-06 12:30:42.158 E/smcinvoke( 1516): process_accept_req: process_accept_req txn 5 either invalid or removed from Q
07-06 12:30:42.158 E/smcinvoke( 1502): process_accept_req: process_accept_req txn 5 either invalid or removed from Q
07-06 12:30:42.158 E/smcinvoke(13720): process_accept_req: process_accept_req txn 2 either invalid or removed from Q
07-06 12:30:42.158 E/smcinvoke(13722): process_accept_req: process_accept_req txn 1 either invalid or removed from Q
07-06 12:30:42.173 W/        (14852): done.
07-06 12:30:42.173 I/Abort   (14852): Pending Wakeup Sources: qcom_rx_wakelock
07-06 12:30:42.173 E/ipa_pm_notify(14852): 498 Entry
07-06 12:30:42.173 E/ipa_pm_notify(14852): 510 Exit
07-06 12:30:42.173 I/adsp_sleepmon(14852): PM_POST_SUSPEND
07-06 12:30:42.173 I/PM      (14852): suspend exit
07-06 12:30:42.173 I/adsp_sleepmon(  609): timer_event = 0,suspend_event = 1
07-06 12:30:51.388 D/ActivityManager( 2570): freezing 18512 com.android.providers.calendar
07-06 12:30:43.617 I/[kworke][0x2e7f011c8b5][10:30:52.433737] qca6490(30830): [30830:I:PMO] pmo_core_enable_wow_in_fw: drv wow is enabled
07-06 12:30:43.654 I/[kworke][0x2e7f01ccb37][10:30:52.471317] qca6490(30830): [30830:I:HIF] hif_try_complete_tasks: waiting for tasklets 0 grp tasklets 0 work 2
07-06 12:30:43.692 I/[kworke][0x2e7f027b7d1][10:30:52.508605] qca6490(30830): [30830:I:PMO] pmo_core_psoc_send_host_wakeup_ind_to_fw: Host wakeup indication sent to fw
