07-06 12:29:58.198 D/ActivityThread( 5666): Package [ch.karimattia.soli] reported as REPLACED, but missing application info. Assuming REMOVED.
07-06 12:29:58.198 D/ActivityManager( 2570): sync unfroze 7731 com.google.android.contactkeys for 19
07-06 12:29:58.199 D/ActivityManager( 2570): sync unfroze 28150 android.process.acore for 19
07-06 12:29:58.199 D/ActivityManager( 2570): sync unfroze 12641 com.google.android.gms.learning for 19
07-06 12:29:58.199 D/ActivityManager( 2570): sync unfroze 12080 com.google.android.healthconnect.controller for 19
07-06 12:29:58.200 D/ActivityManager( 2570): sync unfroze 12085 com.google.android.tts for 19
07-06 12:29:58.200 D/ActivityManager( 2570): sync unfroze 5602 com.google.android.euicc for 19
07-06 12:29:58.200 D/ActivityManager( 2570): sync unfroze 12159 android.process.media for 19
07-06 12:29:58.200 D/ActivityManager( 2570): sync unfroze 12037 com.google.android.permissioncontroller for 19
07-06 12:29:58.201 D/ActivityManager( 2570): sync unfroze 2065 com.google.android.dialer for 19
07-06 12:29:58.201 D/ActivityManager( 2570): sync unfroze 29273 com.google.android.apps.walletnfcrel for 19
07-06 12:29:58.201 D/ActivityManager( 2570): sync unfroze 14605 com.nothing.user.center for 19
07-06 12:29:58.202 D/ActivityManager( 2570): sync unfroze 6008 com.google.android.gms.unstable for 19
07-06 12:29:58.202 D/ActivityManager( 2570): sync unfroze 14952 com.google.android.photopicker for 19
07-06 12:29:58.202 D/ActivityManager( 2570): sync unfroze 23344 com.google.android.gms.unstable for 19
07-06 12:29:58.203 D/ActivityManager( 2570): sync unfroze 31474 com.android.vending:background for 19
07-06 12:29:58.203 D/ActivityManager( 2570): sync unfroze 12525 com.infomaniak.drive for 19
07-06 12:29:58.204 D/ActivityManager( 2570): sync unfroze 23835 ch.sbb.mobile.android.preview for 19
07-06 12:29:58.204 D/ActivityManager( 2570): sync unfroze 5951 android.process.acore for 19
07-06 12:29:58.205 D/ActivityManager( 2570): sync unfroze 27825 com.google.android.apps.turbo:aab for 19
07-06 12:29:58.206 D/ActivityManager( 2570): sync unfroze 26902 org.thoughtcrime.securesms for 19
07-06 12:29:58.207 D/ActivityManager( 2570): sync unfroze 27757 com.google.android.gms.persistent for 19
07-06 12:29:58.207 D/ActivityManager( 2570): sync unfroze 5102 com.google.android.gms for 19
07-06 12:29:58.208 D/ActivityManager( 2570): sync unfroze 20733 com.google.android.apps.turbo for 19
07-06 12:29:58.208 D/ActivityManager( 2570): sync unfroze 20749 com.android.settings for 19
07-06 12:29:58.209 D/ActivityManager( 2570): sync unfroze 4750 ch.search.android.search for 19
07-06 12:29:58.209 D/ActivityManager( 2570): sync unfroze 28766 ch.karimattia.workoutpixels for 19
07-06 12:29:58.210 D/ActivityManager( 2570): sync unfroze 18358 com.nothing.hearthstone for 19
07-06 12:29:58.210 D/ActivityManager( 2570): sync unfroze 18512 com.android.providers.calendar for 19
07-06 12:29:58.211 D/ActivityManager( 2570): sync unfroze 17890 com.android.settings for 19
07-06 12:29:58.211 D/ActivityManager( 2570): sync unfroze 20972 com.android.keychain for 19
07-06 12:29:58.211 D/ActivityManager( 2570): sync unfroze 1157 com.google.android.rkpdapp for 19
07-06 12:29:58.211 D/ActivityManager( 2570): sync unfroze 12043 android.process.media for 19
07-06 12:29:58.212 D/ActivityManager( 2570): sync unfroze 30540 com.google.android.apps.nbu.files for 19
07-06 12:29:58.212 D/ActivityManager( 2570): sync unfroze 30583 com.google.android.documentsui for 19
07-06 12:29:58.212 D/ActivityManager( 2570): sync unfroze 30465 com.google.android.apps.carrier.carrierwifi for 19
07-06 12:29:58.213 D/ActivityManager( 2570): sync unfroze 19921 com.google.android.cellbroadcastreceiver for 19
07-06 12:29:58.213 D/ActivityManager( 2570): sync unfroze 30999 com.google.android.packageinstaller for 19
07-06 12:29:58.213 D/ActivityManager( 2570): sync unfroze 21003 com.google.android.odad for 19
07-06 12:29:58.214 D/ActivityManager( 2570): sync unfroze 18827 com.google.android.permissioncontroller for 19
07-06 12:29:58.215 D/ActivityManager( 2570): sync unfroze 30267 com.google.android.apps.maps for 19
07-06 12:29:58.216 D/ActivityManager( 2570): sync unfroze 16126 com.whatsapp for 19
07-06 12:29:58.216 D/ActivityManager( 2570): sync unfroze 11167 org.mozilla.firefox:crashhelper_disable_art_image_ for 19
07-06 12:29:58.216 D/ActivityManager( 2570): sync unfroze 620 org.mozilla.firefox:tab_disable_art_image_27 for 19
07-06 12:29:58.217 D/ActivityManager( 2570): sync unfroze 772 org.mozilla.firefox:tab_disable_art_image_30 for 19
07-06 12:29:58.217 D/ActivityManager( 2570): sync unfroze 28083 org.mozilla.firefox:tab_disable_art_image_19 for 19
07-06 12:29:58.217 D/ActivityManager( 2570): sync unfroze 27295 org.mozilla.firefox:gpu_disable_art_image_ for 19
07-06 12:29:58.218 D/ActivityManager( 2570): sync unfroze 23269 org.telegram.messenger for 19
07-06 12:29:58.218 D/ActivityManager( 2570): sync unfroze 19020 org.mozilla.firefox:utility_disable_art_image_ for 19
07-06 12:29:58.219 D/ActivityManager( 2570): sync unfroze 17751 org.mozilla.firefox for 19
07-06 12:29:58.225 D/OomAdjuster( 2570): process : com.android.systemui, pid = 3309, isTop = false, uid = 10192, hasActivity = false
07-06 12:29:58.225 D/OomAdjuster( 2570): system app not need limit!
07-06 12:29:58.225 D/OomAdjuster( 2570): set group = -1
07-06 12:29:58.225 D/OomAdjuster( 2570): set cpuset: -1
07-06 12:29:58.227 D/ActivityManager( 2570): freezer override set to false
07-06 12:29:58.284 D/ActivityThread(12080): Package [ch.karimattia.soli] reported as REPLACED, but missing application info. Assuming REMOVED.
07-06 12:29:58.288 D/ActivityThread( 5602): Package [ch.karimattia.soli] reported as REPLACED, but missing application info. Assuming REMOVED.
07-06 12:29:58.289 D/ActivityThread( 5602): Package [ch.karimattia.soli] reported as REPLACED, but missing application info. Assuming REMOVED.
07-06 12:29:58.295 D/ActivityThread( 2196): Package [ch.karimattia.soli] reported as REPLACED, but missing application info. Assuming REMOVED.
07-06 12:29:58.300 D/ActivityThread(12641): Package [ch.karimattia.soli] reported as REPLACED, but missing application info. Assuming REMOVED.
07-06 12:29:58.307 D/ActivityThread( 2196): Package [ch.karimattia.soli] reported as REPLACED, but missing application info. Assuming REMOVED.
07-06 12:29:58.308 D/ActivityThread( 5666): Package [ch.karimattia.soli] reported as REPLACED, but missing application info. Assuming REMOVED.
07-06 12:29:58.319 D/ActivityThread( 5629): Package [ch.karimattia.soli] reported as REPLACED, but missing application info. Assuming REMOVED.
07-06 12:29:58.326 D/ActivityThread( 5560): Package [ch.karimattia.soli] reported as REPLACED, but missing application info. Assuming REMOVED.
07-06 12:29:58.330 D/ActivityThread( 5629): Package [ch.karimattia.soli] reported as REPLACED, but missing application info. Assuming REMOVED.
07-06 12:29:58.331 D/ActivityThread(12080): Package [ch.karimattia.soli] reported as REPLACED, but missing application info. Assuming REMOVED.
07-06 12:29:58.342 D/ActivityThread(12641): Package [ch.karimattia.soli] reported as REPLACED, but missing application info. Assuming REMOVED.
07-06 12:29:58.358 D/ActivityThread(30891): Package [ch.karimattia.soli] reported as REPLACED, but missing application info. Assuming REMOVED.
07-06 12:29:58.374 D/ActivityThread(30891): Package [ch.karimattia.soli] reported as REPLACED, but missing application info. Assuming REMOVED.
07-06 12:29:58.404 D/ActivityThread(29273): Package [ch.karimattia.soli] reported as REPLACED, but missing application info. Assuming REMOVED.
07-06 12:29:58.417 D/ActivityThread( 7731): Package [ch.karimattia.soli] reported as REPLACED, but missing application info. Assuming REMOVED.
07-06 12:29:58.421 D/ActivityThread( 2065): Package [ch.karimattia.soli] reported as REPLACED, but missing application info. Assuming REMOVED.
07-06 12:29:58.429 D/ActivityThread(29273): Package [ch.karimattia.soli] reported as REPLACED, but missing application info. Assuming REMOVED.
07-06 12:29:58.430 D/ActivityThread(14952): Package [ch.karimattia.soli] reported as REPLACED, but missing application info. Assuming REMOVED.
07-06 12:29:58.432 D/ActivityThread(14952): Package [ch.karimattia.soli] reported as REPLACED, but missing application info. Assuming REMOVED.
07-06 12:29:58.432 D/ActivityThread( 7731): Package [ch.karimattia.soli] reported as REPLACED, but missing application info. Assuming REMOVED.
07-06 12:29:58.433 D/ActivityThread( 2065): Package [ch.karimattia.soli] reported as REPLACED, but missing application info. Assuming REMOVED.
07-06 12:29:58.480 D/ActivityThread(29935): Package [ch.karimattia.soli] reported as REPLACED, but missing application info. Assuming REMOVED.
07-06 12:29:58.483 D/ActivityThread(29935): Package [ch.karimattia.soli] reported as REPLACED, but missing application info. Assuming REMOVED.
07-06 12:29:58.550 W/Looper  (12159): Slow delivery took 4841452ms when=+1h20m41s576ms android.bg app=android.process.media main=false group=BACKGROUND h=android.database.sqlite.SQLiteConnectionPool$IdleConnectionHandler c=null m=0
07-06 12:29:58.646 D/ActivityThread(30267): Package [ch.karimattia.soli] reported as REPLACED, but missing application info. Assuming REMOVED.
07-06 12:29:58.647 D/ActivityThread(30267): Package [ch.karimattia.soli] reported as REPLACED, but missing application info. Assuming REMOVED.
07-06 12:29:51.817 E/simulated_ntc( 4482): proc_shell_write write invalid para
07-06 12:30:00.704 E/TaskPersister( 2570): File error accessing recents directory (directory doesn't exist?).
07-06 12:29:52.519 I/[kworke][0x2e7b597a46a][10:30:01.335653] qca6490(27466): [27466:I:PMO] pmo_core_enable_wow_in_fw: drv wow is enabled
07-06 12:29:52.565 I/[kworke][0x2e7b5a53554][10:30:01.381959] qca6490(27466): [27466:I:PMO] pmo_core_psoc_send_host_wakeup_ind_to_fw: Host wakeup indication sent to fw
07-06 12:29:53.752 W/healthd ( 1398): time_last:698, soc_current_time=73102, soc_pre_time=72404,charging_status:0,soc_temp:96
07-06 12:29:53.753 W/healthd ( 1398): battery l=96 v=4336 t=29.0 h=2 st=3 c=-181000 fc=4235000 cc=468 chg=
07-06 12:29:53.771 W/healthd ( 1398): time_last:698, soc_current_time=73102, soc_pre_time=72404,charging_status:0,soc_temp:96
07-06 12:29:53.778 W/HealthLoop( 1398): debug.nt.screen_brightness:4.100818
07-06 12:30:03.849 D/ActivityManager( 2570): freezing 31043 com.nothing.aiwidget
07-06 12:30:04.288 I/ActivityManager( 2570): Force stopping com.callstack.agentdevice.snapshothelper appid=10352 user=0: start instr
07-06 12:30:04.289 D/BackgroundInstallControlService( 2570): Package event received: 0
07-06 12:30:04.294 D/BackgroundInstallControlService( 2570): Package event received: 0
07-06 12:30:04.307 I/ActivityManager( 2570): Start proc 31449:com.callstack.agentdevice.snapshothelper/u0a352 for added application com.callstack.agentdevice.snapshothelper
07-06 12:30:04.307 I/ActivityManager( 2570): ProcessObserver broadcast disabled
07-06 12:30:04.327 D/OomAdjuster( 2570): process : com.callstack.agentdevice.snapshothelper, pid = 31449, isTop = false, uid = 10352, hasActivity = false
07-06 12:30:04.327 D/OomAdjuster( 2570): process : com.callstack.agentdevice.snapshothelper is not top!
07-06 12:30:04.332 D/NtScrollerManagerImpl(31449): init NtScrollerManagerImpl
07-06 12:30:04.357 D/ActivityManager( 2570): uid = 10352, pid = 31449, processName = com.callstack.agentdevice.snapshothelper is not top app, set nt foreground
07-06 12:30:04.369 D/AccessibilityManagerService( 2570): changeCurrentUserForTestAutomationIfNeededLocked(0): ignoring because device doesn't support visible background users
07-06 12:30:04.369 I/UiAutomationManager( 2570): Registering UiTestAutomationService (id=com.android.server.accessibility/UiAutomation, flags=0x0) when called by user 0
07-06 12:30:04.369 V/AccessibilityManagerService( 2570): onUserStateChangedLocked for userId: 0, forceUpdate: false
07-06 12:30:04.369 W/MagnificationConnectionManager( 2570): requestConnection duplicated request: connect=false, mConnectionState=DISCONNECTED
07-06 12:30:04.377 V/AccessibilityManagerService( 2570): onUserStateChangedLocked for userId: 0, forceUpdate: false
07-06 12:30:04.379 W/MagnificationConnectionManager( 2570): requestConnection duplicated request: connect=false, mConnectionState=DISCONNECTED
07-06 12:30:04.383 D/BatterySaverPolicy( 2570): accessibility changed to true, updating policy.
07-06 12:29:56.684 I/(virq   (27662): irq_count)- GICv3:IPI(1):118691929 GICv3:arch_timer(11):54090177 GICv3:IPI(6):13740631 GICv3:apps_rsc(24):8238212 GICv3:IPI(2):4623808 GICv3:ufshcd(33):3451105 GICv3:ipcc_0(30):3328619 ipcc:glink-native-slpi(365):1889768 GICv3:msm_drm(219):1871686 ipcc:glink-native-adsp(364):1658153
07-06 12:29:56.684 I/(cpu    (27662): irq_count)- 0:47306480 1:47666036 2:46998458 3:46242628 4:10689005 5:9576939 6:9150845 7:4334490
07-06 12:29:56.684 I/(ipi    (27662): irq_count)- 0:118691929 1:4623808 2:0 3:0 4:0 5:13740631 6:0
07-06 12:29:56.826 E/simulated_ntc( 4482): proc_shell_write write invalid para
07-06 12:29:57.632 I/[kworke][0x2e7bb71c7d1][10:30:06.449298] qca6490(27466): [27466:I:PMO] pmo_core_enable_wow_in_fw: drv wow is enabled
07-06 12:29:57.669 I/[kworke][0x2e7bb7c81ba][10:30:06.485911] qca6490(27466): [27466:I:PMO] pmo_core_psoc_send_host_wakeup_ind_to_fw: Host wakeup indication sent to fw
07-06 12:29:59.362 I/[kworke][0x2e7bd6c65ba][10:30:08.178551] qca6490(31198): [31198:I:PMO] pmo_core_enable_wow_in_fw: drv wow is enabled
07-06 12:29:59.399 I/[kworke][0x2e7bd7758f5][10:30:08.215927] qca6490(31198): [31198:I:HIF] hif_try_complete_tasks: waiting for tasklets 1 grp tasklets 0 work 0
07-06 12:29:59.424 I/[kworke][0x2e7bd7e887d][10:30:08.240454] qca6490(31198): [31198:I:PMO] pmo_core_psoc_send_host_wakeup_ind_to_fw: Host wakeup indication sent to fw
07-06 12:30:08.251 D/ActivityManager( 2570): freezing 23269 org.telegram.messenger
07-06 12:30:08.255 D/ActivityManager( 2570): freezing 16126 com.whatsapp
07-06 12:30:08.259 D/ActivityManager( 2570): freezing 2196 com.android.carrierconfig
07-06 12:30:08.261 D/ActivityManager( 2570): freezing 30891 com.nothing.camera
07-06 12:30:08.262 D/ActivityManager( 2570): freezing 5560 com.google.ar.core
07-06 12:30:08.263 D/ActivityManager( 2570): freezing 5629 com.google.android.apps.safetyhub
07-06 12:30:08.264 D/ActivityManager( 2570): freezing 5666 com.google.earth
07-06 12:30:08.265 D/ActivityManager( 2570): freezing 5985 com.google.android.apps.wellbeing
07-06 12:30:08.266 D/ActivityManager( 2570): freezing 29935 com.google.android.apps.photos
07-06 12:30:08.268 D/ActivityManager( 2570): freezing 7432 com.android.keychain
07-06 12:30:08.269 D/ActivityManager( 2570): freezing 7731 com.google.android.contactkeys
07-06 12:30:08.270 D/ActivityManager( 2570): freezing 28150 android.process.acore
07-06 12:30:08.271 D/ActivityManager( 2570): freezing 12641 com.google.android.gms.learning
07-06 12:30:08.272 D/ActivityManager( 2570): freezing 12080 com.google.android.healthconnect.controller
07-06 12:30:08.273 D/ActivityManager( 2570): freezing 12085 com.google.android.tts
07-06 12:30:08.273 D/ActivityManager( 2570): freezing 5602 com.google.android.euicc
07-06 12:30:08.275 D/ActivityManager( 2570): freezing 12159 android.process.media
07-06 12:30:08.275 D/ActivityManager( 2570): freezing 12037 com.google.android.permissioncontroller
07-06 12:30:08.276 D/ActivityManager( 2570): freezing 2065 com.google.android.dialer
07-06 12:30:08.278 D/ActivityManager( 2570): freezing 29273 com.google.android.apps.walletnfcrel
07-06 12:30:08.280 D/ActivityManager( 2570): freezing 14605 com.nothing.user.center
07-06 12:30:08.281 D/ActivityManager( 2570): freezing 6008 com.google.android.gms.unstable
07-06 12:30:08.282 D/ActivityManager( 2570): freezing 14952 com.google.android.photopicker
07-06 12:30:08.283 D/ActivityManager( 2570): freezing 23344 com.google.android.gms.unstable
07-06 12:30:08.284 D/ActivityManager( 2570): freezing 31474 com.android.vending:background
07-06 12:30:08.286 D/ActivityManager( 2570): freezing 12525 com.infomaniak.drive
07-06 12:30:08.288 D/ActivityManager( 2570): freezing 23835 ch.sbb.mobile.android.preview
07-06 12:30:08.290 D/ActivityManager( 2570): freezing 27825 com.google.android.apps.turbo:aab
07-06 12:30:08.291 D/ActivityManager( 2570): freezing 20733 com.google.android.apps.turbo
07-06 12:30:08.292 D/ActivityManager( 2570): freezing 20749 com.android.settings
07-06 12:30:08.293 D/ActivityManager( 2570): freezing 4750 ch.search.android.search
07-06 12:30:08.295 D/ActivityManager( 2570): freezing 28766 ch.karimattia.workoutpixels
07-06 12:30:08.296 D/ActivityManager( 2570): freezing 18358 com.nothing.hearthstone
07-06 12:30:08.298 D/ActivityManager( 2570): freezing 18512 com.android.providers.calendar
07-06 12:30:08.299 D/ActivityManager( 2570): freezing 17890 com.android.settings
07-06 12:30:08.300 D/ActivityManager( 2570): freezing 20972 com.android.keychain
07-06 12:30:08.301 D/ActivityManager( 2570): freezing 1157 com.google.android.rkpdapp
07-06 12:30:08.302 D/ActivityManager( 2570): freezing 12043 android.process.media
07-06 12:30:08.303 D/ActivityManager( 2570): freezing 30540 com.google.android.apps.nbu.files
07-06 12:30:08.304 D/ActivityManager( 2570): freezing 30583 com.google.android.documentsui
07-06 12:30:08.306 D/ActivityManager( 2570): freezing 30465 com.google.android.apps.carrier.carrierwifi
07-06 12:30:08.306 D/ActivityManager( 2570): freezing 19921 com.google.android.cellbroadcastreceiver
07-06 12:30:08.307 D/ActivityManager( 2570): freezing 30999 com.google.android.packageinstaller
07-06 12:30:08.308 D/ActivityManager( 2570): freezing 21003 com.google.android.odad
07-06 12:30:08.309 D/ActivityManager( 2570): freezing 18827 com.google.android.permissioncontroller
07-06 12:30:08.310 D/ActivityManager( 2570): freezing 5951 android.process.acore
07-06 12:30:08.312 D/ActivityManager( 2570): freezing 26902 org.thoughtcrime.securesms
07-06 12:30:08.314 D/ActivityManager( 2570): freezing 30267 com.google.android.apps.maps
07-06 12:30:08.317 D/ActivityManager( 2570): freezing 11167 org.mozilla.firefox:crashhelper_disable_art_image_
07-06 12:30:08.318 D/ActivityManager( 2570): freezing 620 org.mozilla.firefox:tab_disable_art_image_27
07-06 12:30:08.319 D/ActivityManager( 2570): freezing 772 org.mozilla.firefox:tab_disable_art_image_30
07-06 12:30:08.321 D/ActivityManager( 2570): freezing 28083 org.mozilla.firefox:tab_disable_art_image_19
07-06 12:30:08.322 D/ActivityManager( 2570): freezing 27295 org.mozilla.firefox:gpu_disable_art_image_
07-06 12:30:08.324 D/ActivityManager( 2570): freezing 19020 org.mozilla.firefox:utility_disable_art_image_
07-06 12:30:08.325 D/ActivityManager( 2570): freezing 17751 org.mozilla.firefox
07-06 12:29:59.669 W/        ( 3103): ------------[ cut here ]------------
07-06 12:29:59.669 W/        ( 3103): WARNING: CPU: 1 PID: 3103 at mm/pgsize_migration.c:139 show_map+0x1a4/0x1c0
07-06 12:29:59.669 W/        ( 3103): Modules linked in: qca6490(O) ipa_clientsm(O) rndisipam(O) ipanetm(O) msm_drm(O) camera(O) msm_video(O) machine_dlkm(O) msm_eva(O) rmnet_perf(O) rmnet_sch(O) ipam(O) rmnet_aps(O) msm_cvp(O) swr_dmic_dlkm(O) rmnet_perf_tether(O) wcd938x_dlkm(O) lpass_cdc_rx_macro_dlkm(O) rmnet_shs(O) rmnet_offload(O) wcd938x_slave_dlkm(O) wcd937x_dlkm(O) tfa98xx_dlkm(O) stm_ftrace gsim(O) coresight_tpdm rmnet_core(O) msm_mmrm(O) mbhc_dlkm(O) lpass_cdc_wsa2_macro_dlkm(O) lpass_cdc_va_macro_dlkm(O) wcd9xxx_dlkm(O) lpass_cdc_tx_macro_dlkm(O) audio_pkt_dlkm(O) pinctrl_lpi_dlkm(O) lpass_cdc_wsa_macro_dlkm(O) audpkt_ion_dlkm(O) swr_ctrl_dlkm(O) lpass_cdc_dlkm(O) audio_prm_dlkm(O) adsp_loader_dlkm(O) rmnet_wlan(O) rmnet_ctl(O) coresight_dummy coresight_tgu wsa883x_dlkm(O) wcd937x_slave_dlkm(O) hdmi_dlkm(O) coresight_remote_etm spf_core_dlkm(O) gpr_dlkm(O) q6_notifier_dlkm(O) snd_event_dlkm(O) q6_dlkm(O) coresight_replicator stm_console wsa881x_dlkm(O) q6_pdr_dlkm(O)
07-06 12:29:59.669 W/        ( 3103): nothing_bootloader_log qnoc_parrot coresight_cti stm_p_basic coresight_tpda swr_dlkm(O) wcd_core_dlkm(O) qrtr_mhi qrtr_gunyah stub_dlkm(O) qcom_lpm qcom_q6v5_pas coresight_tmc snd_usb_audio_qmi qti_amoled_ecm hwmon coresight_funnel qrtr_smd coresight_hwevent icc_test nothing_task_meminfo coresight_csr simulated_ntc coresight_stm slim_qcom_ngd_ctrl coresight stm_p_ost nothing_readahead_trace stm_core qcom_q6v5 nothing_restart_handler nothing_disk_usage qcom_spmi_adc5 mhi_dev_drv nothing_secure_element tz_log qcom_vadc_common qcom_edac qdss_bridge usb_f_gsi usb_f_qdss qcedev_mod qce50 gh_virtio_backend bt_fm_slim usb_bam qcom_pil_info qti_cpufreq_cdev mhi_dev_net ep_pcie_drv qti_userspace_cdev sdhci_msm ipa_fmwk sps_drv leds_aw20036 slimbus sdpm_clk leds_qti_tri_led leds_qpnp_vibrator_ldo leds_qti_flash btpower policy_engine qcom_cpufreq_hw_debug qti_devfreq_cdev msm_lmh_dcvs cpu_voltage_cooling qti_qmi_sensor_v2 ddr_cdev goodix_fp qti_battery_charger_main
07-06 12:29:59.669 W/        ( 3103): i3c_master_msm_geni i2c_msm_geni repeater_i2c_eusb2 bcl_soc qti_qmi_cdev qcom_spmi_temp_alarm synx_driver sys_pm_vx shared_rail_scmi cdsprm subsystem_sleep_stats cnss_nl hdcp qcom_iommu_debug hung_task_enh msm_memshare fsa4480_i2c glink_probe smp2p cdsp_loader core_hang_detect qcom_logbuf_vendor_hooks zram secure_state msm_show_epoch pm8941_pwrkey shared_rail_vendor dwc3_msm hvc_gunyah dcc_v2 qcom_ipc_lite qpnp_amoled_regulator plh_scmi plh_vendor nt36xxx_i2c qcom_pon usb_f_ccid phy_msm_snps_eusb2 synaptics_dsx ehset msm_sharedmem repeater qfprom_sys smcinvoke_mod qbt_handler nt36xxx_spi heap_mem_ext_v01 sysmon_subsystem_stats goodix_core eud glink_pkt nb7vpq904m soc_sleep_stats mhi_cntrl_qcom fts_tp usb_f_diag adsp_sleepmon gh_irq_lend camcc_diwali qcom_esoc debugcc_diwali gh_mem_notifier qcom_sysmon qcom_soc_wdt cnss2 mhi_dev_uci qsee_ipc_irq_bridge phy_qcom_ufs_qmp_14nm f_fs_ipc_log phy_qcom_ufs_qmp_v4_parrot cdc_mbim mhi_dev_netdev mhi_dev_dtr
07-06 12:29:59.669 W/        ( 3103): qti_battery_debug phy_msm_snps_hs charger_ulog_glink altmode_glink mhi cnss_plat_ipc_qmi_svc spmi_glink_debug redriver msm_ext_display rdbg atmel_mxt_ts lzo lvstest usb_f_cdev phy_msm_ssusb_qmp cdc_wdm boot_stats camcc_waipio lt9611uxc phy_qcom_emu spi_msm_geni spmi_pmic_arb_debug ucsi_glink rimps_log sg cnss_prealloc qcom_i2c_pmic sensors_ssc phy_qcom_ufs_qmp_v3 cnss_utils rq_stats gpi slot_status icnss2 haptic pwm_qti_lpg msm_rng qseecom_mod phy_qcom_ufs_qmp_v4_lahaina wlan_firmware_service frpc_adsprpc videocc_waipio qti_adc_tm videocc_diwali microdump_collector pmic_glink pdr_interface qcom_ramdump pci_msm_drv qmi_helpers gplaf_scmi rproc_qcom_common smp2p_sleepstate pci_edma hardware_id hyp_core_ctl panel_event_notifier pmic_pon_log qcom_cpuss_sleep_stats qpnp_pbs pinctrl_spmi_mpp gpucc_waipio gplaf_vendor lzo_rle gpucc_diwali memlat guestvm_loader debugcc_waipio bam_dma pinctrl_spmi_gpio msm_show_resume_irq qcom_smd qcom_glink_smem qcom_pm8008_regulator
07-06 12:29:59.669 W/        ( 3103): phy_qcom_ufs_qmp_v4_anarok qcom_glink qcom_sync_file zsmalloc msm_sysstats msm_kgsl nvmem_qfprom msm_performance mdt_loader nothing_writeback_kmsg nfc_i2c bcl_pmic5 c1dcvs_scmi c1dcvs_vendor qcom_rimps msm_qmp qcom_aoss mem_offline arm_smmu ufs_qcom ufshcd_crypto_qti stub_regulator rtc_pm8xxx qrtr qnoc_diwali qcom_reboot_reason spmi_pmic_arb qcom_spmi_pmic regmap_spmi qti_regmap_debugfs pmu_scmi pmu_vendor qcom_pmu_lib cpuprime_online_helper qcom_llcc_pmu qcom_iommu_util qcom_gic_intr_routing qcom_dload_mode pinctrl_diwali pinctrl_cape phy_qcom_ufs_qmp_v4_cape phy_qcom_ufs_qmp_v4_diwali phy_qcom_ufs_qmp_v4_waipio phy_qcom_ufs phy_generic nvmem_qcom_spmi_sdam msm_geni_serial msm_geni_se reboot_mode qti_fixed_regulator qnoc_waipio qnoc_qos pinctrl_waipio pinctrl_msm memory_dump_v2 mem_hooks mem_buf qcom_dma_heaps msm_dma_iommu_mapping mem_buf_dev secure_buffer mac80211 llcc_qcom kryo_arm64_edac iommu_logger gh_rm_drv gh_msgq gh_dbl gh_ctrl gh_arm_drv gcc_diwali
07-06 12:29:59.669 W/        ( 3103): dispcc_waipio dispcc_diwali cqhci crypto_qti_common crypto_qti_hwkm hwkm tmecom_intf cfg80211 cpu_hotplug thermal_pause sched_walt qcom_cpufreq_hw bwmon qcom_dcvs dcvs_fp rpmh_regulator qcom_tsens qcom_pdc qcom_ipcc icc_rpmh socinfo icc_debug icc_bcm_voter gcc_waipio clk_dummy clk_qcom gdsc_regulator proxy_consumer debug_regulator clk_rpmh qcom_rpmh cmd_db qcom_ipc_logging qcom_cpu_vendor_hooks gh_virt_wdt qcom_wdt_core qcom_scm minidump smem qcom_hwspinlock
07-06 12:29:59.670 W/        ( 3103): CPU: 1 PID: 3103 Comm: CachedAppOptimi Tainted: G S      W  O      5.10.237-android12-9-00009-g744d5c916fbb-ab15260229 #1
07-06 12:29:59.670 W/Hardware name( 3103): Qualcomm Technologies, Inc. Cape QRD with PM8010 (DT)
07-06 12:29:59.670 W/pstate  ( 3103): 22400005 (nzCv daif +PAN -UAO +TCO BTYPE=--)
07-06 12:29:59.670 W/pc      ( 3103): show_map+0x1a4/0x1c0
07-06 12:29:59.670 W/lr      ( 3103): show_map+0x5c/0x1c0
07-06 12:29:59.670 W/sp      ( 3103): ffffffc012ce3bf0
07-06 12:29:59.670 W/        ( 3103): x29: ffffffc012ce3bf0 x28: 0000007cd2cef000
07-06 12:29:59.670 W/        ( 3103): x27: ffffffec93c2d8d0 x26: ffffffec93c2dee8
07-06 12:29:59.670 W/        ( 3103): x25: ffffff803481d3f0 x24: ffffff89b54e22d0
07-06 12:29:59.670 W/        ( 3103): x23: ffffffc012ce3c90 x22: 0000000000000000
07-06 12:29:59.670 W/        ( 3103): x21: ffffff803481d3f0 x20: ffffff88b01b2f00
07-06 12:29:59.670 W/        ( 3103): x19: ffffff89b54e22a8 x18: ffffffc012b4d048
07-06 12:29:59.670 W/        ( 3103): x17: ffffffec94b98544 x16: 0000000000000001
07-06 12:29:59.670 W/        ( 3103): x15: 0000000000000030 x14: 0000000000000000
07-06 12:29:59.670 W/        ( 3103): x13: 0000000000000000 x12: 0000000000000000
07-06 12:29:59.670 W/        ( 3103): x11: ffffff8053fdf7c0 x10: 0000000000000002
07-06 12:29:59.670 W/        ( 3103): x9 : 0000000000000000 x8 : 0000007cd2cf4000
07-06 12:29:59.670 W/        ( 3103): x7 : 0000000000000000 x6 : ffffff88b01b2fe8
07-06 12:29:59.670 W/        ( 3103): x5 : 0000000000000040 x4 : 0000000000000000
07-06 12:29:59.670 W/        ( 3103): x3 : 0000000000000000 x2 : ffffffffffffffe8
07-06 12:29:59.670 W/        ( 3103): x1 : ffffff803481d4d8 x0 : ffffff88b01b2f00
07-06 12:29:59.670 W/Call trace( 3103):  
07-06 12:29:59.670 W/        ( 3103): show_map+0x1a4/0x1c0
07-06 12:29:59.670 W/        ( 3103): seq_read_iter+0x48c/0x640
07-06 12:29:59.670 W/        ( 3103): seq_read+0xfc/0x134
07-06 12:29:59.670 W/        ( 3103): vfs_read+0xf4/0x374
07-06 12:29:59.670 W/        ( 3103): ksys_read+0x7c/0xf0
07-06 12:29:59.670 W/        ( 3103): __arm64_sys_read+0x20/0x30
07-06 12:29:59.670 W/        ( 3103): el0_svc_common+0xd4/0x270
07-06 12:29:59.670 W/        ( 3103): el0_svc+0x28/0x98
07-06 12:29:59.670 W/        ( 3103): el0_sync_handler+0x8c/0xf0
07-06 12:29:59.670 W/        ( 3103): el0_sync+0x1b8/0x1c0
07-06 12:29:59.670 W/        ( 3103): ---[ end trace ba86cd1b90aa4c1c ]---
07-06 12:29:59.670 W/        ( 3103): ------------[ cut here ]------------
07-06 12:29:59.670 W/        ( 3103): WARNING: CPU: 1 PID: 3103 at mm/pgsize_migration.c:139 show_map+0x1b0/0x1c0
07-06 12:29:59.670 W/        ( 3103): Modules linked in: qca6490(O) ipa_clientsm(O) rndisipam(O) ipanetm(O) msm_drm(O) camera(O) msm_video(O) machine_dlkm(O) msm_eva(O) rmnet_perf(O) rmnet_sch(O) ipam(O) rmnet_aps(O) msm_cvp(O) swr_dmic_dlkm(O) rmnet_perf_tether(O) wcd938x_dlkm(O) lpass_cdc_rx_macro_dlkm(O) rmnet_shs(O) rmnet_offload(O) wcd938x_slave_dlkm(O) wcd937x_dlkm(O) tfa98xx_dlkm(O) stm_ftrace gsim(O) coresight_tpdm rmnet_core(O) msm_mmrm(O) mbhc_dlkm(O) lpass_cdc_wsa2_macro_dlkm(O) lpass_cdc_va_macro_dlkm(O) wcd9xxx_dlkm(O) lpass_cdc_tx_macro_dlkm(O) audio_pkt_dlkm(O) pinctrl_lpi_dlkm(O) lpass_cdc_wsa_macro_dlkm(O) audpkt_ion_dlkm(O) swr_ctrl_dlkm(O) lpass_cdc_dlkm(O) audio_prm_dlkm(O) adsp_loader_dlkm(O) rmnet_wlan(O) rmnet_ctl(O) coresight_dummy coresight_tgu wsa883x_dlkm(O) wcd937x_slave_dlkm(O) hdmi_dlkm(O) coresight_remote_etm spf_core_dlkm(O) gpr_dlkm(O) q6_notifier_dlkm(O) snd_event_dlkm(O) q6_dlkm(O) coresight_replicator stm_console wsa881x_dlkm(O) q6_pdr_dlkm(O)
07-06 12:29:59.670 W/        ( 3103): nothing_bootloader_log qnoc_parrot coresight_cti stm_p_basic coresight_tpda swr_dlkm(O) wcd_core_dlkm(O) qrtr_mhi qrtr_gunyah stub_dlkm(O) qcom_lpm qcom_q6v5_pas coresight_tmc snd_usb_audio_qmi qti_amoled_ecm hwmon coresight_funnel qrtr_smd coresight_hwevent icc_test nothing_task_meminfo coresight_csr simulated_ntc coresight_stm slim_qcom_ngd_ctrl coresight stm_p_ost nothing_readahead_trace stm_core qcom_q6v5 nothing_restart_handler nothing_disk_usage qcom_spmi_adc5 mhi_dev_drv nothing_secure_element tz_log qcom_vadc_common qcom_edac qdss_bridge usb_f_gsi usb_f_qdss qcedev_mod qce50 gh_virtio_backend bt_fm_slim usb_bam qcom_pil_info qti_cpufreq_cdev mhi_dev_net ep_pcie_drv qti_userspace_cdev sdhci_msm ipa_fmwk sps_drv leds_aw20036 slimbus sdpm_clk leds_qti_tri_led leds_qpnp_vibrator_ldo leds_qti_flash btpower policy_engine qcom_cpufreq_hw_debug qti_devfreq_cdev msm_lmh_dcvs cpu_voltage_cooling qti_qmi_sensor_v2 ddr_cdev goodix_fp qti_battery_charger_main
07-06 12:29:59.670 W/        ( 3103): i3c_master_msm_geni i2c_msm_geni repeater_i2c_eusb2 bcl_soc qti_qmi_cdev qcom_spmi_temp_alarm synx_driver sys_pm_vx shared_rail_scmi cdsprm subsystem_sleep_stats cnss_nl hdcp qcom_iommu_debug hung_task_enh msm_memshare fsa4480_i2c glink_probe smp2p cdsp_loader core_hang_detect qcom_logbuf_vendor_hooks zram secure_state msm_show_epoch pm8941_pwrkey shared_rail_vendor dwc3_msm hvc_gunyah dcc_v2 qcom_ipc_lite qpnp_amoled_regulator plh_scmi plh_vendor nt36xxx_i2c qcom_pon usb_f_ccid phy_msm_snps_eusb2 synaptics_dsx ehset msm_sharedmem repeater qfprom_sys smcinvoke_mod qbt_handler nt36xxx_spi heap_mem_ext_v01 sysmon_subsystem_stats goodix_core eud glink_pkt nb7vpq904m soc_sleep_stats mhi_cntrl_qcom fts_tp usb_f_diag adsp_sleepmon gh_irq_lend camcc_diwali qcom_esoc debugcc_diwali gh_mem_notifier qcom_sysmon qcom_soc_wdt cnss2 mhi_dev_uci qsee_ipc_irq_bridge phy_qcom_ufs_qmp_14nm f_fs_ipc_log phy_qcom_ufs_qmp_v4_parrot cdc_mbim mhi_dev_netdev mhi_dev_dtr
07-06 12:29:59.670 W/        ( 3103): qti_battery_debug phy_msm_snps_hs charger_ulog_glink altmode_glink mhi cnss_plat_ipc_qmi_svc spmi_glink_debug redriver msm_ext_display rdbg atmel_mxt_ts lzo lvstest usb_f_cdev phy_msm_ssusb_qmp cdc_wdm boot_stats camcc_waipio lt9611uxc phy_qcom_emu spi_msm_geni spmi_pmic_arb_debug ucsi_glink rimps_log sg cnss_prealloc qcom_i2c_pmic sensors_ssc phy_qcom_ufs_qmp_v3 cnss_utils rq_stats gpi slot_status icnss2 haptic pwm_qti_lpg msm_rng qseecom_mod phy_qcom_ufs_qmp_v4_lahaina wlan_firmware_service frpc_adsprpc videocc_waipio qti_adc_tm videocc_diwali microdump_collector pmic_glink pdr_interface qcom_ramdump pci_msm_drv qmi_helpers gplaf_scmi rproc_qcom_common smp2p_sleepstate pci_edma hardware_id hyp_core_ctl panel_event_notifier pmic_pon_log qcom_cpuss_sleep_stats qpnp_pbs pinctrl_spmi_mpp gpucc_waipio gplaf_vendor lzo_rle gpucc_diwali memlat guestvm_loader debugcc_waipio bam_dma pinctrl_spmi_gpio msm_show_resume_irq qcom_smd qcom_glink_smem qcom_pm8008_regulator
07-06 12:29:59.670 W/        ( 3103): phy_qcom_ufs_qmp_v4_anarok qcom_glink qcom_sync_file zsmalloc msm_sysstats msm_kgsl nvmem_qfprom msm_performance mdt_loader nothing_writeback_kmsg nfc_i2c bcl_pmic5 c1dcvs_scmi c1dcvs_vendor qcom_rimps msm_qmp qcom_aoss mem_offline arm_smmu ufs_qcom ufshcd_crypto_qti stub_regulator rtc_pm8xxx qrtr qnoc_diwali qcom_reboot_reason spmi_pmic_arb qcom_spmi_pmic regmap_spmi qti_regmap_debugfs pmu_scmi pmu_vendor qcom_pmu_lib cpuprime_online_helper qcom_llcc_pmu qcom_iommu_util qcom_gic_intr_routing qcom_dload_mode pinctrl_diwali pinctrl_cape phy_qcom_ufs_qmp_v4_cape phy_qcom_ufs_qmp_v4_diwali phy_qcom_ufs_qmp_v4_waipio phy_qcom_ufs phy_generic nvmem_qcom_spmi_sdam msm_geni_serial msm_geni_se reboot_mode qti_fixed_regulator qnoc_waipio qnoc_qos pinctrl_waipio pinctrl_msm memory_dump_v2 mem_hooks mem_buf qcom_dma_heaps msm_dma_iommu_mapping mem_buf_dev secure_buffer mac80211 llcc_qcom kryo_arm64_edac iommu_logger gh_rm_drv gh_msgq gh_dbl gh_ctrl gh_arm_drv gcc_diwali
07-06 12:29:59.670 W/        ( 3103): dispcc_waipio dispcc_diwali cqhci crypto_qti_common crypto_qti_hwkm hwkm tmecom_intf cfg80211 cpu_hotplug thermal_pause sched_walt qcom_cpufreq_hw bwmon qcom_dcvs dcvs_fp rpmh_regulator qcom_tsens qcom_pdc qcom_ipcc icc_rpmh socinfo icc_debug icc_bcm_voter gcc_waipio clk_dummy clk_qcom gdsc_regulator proxy_consumer debug_regulator clk_rpmh qcom_rpmh cmd_db qcom_ipc_logging qcom_cpu_vendor_hooks gh_virt_wdt qcom_wdt_core qcom_scm minidump smem qcom_hwspinlock
07-06 12:29:59.670 W/        ( 3103): CPU: 1 PID: 3103 Comm: CachedAppOptimi Tainted: G S      W  O      5.10.237-android12-9-00009-g744d5c916fbb-ab15260229 #1
07-06 12:29:59.670 W/Hardware name( 3103): Qualcomm Technologies, Inc. Cape QRD with PM8010 (DT)
07-06 12:29:59.670 W/pstate  ( 3103): 22400005 (nzCv daif +PAN -UAO +TCO BTYPE=--)
07-06 12:29:59.670 W/pc      ( 3103): show_map+0x1b0/0x1c0
07-06 12:29:59.670 W/lr      ( 3103): show_map+0xf0/0x1c0
07-06 12:29:59.670 W/sp      ( 3103): ffffffc012ce3bf0
07-06 12:29:59.670 W/        ( 3103): x29: ffffffc012ce3bf0 x28: 0000007cd2cef000
07-06 12:29:59.670 W/        ( 3103): x27: ffffffec93c2d8d0 x26: ffffffec93c2dee8
07-06 12:29:59.670 W/        ( 3103): x25: ffffff803481d3f0 x24: ffffff89b54e22d0
07-06 12:29:59.670 W/        ( 3103): x23: ffffffc012ce3c90 x22: ffffff88b01b3500
07-06 12:29:59.670 W/        ( 3103): x21: ffffff803481d3f0 x20: ffffff88b01b2f00
07-06 12:29:59.670 W/        ( 3103): x19: ffffff89b54e22a8 x18: ffffffc012b4d048
07-06 12:29:59.670 W/        ( 3103): x17: ffffffec94b98544 x16: 0000000000000001
07-06 12:29:59.670 W/        ( 3103): x15: 0000000000000030 x14: 0000000000000000
07-06 12:29:59.670 W/        ( 3103): x13: 0000000000000000 x12: 0000000000000000
07-06 12:29:59.670 W/        ( 3103): x11: ffffff8053fdf7c0 x10: 0000000000000002
07-06 12:29:59.670 W/        ( 3103): x9 : 0000000000000000 x8 : 0000007cd2cf4000
07-06 12:29:59.670 W/        ( 3103): x7 : 0000000000000000 x6 : ffffff88b01b35e8
07-06 12:29:59.670 W/        ( 3103): x5 : 0000000000000040 x4 : 0000000000000000
07-06 12:29:59.670 W/        ( 3103): x3 : 0000000000000000 x2 : ffffffffffffffe8
07-06 12:29:59.670 W/        ( 3103): x1 : ffffff803481d4d8 x0 : ffffff88b01b3500
07-06 12:29:59.670 W/Call trace( 3103):  
07-06 12:29:59.670 W/        ( 3103): show_map+0x1b0/0x1c0
07-06 12:29:59.670 W/        ( 3103): seq_read_iter+0x48c/0x640
07-06 12:29:59.670 W/        ( 3103): seq_read+0xfc/0x134
07-06 12:29:59.670 W/        ( 3103): vfs_read+0xf4/0x374
07-06 12:29:59.670 W/        ( 3103): ksys_read+0x7c/0xf0
07-06 12:29:59.670 W/        ( 3103): __arm64_sys_read+0x20/0x30
07-06 12:29:59.670 W/        ( 3103): el0_svc_common+0xd4/0x270
07-06 12:29:59.670 W/        ( 3103): el0_svc+0x28/0x98
07-06 12:29:59.670 W/        ( 3103): el0_sync_handler+0x8c/0xf0
07-06 12:29:59.670 W/        ( 3103): el0_sync+0x1b8/0x1c0
07-06 12:29:59.670 W/        ( 3103): ---[ end trace ba86cd1b90aa4c1d ]---
07-06 12:30:01.358 W/audit   ( 3103): audit_lost=26391 audit_rate_limit=5 audit_backlog_limit=64
07-06 12:30:01.358 E/audit   ( 3103): rate limit exceeded
07-06 12:30:01.835 E/simulated_ntc( 4482): proc_shell_write write invalid para
07-06 12:30:03.326 I/[kworke][0x2e7c1f5b3b1][10:30:12.142470] qca6490(31198): [31198:I:PMO] pmo_core_enable_wow_in_fw: drv wow is enabled
07-06 12:30:03.361 I/[kworke][0x2e7c20020d2][10:30:12.178059] qca6490(31198): [31198:I:HIF] hif_try_complete_tasks: waiting for tasklets 1 grp tasklets 0 work 0
07-06 12:30:03.392 I/[kworke][0x2e7c20935c5][10:30:12.209058] qca6490(31198): [31198:I:PMO] pmo_core_psoc_send_host_wakeup_ind_to_fw: Host wakeup indication sent to fw
07-06 12:30:12.595 D/ActivityManager( 2570): freezing 19293 com.google.android.apps.messaging
07-06 12:30:13.826 W/ProcessStats( 2570): Tracking association SourceState{4f60e45 com.google.android.gms/99910137 Service #102335} whose proc state 8 is better than process ProcessState{ce8b106 com.google.android.gms.persistent/99910137 pkg=com.google.android.gms} proc state 15 (126 skipped)
07-06 12:30:06.158 I/(virq   (27658): irq_count)- GICv3:IPI(1):118703329 GICv3:arch_timer(11):54099228 GICv3:IPI(6):13741955 GICv3:apps_rsc(24):8238787 GICv3:IPI(2):4624230 GICv3:ufshcd(33):3451304 GICv3:ipcc_0(30):3328807 ipcc:glink-native-slpi(365):1889952 GICv3:msm_drm(219):1871688 ipcc:glink-native-adsp(364):1658211
07-06 12:30:06.158 I/(cpu    (27658): irq_count)- 0:47312743 1:47671519 2:47004420 3:46248144 4:10689236 5:9577297 6:9151153 7:4334510
07-06 12:30:06.158 I/(ipi    (27658): irq_count)- 0:118703329 1:4624230 2:0 3:0 4:0 5:13741955 6:0
07-06 12:30:15.196 V/SettingsShellCmd( 2570): putForUser(userId=0, table=global, key=sysui_demo_allowed, value=1, tag=null, makeDefault=false, overrideableByRestore=false)
07-06 12:30:15.354 I/ActivityManager( 2570): Enqueued broadcast Intent { act=com.android.systemui.demo flg=0x400000 (has extras) }: 0
07-06 12:30:15.464 I/ActivityManager( 2570): Enqueued broadcast Intent { act=com.android.systemui.demo flg=0x400000 (has extras) }: 0
07-06 12:30:06.845 E/simulated_ntc( 4482): proc_shell_write write invalid para
07-06 12:30:07.618 I/[kworke][0x2e7c6df3581][10:30:16.434761] qca6490(31198): [31198:I:PMO] pmo_core_enable_wow_in_fw: drv wow is enabled
07-06 12:30:07.672 I/[kworke][0x2e7c6ef2946][10:30:16.489212] qca6490(31198): [31198:I:PMO] pmo_core_psoc_send_host_wakeup_ind_to_fw: Host wakeup indication sent to fw
07-06 12:30:07.818 I/servicemanager(  543): Caller(pid=31539,uid=2000,sid=u:r:shell:s0) Could not find android.hardware.graphics.allocator.IAllocator/default in the VINTF manifest. No alternative instances declared in VINTF.
07-06 12:30:07.876 I/servicemanager(  543): Caller(pid=31539,uid=2000,sid=u:r:shell:s0) Could not find android.hardware.graphics.allocator.IAllocator/default in the VINTF manifest. No alternative instances declared in VINTF.
07-06 12:30:17.056 I/ActivityManager( 2570): Enqueued broadcast Intent { act=com.android.systemui.demo flg=0x400000 (has extras) }: 0
07-06 12:30:09.320 I/[kworke][0x2e7c8d1dd83][10:30:18.136841] qca6490(31198): [31198:I:PMO] pmo_core_enable_wow_in_fw: drv wow is enabled
07-06 12:30:09.370 I/[kworke][0x2e7c8e09bdf][10:30:18.187166] qca6490(31198): [31198:I:PMO] pmo_core_psoc_send_host_wakeup_ind_to_fw: Host wakeup indication sent to fw
07-06 12:30:19.868 D/NtMemoryManager( 2570): com.teslacoilsw.launcher last pss: 451712
07-06 12:30:19.868 D/NtMemoryManager( 2570): don't raise adj due to remove task : ch.karimattia.soli : -1
07-06 12:30:19.868 D/NtMemoryManager( 2570): org.mozilla.firefox last pss: 1753146
07-06 12:30:09.502 E/BATTERY_CHG(27658): handle_message: adsp_to_kernel_log:key_info:pump:97,pump_en:0,ovp:1,wpc:1,fcc:2500,fv:4500,icl:0,ibus_ma:0,usb_sus:0,wls_sus:0,BattInit:1,chg_type:0,soc:96,soc_time:2773,soc_pre:96,real_cap:3877000,htemp_charge:4100,plug_in:0,plugGpio:1,usbTemp:0,battTemp:0,nt_cc_enable:0,2646:00,2654:32,2606:07,2708:00,2952:28,2658:5a,2707:00,2b09:01,f243:6e,f245:00,f246:00,8a44:00,8b44:00,
07-06 12:30:11.589 I/[kworke][0x2e7cb6aa454][10:30:20.405945] qca6490(31198): [31198:I:PMO] pmo_core_enable_wow_in_fw: drv wow is enabled
07-06 12:30:11.637 I/[kworke][0x2e7cb78989d][10:30:20.453576] qca6490(31198): [31198:I:PMO] pmo_core_psoc_send_host_wakeup_ind_to_fw: Host wakeup indication sent to fw
07-06 12:30:11.858 E/simulated_ntc( 4482): proc_shell_write write invalid para
07-06 12:30:12.045 I/sd 0    (27416): 0:0:0: [sda] Synchronizing SCSI cache
07-06 12:30:12.604 I/[kworke][0x2e7cc941f4e][10:30:21.421345] qca6490(31198): [31198:I:PMO] pmo_core_enable_wow_in_fw: drv wow is enabled
07-06 12:30:12.641 I/[kworke][0x2e7cc9eced2][10:30:21.457819] qca6490(31198): [31198:I:HIF] hif_try_complete_tasks: waiting for tasklets 0 grp tasklets 0 work 2
07-06 12:30:12.669 I/[kworke][0x2e7cca71115][10:30:21.486009] qca6490(31198): [31198:I:PMO] pmo_core_psoc_send_host_wakeup_ind_to_fw: Host wakeup indication sent to fw
07-06 12:30:13.708 I/[kworke][0x2e7cdd789e0][10:30:22.525273] qca6490(31198): [31198:I:PMO] pmo_core_enable_wow_in_fw: drv wow is enabled
07-06 12:30:13.743 I/[kworke][0x2e7cde1ac59][10:30:22.559866] qca6490(31198): [31198:I:HIF] hif_try_complete_tasks: waiting for tasklets 0 grp tasklets 0 work 2
07-06 12:30:13.765 I/[kworke][0x2e7cde83f99][10:30:22.582309] qca6490(31198): [31198:I:PMO] pmo_core_psoc_send_host_wakeup_ind_to_fw: Host wakeup indication sent to fw
07-06 12:30:13.766 W/healthd ( 1398): time_last:718, soc_current_time=73122, soc_pre_time=72404,charging_status:0,soc_temp:96
07-06 12:30:13.766 W/healthd ( 1398): battery l=96 v=4338 t=29.0 h=2 st=3 c=-156000 fc=4235000 cc=468 chg=
07-06 12:30:13.783 W/healthd ( 1398): time_last:718, soc_current_time=73122, soc_pre_time=72404,charging_status:0,soc_temp:96
07-06 12:30:13.788 W/HealthLoop( 1398): debug.nt.screen_brightness:4.100818
07-06 12:30:14.403 I/[kworke][0x2e7cea2ede7][10:30:23.219513] qca6490(31198): [31198:I:PMO] pmo_core_enable_wow_in_fw: drv wow is enabled
07-06 12:30:14.450 I/[kworke][0x2e7ceb0afd8][10:30:23.266472] qca6490(31198): [31198:I:PMO] pmo_core_psoc_send_host_wakeup_ind_to_fw: Host wakeup indication sent to fw
07-06 12:30:23.961 D/ActivityManager( 2570): freezing 5102 com.google.android.gms
07-06 12:30:23.965 D/ActivityManager( 2570): freezing 27757 com.google.android.gms.persistent
07-06 12:30:15.630 I/(virq   (27662): irq_count)- GICv3:IPI(1):118711973 GICv3:arch_timer(11):54105932 GICv3:IPI(6):13743424 GICv3:apps_rsc(24):8239340 GICv3:IPI(2):4624579 GICv3:ufshcd(33):3451404 GICv3:ipcc_0(30):3329060 ipcc:glink-native-slpi(365):1890115 GICv3:msm_drm(219):1871749 ipcc:glink-native-adsp(364):1658369
07-06 12:30:15.630 I/(cpu    (27662): irq_count)- 0:47316884 1:47675841 2:47009174 3:46252812 4:10689499 5:9577832 6:9151576 7:4334656
07-06 12:30:15.630 I/(ipi    (27662): irq_count)- 0:118711974 1:4624579 2:0 3:0 4:0 5:13743424 6:0
07-06 12:30:25.003 D/OomAdjuster( 2570): process : com.google.android.gms, pid = 5102, isTop = false, uid = 99910137, hasActivity = false
07-06 12:30:25.004 D/OomAdjuster( 2570): process : com.google.android.gms is not top!
07-06 12:30:25.009 D/ActivityManager( 2570): sync unfroze 5102 com.google.android.gms for 6
07-06 12:30:25.010 D/OomAdjuster( 2570): process : com.google.android.gms.persistent, pid = 27757, isTop = false, uid = 99910137, hasActivity = false
07-06 12:30:25.010 D/OomAdjuster( 2570): process : com.google.android.gms.persistent is not top!
07-06 12:30:25.015 D/ActivityManager( 2570): sync unfroze 27757 com.google.android.gms.persistent for 6
07-06 12:30:25.015 W/ProcessStats( 2570): Tracking association SourceState{4f60e45 com.google.android.gms/99910137 Service #102338} whose proc state 8 is better than process ProcessState{ce8b106 com.google.android.gms.persistent/99910137 pkg=com.google.android.gms} proc state 15 (3 skipped)
07-06 12:30:16.768 I/[kworke][0x2e7d157c4f4][10:30:25.584407] qca6490(31198): [31198:I:PMO] pmo_core_enable_wow_in_fw: drv wow is enabled
07-06 12:30:16.817 I/[kworke][0x2e7d16637b5][10:30:25.633724] qca6490(31198): [31198:I:PMO] pmo_core_psoc_send_host_wakeup_ind_to_fw: Host wakeup indication sent to fw
07-06 12:30:16.874 E/simulated_ntc( 4482): proc_shell_write write invalid para
07-06 12:30:17.518 I/[kworke][0x2e7d23395c4][10:30:26.334711] qca6490(31198): [31198:I:PMO] pmo_core_enable_wow_in_fw: drv wow is enabled
07-06 12:30:17.554 I/[kworke][0x2e7d23e4bfb][10:30:26.371274] qca6490(31198): [31198:I:HIF] hif_try_complete_tasks: waiting for tasklets 0 grp tasklets 0 work 2
07-06 12:30:17.583 I/[kworke][0x2e7d246a2d0][10:30:26.399739] qca6490(31198): [31198:I:PMO] pmo_core_psoc_send_host_wakeup_ind_to_fw: Host wakeup indication sent to fw
07-06 12:30:27.770 D/DisplayPowerController[0]( 2570): DisplayPowerRequest changed: policy=DIM, useProximitySensor=false, screenBrightnessOverride=NaN, screenAutoBrightnessAdjustmentOverride=NaN, screenLowPowerBrightnessFactor=1.0, blockScreenOn=false, lowPowerMode=false, boostScreenBrightness=false, dozeScreenBrightness=NaN, dozeScreenState=UNKNOWN, dozeScreenStateReason=DEFAULT_POLICY, useNormalBrightnessForDoze=false, waitForNegativeProximity=false
07-06 12:30:27.771 D/NtAppUsageManager( 2570): No need to write old record
07-06 12:30:27.778 V/DisplayPowerController[0]( 2570): Brightness [0.05] reason changing to: 'automatic [ dim ]', previous reason: 'automatic'.
07-06 12:30:27.779 I/DisplayPowerController[0]( 2570): BrightnessEvent: brt=0.05 (39.0%), nits= 4.3617077, lux=242.6625, reason=automatic [ dim ], strat=AutomaticBrightnessStrategy, state=ON, stateReason=KEY, policy=DIM, flags=, initBrt=0.41008174, rcmdBrt=0.41008174, preBrt=NaN, preLux=NaN, wasShortTermModelActive=false, autoBrightness=true (default), unclampedBrt=0.41008174, hbmMax=0.85836387, hbmMode=sunlight, thrmMax=1.0, rbcStrength=82, powerFactor=1.0, physDisp=Built-in Screen(local:4630946639017191809), logicalId=0, slowChange=false, rampSpeed=0.2
07-06 12:30:19.018 E/        ( 1975): [drm:store_skip_frame_mode:3160] [sde error]set refresh rate, index: 16
07-06 12:30:28.674 D/NtAppUsageManager( 2570): No need to write old record
07-06 12:30:20.426 I/[kworke][0x2e7d5877a85][10:30:29.242508] qca6490(31198): [31198:I:PMO] pmo_core_enable_wow_in_fw: drv wow is enabled
07-06 12:30:20.479 I/[kworke][0x2e7d59700fa][10:30:29.295501] qca6490(31198): [31198:I:PMO] pmo_core_psoc_send_host_wakeup_ind_to_fw: Host wakeup indication sent to fw
07-06 12:30:21.487 I/[kworke][0x2e7d6be5cda][10:30:30.303659] qca6490(31198): [31198:I:PMO] pmo_core_enable_wow_in_fw: drv wow is enabled
07-06 12:30:21.525 I/[kworke][0x2e7d6c977e3][10:30:30.341566] qca6490(31198): [31198:I:HIF] hif_try_complete_tasks: waiting for tasklets 0 grp tasklets 0 work 2
07-06 12:30:21.555 I/[kworke][0x2e7d6d25744][10:30:30.371851] qca6490(31198): [31198:I:PMO] pmo_core_psoc_send_host_wakeup_ind_to_fw: Host wakeup indication sent to fw
07-06 12:30:21.886 E/simulated_ntc( 4482): proc_shell_write write invalid para
07-06 12:30:32.397 W/ActivityManager( 2570): Unbind failed: could not find connection for android.os.BinderProxy@d7f3e1
07-06 12:30:32.404 W/ActivityManager( 2570): Unable to start service Intent { act=android.telephony.satellite.SatelliteService xflg=0x4 pkg=vendor.qti.data.ntnsatapp } U=0: not found
07-06 12:30:24.635 I/[kworke][0x2e7da58c08e][10:30:33.452082] qca6490(23236): [23236:I:PMO] pmo_core_enable_wow_in_fw: drv wow is enabled
07-06 12:30:24.689 I/[kworke][0x2e7da688eb4][10:30:33.506030] qca6490(23236): [23236:I:PMO] pmo_core_psoc_send_host_wakeup_ind_to_fw: Host wakeup indication sent to fw
07-06 12:30:25.101 I/(virq   (27662): irq_count)- GICv3:IPI(1):118721398 GICv3:arch_timer(11):54113256 GICv3:IPI(6):13744787 GICv3:apps_rsc(24):8239808 GICv3:IPI(2):4624934 GICv3:ufshcd(33):3451526 GICv3:ipcc_0(30):3329254 ipcc:glink-native-slpi(365):1890275 GICv3:msm_drm(219):1872032 ipcc:glink-native-adsp(364):1658443
07-06 12:30:25.101 I/(cpu    (27662): irq_count)- 0:47321866 1:47680742 2:47013880 3:46257939 4:10689609 5:9578012 6:9152019 7:4334676
07-06 12:30:25.101 I/(ipi    (27662): irq_count)- 0:118721398 1:4624934 2:0 3:0 4:0 5:13744787 6:0
07-06 12:30:25.843 I/[kworke][0x2e7dbbaa3b4][10:30:34.660017] qca6490(23236): [23236:I:PMO] pmo_core_enable_wow_in_fw: drv wow is enabled
07-06 12:30:25.881 I/[kworke][0x2e7dbc5af33][10:30:34.697717] qca6490(23236): [23236:I:HIF] hif_try_complete_tasks: waiting for tasklets 0 grp tasklets 0 work 2
07-06 12:30:25.916 I/[kworke][0x2e7dbcfdd7d][10:30:34.732467] qca6490(23236): [23236:I:PMO] pmo_core_psoc_send_host_wakeup_ind_to_fw: Host wakeup indication sent to fw
07-06 12:30:34.768 I/PowerGroup( 2570): Powering off display group due to timeout (groupId= 0, uid= 1000, millisSinceLastUserActivity=150000, lastUserActivityEvent=other)...
07-06 12:30:34.770 I/PowerManagerService( 2570): Going to sleep due to timeout (uid 1000, screenOffTimeout=150000, activityTimeoutWM=-1, maxDimRatio=0.20000005, maxDimDur=7000)...
07-06 12:30:34.771 D/WakelockCheck( 2570): Screen-Off: Start WakeLock Track
07-06 12:30:34.773 D/BackgroundInstallControlService( 2570): Package event received: 0
07-06 12:30:34.773 D/BackgroundInstallControlService( 2570): Package event received: 0
07-06 12:30:34.774 I/DreamManagerService( 2570): Entering dreamland.
07-06 12:30:34.775 D/OomAdjuster( 2570): process : com.nothing.launcher, pid = 3827, isTop = false, uid = 10177
07-06 12:30:34.775 D/OomAdjuster( 2570): system app not need limit!
07-06 12:30:25.963 I/        ( 3446): [GTP-INF][goodix_pocket_mode_store] out pocket mode
07-06 12:30:34.775 D/OomAdjuster( 2570): process : com.nothing.cardservice, pid = 6912, isTop = false, uid = 10209
07-06 12:30:34.775 D/OomAdjuster( 2570): system app not need limit!
07-06 12:30:34.776 D/OomAdjuster( 2570): set group = 7
07-06 12:30:34.776 D/OomAdjuster( 2570): set cpuset: 7
07-06 12:30:34.778 D/OomAdjuster( 2570): process : com.nothing.universal.search, pid = 6606, isTop = false, uid = 10329
07-06 12:30:34.778 D/OomAdjuster( 2570): system app not need limit!
07-06 12:30:34.779 D/OomAdjuster( 2570): process : com.google.android.gms.persistent, pid = 5846, isTop = false, uid = 10137
07-06 12:30:34.779 D/OomAdjuster( 2570): process : com.google.android.gms.persistent is not top!
07-06 12:30:34.779 D/OomAdjuster( 2570): process : com.android.companiondevicemanager, pid = 7192, isTop = false, uid = 10099
07-06 12:30:34.779 D/OomAdjuster( 2570): process : com.android.companiondevicemanager is not top!
07-06 12:30:34.780 D/OomAdjuster( 2570): process : com.google.android.apps.chromecast.app, pid = 18231, isTop = false, uid = 10226
07-06 12:30:34.780 D/OomAdjuster( 2570): process : com.google.android.apps.chromecast.app is not top!
