07-06 12:30:40.744 I/libprocessgroup( 2570): Removed cgroup /sys/fs/cgroup/apps/uid_10352/pid_31449
07-06 12:30:40.744 D/CarrierSvcBindHelper( 3621): No carrier app for: 0
07-06 12:30:40.745 D/CarrierSvcBindHelper( 3621): No carrier app for: 1
07-06 12:30:40.755 D/BatterySaverPolicy( 2570): accessibility changed to false, updating policy.
07-06 12:30:40.951 I/adbd    ( 2329): adbd service requested 'exec:uiautomator 'dump' '/dev/tty''
07-06 12:30:40.963 D/BatteryChargeManager2( 3280): onSceneChanged: [screen_off]
07-06 12:30:40.965 D/ThermalMitigationStrategy( 3280): reEvaluate:  mPendingScenesInfo: scenes: [screen_off] app: ch.karimattia.soli appCat: -1 level: 2 temp: 30 uid: 10357 pid: 31276 mScenesInfo: scenes: [] app: ch.karimattia.soli appCat: -1 level: 2 temp: 30 uid: 10357 pid: 31276 sceneChange: true appChange: false levelChange: false
07-06 12:30:40.965 D/ThermalMitigationStrategy( 3280): updatePolicyAndNotifyLocked222: origin config: {} last: {}
07-06 12:30:40.965 D/ThermalMitigationStrategy( 3280): updatePolicyAndNotifyLocked: no any update, return
07-06 12:30:40.965 D/BatteryChargeManager2( 3280): handleStateChange: new level: 20000 last level: 2500
07-06 12:30:40.966 D/BatteryChargeManager2( 3280): setChargeLevel: 20000
07-06 12:30:40.966 E/NtChgAidl( 1440): NtChgAidl: setChargeFccIn user:3,val = 20000
07-06 12:30:32.150 W/nt_vote ( 1440): FCC_MAIN: FCC_TEMPERATURE_CONTROL_VOTER,1 voting on of val=20000
07-06 12:30:32.150 W/nt_vote ( 1440): FCC_MAIN: effective vote is now 9000 voted by FCC_NT_CHG_VOTER,0
07-06 12:30:40.969 E/NtChgAidl( 1440): NtChgAidl: write_int  /sys/class/qcom-battery/scenario_fcc, val = 9000
07-06 12:30:41.066 D/AndroidRuntime(31632): >>>>>> START com.android.internal.os.RuntimeInit uid 2000 <<<<<<
07-06 12:30:41.068 I/app_process(31632): MMAP_TRYLOCK is supported in uffd errno:2 addr:0x7c0be7a000 size:4096
07-06 12:30:41.069 I/AndroidRuntime(31632): Using default boot image
07-06 12:30:41.069 I/AndroidRuntime(31632): Leaving lock profiling enabled
07-06 12:30:41.071 I/app_process(31632): Using generational CollectorTypeCMC GC.
07-06 12:30:41.111 D/nativeloader(31632): InitDefaultPublicLibraries for_preload=1: libandroid.so:libaaudio.so:libamidi.so:libbinder_ndk.so:libc.so:libcamera2ndk.so:libdl.so:libEGL.so:libGLESv1_CM.so:libGLESv2.so:libGLESv3.so:libicu.so:libicui18n.so:libicuuc.so:libjnigraphics.so:liblog.so:libmediandk.so:libm.so:libnativehelper.so:libnativewindow.so:libOpenMAXAL.so:libOpenSLES.so:libRS.so:libstdc++.so:libsync.so:libvulkan.so:libwebviewchromium_plat_support.so:libz.so:libofflineproc_jni.so
07-06 12:30:41.116 I/CNSS    ( 2192): /sys/wifi/dump_in_progress file read permission doesn't exist
07-06 12:30:41.116 I/CNSS    ( 2192): /sys/wifi/max_chipset_log_size doesn't exist
07-06 12:30:41.117 D/nativeloader(31632): Load libicu_jni.so using APEX ns com_android_art for caller /apex/com.android.art/javalib/core-oj.jar: ok
07-06 12:30:41.117 D/app_process(31632): u_setTimeZoneFilesDirectory("/apex/com.android.tzdata/etc/tz/versioned/9/icu") succeeded. 
07-06 12:30:41.117 D/app_process(31632): I18n APEX ICU file found: /apex/com.android.i18n/etc/icu/icudt76l.dat
07-06 12:30:41.117 D/nativeloader(31632): Load libjavacore.so using APEX ns com_android_art for caller /apex/com.android.art/javalib/core-oj.jar: ok
07-06 12:30:41.118 D/nativeloader(31632): Load libopenjdk.so using APEX ns com_android_art for caller /apex/com.android.art/javalib/core-oj.jar: ok
07-06 12:30:41.118 I/app_process(31632): Priority-to-niceness mapping: 19, 16, 13, 10, 0, -2, -4, -5, -6, -8
07-06 12:30:41.138 D/nativeloader(31632): Load libframework-connectivity-tiramisu-jni.so using APEX ns com_android_tethering for caller /apex/com.android.tethering/javalib/framework-connectivity-t.jar: ok
07-06 12:30:41.139 D/AndroidRuntime(31632): Calling main entry com.android.commands.uiautomator.Launcher
07-06 12:30:41.141 W/PlatformAconfigPackage(31632): android.os.flagging.AconfigStorageReadException: ERROR_CANNOT_READ_STORAGE_FILE: Fail to mmap storage
07-06 12:30:41.141 I/AconfigPackage(31632): com.android.org.conscrypt.flags is mapped to com.android.conscrypt
07-06 12:30:41.141 I/AconfigPackage(31632): com.android.org.conscrypt.net.flags is mapped to com.android.conscrypt
07-06 12:30:41.141 I/AconfigPackage(31632): com.android.healthfitness.flags is mapped to com.android.healthfitness
07-06 12:30:41.141 I/AconfigPackage(31632): com.android.adservices.flags is mapped to com.android.adservices
07-06 12:30:41.141 I/AconfigPackage(31632): com.android.sdksandbox.flags is mapped to com.android.adservices
07-06 12:30:41.141 I/AconfigPackage(31632): com.android.permission.flags is mapped to com.android.permission
07-06 12:30:41.141 I/AconfigPackage(31632): com.android.permissioncontroller.flags is mapped to com.android.permission
07-06 12:30:41.141 I/AconfigPackage(31632): com.android.adbd.flags is mapped to com.android.adbd
07-06 12:30:41.141 I/AconfigPackage(31632): com.android.media.extractor.flags is mapped to com.android.media
07-06 12:30:41.141 I/AconfigPackage(31632): com.android.media.metrics.flags is mapped to com.android.media
07-06 12:30:41.141 I/AconfigPackage(31632): com.android.media.mainline.flags is mapped to com.android.media
07-06 12:30:41.142 I/AconfigPackage(31632): com.android.ipsec.flags is mapped to com.android.ipsec
07-06 12:30:41.142 I/AconfigPackage(31632): com.android.devicelock.flags is mapped to com.android.devicelock
07-06 12:30:41.142 I/AconfigPackage(31632): android.uprobestats.mainline.flags is mapped to com.android.uprobestats
07-06 12:30:41.142 I/AconfigPackage(31632): com.android.cellbroadcastreceiver.flags is mapped to com.android.cellbroadcast
07-06 12:30:41.142 I/AconfigPackage(31632): com.android.signature.flags is mapped to com.android.mediaprovider
07-06 12:30:41.142 I/AconfigPackage(31632): com.android.providers.media.flags is mapped to com.android.mediaprovider
07-06 12:30:41.142 I/AconfigPackage(31632): android.graphics.pdf.flags is mapped to com.android.mediaprovider
07-06 12:30:41.142 I/AconfigPackage(31632): android.graphics.pdf.flags.readonly is mapped to com.android.mediaprovider
07-06 12:30:41.142 I/AconfigPackage(31632): com.android.rkpd.flags is mapped to com.android.rkpd
07-06 12:30:41.142 I/AconfigPackage(31632): android.media.swcodec.flags is mapped to com.android.media.swcodec
07-06 12:30:41.142 I/AconfigPackage(31632): android.provider.flags is mapped to com.android.configinfrastructure
07-06 12:30:41.142 I/AconfigPackage(31632): com.android.server.deviceconfig is mapped to com.android.configinfrastructure
07-06 12:30:41.142 I/AconfigPackage(31632): com.android.art.flags is mapped to com.android.art
07-06 12:30:41.142 I/AconfigPackage(31632): com.android.art.rw.flags is mapped to com.android.art
07-06 12:30:41.142 I/AconfigPackage(31632): com.android.libcore is mapped to com.android.art
07-06 12:30:41.142 I/AconfigPackage(31632): com.android.os.statsd.flags is mapped to com.android.os.statsd
07-06 12:30:41.142 I/AconfigPackage(31632): com.android.appsearch.flags is mapped to com.android.appsearch
07-06 12:30:41.142 I/AconfigPackage(31632): com.android.uwb.flags is mapped to com.android.uwb
07-06 12:30:41.142 I/AconfigPackage(31632): com.android.ranging.flags is mapped to com.android.uwb
07-06 12:30:41.143 I/AconfigPackage(31632): com.android.tethering.mainline.beta is mapped to com.android.tethering
07-06 12:30:41.143 I/AconfigPackage(31632): android.net.http is mapped to com.android.tethering
07-06 12:30:41.143 I/AconfigPackage(31632): com.android.tethering.readonly.flags is mapped to com.android.tethering
07-06 12:30:41.143 I/AconfigPackage(31632): android.net.vcn is mapped to com.android.tethering
07-06 12:30:41.143 I/AconfigPackage(31632): com.android.net.flags is mapped to com.android.tethering
07-06 12:30:41.143 I/AconfigPackage(31632): com.android.tethering.flags is mapped to com.android.tethering
07-06 12:30:41.143 I/AconfigPackage(31632): com.android.tethering.beta.test is mapped to com.android.tethering
07-06 12:30:41.143 I/AconfigPackage(31632): com.android.nearby.flags is mapped to com.android.tethering
07-06 12:30:41.143 I/AconfigPackage(31632): com.android.net.thread.flags is mapped to com.android.tethering
07-06 12:30:41.143 I/AconfigPackage(31632): com.android.net.ct.flags is mapped to com.android.tethering
07-06 12:30:41.143 I/AconfigPackage(31632): android.net.http.flags is mapped to com.android.tethering
07-06 12:30:41.143 I/AconfigPackage(31632): com.android.adservices.ondevicepersonalization.flags is mapped to com.android.ondevicepersonalization
07-06 12:30:41.143 I/AconfigPackage(31632): com.android.bluetooth.flags is mapped to com.android.bt
07-06 12:30:41.143 I/AconfigPackage(31632): com.android.wifi.flags is mapped to com.android.wifi
07-06 12:30:41.143 I/AconfigPackage(31632): com.android.icu is mapped to com.android.i18n
07-06 12:30:41.143 I/AconfigPackage(31632): com.android.system.virtualmachine.flags is mapped to com.android.virt
07-06 12:30:41.143 I/AconfigPackage(31632): com.android.nfc.module.flags is mapped to com.android.nfcservices
07-06 12:30:41.143 I/AconfigPackage(31632): android.os.profiling is mapped to com.android.profiling
07-06 12:30:41.143 E/FeatureFlagsImplExport(31632): android.os.flagging.AconfigStorageReadException: ERROR_PACKAGE_NOT_FOUND: package android.xr cannot be found on the device
07-06 12:30:41.144 D/UiAutomationConnection(31632): Created on user UserHandle{0}
07-06 12:30:41.144 I/UiAutomation(31632): Initialized for user 0 on display 0
07-06 12:30:41.144 W/UiAutomation(31632): Created with deprecatead constructor, assumes DEFAULT_DISPLAY
07-06 12:30:41.145 D/AccessibilityManagerService( 2570): changeCurrentUserForTestAutomationIfNeededLocked(0): ignoring because device doesn't support visible background users
07-06 12:30:41.145 I/UiAutomationManager( 2570): Registering UiTestAutomationService (id=com.android.server.accessibility/UiAutomation, flags=0x0) when called by user 0
07-06 12:30:41.145 V/AccessibilityManagerService( 2570): onUserStateChangedLocked for userId: 0, forceUpdate: false
07-06 12:30:41.146 W/MagnificationConnectionManager( 2570): requestConnection duplicated request: connect=false, mConnectionState=DISCONNECTED
07-06 12:30:41.148 D/BatterySaverPolicy( 2570): accessibility changed to true, updating policy.
07-06 12:30:41.149 V/AccessibilityManagerService( 2570): onUserStateChangedLocked for userId: 0, forceUpdate: false
07-06 12:30:41.149 W/MagnificationConnectionManager( 2570): requestConnection duplicated request: connect=false, mConnectionState=DISCONNECTED
07-06 12:30:41.150 D/AS.AudioService( 2570): Accessibility volume enabled = false
07-06 12:30:32.151 I/BATTERY_CHG( 1440): scenario_fcc_store: scenario_fcc_store,val:9000
07-06 12:30:32.407 I/PM      (14852): suspend entry (s2idle)
07-06 12:30:32.418 I/Filesystems sync(14852): 0.011 seconds
07-06 12:30:32.418 E/ipa_pm_notify(14852): 498 Entry
07-06 12:30:32.418 E/ipa_pm_notify(14852): 510 Exit
07-06 12:30:32.418 I/        (14852): Freezing user space processes ...
07-06 12:30:32.422 E/smcinvoke( 1422): process_accept_req: Server id :17 interrupted probaby due to suspend, pid:1422
07-06 12:30:32.422 E/smcinvoke( 1423): process_accept_req: Server id :17 interrupted probaby due to suspend, pid:1423
07-06 12:30:32.422 E/smcinvoke( 1424): process_accept_req: Server id :17 interrupted probaby due to suspend, pid:1424
07-06 12:30:32.422 E/smcinvoke( 1425): process_accept_req: Server id :17 interrupted probaby due to suspend, pid:1425
07-06 12:30:32.422 E/smcinvoke( 1450): process_accept_req: Server id :18 interrupted probaby due to suspend, pid:1450
07-06 12:30:32.422 E/smcinvoke( 1451): process_accept_req: Server id :18 interrupted probaby due to suspend, pid:1451
07-06 12:30:32.422 E/smcinvoke( 1452): process_accept_req: Server id :18 interrupted probaby due to suspend, pid:1452
07-06 12:30:32.422 E/smcinvoke( 1453): process_accept_req: Server id :18 interrupted probaby due to suspend, pid:1453
07-06 12:30:32.422 E/smcinvoke( 1496): process_accept_req: Server id :21 interrupted probaby due to suspend, pid:1496
07-06 12:30:32.422 E/smcinvoke( 1497): process_accept_req: Server id :21 interrupted probaby due to suspend, pid:1497
07-06 12:30:32.422 E/smcinvoke( 1498): process_accept_req: Server id :21 interrupted probaby due to suspend, pid:1498
07-06 12:30:32.422 E/smcinvoke( 1499): process_accept_req: Server id :21 interrupted probaby due to suspend, pid:1499
07-06 12:30:32.422 E/smcinvoke( 1501): process_accept_req: Server id :22 interrupted probaby due to suspend, pid:1501
07-06 12:30:32.422 E/smcinvoke( 1502): process_accept_req: Server id :22 interrupted probaby due to suspend, pid:1502
07-06 12:30:32.423 E/smcinvoke( 1503): process_accept_req: Server id :22 interrupted probaby due to suspend, pid:1503
07-06 12:30:32.423 E/smcinvoke( 1504): process_accept_req: Server id :22 interrupted probaby due to suspend, pid:1504
07-06 12:30:32.423 E/smcinvoke( 1508): process_accept_req: Server id :23 interrupted probaby due to suspend, pid:1508
07-06 12:30:32.423 E/smcinvoke( 1509): process_accept_req: Server id :23 interrupted probaby due to suspend, pid:1509
07-06 12:30:32.423 E/smcinvoke( 1516): process_accept_req: Server id :23 interrupted probaby due to suspend, pid:1516
07-06 12:30:32.423 E/smcinvoke( 1517): process_accept_req: Server id :23 interrupted probaby due to suspend, pid:1517
07-06 12:30:32.423 E/smcinvoke(13720): process_accept_req: Server id :29 interrupted probaby due to suspend, pid:13720
07-06 12:30:32.423 E/smcinvoke(13721): process_accept_req: Server id :29 interrupted probaby due to suspend, pid:13721
07-06 12:30:32.423 E/smcinvoke(13719): process_accept_req: Server id :29 interrupted probaby due to suspend, pid:13719
07-06 12:30:32.423 E/smcinvoke(13722): process_accept_req: Server id :29 interrupted probaby due to suspend, pid:13722
07-06 12:30:32.441 I/PM      (14852): PM: Pending Wakeup Sources: qcom_rx_wakelock
07-06 12:30:32.441 E/        (14852): Freezing of tasks aborted after 0.022 seconds
07-06 12:30:32.441 I/        (14852): OOM killer enabled.
07-06 12:30:32.441 I/        (14852): Restarting tasks ...
07-06 12:30:32.443 E/smcinvoke( 1422): process_accept_req: process_accept_req txn 1 either invalid or removed from Q
07-06 12:30:32.443 E/smcinvoke( 1425): process_accept_req: process_accept_req txn 2 either invalid or removed from Q
07-06 12:30:32.443 E/smcinvoke( 1496): process_accept_req: process_accept_req txn 6 either invalid or removed from Q
07-06 12:30:32.443 E/smcinvoke( 1499): process_accept_req: process_accept_req txn 5 either invalid or removed from Q
07-06 12:30:32.443 E/smcinvoke( 1498): process_accept_req: process_accept_req txn 7 either invalid or removed from Q
07-06 12:30:32.443 E/smcinvoke( 1501): process_accept_req: process_accept_req txn 7 either invalid or removed from Q
07-06 12:30:32.443 E/smcinvoke( 1503): process_accept_req: process_accept_req txn 3 either invalid or removed from Q
07-06 12:30:32.443 E/smcinvoke( 1502): process_accept_req: process_accept_req txn 5 either invalid or removed from Q
07-06 12:30:32.443 E/smcinvoke( 1504): process_accept_req: process_accept_req txn 6 either invalid or removed from Q
07-06 12:30:32.443 E/smcinvoke( 1508): process_accept_req: process_accept_req txn 4 either invalid or removed from Q
07-06 12:30:32.443 E/smcinvoke( 1509): process_accept_req: process_accept_req txn 2 either invalid or removed from Q
07-06 12:30:32.443 E/smcinvoke( 1516): process_accept_req: process_accept_req txn 5 either invalid or removed from Q
07-06 12:30:32.443 E/smcinvoke( 1517): process_accept_req: process_accept_req txn 3 either invalid or removed from Q
07-06 12:30:32.444 E/smcinvoke(13720): process_accept_req: process_accept_req txn 2 either invalid or removed from Q
07-06 12:30:32.444 E/smcinvoke(13722): process_accept_req: process_accept_req txn 1 either invalid or removed from Q
07-06 12:30:32.456 W/        (14852): done.
07-06 12:30:32.456 I/Abort   (14852): Pending Wakeup Sources: qcom_rx_wakelock
07-06 12:30:32.456 E/ipa_pm_notify(14852): 498 Entry
07-06 12:30:32.456 E/ipa_pm_notify(14852): 510 Exit
07-06 12:30:32.456 I/adsp_sleepmon(14852): PM_POST_SUSPEND
07-06 12:30:32.456 I/PM      (14852): suspend exit
07-06 12:30:32.456 I/adsp_sleepmon(  609): timer_event = 0,suspend_event = 1
07-06 12:30:41.274 W/libc    ( 1044): Access denied finding property "suspend.debug.wakestats_log.enabled"
07-06 12:30:41.679 I/adbd    ( 2329): New TLS connection [fd=26]
07-06 12:30:41.682 I/adbd    ( 2329): host-26: connection terminated: read failed
07-06 12:30:41.727 I/WifiHAL ( 1426): event received NL80211_CMD_VENDOR, vendor_id = 0x1374, subcmd = 0xd
07-06 12:30:41.728 I/cnss-daemon( 2278): nl80211 response handler invoked
07-06 12:30:41.728 I/cnss-daemon( 2278): nl80211_response_handler: cmd 103, vendorID 4980, subcmd 13  received
07-06 12:30:42.065 D/ActivityManager( 2570): freezing 5102 com.google.android.gms
07-06 12:30:42.069 D/ActivityManager( 2570): freezing 27757 com.google.android.gms.persistent
07-06 12:30:42.076 D/InetDiagMessage( 2570): Destroyed 0 sockets, proto=IPPROTO_TCP, family=AF_INET, states=14
07-06 12:30:42.078 D/InetDiagMessage( 2570): Destroyed 0 sockets, proto=IPPROTO_TCP, family=AF_INET6, states=14
07-06 12:30:42.078 D/InetDiagMessage( 2570): Destroyed live tcp sockets for uids={99910137} in 4ms
07-06 12:30:42.179 W/libc    (31632): Access denied finding property "qemu.sf.lcd_density"
07-06 12:30:42.180 W/libc    (31632): Access denied finding property "qemu.sf.lcd_density"
07-06 12:30:42.175 W/uiautomator(31632): type=1400 audit(0.0:34023): avc:  denied  { read } for  name="u:object_r:qemu_sf_lcd_density_prop:s0" dev="tmpfs" ino=344 scontext=u:r:shell:s0 tcontext=u:object_r:qemu_sf_lcd_density_prop:s0 tclass=file permissive=0
07-06 12:30:42.175 W/uiautomator(31632): type=1400 audit(0.0:34024): avc:  denied  { read } for  name="u:object_r:qemu_sf_lcd_density_prop:s0" dev="tmpfs" ino=344 scontext=u:r:shell:s0 tcontext=u:object_r:qemu_sf_lcd_density_prop:s0 tclass=file permissive=0
07-06 12:30:42.189 I/AccessibilityNodeInfoDumper(31632): Skipping invisible child: android.view.accessibility.AccessibilityNodeInfo@cb2d; boundsInParent: Rect(0, 0 - 0, 0); boundsInScreen: Rect(0, 0 - 0, 0); boundsInWindow: Rect(0, 0 - 0, 0); packageName: com.android.systemui; className: android.widget.FrameLayout; text: null; error: null; maxTextLength: -1; stateDescription: null; contentDescription: null; tooltipText: null; containerTitle: null; viewIdResName: com.android.systemui:id/depth_effect_wallpaper_on_status_bar_container; uniqueId: null; checkable: false; checked: false; focusable: false; focused: false; selected: false; clickable: false; longClickable: false; contextClickable: false; enabled: true; password: false; scrollable: false; granularScrollingSupported: false; importantForAccessibility: false; visible: false; actions: [AccessibilityAction: ACTION_SELECT - null, AccessibilityAction: ACTION_CLEAR_SELECTION - null, AccessibilityAction: ACTION_ACCESSIBILITY_FOCUS - null, AccessibilityAction: ACTION_SHOW_ON_SCREEN - null]; isTextSelectable: false
07-06 12:30:42.214 I/AccessibilityNodeInfoDumper(31632): Skipping invisible child: android.view.accessibility.AccessibilityNodeInfo@a29ec; boundsInParent: Rect(0, 0 - 1080, 2412); boundsInScreen: Rect(0, 0 - 1080, 2412); boundsInWindow: Rect(0, 0 - 1080, 2412); packageName: com.android.systemui; className: android.widget.FrameLayout; text: null; error: null; maxTextLength: -1; stateDescription: null; contentDescription: null; tooltipText: null; containerTitle: null; viewIdResName: com.android.systemui:id/depth_effect_container; uniqueId: null; checkable: false; checked: false; focusable: false; focused: false; selected: false; clickable: false; longClickable: false; contextClickable: false; enabled: true; password: false; scrollable: false; granularScrollingSupported: false; importantForAccessibility: false; visible: false; actions: [AccessibilityAction: ACTION_SELECT - null, AccessibilityAction: ACTION_CLEAR_SELECTION - null, AccessibilityAction: ACTION_ACCESSIBILITY_FOCUS - null, AccessibilityAction: ACTION_SHOW_ON_SCREEN - null]; isTextSelectable: false
07-06 12:30:42.223 I/AccessibilityNodeInfoDumper(31632): Skipping invisible child: android.view.accessibility.AccessibilityNodeInfo@9eddc; boundsInParent: Rect(0, 0 - 186, 186); boundsInScreen: Rect(447, 2093 - 633, 2279); boundsInWindow: Rect(447, 2093 - 633, 2279); packageName: com.android.systemui; className: android.widget.FrameLayout; text: null; error: null; maxTextLength: -1; stateDescription: null; contentDescription: null; tooltipText: null; containerTitle: null; viewIdResName: com.android.systemui:id/device_entry_icon_view; uniqueId: null; checkable: false; checked: false; focusable: true; focused: false; selected: false; clickable: true; longClickable: false; contextClickable: false; enabled: true; password: false; scrollable: false; granularScrollingSupported: false; importantForAccessibility: true; visible: false; actions: [AccessibilityAction: ACTION_FOCUS - null, AccessibilityAction: ACTION_SELECT - null, AccessibilityAction: ACTION_CLEAR_SELECTION - null, AccessibilityAction: ACTION_ACCESSIBILITY_FOCUS - null, AccessibilityAction: ACTION_SHOW_ON_SCREEN - null, AccessibilityAction: ACTION_CLICK - enter screen lock]; isTextSelectable: false
07-06 12:30:42.225 I/AccessibilityNodeInfoDumper(31632): Skipping invisible child: android.view.accessibility.AccessibilityNodeInfo@9d395; boundsInParent: Rect(0, 0 - 1080, 1); boundsInScreen: Rect(28, 2571 - 1080, 2412); boundsInWindow: Rect(28, 2571 - 1080, 2412); packageName: com.android.systemui; className: android.view.View; text: null; error: null; maxTextLength: -1; stateDescription: null; contentDescription: null; tooltipText: null; containerTitle: null; viewIdResName: com.android.systemui:id/burn_in_layer_empty_view; uniqueId: null; checkable: false; checked: false; focusable: false; focused: false; selected: false; clickable: false; longClickable: false; contextClickable: false; enabled: true; password: false; scrollable: false; granularScrollingSupported: false; importantForAccessibility: false; visible: false; actions: [AccessibilityAction: ACTION_SELECT - null, AccessibilityAction: ACTION_CLEAR_SELECTION - null, AccessibilityAction: ACTION_ACCESSIBILITY_FOCUS - null, AccessibilityAction: ACTION_SHOW_ON_SCREEN - null]; isTextSelectable: false
07-06 12:30:42.226 W/AccessibilityNodeInfoDumper(31632): Fetch time: 44ms
07-06 12:30:42.228 V/AccessibilityManagerService( 2570): onUserStateChangedLocked for userId: 0, forceUpdate: false
07-06 12:30:42.230 W/MagnificationConnectionManager( 2570): requestConnection duplicated request: connect=false, mConnectionState=DISCONNECTED
07-06 12:30:42.230 D/AccessibilityManagerService( 2570): restoreCurrentUserForTestAutomationIfNeededLocked(): ignoring because device doesn't support visible background users
07-06 12:30:42.235 D/BatterySaverPolicy( 2570): accessibility changed to false, updating policy.
07-06 12:30:42.239 D/AndroidRuntime(31632): Shutting down VM
07-06 12:30:42.240 W/IPCThreadState(31632): call to talkWithDriver in joinThreadPool returned error: -9 (Bad file descriptor), FD: -1
07-06 12:30:42.240 W/IPCThreadState(31632): call to talkWithDriver in joinThreadPool returned error: -9 (Bad file descriptor), FD: -1
07-06 12:30:33.999 I/sd 0    (31198): 0:0:5: [sdf] Synchronizing SCSI cache
07-06 12:30:34.000 I/sd 0    (24463): 0:0:3: [sdd] Synchronizing SCSI cache
07-06 12:30:43.156 E/adbd    ( 2329): failed to connect to socket 'tcp:54109': Connection refused
07-06 12:30:43.172 E/adbd    ( 2329): failed to connect to socket 'tcp:54109': Connection refused
07-06 12:30:43.281 D/DozeService( 3309): setDozeScreenState= state: 1, dozeScreenState: 1, cb: com.android.systemui.doze.DozeMachine$Service$Delegate.setDozeScreenState:721 com.android.systemui.doze.DozeMachine$Service$Delegate.setDozeScreenState:721 com.android.systemui.doze.DozeSuspendScreenStatePreventingAdapter.setDozeScreenState:40 com.android.systemui.doze.DozeScreenState.applyScreenState:463 com.android.systemui.doze.DozeScreenState.$r8$lambda$z5VvcEP0FxHuYP5DNIXAFKxmoZI:0 com.android.systemui.doze.DozeScreenState$$ExternalSyntheticLambda2.accept:0 com.nothing.systemui.doze.DozeScreenStateEx$4.run:384 android.os.Handler.handleCallback:995 
07-06 12:30:43.282 D/DozeService( 3309): request state is same with current state, skip change request
07-06 12:30:34.574 I/(virq   (27662): irq_count)- GICv3:IPI(1):118736880 GICv3:arch_timer(11):54120541 GICv3:IPI(6):13747574 GICv3:apps_rsc(24):8240584 GICv3:IPI(2):4625537 GICv3:ufshcd(33):3451790 GICv3:ipcc_0(30):3329481 ipcc:glink-native-slpi(365):1890318 GICv3:msm_drm(219):1872166 ipcc:glink-native-adsp(364):1658585
07-06 12:30:34.574 I/(cpu    (27662): irq_count)- 0:47328025 1:47686607 2:47019539 3:46264599 4:10691066 5:9579742 6:9153238 7:4334988
07-06 12:30:34.574 I/(ipi    (27662): irq_count)- 0:118736880 1:4625537 2:0 3:0 4:0 5:13747574 6:0
07-06 12:30:43.745 I/WifiHAL ( 1426): event received NL80211_CMD_VENDOR, vendor_id = 0x1374, subcmd = 0xd
07-06 12:30:43.745 I/cnss-daemon( 2278): nl80211 response handler invoked
07-06 12:30:43.745 I/cnss-daemon( 2278): nl80211_response_handler: cmd 103, vendorID 4980, subcmd 13  received
07-06 12:30:35.583 I/[kworke][0x2e7e6e02096][10:30:44.399922] qca6490(30830): [30830:I:PMO] pmo_core_enable_wow_in_fw: drv wow is enabled
07-06 12:30:35.621 I/[kworke][0x2e7e6eb44d6][10:30:44.437952] qca6490(30830): [30830:I:HIF] hif_try_complete_tasks: waiting for tasklets 0 grp tasklets 0 work 2
07-06 12:30:35.654 I/[kworke][0x2e7e6f4fe6b][10:30:44.471147] qca6490(30830): [30830:I:PMO] pmo_core_psoc_send_host_wakeup_ind_to_fw: Host wakeup indication sent to fw
07-06 12:30:35.658 I/PM      (14852): suspend entry (s2idle)
07-06 12:30:35.670 I/Filesystems sync(14852): 0.012 seconds
07-06 12:30:35.671 E/ipa_pm_notify(14852): 498 Entry
07-06 12:30:35.671 E/ipa_pm_notify(14852): 510 Exit
07-06 12:30:35.671 I/        (14852): Freezing user space processes ...
07-06 12:30:35.674 E/smcinvoke( 1422): process_accept_req: Server id :17 interrupted probaby due to suspend, pid:1422
07-06 12:30:35.674 E/smcinvoke( 1423): process_accept_req: Server id :17 interrupted probaby due to suspend, pid:1423
07-06 12:30:35.674 E/smcinvoke( 1424): process_accept_req: Server id :17 interrupted probaby due to suspend, pid:1424
07-06 12:30:35.674 E/smcinvoke( 1425): process_accept_req: Server id :17 interrupted probaby due to suspend, pid:1425
07-06 12:30:35.674 E/smcinvoke( 1450): process_accept_req: Server id :18 interrupted probaby due to suspend, pid:1450
07-06 12:30:35.674 E/smcinvoke( 1451): process_accept_req: Server id :18 interrupted probaby due to suspend, pid:1451
07-06 12:30:35.674 E/smcinvoke( 1452): process_accept_req: Server id :18 interrupted probaby due to suspend, pid:1452
07-06 12:30:35.675 E/smcinvoke( 1453): process_accept_req: Server id :18 interrupted probaby due to suspend, pid:1453
07-06 12:30:35.675 E/smcinvoke( 1496): process_accept_req: Server id :21 interrupted probaby due to suspend, pid:1496
07-06 12:30:35.675 E/smcinvoke( 1498): process_accept_req: Server id :21 interrupted probaby due to suspend, pid:1498
07-06 12:30:35.675 E/smcinvoke( 1497): process_accept_req: Server id :21 interrupted probaby due to suspend, pid:1497
07-06 12:30:35.675 E/smcinvoke( 1499): process_accept_req: Server id :21 interrupted probaby due to suspend, pid:1499
07-06 12:30:35.675 E/smcinvoke( 1501): process_accept_req: Server id :22 interrupted probaby due to suspend, pid:1501
07-06 12:30:35.675 E/smcinvoke( 1502): process_accept_req: Server id :22 interrupted probaby due to suspend, pid:1502
07-06 12:30:35.675 E/smcinvoke( 1503): process_accept_req: Server id :22 interrupted probaby due to suspend, pid:1503
07-06 12:30:35.675 E/smcinvoke( 1504): process_accept_req: Server id :22 interrupted probaby due to suspend, pid:1504
07-06 12:30:35.675 E/smcinvoke( 1508): process_accept_req: Server id :23 interrupted probaby due to suspend, pid:1508
07-06 12:30:35.675 E/smcinvoke( 1509): process_accept_req: Server id :23 interrupted probaby due to suspend, pid:1509
07-06 12:30:35.675 E/smcinvoke( 1516): process_accept_req: Server id :23 interrupted probaby due to suspend, pid:1516
07-06 12:30:35.675 E/smcinvoke( 1517): process_accept_req: Server id :23 interrupted probaby due to suspend, pid:1517
07-06 12:30:35.676 E/smcinvoke(13719): process_accept_req: Server id :29 interrupted probaby due to suspend, pid:13719
07-06 12:30:35.676 E/smcinvoke(13720): process_accept_req: Server id :29 interrupted probaby due to suspend, pid:13720
07-06 12:30:35.676 E/smcinvoke(13721): process_accept_req: Server id :29 interrupted probaby due to suspend, pid:13721
07-06 12:30:35.676 E/smcinvoke(13722): process_accept_req: Server id :29 interrupted probaby due to suspend, pid:13722
07-06 12:30:35.686 W/        (14852): process 2565 (fingerprint@2.3) no longer affine to cpu7
07-06 12:30:35.698 I/PM      (14852): PM: Pending Wakeup Sources: qcom_rx_wakelock
07-06 12:30:35.698 E/        (14852): Freezing of tasks aborted after 0.027 seconds
07-06 12:30:35.698 I/        (14852): OOM killer enabled.
07-06 12:30:35.698 I/        (14852): Restarting tasks ...
07-06 12:30:35.700 E/smcinvoke( 1422): process_accept_req: process_accept_req txn 1 either invalid or removed from Q
07-06 12:30:35.700 E/smcinvoke( 1496): process_accept_req: process_accept_req txn 6 either invalid or removed from Q
07-06 12:30:35.700 E/smcinvoke( 1499): process_accept_req: process_accept_req txn 5 either invalid or removed from Q
07-06 12:30:35.700 E/smcinvoke( 1501): process_accept_req: process_accept_req txn 7 either invalid or removed from Q
07-06 12:30:35.700 E/smcinvoke( 1504): process_accept_req: process_accept_req txn 6 either invalid or removed from Q
07-06 12:30:35.700 E/smcinvoke( 1425): process_accept_req: process_accept_req txn 2 either invalid or removed from Q
07-06 12:30:35.700 E/smcinvoke( 1498): process_accept_req: process_accept_req txn 7 either invalid or removed from Q
07-06 12:30:35.700 E/smcinvoke( 1502): process_accept_req: process_accept_req txn 5 either invalid or removed from Q
07-06 12:30:35.700 E/smcinvoke( 1508): process_accept_req: process_accept_req txn 4 either invalid or removed from Q
07-06 12:30:35.700 E/smcinvoke( 1516): process_accept_req: process_accept_req txn 5 either invalid or removed from Q
07-06 12:30:35.700 E/smcinvoke( 1503): process_accept_req: process_accept_req txn 3 either invalid or removed from Q
07-06 12:30:35.700 E/smcinvoke( 1517): process_accept_req: process_accept_req txn 3 either invalid or removed from Q
07-06 12:30:35.700 E/smcinvoke( 1509): process_accept_req: process_accept_req txn 2 either invalid or removed from Q
07-06 12:30:35.701 E/smcinvoke(13722): process_accept_req: process_accept_req txn 1 either invalid or removed from Q
07-06 12:30:35.701 E/smcinvoke(13720): process_accept_req: process_accept_req txn 2 either invalid or removed from Q
07-06 12:30:35.714 W/        (14852): done.
07-06 12:30:35.714 I/Abort   (14852): Pending Wakeup Sources: qcom_rx_wakelock
07-06 12:30:35.714 E/ipa_pm_notify(14852): 498 Entry
07-06 12:30:35.714 E/ipa_pm_notify(14852): 510 Exit
07-06 12:30:35.714 I/adsp_sleepmon(14852): PM_POST_SUSPEND
07-06 12:30:35.714 I/PM      (14852): suspend exit
07-06 12:30:35.714 I/adsp_sleepmon(  609): timer_event = 0,suspend_event = 1
07-06 12:30:45.010 I/NearbyConnections( 5846): Client (92821012) 0p:com.google.android.gms.nearby.sharing disconnecting
07-06 12:30:45.010 I/Nearby  ( 5846): (REDACTED) Successfully shutdown executor %s.
07-06 12:30:45.011 I/NearbyConnections( 5846): Because they unbound from our service, all state for client 92821012 will now be cleaned up.
07-06 12:30:45.013 I/NearbyPresence( 5846): (REDACTED) %s verified [==] new request %s equals to the old request
07-06 12:30:45.015 I/Nearby  ( 5846): (REDACTED) Successfully shutdown executor %s.
07-06 12:30:45.017 I/Nearby  ( 5846): (REDACTED) Successfully shutdown executor %s.
07-06 12:30:45.019 I/Nearby  ( 5846): (REDACTED) Successfully shutdown executor %s.
07-06 12:30:45.019 I/Nearby  ( 5846): (REDACTED) Successfully shutdown executor %s.
07-06 12:30:45.019 I/Nearby  ( 5846): (REDACTED) Successfully shutdown executor %s.
07-06 12:30:45.020 I/Nearby  ( 5846): (REDACTED) Successfully shutdown executor %s.
07-06 12:30:45.020 I/Nearby  ( 5846): (REDACTED) Successfully shutdown executor %s.
07-06 12:30:45.020 I/Nearby  ( 5846): (REDACTED) Successfully shutdown executor %s.
07-06 12:30:45.020 I/Nearby  ( 5846): (REDACTED) Successfully shutdown executor %s.
07-06 12:30:45.022 I/Nearby  ( 5846): (REDACTED) Successfully shutdown executor %s.
07-06 12:30:45.257 I/adbd    ( 2329): adbd service requested 'shell,v2,TERM=dumb,raw:am force-stop com.callstack.agentdevice.snapshothelper'
07-06 12:30:45.319 I/ActivityManager( 2570): Force stopping com.callstack.agentdevice.snapshothelper appid=10352 user=0: from pid 31651
07-06 12:30:45.328 W/ProcessStats( 2570): Tracking association SourceState{aa6b5ee com.nothing.launcher/10177 BFgs #102380} whose proc state 4 is better than process ProcessState{ed974f0 com.nothing.universal.search/10329 pkg=com.nothing.universal.search} proc state 5 (35 skipped)
07-06 12:30:45.331 I/AppsFilter( 2570): interaction: PackageSetting{9d05b6c ch.karimattia.libraries/10260} -> PackageSetting{4f05bd4 com.callstack.agentdevice.snapshothelper/10352} BLOCKED
07-06 12:30:45.331 I/AppsFilter( 2570): interaction: PackageSetting{b1a0535 com.callstack.agentdevice.multitouchhelper/10355} -> PackageSetting{4f05bd4 com.callstack.agentdevice.snapshothelper/10352} BLOCKED
07-06 12:30:45.331 I/AppsFilter( 2570): interaction: PackageSetting{e341b3b ch.karimattia.workoutpixel.test/10280} -> PackageSetting{4f05bd4 com.callstack.agentdevice.snapshothelper/10352} BLOCKED
07-06 12:30:45.331 I/AppsFilter( 2570): interaction: PackageSetting{71dc258 ch.karimattia.workoutpixels/10303} -> PackageSetting{4f05bd4 com.callstack.agentdevice.snapshothelper/10352} BLOCKED
07-06 12:30:45.332 W/ActivityManager( 2570): Invalid packageName: com.callstack.agentdevice.snapshothelper
07-06 12:30:45.337 D/CarrierSvcBindHelper( 3621): onHandleForceStop: [com.callstack.agentdevice.snapshothelper]
07-06 12:30:45.338 D/CarrierSvcBindHelper( 3621): No carrier app for: 0
07-06 12:30:45.338 D/CarrierSvcBindHelper( 3621): No carrier app for: 1
07-06 12:30:45.565 I/adbd    ( 2329): adbd service requested 'shell,v2,TERM=dumb,raw:am instrument -w -e waitForIdleTimeoutMs 500 -e waitForIdleQuietMs 100 -e timeoutMs 5000 -e maxDepth 128 -e maxNodes 5000 com.callstack.agentdevice.snapshothelper/.SnapshotInstrumentation'
07-06 12:30:45.625 W/libprocessgroup(31656): JoinCgroup: controller schedtune is not found
07-06 12:30:45.627 W/libprocessgroup(31656): A JoinCgroup action in the SystemMemoryProcess profile is used for controller memory in the cgroup v2 hierarchy and will be ignored
07-06 12:30:45.627 W/libprocessgroup(31656): SetCgroup::ExecuteForTask: failed to open /dev/cpuctl/top-app/tasks: Permission denied
07-06 12:30:45.627 W/libprocessgroup(31656): SetCgroup::ExecuteForTask: failed to open /dev/blkio/tasks: Permission denied
07-06 12:30:45.627 E/libprocessgroup(31656): set_timerslack_ns write failed: Operation not permitted
07-06 12:30:45.725 D/AndroidRuntime(31654): >>>>>> START com.android.internal.os.RuntimeInit uid 2000 <<<<<<
07-06 12:30:45.727 I/app_process(31654): MMAP_TRYLOCK is supported in uffd errno:2 addr:0x78c8fdb000 size:4096
07-06 12:30:45.727 I/AndroidRuntime(31654): Using default boot image
07-06 12:30:45.727 I/AndroidRuntime(31654): Leaving lock profiling enabled
07-06 12:30:45.729 I/app_process(31654): Using generational CollectorTypeCMC GC.
07-06 12:30:36.919 E/simulated_ntc( 4482): proc_shell_write write invalid para
07-06 12:30:45.743 I/cnss-daemon( 2278): nl80211 response handler invoked
07-06 12:30:45.743 I/WifiHAL ( 1426): event received NL80211_CMD_VENDOR, vendor_id = 0x1374, subcmd = 0xd
07-06 12:30:45.743 I/cnss-daemon( 2278): nl80211_response_handler: cmd 103, vendorID 4980, subcmd 13  received
07-06 12:30:45.768 D/nativeloader(31654): InitDefaultPublicLibraries for_preload=1: libandroid.so:libaaudio.so:libamidi.so:libbinder_ndk.so:libc.so:libcamera2ndk.so:libdl.so:libEGL.so:libGLESv1_CM.so:libGLESv2.so:libGLESv3.so:libicu.so:libicui18n.so:libicuuc.so:libjnigraphics.so:liblog.so:libmediandk.so:libm.so:libnativehelper.so:libnativewindow.so:libOpenMAXAL.so:libOpenSLES.so:libRS.so:libstdc++.so:libsync.so:libvulkan.so:libwebviewchromium_plat_support.so:libz.so:libofflineproc_jni.so
07-06 12:30:45.773 D/nativeloader(31654): Load libicu_jni.so using APEX ns com_android_art for caller /apex/com.android.art/javalib/core-oj.jar: ok
07-06 12:30:45.773 D/app_process(31654): u_setTimeZoneFilesDirectory("/apex/com.android.tzdata/etc/tz/versioned/9/icu") succeeded. 
07-06 12:30:45.773 D/app_process(31654): I18n APEX ICU file found: /apex/com.android.i18n/etc/icu/icudt76l.dat
07-06 12:30:45.774 D/nativeloader(31654): Load libjavacore.so using APEX ns com_android_art for caller /apex/com.android.art/javalib/core-oj.jar: ok
07-06 12:30:45.774 D/nativeloader(31654): Load libopenjdk.so using APEX ns com_android_art for caller /apex/com.android.art/javalib/core-oj.jar: ok
07-06 12:30:45.775 I/app_process(31654): Priority-to-niceness mapping: 19, 16, 13, 10, 0, -2, -4, -5, -6, -8
07-06 12:30:45.791 D/nativeloader(31654): Load libframework-connectivity-tiramisu-jni.so using APEX ns com_android_tethering for caller /apex/com.android.tethering/javalib/framework-connectivity-t.jar: ok
07-06 12:30:45.791 D/AndroidRuntime(31654): Calling main entry com.android.commands.am.Am
07-06 12:30:45.793 W/PlatformAconfigPackage(31654): android.os.flagging.AconfigStorageReadException: ERROR_CANNOT_READ_STORAGE_FILE: Fail to mmap storage
07-06 12:30:45.793 I/AconfigPackage(31654): com.android.org.conscrypt.flags is mapped to com.android.conscrypt
07-06 12:30:45.793 I/AconfigPackage(31654): com.android.org.conscrypt.net.flags is mapped to com.android.conscrypt
07-06 12:30:45.793 I/AconfigPackage(31654): com.android.healthfitness.flags is mapped to com.android.healthfitness
07-06 12:30:45.793 I/AconfigPackage(31654): com.android.adservices.flags is mapped to com.android.adservices
07-06 12:30:45.793 I/AconfigPackage(31654): com.android.sdksandbox.flags is mapped to com.android.adservices
07-06 12:30:45.793 I/AconfigPackage(31654): com.android.permission.flags is mapped to com.android.permission
07-06 12:30:45.793 I/AconfigPackage(31654): com.android.permissioncontroller.flags is mapped to com.android.permission
07-06 12:30:45.793 I/AconfigPackage(31654): com.android.adbd.flags is mapped to com.android.adbd
07-06 12:30:45.793 I/AconfigPackage(31654): com.android.media.extractor.flags is mapped to com.android.media
07-06 12:30:45.793 I/AconfigPackage(31654): com.android.media.metrics.flags is mapped to com.android.media
07-06 12:30:45.793 I/AconfigPackage(31654): com.android.media.mainline.flags is mapped to com.android.media
07-06 12:30:45.793 I/AconfigPackage(31654): com.android.ipsec.flags is mapped to com.android.ipsec
07-06 12:30:45.794 I/AconfigPackage(31654): com.android.devicelock.flags is mapped to com.android.devicelock
07-06 12:30:45.794 I/AconfigPackage(31654): android.uprobestats.mainline.flags is mapped to com.android.uprobestats
07-06 12:30:45.794 I/AconfigPackage(31654): com.android.cellbroadcastreceiver.flags is mapped to com.android.cellbroadcast
07-06 12:30:45.794 I/AconfigPackage(31654): com.android.signature.flags is mapped to com.android.mediaprovider
07-06 12:30:45.794 I/AconfigPackage(31654): com.android.providers.media.flags is mapped to com.android.mediaprovider
07-06 12:30:45.794 I/AconfigPackage(31654): android.graphics.pdf.flags is mapped to com.android.mediaprovider
07-06 12:30:45.794 I/AconfigPackage(31654): android.graphics.pdf.flags.readonly is mapped to com.android.mediaprovider
07-06 12:30:45.794 I/AconfigPackage(31654): com.android.rkpd.flags is mapped to com.android.rkpd
07-06 12:30:45.794 I/AconfigPackage(31654): android.media.swcodec.flags is mapped to com.android.media.swcodec
07-06 12:30:45.794 I/AconfigPackage(31654): android.provider.flags is mapped to com.android.configinfrastructure
07-06 12:30:45.794 I/AconfigPackage(31654): com.android.server.deviceconfig is mapped to com.android.configinfrastructure
07-06 12:30:45.794 I/AconfigPackage(31654): com.android.art.flags is mapped to com.android.art
07-06 12:30:45.794 I/AconfigPackage(31654): com.android.art.rw.flags is mapped to com.android.art
07-06 12:30:45.794 I/AconfigPackage(31654): com.android.libcore is mapped to com.android.art
07-06 12:30:45.794 I/AconfigPackage(31654): com.android.os.statsd.flags is mapped to com.android.os.statsd
07-06 12:30:45.794 I/AconfigPackage(31654): com.android.appsearch.flags is mapped to com.android.appsearch
07-06 12:30:45.794 I/AconfigPackage(31654): com.android.uwb.flags is mapped to com.android.uwb
07-06 12:30:45.794 I/AconfigPackage(31654): com.android.ranging.flags is mapped to com.android.uwb
07-06 12:30:45.794 I/AconfigPackage(31654): com.android.tethering.mainline.beta is mapped to com.android.tethering
07-06 12:30:45.794 I/AconfigPackage(31654): android.net.http is mapped to com.android.tethering
07-06 12:30:45.794 I/AconfigPackage(31654): com.android.tethering.readonly.flags is mapped to com.android.tethering
07-06 12:30:45.794 I/AconfigPackage(31654): android.net.vcn is mapped to com.android.tethering
07-06 12:30:45.794 I/AconfigPackage(31654): com.android.net.flags is mapped to com.android.tethering
07-06 12:30:45.794 I/AconfigPackage(31654): com.android.tethering.flags is mapped to com.android.tethering
07-06 12:30:45.794 I/AconfigPackage(31654): com.android.tethering.beta.test is mapped to com.android.tethering
07-06 12:30:45.794 I/AconfigPackage(31654): com.android.nearby.flags is mapped to com.android.tethering
07-06 12:30:45.794 I/AconfigPackage(31654): com.android.net.thread.flags is mapped to com.android.tethering
07-06 12:30:45.794 I/AconfigPackage(31654): com.android.net.ct.flags is mapped to com.android.tethering
07-06 12:30:45.794 I/AconfigPackage(31654): android.net.http.flags is mapped to com.android.tethering
07-06 12:30:45.794 I/AconfigPackage(31654): com.android.adservices.ondevicepersonalization.flags is mapped to com.android.ondevicepersonalization
07-06 12:30:45.795 I/AconfigPackage(31654): com.android.bluetooth.flags is mapped to com.android.bt
07-06 12:30:45.795 I/AconfigPackage(31654): com.android.wifi.flags is mapped to com.android.wifi
07-06 12:30:45.795 I/AconfigPackage(31654): com.android.icu is mapped to com.android.i18n
07-06 12:30:45.795 I/AconfigPackage(31654): com.android.system.virtualmachine.flags is mapped to com.android.virt
07-06 12:30:45.795 I/AconfigPackage(31654): com.android.nfc.module.flags is mapped to com.android.nfcservices
07-06 12:30:45.795 I/AconfigPackage(31654): android.os.profiling is mapped to com.android.profiling
07-06 12:30:45.795 E/FeatureFlagsImplExport(31654): android.os.flagging.AconfigStorageReadException: ERROR_PACKAGE_NOT_FOUND: package android.xr cannot be found on the device
07-06 12:30:45.796 D/UiAutomationConnection(31654): Created on user UserHandle{0}
07-06 12:30:45.798 I/ActivityManager( 2570): Force stopping com.callstack.agentdevice.snapshothelper appid=10352 user=0: start instr
07-06 12:30:45.799 V/GrammaticalInflectionUtils( 2570): AttributionSource: android.content.AttributionSource@1f79c60a does not have READ_SYSTEM_GRAMMATICAL_GENDER permission.
07-06 12:30:45.799 D/BackgroundInstallControlService( 2570): Package event received: 0
07-06 12:30:45.799 I/AppsFilter( 2570): interaction: PackageSetting{9d05b6c ch.karimattia.libraries/10260} -> PackageSetting{eb9e982 com.callstack.agentdevice.snapshothelper/10352} BLOCKED
07-06 12:30:45.800 I/AppsFilter( 2570): interaction: PackageSetting{b1a0535 com.callstack.agentdevice.multitouchhelper/10355} -> PackageSetting{eb9e982 com.callstack.agentdevice.snapshothelper/10352} BLOCKED
07-06 12:30:45.800 I/AppsFilter( 2570): interaction: PackageSetting{e341b3b ch.karimattia.workoutpixel.test/10280} -> PackageSetting{eb9e982 com.callstack.agentdevice.snapshothelper/10352} BLOCKED
07-06 12:30:45.800 I/AppsFilter( 2570): interaction: PackageSetting{71dc258 ch.karimattia.workoutpixels/10303} -> PackageSetting{eb9e982 com.callstack.agentdevice.snapshothelper/10352} BLOCKED
07-06 12:30:45.800 D/BackgroundInstallControlService( 2570): Package event received: 0
07-06 12:30:45.801 V/OsAgent ( 4804): broadcastSystemEvent - 7
07-06 12:30:45.837 D/Zygote  ( 1323): Forked child process 31666
07-06 12:30:45.837 I/keystore2( 1047): system/security/keystore2/watchdog/src/lib.rs:377 - Watchdog thread idle -> terminating. Have a great day.
07-06 12:30:45.838 I/ActivityManager( 2570): Start proc 31666:com.callstack.agentdevice.snapshothelper/u0a352 for added application com.callstack.agentdevice.snapshothelper
07-06 12:30:45.838 I/ActivityManager( 2570): ProcessObserver broadcast disabled
07-06 12:30:45.861 I/.snapshothelper(31666): Using generational CollectorTypeCMC GC.
07-06 12:30:45.866 D/nativeloader(31666): Load libframework-connectivity-tiramisu-jni.so using APEX ns com_android_tethering for caller /apex/com.android.tethering/javalib/framework-connectivity-t.jar: ok
07-06 12:30:45.871 D/CompatibilityInfo( 2570): mCompatibilityFlags - 0
07-06 12:30:45.871 D/CompatibilityInfo( 2570): applicationDensity - 420
07-06 12:30:45.871 D/CompatibilityInfo( 2570): applicationScale - 1.0
07-06 12:30:45.872 D/OomAdjuster( 2570): process : com.callstack.agentdevice.snapshothelper, pid = 31666, isTop = false, uid = 10352, hasActivity = false
07-06 12:30:45.872 D/OomAdjuster( 2570): process : com.callstack.agentdevice.snapshothelper is not top!
07-06 12:30:45.877 D/NtScrollerManagerImpl(31666): init NtScrollerManagerImpl
07-06 12:30:45.883 D/nativeloader(31666): Configuring clns-9 for other apk /data/app/~~vPXxdbOP7QKgTxfEnTUfPw==/com.callstack.agentdevice.snapshothelper-vFLZD_otyLZVacLv7Wnh7w==/base.apk. target_sdk_version=36, uses_libraries=, library_path=/data/app/~~vPXxdbOP7QKgTxfEnTUfPw==/com.callstack.agentdevice.snapshothelper-vFLZD_otyLZVacLv7Wnh7w==/lib/arm64, permitted_path=/data:/mnt/expand:/data/user/0/com.callstack.agentdevice.snapshothelper
07-06 12:30:45.884 I/.snapshothelper(31666): AssetManager2(0xb400007a55cc4238) locale list changing from [] to [en-GB]
07-06 12:30:45.886 I/Perf    (31666): Connecting to perf service.
07-06 12:30:45.886 D/ActivityManager( 2570): uid = 10352, pid = 31666, processName = com.callstack.agentdevice.snapshothelper is not top app, set nt foreground
07-06 12:30:45.887 V/GraphicsEnvironment(31666): Currently set values for:
07-06 12:30:45.887 V/GraphicsEnvironment(31666):   angle_gl_driver_selection_pkgs=[com.android.angle, com.linecorp.b612.android, com.campmobile.snow, com.google.android.apps.tachyon]
07-06 12:30:45.887 V/GraphicsEnvironment(31666):   angle_gl_driver_selection_values=[angle, native, native, native]
07-06 12:30:45.887 V/GraphicsEnvironment(31666): com.callstack.agentdevice.snapshothelper is not listed in per-application setting
07-06 12:30:45.887 V/GraphicsEnvironment(31666): ANGLE allowlist from config: 
07-06 12:30:45.887 V/GraphicsEnvironment(31666): com.callstack.agentdevice.snapshothelper is not listed in ANGLE allowlist or settings, returning default
07-06 12:30:45.887 V/GraphicsEnvironment(31666): The updatable driver is turned off on this device.
07-06 12:30:45.890 I/UiAutomation(31666): Initialized for user 0 on display 0
07-06 12:30:45.891 I/SensorService( 2570): checkAndReportAmbientLightSensorStateChangeLocked new 0 old 0 force 0
07-06 12:30:45.894 V/OsAgent ( 4804): broadcastSystemEvent - 7
07-06 12:30:45.894 D/AccessibilityManagerService( 2570): changeCurrentUserForTestAutomationIfNeededLocked(0): ignoring because device doesn't support visible background users
07-06 12:30:45.895 I/UiAutomationManager( 2570): Registering UiTestAutomationService (id=com.android.server.accessibility/UiAutomation, flags=0x0) when called by user 0
07-06 12:30:45.895 V/AccessibilityManagerService( 2570): onUserStateChangedLocked for userId: 0, forceUpdate: false
07-06 12:30:45.896 W/MagnificationConnectionManager( 2570): requestConnection duplicated request: connect=false, mConnectionState=DISCONNECTED
07-06 12:30:45.902 V/AccessibilityManagerService( 2570): onUserStateChangedLocked for userId: 0, forceUpdate: false
07-06 12:30:45.904 W/AccessibilityWindowsPopulator( 2570): The displayInfo of this displayId (0) called back from the surface fligner is null
07-06 12:30:45.904 W/AccessibilityWindowsPopulator( 2570): The displayInfo of this displayId (0) called back from the surface fligner is null
07-06 12:30:45.904 W/MagnificationConnectionManager( 2570): requestConnection duplicated request: connect=false, mConnectionState=DISCONNECTED
07-06 12:30:45.906 W/AccessibilityWindowsPopulator( 2570): The displayInfo of this displayId (0) called back from the surface fligner is null
07-06 12:30:45.907 W/AccessibilityWindowsPopulator( 2570): The displayInfo of this displayId (0) called back from the surface fligner is null
07-06 12:30:45.907 W/AccessibilityWindowsPopulator( 2570): The displayInfo of this displayId (0) called back from the surface fligner is null
07-06 12:30:45.908 W/AccessibilityWindowsPopulator( 2570): The displayInfo of this displayId (0) called back from the surface fligner is null
07-06 12:30:45.908 W/AccessibilityWindowsPopulator( 2570): The displayInfo of this displayId (0) called back from the surface fligner is null
07-06 12:30:45.910 W/AccessibilityWindowsPopulator( 2570): The displayInfo of this displayId (0) called back from the surface fligner is null
