07-05 23:37:08.010 E/HWUI    (18610): attachRenderThreadToJvm
07-05 23:37:08.010 E/HWUI    (18610): AM IS NOT NULL!
07-05 23:37:08.018 W/ExpoModulesCore(18610): Props class class expo.modules.ui.textfield.InnerTextFieldProps is not introspectable. Falling back to reflection-based props parsing, which may have performance implications. To fix this, annotate the props class with @OptimizedComposeProps.
07-05 23:37:08.047 W/ExpoModulesCore(18610): Props class class expo.modules.ui.textfield.PlaceholderProps is not introspectable. Falling back to reflection-based props parsing, which may have performance implications. To fix this, annotate the props class with @OptimizedComposeProps.
07-05 23:37:08.072 W/unknown:BridgelessReact(18610): ReactHost{0}.getOrCreateReactInstanceTask(): Loading JS Bundle
07-05 23:37:08.072 W/unknown:BridgelessReact(18610): ReactHost{0}.getOrCreateReactInstanceTask(): DevSupportManager.onNewReactContextCreated()
07-05 23:37:08.072 W/unknown:BridgelessReact(18610): ReactHost{0}.startSurface(surfaceId = 0): Execute
07-05 23:37:08.075 W/unknown:BridgelessReact(18610): ReactHost{0}.ReactContext.onHostResume()
07-05 23:37:08.075 W/unknown:BridgelessReact(18610): ReactHost{0}.getOrCreateReactInstanceTask(): Executing ReactInstanceEventListeners
07-05 23:37:08.087 W/BridgelessReactContext(18610): [WARNING] Bridgeless doesn't support CatalystInstance. Accessing an API that's not part of the new architecture is not encouraged usage.
07-05 23:37:08.112 W/unknown:ViewManagerPropertyUpdater(18610): Could not find generated setter for class expo.modules.kotlin.views.GroupViewManagerWrapper
07-05 23:37:08.113 W/unknown:ViewManagerPropertyUpdater(18610): Could not find generated setter for class com.facebook.react.uimanager.LayoutShadowNode
07-05 23:37:08.113 W/unknown:ViewManagerPropertyUpdater(18610): Could not find generated setter for class com.swmansion.rnscreens.ScreenContainerViewManager
07-05 23:37:08.114 W/unknown:ViewManagerPropertyUpdater(18610): Could not find generated setter for class com.swmansion.reanimated.view.REASharedTransitionBoundaryManager
07-05 23:37:08.114 W/unknown:ViewManagerPropertyUpdater(18610): Could not find generated setter for class expo.modules.kotlin.views.SimpleViewManagerWrapper
07-05 23:37:08.115 W/unknown:ViewManagerPropertyUpdater(18610): Could not find generated setter for class com.swmansion.rnscreens.gamma.tabs.host.TabsHostViewManager
07-05 23:37:08.115 W/unknown:ViewManagerPropertyUpdater(18610): Could not find generated setter for class com.swmansion.rnscreens.ScreenStackHeaderConfigViewManager
07-05 23:37:08.115 W/unknown:ViewManagerPropertyUpdater(18610): Could not find generated setter for class com.swmansion.rnscreens.ScreenStackHeaderSubviewManager
07-05 23:37:08.117 W/unknown:ViewManagerPropertyUpdater(18610): Could not find generated setter for class com.teleport.host.PortalHostViewManager
07-05 23:37:08.117 W/unknown:ViewManagerPropertyUpdater(18610): Could not find generated setter for class com.swmansion.rnscreens.gamma.scrollviewmarker.ScrollViewMarkerViewManager
07-05 23:37:08.117 W/unknown:ViewManagerPropertyUpdater(18610): Could not find generated setter for class com.swmansion.rnscreens.ScreenContentWrapperManager
07-05 23:37:08.118 W/unknown:ViewManagerPropertyUpdater(18610): Could not find generated setter for class com.swmansion.rnscreens.gamma.stack.screen.StackScreenViewManager
07-05 23:37:08.118 W/unknown:ViewManagerPropertyUpdater(18610): Could not find generated setter for class com.teleport.portal.PortalViewManager
07-05 23:37:08.118 W/unknown:ViewManagerPropertyUpdater(18610): Could not find generated setter for class com.th3rdwave.safeareacontext.SafeAreaViewManager
07-05 23:37:08.118 W/unknown:ViewManagerPropertyUpdater(18610): Could not find generated setter for class com.th3rdwave.safeareacontext.SafeAreaViewShadowNode
07-05 23:37:08.119 W/unknown:ViewManagerPropertyUpdater(18610): Could not find generated setter for class com.swmansion.rnscreens.ScreenViewManager
07-05 23:37:08.119 W/unknown:ViewManagerPropertyUpdater(18610): Could not find generated setter for class com.swmansion.rnscreens.gamma.stack.header.config.StackHeaderConfigViewManager
07-05 23:37:08.119 W/unknown:ViewManagerPropertyUpdater(18610): Could not find generated setter for class com.th3rdwave.safeareacontext.SafeAreaProviderManager
07-05 23:37:08.119 W/unknown:ViewManagerPropertyUpdater(18610): Could not find generated setter for class com.swmansion.rnscreens.SearchBarManager
07-05 23:37:08.119 W/unknown:ViewManagerPropertyUpdater(18610): Could not find generated setter for class com.swmansion.rnscreens.gamma.stack.host.StackHostViewManager
07-05 23:37:08.120 W/unknown:ViewManagerPropertyUpdater(18610): Could not find generated setter for class com.swmansion.rnscreens.ScreenFooterManager
07-05 23:37:08.120 W/unknown:ViewManagerPropertyUpdater(18610): Could not find generated setter for class com.swmansion.rnscreens.ModalScreenViewManager
07-05 23:37:08.120 W/unknown:ViewManagerPropertyUpdater(18610): Could not find generated setter for class com.swmansion.rnscreens.safearea.SafeAreaViewManager
07-05 23:37:08.120 W/unknown:ViewManagerPropertyUpdater(18610): Could not find generated setter for class com.swmansion.rnscreens.ScreenStackViewManager
07-05 23:37:08.121 W/unknown:ViewManagerPropertyUpdater(18610): Could not find generated setter for class com.swmansion.rnscreens.gamma.stack.header.subview.StackHeaderSubviewViewManager
07-05 23:37:08.121 W/unknown:ViewManagerPropertyUpdater(18610): Could not find generated setter for class org.reactnative.maskedview.RNCMaskedViewManager
07-05 23:37:08.121 W/unknown:ViewManagerPropertyUpdater(18610): Could not find generated setter for class com.swmansion.rnscreens.gamma.tabs.screen.TabsScreenViewManager
07-05 23:37:08.163 W/unknown:ViewManagerPropertyUpdater(18610): Could not find generated setter for class com.horcrux.svg.RenderableViewManager$DefsViewManager
07-05 23:37:08.163 W/unknown:ViewManagerPropertyUpdater(18610): Could not find generated setter for class com.horcrux.svg.VirtualViewManager$RenderableShadowNode
07-05 23:37:08.163 W/unknown:ViewManagerPropertyUpdater(18610): Could not find generated setter for class com.horcrux.svg.RenderableViewManager$FeMergeManager
07-05 23:37:08.164 W/unknown:ViewManagerPropertyUpdater(18610): Could not find generated setter for class com.facebook.react.views.safeareaview.ReactSafeAreaViewManager
07-05 23:37:08.164 W/unknown:ViewManagerPropertyUpdater(18610): Could not find generated setter for class com.horcrux.svg.RenderableViewManager$LinearGradientManager
07-05 23:37:08.165 W/unknown:ViewManagerPropertyUpdater(18610): Could not find generated setter for class com.horcrux.svg.RenderableViewManager$FeGaussianBlurManager
07-05 23:37:08.165 W/unknown:ViewManagerPropertyUpdater(18610): Could not find generated setter for class com.facebook.react.views.progressbar.ReactProgressBarViewManager
07-05 23:37:08.166 W/unknown:ViewManagerPropertyUpdater(18610): Could not find generated setter for class com.facebook.react.views.scroll.ReactHorizontalScrollViewManager
07-05 23:37:08.167 W/unknown:ViewManagerPropertyUpdater(18610): Could not find generated setter for class com.facebook.react.views.text.ReactTextViewManager
07-05 23:37:08.167 W/unknown:ViewManagerPropertyUpdater(18610): Could not find generated setter for class com.horcrux.svg.RenderableViewManager$FeColorMatrixManager
07-05 23:37:08.168 W/unknown:ViewManagerPropertyUpdater(18610): Could not find generated setter for class com.facebook.react.views.scroll.ReactHorizontalScrollContainerViewManager
07-05 23:37:08.168 W/unknown:ViewManagerPropertyUpdater(18610): Could not find generated setter for class com.horcrux.svg.RenderableViewManager$ClipPathViewManager
07-05 23:37:08.169 W/unknown:ViewManagerPropertyUpdater(18610): Could not find generated setter for class com.horcrux.svg.RenderableViewManager$SymbolManager
07-05 23:37:08.170 W/unknown:ViewManagerPropertyUpdater(18610): Could not find generated setter for class com.horcrux.svg.RenderableViewManager$PatternManager
07-05 23:37:08.170 W/unknown:ViewManagerPropertyUpdater(18610): Could not find generated setter for class com.horcrux.svg.RenderableViewManager$FeBlendManager
07-05 23:37:08.171 W/unknown:ViewManagerPropertyUpdater(18610): Could not find generated setter for class com.facebook.react.views.view.ReactViewManager
07-05 23:37:08.171 W/unknown:ViewManagerPropertyUpdater(18610): Could not find generated setter for class com.horcrux.svg.SvgViewManager
07-05 23:37:08.172 W/unknown:ViewManagerPropertyUpdater(18610): Could not find generated setter for class com.facebook.react.views.switchview.ReactSwitchManager
07-05 23:37:08.172 W/unknown:ViewManagerPropertyUpdater(18610): Could not find generated setter for class com.horcrux.svg.RenderableViewManager$UseViewManager
07-05 23:37:08.173 W/unknown:ViewManagerPropertyUpdater(18610): Could not find generated setter for class com.horcrux.svg.RenderableViewManager$CircleViewManager
07-05 23:37:08.173 W/unknown:ViewManagerPropertyUpdater(18610): Could not find generated setter for class com.horcrux.svg.RenderableViewManager$TSpanViewManager
07-05 23:37:08.174 W/unknown:ViewManagerPropertyUpdater(18610): Could not find generated setter for class com.horcrux.svg.RenderableViewManager$FilterManager
07-05 23:37:08.175 W/unknown:ViewManagerPropertyUpdater(18610): Could not find generated setter for class com.horcrux.svg.RenderableViewManager$MarkerManager
07-05 23:37:08.175 W/unknown:ViewManagerPropertyUpdater(18610): Could not find generated setter for class com.swmansion.gesturehandler.react.RNGestureHandlerButtonViewManager
07-05 23:37:08.176 W/unknown:ViewManagerPropertyUpdater(18610): Could not find generated setter for class com.facebook.react.views.modal.ReactModalHostManager
07-05 23:37:08.176 W/unknown:ViewManagerPropertyUpdater(18610): Could not find generated setter for class com.horcrux.svg.RenderableViewManager$ForeignObjectManager
07-05 23:37:08.177 W/unknown:ViewManagerPropertyUpdater(18610): Could not find generated setter for class com.horcrux.svg.RenderableViewManager$EllipseViewManager
07-05 23:37:08.178 W/unknown:ViewManagerPropertyUpdater(18610): Could not find generated setter for class com.horcrux.svg.RenderableViewManager$LineViewManager
07-05 23:37:08.178 W/unknown:ViewManagerPropertyUpdater(18610): Could not find generated setter for class com.horcrux.svg.RenderableViewManager$FeFloodManager
07-05 23:37:08.179 W/unknown:ViewManagerPropertyUpdater(18610): Could not find generated setter for class com.horcrux.svg.RenderableViewManager$GroupViewManager
07-05 23:37:08.179 W/unknown:ViewManagerPropertyUpdater(18610): Could not find generated setter for class com.horcrux.svg.RenderableViewManager$TextViewManager
07-05 23:37:08.180 W/unknown:ViewManagerPropertyUpdater(18610): Could not find generated setter for class com.horcrux.svg.RenderableViewManager$ImageViewManager
07-05 23:37:08.180 W/unknown:ViewManagerPropertyUpdater(18610): Could not find generated setter for class com.horcrux.svg.RenderableViewManager$FeCompositeManager
07-05 23:37:08.181 W/unknown:ViewManagerPropertyUpdater(18610): Could not find generated setter for class com.facebook.react.views.image.ReactImageManager
07-05 23:37:08.182 W/unknown:ViewManagerPropertyUpdater(18610): Could not find generated setter for class com.horcrux.svg.RenderableViewManager$RadialGradientManager
07-05 23:37:08.182 W/unknown:ViewManagerPropertyUpdater(18610): Could not find generated setter for class com.horcrux.svg.RenderableViewManager$MaskManager
07-05 23:37:08.183 W/unknown:ViewManagerPropertyUpdater(18610): Could not find generated setter for class com.facebook.react.views.unimplementedview.ReactUnimplementedViewManager
07-05 23:37:08.183 W/unknown:ViewManagerPropertyUpdater(18610): Could not find generated setter for class com.horcrux.svg.RenderableViewManager$RectViewManager
07-05 23:37:08.184 W/unknown:ViewManagerPropertyUpdater(18610): Could not find generated setter for class com.horcrux.svg.RenderableViewManager$TextPathViewManager
07-05 23:37:08.185 W/unknown:ViewManagerPropertyUpdater(18610): Could not find generated setter for class com.facebook.react.views.scroll.ReactScrollViewManager
07-05 23:37:08.185 W/unknown:ViewManagerPropertyUpdater(18610): Could not find generated setter for class com.horcrux.svg.RenderableViewManager$FeOffsetManager
07-05 23:37:08.186 W/unknown:ViewManagerPropertyUpdater(18610): Could not find generated setter for class com.horcrux.svg.RenderableViewManager$PathViewManager
07-05 23:37:08.186 W/unknown:ViewManagerPropertyUpdater(18610): Could not find generated setter for class com.facebook.react.views.drawer.ReactDrawerLayoutManager
07-05 23:37:08.187 W/unknown:ViewManagerPropertyUpdater(18610): Could not find generated setter for class com.facebook.react.views.swiperefresh.SwipeRefreshLayoutManager
07-05 23:37:08.188 W/unknown:ViewManagerPropertyUpdater(18610): Could not find generated setter for class com.facebook.react.views.textinput.ReactTextInputManager
07-05 23:37:08.188 W/unknown:ViewManagerPropertyUpdater(18610): Could not find generated setter for class com.facebook.react.views.text.SelectableTextViewManager
07-05 23:37:08.189 W/unknown:ViewManagerPropertyUpdater(18610): Could not find generated setter for class com.swmansion.gesturehandler.react.RNGestureHandlerRootViewManager
07-05 23:37:08.189 W/unknown:ViewManagerPropertyUpdater(18610): Could not find generated setter for class com.facebook.react.views.virtual.view.ReactVirtualViewManager
07-05 23:37:08.293 W/InteractionJankMonitor(18610): Initializing without READ_DEVICE_CONFIG permission. enabled=false, interval=1, missedFrameThreshold=3, frameTimeThreshold=64, package=ch.karimattia.soli
07-05 23:37:08.434 W/AccessibilityManagerService( 2570):  wait for adding window timeout: 721
07-05 23:37:08.520 W/unknown:ReactNative(18610): StatusBarModule: Ignored status bar change, current activity is edge-to-edge.
07-05 23:37:08.520 W/unknown:ReactNative(18610): StatusBarModule: Ignored status bar change, current activity is edge-to-edge.
07-05 23:37:08.524 W/AccessibilityManagerService( 2570):  wait for adding window timeout: 722
07-05 23:37:08.591 W/dumpsys (18668): Thread Pool max thread count is 0. Cannot cache binder as linkToDeath cannot be implemented. serviceName: gfxinfo
07-05 23:37:08.649 W/Bugle   (19293): TextClassifierLibManagerImpl: Reclaiming memory at level: 40
07-05 23:37:08.671 W/VectorIconLoader(18610): Unknown color format: @17170443, using black
07-05 23:37:08.696 W/WindowOnBackDispatcher( 3309): sendCancelIfRunning: isInProgress=false callback=android.view.ViewRootImpl$$ExternalSyntheticLambda13@410e354
07-05 23:37:08.698 W/WindowManager( 2570): Failed looking up window session=Session{ba7e004 3309:u0a10192} callers=com.android.server.wm.WindowManagerService.windowForClientLocked:6620 com.android.server.wm.Session.setOnBackInvokedCallbackInfo:1020 android.view.IWindowSession$Stub.onTransact:1200 
07-05 23:37:08.703 W/Bugle   (19293): TextClassifierLibManagerImpl: Reclaiming memory at level: 40
07-05 23:37:08.850 W/System  ( 3309): A resource failed to call release. 
07-05 23:37:08.863 W/System  ( 3309): A resource failed to call release. 
07-05 23:37:08.863 W/System  ( 3309): A resource failed to call release. 
07-05 23:37:08.863 W/System  ( 3309): A resource failed to call release. 
07-05 23:37:08.865 W/System  ( 3309): A resource failed to call release. 
07-05 23:37:08.865 W/System  ( 3309): A resource failed to call release. 
07-05 23:37:08.865 W/System  ( 3309): A resource failed to call release. 
07-05 23:37:08.865 W/System  ( 3309): A resource failed to call release. 
07-05 23:37:08.867 W/System  ( 3309): A resource failed to call release. 
07-05 23:37:08.867 W/System  ( 3309): A resource failed to call release. 
07-05 23:37:08.867 W/System  ( 3309): A resource failed to call release. 
07-05 23:37:08.867 W/System  ( 3309): A resource failed to call release. 
07-05 23:37:08.867 W/System  ( 3309): A resource failed to call release. 
07-05 23:37:08.867 W/System  ( 3309): A resource failed to call release. 
07-05 23:37:08.944 E/ANDR-PERF-LM( 1479): VmRssMeter:: start() 358: Could not find pid, can not collect vmrss data
07-05 23:37:08.944 E/ANDR-PERF-LM( 1479): AdaptiveLaunch: writeToDataBase() 64: Meter aborted or could not get meter data for this run
07-05 23:37:08.946 E/ANDR-PERF-LM( 1479): VmRssMeter:: start() 358: Could not find pid, can not collect vmrss data
07-05 23:37:05.355 W/        ( 3026): process 2730 (PowerManagerSer) no longer affine to cpu7
07-05 23:37:06.236 W/        ( 3026): process 2730 (PowerManagerSer) no longer affine to cpu7
07-05 23:37:10.465 E/TaskPersister( 2570): File error accessing recents directory (directory doesn't exist?).
07-05 23:37:07.608 E/simulated_ntc( 4482): proc_shell_write write invalid para
07-05 23:37:09.426 W/        ( 3026): process 2730 (PowerManagerSer) no longer affine to cpu7
07-05 23:37:10.306 W/        ( 3026): process 2730 (PowerManagerSer) no longer affine to cpu7
07-05 23:37:14.483 W/screencap(18757): Thread Pool max thread count is 0. Cannot cache binder as linkToDeath cannot be implemented. serviceName: SurfaceFlingerAIDL
07-05 23:37:14.483 W/BpBinder(18757): Linking to death on android.gui.ISurfaceComposer but there are no threads (yet?) listening to incoming transactions. See ProcessState::startThreadPool and ProcessState::setThreadPoolMaxThreadCount. Generally you should setup the binder threadpool before other initialization steps.
07-05 23:37:14.483 W/ProcessState(18757): Extra binder thread started, but 0 threads requested. Do not use *startThreadPool when zero threads are requested.
07-05 23:37:14.485 E/HWComposer( 1617): getLuts: getLuts failed for display 4630946639017191809: UNSUPPORTED (8)
07-05 23:37:14.912 W/DemoModeController( 3309): Error running demo command, intent=Intent { act=com.android.systemui.demo flg=0x400010 (has extras) } java.lang.NullPointerException
07-05 23:37:14.939 E/MobileBinderEx( 3309): initSidePadding:3:1
07-05 23:37:11.296 W/        ( 3026): process 2730 (PowerManagerSer) no longer affine to cpu7
07-05 23:37:12.620 E/simulated_ntc( 4482): proc_shell_write write invalid para
07-05 23:37:18.907 W/CachedAppOptimi( 2570): type=1400 audit(0.0:23336): avc:  denied  { write } for  dev="tmpfs" ino=1098 scontext=u:r:system_server:s0 tcontext=u:object_r:zygote_tmpfs:s0 tclass=file permissive=0
07-05 23:37:15.255 W/        ( 3026): process 2730 (PowerManagerSer) no longer affine to cpu7
07-05 23:37:20.976 W/dumpsys (18778): Thread Pool max thread count is 0. Cannot cache binder as linkToDeath cannot be implemented. serviceName: window
07-05 23:37:21.128 W/dumpsys (18781): Thread Pool max thread count is 0. Cannot cache binder as linkToDeath cannot be implemented. serviceName: window
07-05 23:37:17.630 E/simulated_ntc( 4482): proc_shell_write write invalid para
07-05 23:37:21.350 W/dumpsys (18793): Thread Pool max thread count is 0. Cannot cache binder as linkToDeath cannot be implemented. serviceName: window
07-05 23:37:17.675 W/        ( 3026): process 2730 (PowerManagerSer) no longer affine to cpu7
07-05 23:37:21.512 W/dumpsys (18796): Thread Pool max thread count is 0. Cannot cache binder as linkToDeath cannot be implemented. serviceName: window
07-05 23:37:21.626 W/dumpsys (18799): Thread Pool max thread count is 0. Cannot cache binder as linkToDeath cannot be implemented. serviceName: window
07-05 23:37:21.719 W/dumpsys (18802): Thread Pool max thread count is 0. Cannot cache binder as linkToDeath cannot be implemented. serviceName: window
07-05 23:37:18.178 W/healthd ( 1398): time_last:115, soc_current_time=46332, soc_pre_time=46217,charging_status:0,soc_temp:30
07-05 23:37:18.178 W/healthd ( 1398): battery l=30 v=3776 t=29.0 h=2 st=3 c=-222000 fc=4117000 cc=468 chg=
07-05 23:37:18.191 W/healthd ( 1398): time_last:115, soc_current_time=46332, soc_pre_time=46217,charging_status:0,soc_temp:30
07-05 23:37:21.875 E/NtChgAidl( 1440): NtChgAidl: mBattTempRegion _aidl_return:0
07-05 23:37:18.195 W/HealthLoop( 1398): debug.nt.screen_brightness:3.852427
07-05 23:37:23.125 W/dumpsys (18813): Thread Pool max thread count is 0. Cannot cache binder as linkToDeath cannot be implemented. serviceName: window
07-05 23:37:23.270 W/dumpsys (18816): Thread Pool max thread count is 0. Cannot cache binder as linkToDeath cannot be implemented. serviceName: window
07-05 23:37:23.469 W/dumpsys (18825): Thread Pool max thread count is 0. Cannot cache binder as linkToDeath cannot be implemented. serviceName: window
07-05 23:37:23.519 W/ExpoModulesCore(18610): Introspectable data is missing for class expo.modules.ui.convertibles.HorizontalArrangementCustom. Falling back to reflection-based conversion, which may have performance implications. To fix this, ensure that the Record class is properly annotated with expo.modules.kotlin.types.Introspectable and that the necessary metadata is available at runtime.
07-05 23:37:23.532 W/ExpoModulesCore(18610): Introspectable data is missing for class expo.modules.ui.convertibles.VerticalArrangementCustom. Falling back to reflection-based conversion, which may have performance implications. To fix this, ensure that the Record class is properly annotated with expo.modules.kotlin.types.Introspectable and that the necessary metadata is available at runtime.
07-05 23:37:23.574 W/ExpoModulesCore(18610): Introspectable data is missing for class expo.modules.ui.MenuAnchorParams. Falling back to reflection-based conversion, which may have performance implications. To fix this, ensure that the Record class is properly annotated with expo.modules.kotlin.types.Introspectable and that the necessary metadata is available at runtime.
07-05 23:37:23.611 W/dumpsys (18829): Thread Pool max thread count is 0. Cannot cache binder as linkToDeath cannot be implemented. serviceName: window
07-05 23:37:23.637 W/VectorIconLoader(18610): Unknown color format: @17170443, using black
07-05 23:37:23.686 W/dumpsys (18843): Thread Pool max thread count is 0. Cannot cache binder as linkToDeath cannot be implemented. serviceName: window
07-05 23:37:23.773 W/dumpsys (18846): Thread Pool max thread count is 0. Cannot cache binder as linkToDeath cannot be implemented. serviceName: window
07-05 23:37:24.679 W/CachedAppOptimi( 2570): type=1400 audit(0.0:23337): avc:  denied  { write } for  dev="tmpfs" ino=1098 scontext=u:r:system_server:s0 tcontext=u:object_r:zygote_tmpfs:s0 tclass=file permissive=0
07-05 23:37:25.091 W/CachedAppOptimi( 2570): type=1400 audit(0.0:23338): avc:  denied  { write } for  dev="tmpfs" ino=1098 scontext=u:r:system_server:s0 tcontext=u:object_r:zygote_tmpfs:s0 tclass=file permissive=0
07-05 23:37:25.307 W/CachedAppOptimi( 2570): type=1400 audit(0.0:23339): avc:  denied  { write } for  dev="tmpfs" ino=1098 scontext=u:r:system_server:s0 tcontext=u:object_r:zygote_tmpfs:s0 tclass=file permissive=0
07-05 23:37:22.640 E/simulated_ntc( 4482): proc_shell_write write invalid para
07-05 23:37:27.087 W/screencap(18887): Thread Pool max thread count is 0. Cannot cache binder as linkToDeath cannot be implemented. serviceName: SurfaceFlingerAIDL
07-05 23:37:27.087 W/BpBinder(18887): Linking to death on android.gui.ISurfaceComposer but there are no threads (yet?) listening to incoming transactions. See ProcessState::startThreadPool and ProcessState::setThreadPoolMaxThreadCount. Generally you should setup the binder threadpool before other initialization steps.
07-05 23:37:27.087 W/ProcessState(18887): Extra binder thread started, but 0 threads requested. Do not use *startThreadPool when zero threads are requested.
07-05 23:37:27.089 E/HWComposer( 1617): getLuts: getLuts failed for display 4630946639017191809: UNSUPPORTED (8)
07-05 23:37:27.483 W/DemoModeController( 3309): Error running demo command, intent=Intent { act=com.android.systemui.demo flg=0x400010 (has extras) } java.lang.NullPointerException
07-05 23:37:27.504 E/MobileBinderEx( 3309): initSidePadding:3:1
07-05 23:37:24.057 W/        ( 3026): process 2730 (PowerManagerSer) no longer affine to cpu6
07-05 23:37:27.654 E/simulated_ntc( 4482): proc_shell_write write invalid para
07-05 23:37:32.679 E/simulated_ntc( 4482): proc_shell_write write invalid para
07-05 23:37:37.695 E/simulated_ntc( 4482): proc_shell_write write invalid para
07-05 23:37:38.186 W/healthd ( 1398): time_last:135, soc_current_time=46352, soc_pre_time=46217,charging_status:0,soc_temp:30
07-05 23:37:38.187 W/healthd ( 1398): battery l=30 v=3781 t=29.0 h=2 st=3 c=-200000 fc=4117000 cc=468 chg=
07-05 23:37:38.203 W/healthd ( 1398): time_last:135, soc_current_time=46352, soc_pre_time=46217,charging_status:0,soc_temp:30
07-05 23:37:41.887 E/NtChgAidl( 1440): NtChgAidl: mBattTempRegion _aidl_return:0
07-05 23:37:38.207 W/HealthLoop( 1398): debug.nt.screen_brightness:3.852427
07-05 23:37:42.706 E/simulated_ntc( 4482): proc_shell_write write invalid para
07-05 23:37:49.811 W/ProcessStats( 2570): Tracking association SourceState{fc48578 system/1000 ImpBg #77817} whose proc state 6 is better than process ProcessState{5f96d94 com.google.android.inputmethod.latin/10146 pkg=com.google.android.inputmethod.latin} proc state 14 (46 skipped)
07-05 23:37:47.720 E/simulated_ntc( 4482): proc_shell_write write invalid para
07-05 23:37:53.212 W/ActivityManager( 2570): Unbind failed: could not find connection for android.os.BinderProxy@91e97d6
07-05 23:37:53.215 W/ActivityManager( 2570): Unable to start service Intent { act=android.telephony.satellite.SatelliteService xflg=0x4 pkg=vendor.qti.data.ntnsatapp } U=0: not found
07-05 23:37:53.216 E/SatelliteModemInterface( 3621): Error binding to the satellite service. Retrying in 38534 ms.
07-05 23:37:52.735 E/simulated_ntc( 4482): proc_shell_write write invalid para
07-05 23:37:57.748 E/simulated_ntc( 4482): proc_shell_write write invalid para
07-05 23:37:58.184 W/healthd ( 1398): time_last:155, soc_current_time=46372, soc_pre_time=46217,charging_status:0,soc_temp:30
07-05 23:37:58.184 W/healthd ( 1398): battery l=30 v=3781 t=29.0 h=2 st=3 c=-204000 fc=4117000 cc=468 chg=
07-05 23:37:58.202 W/healthd ( 1398): time_last:155, soc_current_time=46372, soc_pre_time=46217,charging_status:0,soc_temp:30
07-05 23:38:01.886 E/NtChgAidl( 1440): NtChgAidl: mBattTempRegion _aidl_return:0
07-05 23:37:58.207 W/HealthLoop( 1398): debug.nt.screen_brightness:3.852427
07-05 23:38:02.760 E/simulated_ntc( 4482): proc_shell_write write invalid para
07-05 23:38:07.387 E/BATTERY_CHG( 5608): handle_message: adsp_to_kernel_log:key_info:pump:97,pump_en:0,ovp:1,wpc:1,fcc:2500,fv:4500,icl:0,ibus_ma:0,usb_sus:0,wls_sus:0,BattInit:1,chg_type:0,soc:30,soc_time:2000,soc_pre:30,real_cap:1267000,htemp_charge:4100,plug_in:0,plugGpio:1,usbTemp:0,battTemp:0,nt_cc_enable:0,2646:00,2654:32,2606:07,2708:00,2952:00,2658:5a,2707:00,2b09:01,f243:6e,f245:00,f246:00,8a44:00,8b44:00,
07-05 23:38:07.773 E/simulated_ntc( 4482): proc_shell_write write invalid para
07-05 23:38:12.786 E/simulated_ntc( 4482): proc_shell_write write invalid para
07-05 23:38:18.935 W/dumpsys (18912): Thread Pool max thread count is 0. Cannot cache binder as linkToDeath cannot be implemented. serviceName: window
07-05 23:38:19.198 W/dumpsys (18915): Thread Pool max thread count is 0. Cannot cache binder as linkToDeath cannot be implemented. serviceName: window
07-05 23:38:19.419 W/dumpsys (18923): Thread Pool max thread count is 0. Cannot cache binder as linkToDeath cannot be implemented. serviceName: window
07-05 23:38:19.533 W/dumpsys (18927): Thread Pool max thread count is 0. Cannot cache binder as linkToDeath cannot be implemented. serviceName: window
07-05 23:38:15.978 W/        ( 3026): process 2730 (PowerManagerSer) no longer affine to cpu7
07-05 23:38:20.999 W/dumpsys (18931): Thread Pool max thread count is 0. Cannot cache binder as linkToDeath cannot be implemented. serviceName: window
07-05 23:38:21.140 W/dumpsys (18935): Thread Pool max thread count is 0. Cannot cache binder as linkToDeath cannot be implemented. serviceName: window
07-05 23:38:17.626 W/        ( 3026): process 2730 (PowerManagerSer) no longer affine to cpu7
07-05 23:38:21.417 W/TextView(18610): onProvideContentCaptureStructure(): calling assumeLayout()
07-05 23:38:21.423 W/dumpsys (18944): Thread Pool max thread count is 0. Cannot cache binder as linkToDeath cannot be implemented. serviceName: window
07-05 23:38:17.801 E/simulated_ntc( 4482): proc_shell_write write invalid para
07-05 23:38:21.526 W/dumpsys (18950): Thread Pool max thread count is 0. Cannot cache binder as linkToDeath cannot be implemented. serviceName: window
07-05 23:38:21.639 W/dumpsys (18953): Thread Pool max thread count is 0. Cannot cache binder as linkToDeath cannot be implemented. serviceName: window
07-05 23:38:21.786 W/System  ( 2570): A resource failed to call release. 
07-05 23:38:21.796 W/dumpsys (18957): Thread Pool max thread count is 0. Cannot cache binder as linkToDeath cannot be implemented. serviceName: window
07-05 23:38:18.180 W/healthd ( 1398): time_last:175, soc_current_time=46392, soc_pre_time=46217,charging_status:0,soc_temp:30
07-05 23:38:18.180 W/healthd ( 1398): battery l=30 v=3781 t=29.0 h=2 st=3 c=-241000 fc=4117000 cc=468 chg=
07-05 23:38:18.195 W/healthd ( 1398): time_last:175, soc_current_time=46392, soc_pre_time=46217,charging_status:0,soc_temp:30
07-05 23:38:21.879 E/NtChgAidl( 1440): NtChgAidl: mBattTempRegion _aidl_return:0
07-05 23:38:18.199 W/HealthLoop( 1398): debug.nt.screen_brightness:3.852427
07-05 23:38:23.045 W/dumpsys (18964): Thread Pool max thread count is 0. Cannot cache binder as linkToDeath cannot be implemented. serviceName: window
07-05 23:38:23.182 W/dumpsys (18971): Thread Pool max thread count is 0. Cannot cache binder as linkToDeath cannot be implemented. serviceName: window
07-05 23:38:23.456 W/dumpsys (18982): Thread Pool max thread count is 0. Cannot cache binder as linkToDeath cannot be implemented. serviceName: window
07-05 23:38:23.567 W/dumpsys (18987): Thread Pool max thread count is 0. Cannot cache binder as linkToDeath cannot be implemented. serviceName: window
07-05 23:38:23.663 W/dumpsys (18991): Thread Pool max thread count is 0. Cannot cache binder as linkToDeath cannot be implemented. serviceName: window
07-05 23:38:23.759 W/dumpsys (18994): Thread Pool max thread count is 0. Cannot cache binder as linkToDeath cannot be implemented. serviceName: window
07-05 23:38:22.810 E/simulated_ntc( 4482): proc_shell_write write invalid para
07-05 23:38:27.511 W/screencap(19035): Thread Pool max thread count is 0. Cannot cache binder as linkToDeath cannot be implemented. serviceName: SurfaceFlingerAIDL
07-05 23:38:27.512 W/BpBinder(19035): Linking to death on android.gui.ISurfaceComposer but there are no threads (yet?) listening to incoming transactions. See ProcessState::startThreadPool and ProcessState::setThreadPoolMaxThreadCount. Generally you should setup the binder threadpool before other initialization steps.
07-05 23:38:27.512 W/ProcessState(19035): Extra binder thread started, but 0 threads requested. Do not use *startThreadPool when zero threads are requested.
07-05 23:38:27.514 E/HWComposer( 1617): getLuts: getLuts failed for display 4630946639017191809: UNSUPPORTED (8)
07-05 23:38:27.814 W/DemoModeController( 3309): Error running demo command, intent=Intent { act=com.android.systemui.demo flg=0x400010 (has extras) } java.lang.NullPointerException
07-05 23:38:27.843 E/MobileBinderEx( 3309): initSidePadding:3:1
07-05 23:38:24.337 W/        ( 3026): process 2730 (PowerManagerSer) no longer affine to cpu6
07-05 23:38:27.820 E/simulated_ntc( 4482): proc_shell_write write invalid para
07-05 23:38:31.771 W/ActivityManager( 2570): Unbind failed: could not find connection for android.os.BinderProxy@148a518
07-05 23:38:31.775 W/ActivityManager( 2570): Unable to start service Intent { act=android.telephony.satellite.SatelliteService xflg=0x4 pkg=vendor.qti.data.ntnsatapp } U=0: not found
07-05 23:38:31.775 E/SatelliteModemInterface( 3621): Error binding to the satellite service. Retrying in 43517 ms.
07-05 23:38:32.834 E/simulated_ntc( 4482): proc_shell_write write invalid para
07-05 23:38:37.845 E/simulated_ntc( 4482): proc_shell_write write invalid para
07-05 23:38:38.185 W/healthd ( 1398): time_last:195, soc_current_time=46412, soc_pre_time=46217,charging_status:0,soc_temp:30
07-05 23:38:38.185 W/healthd ( 1398): battery l=30 v=3783 t=29.0 h=2 st=3 c=-178000 fc=4117000 cc=468 chg=
07-05 23:38:38.203 W/healthd ( 1398): time_last:195, soc_current_time=46412, soc_pre_time=46217,charging_status:0,soc_temp:30
07-05 23:38:38.213 W/HealthLoop( 1398): debug.nt.screen_brightness:3.852427
07-05 23:38:45.437 W/R:Battery(10700): Didn't get new data for BATTERY_CHANGED, retrying later
07-05 23:38:42.855 E/simulated_ntc( 4482): proc_shell_write write invalid para
07-05 23:38:50.373 W/dumpsys (19084): Thread Pool max thread count is 0. Cannot cache binder as linkToDeath cannot be implemented. serviceName: window
07-05 23:38:50.517 W/dumpsys (19087): Thread Pool max thread count is 0. Cannot cache binder as linkToDeath cannot be implemented. serviceName: window
07-05 23:38:46.984 W/        ( 3123): process 2730 (PowerManagerSer) no longer affine to cpu7
07-05 23:38:50.735 W/dumpsys (19096): Thread Pool max thread count is 0. Cannot cache binder as linkToDeath cannot be implemented. serviceName: window
07-05 23:38:50.831 W/dumpsys (19099): Thread Pool max thread count is 0. Cannot cache binder as linkToDeath cannot be implemented. serviceName: window
07-05 23:38:50.919 W/dumpsys (19102): Thread Pool max thread count is 0. Cannot cache binder as linkToDeath cannot be implemented. serviceName: window
07-05 23:38:51.007 W/dumpsys (19105): Thread Pool max thread count is 0. Cannot cache binder as linkToDeath cannot be implemented. serviceName: window
07-05 23:38:47.548 W/        ( 3026): process 2730 (PowerManagerSer) no longer affine to cpu7
07-05 23:38:47.874 E/simulated_ntc( 4482): proc_shell_write write invalid para
07-05 23:38:54.861 W/screencap(19131): Thread Pool max thread count is 0. Cannot cache binder as linkToDeath cannot be implemented. serviceName: SurfaceFlingerAIDL
07-05 23:38:54.862 W/BpBinder(19131): Linking to death on android.gui.ISurfaceComposer but there are no threads (yet?) listening to incoming transactions. See ProcessState::startThreadPool and ProcessState::setThreadPoolMaxThreadCount. Generally you should setup the binder threadpool before other initialization steps.
07-05 23:38:54.862 W/ProcessState(19131): Extra binder thread started, but 0 threads requested. Do not use *startThreadPool when zero threads are requested.
07-05 23:38:54.864 E/HWComposer( 1617): getLuts: getLuts failed for display 4630946639017191809: UNSUPPORTED (8)
07-05 23:38:51.506 W/        ( 3026): process 2730 (PowerManagerSer) no longer affine to cpu7
07-05 23:38:55.190 W/DemoModeController( 3309): Error running demo command, intent=Intent { act=com.android.systemui.demo flg=0x400010 (has extras) } java.lang.NullPointerException
07-05 23:38:55.212 E/MobileBinderEx( 3309): initSidePadding:3:1
07-05 23:38:52.884 E/simulated_ntc( 4482): proc_shell_write write invalid para
07-05 23:38:56.776 E/minksocket( 1381): MinkIPC_QRTR_Service: client with node 1 port 5a4a went down
07-05 23:38:56.779 E/minksocket( 1381): MinkIPC_QRTR_Service: client with node 1 port 5a4b went down
07-05 23:38:56.783 E/minksocket( 1381): MinkIPC_QRTR_Service: client with node 1 port 5a4c went down
07-05 23:38:56.786 E/minksocket( 1381): MinkIPC_QRTR_Service: client with node 1 port 5a4d went down
07-05 23:38:57.876 E/minksocket( 1381): MinkIPC_QRTR_Service: client with node 1 port 5a4e went down
07-05 23:38:57.878 E/minksocket( 1381): MinkIPC_QRTR_Service: client with node 1 port 5a4f went down
07-05 23:38:57.881 E/minksocket( 1381): MinkIPC_QRTR_Service: client with node 1 port 5a50 went down
07-05 23:38:57.884 E/minksocket( 1381): MinkIPC_QRTR_Service: client with node 1 port 5a51 went down
07-05 23:38:56.489 E/[kworke][0x218e7e43b77][21:39:00.171620] qca6490(18570): [18570:E:PMO] pmo_core_enable_wow_in_fw: FW not ready to WOW reason code: 0
07-05 23:38:57.892 E/simulated_ntc( 4482): proc_shell_write write invalid para
07-05 23:38:58.190 W/healthd ( 1398): time_last:215, soc_current_time=46432, soc_pre_time=46217,charging_status:0,soc_temp:30
07-05 23:38:58.191 W/healthd ( 1398): battery l=30 v=3783 t=29.0 h=2 st=3 c=-181000 fc=4117000 cc=468 chg=
07-05 23:38:58.211 W/healthd ( 1398): time_last:215, soc_current_time=46432, soc_pre_time=46217,charging_status:0,soc_temp:30
07-05 23:38:58.224 W/HealthLoop( 1398): debug.nt.screen_brightness:3.852427
07-05 23:39:02.913 E/simulated_ntc( 4482): proc_shell_write write invalid para
07-05 23:39:07.923 E/simulated_ntc( 4482): proc_shell_write write invalid para
07-05 23:39:14.129 W/dumpsys (19167): Thread Pool max thread count is 0. Cannot cache binder as linkToDeath cannot be implemented. serviceName: window
07-05 23:39:14.271 W/dumpsys (19170): Thread Pool max thread count is 0. Cannot cache binder as linkToDeath cannot be implemented. serviceName: window
07-05 23:39:14.479 W/dumpsys (19180): Thread Pool max thread count is 0. Cannot cache binder as linkToDeath cannot be implemented. serviceName: window
07-05 23:39:14.565 W/dumpsys (19183): Thread Pool max thread count is 0. Cannot cache binder as linkToDeath cannot be implemented. serviceName: window
07-05 23:39:14.725 W/dumpsys (19187): Thread Pool max thread count is 0. Cannot cache binder as linkToDeath cannot be implemented. serviceName: window
07-05 23:39:14.815 W/dumpsys (19190): Thread Pool max thread count is 0. Cannot cache binder as linkToDeath cannot be implemented. serviceName: window
07-05 23:39:15.305 W/ActivityManager( 2570): Unbind failed: could not find connection for android.os.BinderProxy@4f24f6d
07-05 23:39:15.309 W/ActivityManager( 2570): Unable to start service Intent { act=android.telephony.satellite.SatelliteService xflg=0x4 pkg=vendor.qti.data.ntnsatapp } U=0: not found
07-05 23:39:15.310 E/SatelliteModemInterface( 3621): Error binding to the satellite service. Retrying in 60031 ms.
07-05 23:39:15.565 W/dumpsys (19193): Thread Pool max thread count is 0. Cannot cache binder as linkToDeath cannot be implemented. serviceName: window
07-05 23:39:15.774 W/dumpsys (19199): Thread Pool max thread count is 0. Cannot cache binder as linkToDeath cannot be implemented. serviceName: window
07-05 23:39:15.975 W/dumpsys (19207): Thread Pool max thread count is 0. Cannot cache binder as linkToDeath cannot be implemented. serviceName: window
07-05 23:39:16.069 W/dumpsys (19210): Thread Pool max thread count is 0. Cannot cache binder as linkToDeath cannot be implemented. serviceName: window
07-05 23:39:16.164 W/dumpsys (19213): Thread Pool max thread count is 0. Cannot cache binder as linkToDeath cannot be implemented. serviceName: window
07-05 23:39:16.334 W/dumpsys (19216): Thread Pool max thread count is 0. Cannot cache binder as linkToDeath cannot be implemented. serviceName: window
07-05 23:39:12.933 E/simulated_ntc( 4482): proc_shell_write write invalid para
07-05 23:39:20.102 W/screencap(19249): Thread Pool max thread count is 0. Cannot cache binder as linkToDeath cannot be implemented. serviceName: SurfaceFlingerAIDL
07-05 23:39:20.103 W/BpBinder(19249): Linking to death on android.gui.ISurfaceComposer but there are no threads (yet?) listening to incoming transactions. See ProcessState::startThreadPool and ProcessState::setThreadPoolMaxThreadCount. Generally you should setup the binder threadpool before other initialization steps.
07-05 23:39:20.103 W/ProcessState(19249): Extra binder thread started, but 0 threads requested. Do not use *startThreadPool when zero threads are requested.
07-05 23:39:20.105 E/HWComposer( 1617): getLuts: getLuts failed for display 4630946639017191809: UNSUPPORTED (8)
07-05 23:39:20.533 W/DemoModeController( 3309): Error running demo command, intent=Intent { act=com.android.systemui.demo flg=0x400010 (has extras) } java.lang.NullPointerException
07-05 23:39:20.556 E/MobileBinderEx( 3309): initSidePadding:3:1
07-05 23:39:17.953 E/simulated_ntc( 4482): proc_shell_write write invalid para
07-05 23:39:18.186 W/healthd ( 1398): time_last:235, soc_current_time=46452, soc_pre_time=46217,charging_status:0,soc_temp:30
07-05 23:39:18.186 W/healthd ( 1398): battery l=30 v=3767 t=29.0 h=2 st=3 c=-244000 fc=4117000 cc=468 chg=
07-05 23:39:21.890 E/NtChgAidl( 1440): NtChgAidl: mBattTempRegion _aidl_return:0
07-05 23:39:18.205 W/healthd ( 1398): time_last:235, soc_current_time=46452, soc_pre_time=46217,charging_status:0,soc_temp:30
07-05 23:39:18.210 W/HealthLoop( 1398): debug.nt.screen_brightness:3.852427
07-05 23:39:19.057 E/BATTERY_CHG( 5608): handle_message: adsp_to_kernel_log:key_info:pump:97,pump_en:0,ovp:1,wpc:1,fcc:2500,fv:4500,icl:0,ibus_ma:0,usb_sus:0,wls_sus:0,BattInit:1,chg_type:0,soc:30,soc_time:2002,soc_pre:30,real_cap:1263000,htemp_charge:4100,plug_in:0,plugGpio:1,usbTemp:0,battTemp:0,nt_cc_enable:0,2646:00,2654:32,2606:07,2708:00,2952:00,2658:5a,2707:00,2b09:01,f243:6e,f245:00,f246:00,8a44:00,8b44:00,
07-05 23:39:22.962 E/simulated_ntc( 4482): proc_shell_write write invalid para
07-05 23:39:27.971 E/simulated_ntc( 4482): proc_shell_write write invalid para
07-05 23:39:30.821 W/        (17178): 1:3113857 2:0 3:0 4:0 5:10318144 6:0
07-05 23:39:32.991 E/simulated_ntc( 4482): proc_shell_write write invalid para
07-05 23:39:38.001 E/simulated_ntc( 4482): proc_shell_write write invalid para
07-05 23:39:38.186 W/healthd ( 1398): time_last:255, soc_current_time=46472, soc_pre_time=46217,charging_status:0,soc_temp:30
07-05 23:39:38.187 W/healthd ( 1398): battery l=30 v=3781 t=29.0 h=2 st=3 c=-207000 fc=4117000 cc=468 chg=
07-05 23:39:41.890 E/NtChgAidl( 1440): NtChgAidl: mBattTempRegion _aidl_return:0
07-05 23:39:38.205 W/healthd ( 1398): time_last:255, soc_current_time=46472, soc_pre_time=46217,charging_status:0,soc_temp:30
07-05 23:39:38.211 W/HealthLoop( 1398): debug.nt.screen_brightness:3.852427
07-05 23:39:43.623 W/dumpsys (19284): Thread Pool max thread count is 0. Cannot cache binder as linkToDeath cannot be implemented. serviceName: window
07-05 23:39:43.752 W/dumpsys (19288): Thread Pool max thread count is 0. Cannot cache binder as linkToDeath cannot be implemented. serviceName: window
07-05 23:39:43.941 W/dumpsys (19314): Thread Pool max thread count is 0. Cannot cache binder as linkToDeath cannot be implemented. serviceName: window
07-05 23:39:44.092 W/dumpsys (19317): Thread Pool max thread count is 0. Cannot cache binder as linkToDeath cannot be implemented. serviceName: window
07-05 23:39:44.179 W/dumpsys (19326): Thread Pool max thread count is 0. Cannot cache binder as linkToDeath cannot be implemented. serviceName: window
07-05 23:39:44.270 W/dumpsys (19329): Thread Pool max thread count is 0. Cannot cache binder as linkToDeath cannot be implemented. serviceName: window
07-05 23:39:44.848 W/dumpsys (19333): Thread Pool max thread count is 0. Cannot cache binder as linkToDeath cannot be implemented. serviceName: window
07-05 23:39:44.960 W/dumpsys (19338): Thread Pool max thread count is 0. Cannot cache binder as linkToDeath cannot be implemented. serviceName: window
07-05 23:39:45.236 W/dumpsys (19358): Thread Pool max thread count is 0. Cannot cache binder as linkToDeath cannot be implemented. serviceName: window
07-05 23:39:45.325 W/dumpsys (19361): Thread Pool max thread count is 0. Cannot cache binder as linkToDeath cannot be implemented. serviceName: window
07-05 23:39:45.429 W/dumpsys (19364): Thread Pool max thread count is 0. Cannot cache binder as linkToDeath cannot be implemented. serviceName: window
07-05 23:39:45.519 W/dumpsys (19377): Thread Pool max thread count is 0. Cannot cache binder as linkToDeath cannot be implemented. serviceName: window
07-05 23:39:46.286 W/dumpsys (19388): Thread Pool max thread count is 0. Cannot cache binder as linkToDeath cannot be implemented. serviceName: window
07-05 23:39:46.413 W/dumpsys (19396): Thread Pool max thread count is 0. Cannot cache binder as linkToDeath cannot be implemented. serviceName: window
07-05 23:39:46.612 W/dumpsys (19409): Thread Pool max thread count is 0. Cannot cache binder as linkToDeath cannot be implemented. serviceName: window
07-05 23:39:43.011 E/simulated_ntc( 4482): proc_shell_write write invalid para
07-05 23:39:46.744 W/dumpsys (19417): Thread Pool max thread count is 0. Cannot cache binder as linkToDeath cannot be implemented. serviceName: window
07-05 23:39:46.839 W/dumpsys (19423): Thread Pool max thread count is 0. Cannot cache binder as linkToDeath cannot be implemented. serviceName: window
07-05 23:39:46.933 W/dumpsys (19426): Thread Pool max thread count is 0. Cannot cache binder as linkToDeath cannot be implemented. serviceName: window
07-05 23:39:46.116 W/        (    0): [    C6] process 2730 (PowerManagerSer) no longer affine to cpu6
07-05 23:39:49.811 W/ProcessStats( 2570): Tracking association SourceState{83b6d04 system/1000 ImpBg #77822} whose proc state 6 is better than process ProcessState{3e59c2c com.google.android.apps.messaging/10135 pkg=com.google.android.apps.messaging} proc state 15 (1 skipped)
07-05 23:39:49.905 W/Bugle   (19293): TextClassifierLibManagerImpl: Reclaiming memory at level: 40
07-05 23:39:51.086 W/screencap(19469): Thread Pool max thread count is 0. Cannot cache binder as linkToDeath cannot be implemented. serviceName: SurfaceFlingerAIDL
07-05 23:39:51.086 W/BpBinder(19469): Linking to death on android.gui.ISurfaceComposer but there are no threads (yet?) listening to incoming transactions. See ProcessState::startThreadPool and ProcessState::setThreadPoolMaxThreadCount. Generally you should setup the binder threadpool before other initialization steps.
07-05 23:39:51.086 W/ProcessState(19469): Extra binder thread started, but 0 threads requested. Do not use *startThreadPool when zero threads are requested.
07-05 23:39:51.088 E/HWComposer( 1617): getLuts: getLuts failed for display 4630946639017191809: UNSUPPORTED (8)
07-05 23:39:51.496 W/DemoModeController( 3309): Error running demo command, intent=Intent { act=com.android.systemui.demo flg=0x400010 (has extras) } java.lang.NullPointerException
07-05 23:39:47.826 W/        ( 3026): process 2730 (PowerManagerSer) no longer affine to cpu7
07-05 23:39:51.525 E/MobileBinderEx( 3309): initSidePadding:3:1
07-05 23:39:48.031 E/simulated_ntc( 4482): proc_shell_write write invalid para
07-05 23:39:53.041 E/simulated_ntc( 4482): proc_shell_write write invalid para
07-05 23:39:58.051 E/simulated_ntc( 4482): proc_shell_write write invalid para
07-05 23:39:58.192 W/healthd ( 1398): time_last:275, soc_current_time=46492, soc_pre_time=46217,charging_status:0,soc_temp:30
07-05 23:39:58.192 W/healthd ( 1398): battery l=30 v=3781 t=29.0 h=2 st=3 c=-170000 fc=4117000 cc=468 chg=
07-05 23:39:58.211 W/healthd ( 1398): time_last:275, soc_current_time=46492, soc_pre_time=46217,charging_status:0,soc_temp:30
07-05 23:40:01.895 E/NtChgAidl( 1440): NtChgAidl: mBattTempRegion _aidl_return:0
07-05 23:39:58.217 W/HealthLoop( 1398): debug.nt.screen_brightness:3.852427
07-05 23:40:03.072 E/simulated_ntc( 4482): proc_shell_write write invalid para
07-05 23:40:08.082 E/simulated_ntc( 4482): proc_shell_write write invalid para
07-05 23:40:15.347 W/ActivityManager( 2570): Unbind failed: could not find connection for android.os.BinderProxy@5aaa659
07-05 23:40:15.351 W/ActivityManager( 2570): Unable to start service Intent { act=android.telephony.satellite.SatelliteService xflg=0x4 pkg=vendor.qti.data.ntnsatapp } U=0: not found
07-05 23:40:15.351 E/SatelliteModemInterface( 3621): Error binding to the satellite service. Retrying in 58904 ms.
07-05 23:40:13.094 E/simulated_ntc( 4482): proc_shell_write write invalid para
07-05 23:40:18.116 E/simulated_ntc( 4482): proc_shell_write write invalid para
07-05 23:40:18.187 W/healthd ( 1398): time_last:295, soc_current_time=46512, soc_pre_time=46217,charging_status:0,soc_temp:30
07-05 23:40:18.188 W/healthd ( 1398): battery l=30 v=3781 t=29.0 h=2 st=3 c=-189000 fc=4117000 cc=468 chg=
07-05 23:40:21.897 E/NtChgAidl( 1440): NtChgAidl: mBattTempRegion _aidl_return:0
07-05 23:40:18.213 W/healthd ( 1398): time_last:295, soc_current_time=46512, soc_pre_time=46217,charging_status:0,soc_temp:30
07-05 23:40:18.224 W/HealthLoop( 1398): debug.nt.screen_brightness:3.852427
07-05 23:40:23.126 E/simulated_ntc( 4482): proc_shell_write write invalid para
07-05 23:40:28.879 W/MagnificationConnectionManager( 2570): requestConnection duplicated request: connect=false, mConnectionState=DISCONNECTED
07-05 23:40:28.903 W/ActivityManager( 2570): pid 14462 com.callstack.agentdevice.snapshothelper sent binder code 2 with flags 2 to frozen apps and got error -32
07-05 23:40:28.904 W/ActivityManager( 2570): pid 2570 system sent binder code 2 with flags 0 to frozen apps and got error -32
07-05 23:40:28.904 E/ActivityManager( 2570): Unable to freeze binder for 14462: -11
07-05 23:40:28.904 W/ActivityManager( 2570): pid 2570 system sent binder code 18 with flags 1 to frozen apps and got error -32
07-05 23:40:28.905 W/ActivityManager( 2570): Error shutting down UiAutomationConnection
07-05 23:40:28.927 W/ProcessStats( 2570): Tracking association SourceState{ac6a2c6 com.nothing.launcher/10177 BFgs #77825} whose proc state 4 is better than process ProcessState{c2731e9 com.nothing.cardservice/10209 pkg=com.nothing.cardservice} proc state 5 (0 skipped)
07-05 23:40:28.968 W/libprocessgroup(19572): JoinCgroup: controller schedtune is not found
07-05 23:40:28.969 W/libprocessgroup(19572): A JoinCgroup action in the SystemMemoryProcess profile is used for controller memory in the cgroup v2 hierarchy and will be ignored
07-05 23:40:28.969 W/libprocessgroup(19572): SetCgroup::ExecuteForTask: failed to open /dev/cpuctl/top-app/tasks: Permission denied
