07-05 23:22:45.540 W/Conscrypt(13989): 	at com.google.android.gms.org.conscrypt.ConscryptFileDescriptorSocket.setSoWriteTimeout(:com.google.android.gms@262434035@26.24.34 (260400-938041327):4)
07-05 23:22:45.830 E/KeymasterUtils(  980): rsp_header->status: -28
07-05 23:22:45.830 E/KeyMasterHalDevice(  980): abort_operation
07-05 23:22:45.830 E/KeyMasterHalDevice(  980): ret: -28
07-05 23:22:46.844 W/.gms.persistent( 3766): Large reply transaction of 2113536 bytes, interface descriptor , code 1
07-05 23:22:46.852 W/.gms.persistent( 3766): Large reply transaction of 2113536 bytes, interface descriptor , code 1
07-05 23:22:43.287 W/        ( 3026): process 2730 (PowerManagerSer) no longer affine to cpu6
07-05 23:22:47.031 E/KeymasterUtils(  980): rsp_header->status: -28
07-05 23:22:47.031 E/KeyMasterHalDevice(  980): abort_operation
07-05 23:22:47.031 E/KeyMasterHalDevice(  980): ret: -28
07-05 23:22:44.388 W/        ( 3026): process 2730 (PowerManagerSer) no longer affine to cpu7
07-05 23:22:48.383 E/AppOps  ( 2570): package pm not found, can't check for attributionTag null
07-05 23:22:48.384 E/AppOps  ( 2570): Bad call made by uid 1000. Package "pm" does not belong to uid 1000.
07-05 23:22:48.384 E/AppOps  ( 2570): Cannot noteOperation: non-application UID 1000
07-05 23:22:48.458 W/JobInfo ( 6337): Requested important-while-foreground flag for job9557 is ignored and takes no effect
07-05 23:22:48.614 W/Backup  (13989): [GmsBackupTransport] Error logging monitor event
07-05 23:22:48.619 W/binder:2570_6( 2570): type=1400 audit(0.0:23230): avc:  denied  { getopt } for  scontext=u:r:system_server:s0 tcontext=u:r:shell:s0 tclass=unix_stream_socket permissive=0
07-05 23:22:48.619 W/binder:2570_6( 2570): type=1400 audit(0.0:23231): avc:  denied  { getopt } for  scontext=u:r:system_server:s0 tcontext=u:r:shell:s0 tclass=unix_stream_socket permissive=0
07-05 23:22:48.619 W/binder:2570_6( 2570): type=1400 audit(0.0:23232): avc:  denied  { getopt } for  scontext=u:r:system_server:s0 tcontext=u:r:shell:s0 tclass=unix_stream_socket permissive=0
07-05 23:22:48.631 W/pool-91-thread-( 2570): type=1400 audit(0.0:23233): avc:  denied  { read } for  name="u:object_r:build_bootimage_prop:s0" dev="tmpfs" ino=130 scontext=u:r:system_server:s0 tcontext=u:object_r:build_bootimage_prop:s0 tclass=file permissive=0
07-05 23:22:48.637 W/libc    ( 2570): Access denied finding property "ro.bootimage.build.fingerprint"
07-05 23:22:48.640 E/AppOps  ( 2570): attributionTag VCN not declared in manifest of android
07-05 23:22:48.641 E/RoleControllerServiceImpl( 2570): Default/fallback role holder package doesn't qualify for the role, package: com.google.android.gms.supervision, role: android.app.role.SYSTEM_SUPERVISION, user: 0
07-05 23:22:48.641 E/RoleControllerServiceImpl( 2570): Default/fallback role holder package doesn't qualify for the role, package: com.google.android.gms, role: android.app.role.SYSTEM_CALL_STREAMING, user: 0
07-05 23:22:48.642 W/SignedPackage( 2570): Package doesn't have required signing certificate: com.google.android.apps.work.clouddpc
07-05 23:22:48.646 W/AppOpService( 2570): Ignored setUidMode call for runtime permission app op: uid = 1001, code = READ_SMS, mode = allow, callingUid = 1001, oldMode = allow
07-05 23:22:48.646 W/AppOpService( 2570): Ignored setUidMode call for runtime permission app op: uid = 1001, code = RECEIVE_SMS, mode = allow, callingUid = 1001, oldMode = allow
07-05 23:22:48.646 W/AppOpService( 2570): Ignored setUidMode call for runtime permission app op: uid = 1001, code = RECEIVE_WAP_PUSH, mode = allow, callingUid = 1001, oldMode = allow
07-05 23:22:48.647 W/AppOpService( 2570): Ignored setUidMode call for runtime permission app op: uid = 1001, code = SEND_SMS, mode = allow, callingUid = 1001, oldMode = allow
07-05 23:22:48.647 W/AppOpService( 2570): Ignored setUidMode call for runtime permission app op: uid = 1001, code = READ_CELL_BROADCASTS, mode = allow, callingUid = 1001, oldMode = allow
07-05 23:22:48.657 W/AppOpService( 2570): Ignored setUidMode call for runtime permission app op: uid = 10119, code = FINE_LOCATION, mode = allow, callingUid = 1000, oldMode = allow
07-05 23:22:48.657 E/RoleControllerServiceImpl( 2570): Default/fallback role holder package doesn't qualify for the role, package: com.google.android.projection.gearhead, role: android.app.role.SYSTEM_AUTOMOTIVE_PROJECTION, user: 0
07-05 23:22:48.657 W/VvmPkgInstalledRcvr( 3621): carrierVvmPkgAdded: carrier vvm packages doesn't contain ch.karimattia.soli
07-05 23:22:48.663 W/AppOpService( 2570): Ignored setUidMode call for runtime permission app op: uid = 10119, code = FINE_LOCATION, mode = allow, callingUid = 1000, oldMode = allow
07-05 23:22:48.680 W/AppOpService( 2570): Ignored setUidMode call for runtime permission app op: uid = 1001, code = READ_SMS, mode = allow, callingUid = 1001, oldMode = allow
07-05 23:22:48.682 W/AppOpService( 2570): Ignored setUidMode call for runtime permission app op: uid = 1001, code = RECEIVE_SMS, mode = allow, callingUid = 1001, oldMode = allow
07-05 23:22:48.682 W/AppOpService( 2570): Ignored setUidMode call for runtime permission app op: uid = 1001, code = RECEIVE_WAP_PUSH, mode = allow, callingUid = 1001, oldMode = allow
07-05 23:22:48.683 W/AppOpService( 2570): Ignored setUidMode call for runtime permission app op: uid = 1001, code = SEND_SMS, mode = allow, callingUid = 1001, oldMode = allow
07-05 23:22:48.683 W/AppOpService( 2570): Ignored setUidMode call for runtime permission app op: uid = 1001, code = READ_CELL_BROADCASTS, mode = allow, callingUid = 1001, oldMode = allow
07-05 23:22:48.688 E/RoleControllerServiceImpl( 2570): Default/fallback role holder package doesn't qualify for the role, package: com.google.android.googlequicksearchbox, role: android.app.role.ASSISTANT, user: 0
07-05 23:22:48.691 W/ackageinstaller(23853): Reducing the number of considered missed Gc histogram windows from 919 to 100
07-05 23:22:48.692 W/AppOpService( 2570): Ignored setUidMode call for runtime permission app op: uid = 1001, code = READ_SMS, mode = allow, callingUid = 1001, oldMode = allow
07-05 23:22:48.693 W/AppOpService( 2570): Ignored setUidMode call for runtime permission app op: uid = 1001, code = RECEIVE_SMS, mode = allow, callingUid = 1001, oldMode = allow
07-05 23:22:48.693 W/AppOpService( 2570): Ignored setUidMode call for runtime permission app op: uid = 1001, code = RECEIVE_WAP_PUSH, mode = allow, callingUid = 1001, oldMode = allow
07-05 23:22:48.693 W/AppOpService( 2570): Ignored setUidMode call for runtime permission app op: uid = 1001, code = SEND_SMS, mode = allow, callingUid = 1001, oldMode = allow
07-05 23:22:48.693 W/AppOpService( 2570): Ignored setUidMode call for runtime permission app op: uid = 1001, code = READ_CELL_BROADCASTS, mode = allow, callingUid = 1001, oldMode = allow
07-05 23:22:48.696 E/Finsky  (17550): [60] [Counters] attempted to use a non-positive increment for: 4752
07-05 23:22:48.701 W/MagnificationConnectionManager( 2570): requestConnection duplicated request: connect=false, mConnectionState=DISCONNECTED
07-05 23:22:48.703 E/Finsky  (17550): [61] [Counters] attempted to use a non-positive increment for: 4753
07-05 23:22:48.707 W/MagnificationConnectionManager( 2570): requestConnection duplicated request: connect=false, mConnectionState=DISCONNECTED
07-05 23:22:48.715 E/Finsky  (17550): [59] [Counters] attempted to use a non-positive increment for: 4752
07-05 23:22:48.722 W/GCM     ( 3766): Unexpected forwarded intent: Intent { act=android.intent.action.PACKAGE_ADDED dat=package: flg=0x4000010 pkg=com.google.android.gms cmp=com.google.android.gms/.chimera.PersistentIntentOperationService (has extras) }
07-05 23:22:48.724 W/NetworkScheduler( 3766): Unexpected forwarded intent: Intent { act=android.intent.action.PACKAGE_ADDED dat=package: flg=0x4000010 pkg=com.google.android.gms cmp=com.google.android.gms/.chimera.PersistentIntentOperationService (has extras) }
07-05 23:22:48.726 W/AppInstallOperation(13989): FDL Migration::InstallIntentOperation by FDL Module [CONTEXT service_id=77 ]
07-05 23:22:48.726 E/Dck     (13989): Could not get ProviderInfo when resolving the content provider authority. [CONTEXT service_id=289 ]
07-05 23:22:48.733 E/Finsky  (17550): [59] [Counters] attempted to use a non-positive increment for: 4753
07-05 23:22:48.734 E/Finsky  (17550): [59] [Counters] attempted to use a non-positive increment for: 4752
07-05 23:22:48.734 E/Finsky  (17550): [59] [Counters] attempted to use a non-positive increment for: 4753
07-05 23:22:48.734 E/Finsky  (17550): [59] [Counters] attempted to use a non-positive increment for: 4752
07-05 23:22:48.739 E/Finsky  (17550): [59] [Counters] attempted to use a non-positive increment for: 4753
07-05 23:22:48.834 W/PackageManager( 2570): Failed registering loading progress callback. Package is fully loaded.
07-05 23:22:48.844 W/HWUI    ( 3827): Image decoding logging dropped!
07-05 23:22:48.845 W/HWUI    (17419): Image decoding logging dropped!
07-05 23:22:48.862 W/HWUI    (17419): Image decoding logging dropped!
07-05 23:22:48.865 W/HWUI    ( 3827): Image decoding logging dropped!
07-05 23:22:48.875 W/System  ( 2570): A resource failed to call close. 
07-05 23:22:48.880 W/HWUI    (17419): Image decoding logging dropped!
07-05 23:22:48.887 W/pool-91-thread-( 2570): type=1400 audit(0.0:23234): avc:  denied  { read } for  name="u:object_r:build_bootimage_prop:s0" dev="tmpfs" ino=130 scontext=u:r:system_server:s0 tcontext=u:object_r:build_bootimage_prop:s0 tclass=file permissive=0
07-05 23:22:48.891 W/libc    ( 2570): Access denied finding property "ro.bootimage.build.fingerprint"
07-05 23:22:48.894 E/NTWidget-Service( 6912): AiWidgetMetaInfoList is empty!!
07-05 23:22:48.911 W/ContentProviderHelper( 2570): Permission Denial: opening provider com.android.providers.calendar.CalendarProvider2 from ProcessRecord{17c656 17419:com.teslacoilsw.launcher/u0a237} (pid=17419, uid=10237) requires android.permission.READ_CALENDAR or android.permission.WRITE_CALENDAR
07-05 23:22:48.921 W/ActivityTaskManager( 2570): callingPackage for (uid=2000, pid=13868) has no WPC
07-05 23:22:48.922 W/OptProp ( 2570): Cannot read opt property android.window.PROPERTY_COMPAT_ALLOW_RESIZEABLE_ACTIVITY_OVERRIDES
07-05 23:22:48.923 W/OptProp ( 2570): Cannot read opt property android.window.PROPERTY_COMPAT_ALLOW_MIN_ASPECT_RATIO_OVERRIDE
07-05 23:22:48.926 W/PopUpWinSceneDetector( 3280): Malformat: no colon symbol ':', so discard it.
07-05 23:22:48.926 W/OptProp ( 2570): Cannot read opt property android.window.PROPERTY_COMPAT_ALLOW_ORIENTATION_OVERRIDE
07-05 23:22:48.926 W/PopUpWinSceneDetector( 3280): PopUpWinEvent format is wrong! Ignore it
07-05 23:22:48.927 E/ANDR-PERF-LM( 1479): MetaMeter: handleAsync() 166: AdaptLaunch Invalid Async
07-05 23:22:48.933 W/HWUI    ( 3827): Image decoding logging dropped!
07-05 23:22:48.933 W/ANDR-PERF-LM( 1479): MetaMeter: handlePrimaryAsync() 118: AdaptLaunch MetaMeter. No MeterMgr Available to handle this Primary Async. !!!!
07-05 23:22:48.934 W/ANDR-PERF-LM( 1479): MetaMeter: handlePrimaryAsync() 118: AdaptLaunch MetaMeter. No MeterMgr Available to handle this Primary Async. !!!!
07-05 23:22:48.935 W/DynamicDDSService( 3673): appName is running in background.com.teslacoilsw.launcher
07-05 23:22:48.937 W/ForegroundServiceTypeLoggerModule( 2570): Foreground service start for UID: 10287 does not have any types
07-05 23:22:48.942 E/ANDR-PERF-LM( 1479): MetaMeter: handleAsync() 166: AdaptLaunch Invalid Async
07-05 23:22:48.942 W/ContextImpl( 2570): Calling a method in the system process without a qualified user: android.app.ContextImpl.sendBroadcast:1269 com.qualcomm.qti.Performance$SendGameLaunchBroadcast.run:292 java.lang.Thread.run:1572 <bottom of call stack> <bottom of call stack> 
07-05 23:22:48.954 W/HWUI    ( 3309): Image decoding logging dropped!
07-05 23:22:48.961 E/ANDR-PERF-LM( 1479): MetaMeter: handleAsync() 166: AdaptLaunch Invalid Async
07-05 23:22:45.288 E/simulated_ntc( 4482): proc_shell_write write invalid para
07-05 23:22:48.984 W/SoLoader(13877): Initializing SoLoader: 0
07-05 23:22:48.984 W/SoLoader(13877): Recording new base apk path: /data/app/~~M3dkqxbMeTrQ7dbHrsZl5Q==/ch.karimattia.soli-u3p5R9z9O4AFydtDlJ8gkg==/base.apk
07-05 23:22:48.984 W/SoLoader(13877): Previously recorded 0 base apk paths.
07-05 23:22:48.987 W/SoLoader(13877): SoLoader initialized: 8
07-05 23:22:49.019 W/ServiceManagerCppClient(13897): Failed to get isDeclared for vendor.qti.hardware.perf2.IPerf/default: Status(-1, EX_SECURITY): 'SELinux denied for service.'
07-05 23:22:49.021 E/ashmem  (13877): Pinning is deprecated since Android Q. Please use trim or other methods.
07-05 23:22:45.336 E/SELinux (  543): avc:  denied  { find } for pid=13897 uid=10195 name=vendor.qti.hardware.perf2.IPerf/default scontext=u:r:vendor_wlc_app:s0:c195,c256,c512,c768 tcontext=u:object_r:default_android_service:s0 tclass=service_manager permissive=0
07-05 23:22:49.039 W/unknown:BridgelessReact(13877): ReactHost{0}.startSurface(surfaceId = 0): Schedule
07-05 23:22:49.039 W/unknown:BridgelessReact(13877): ReactHost{0}.attachSurface(surfaceId = 0)
07-05 23:22:49.039 W/unknown:BridgelessReact(13877): ReactHost{0}.getOrCreateReactInstanceTask()
07-05 23:22:49.039 W/unknown:BridgelessReact(13877): ReactHost{0}.getOrCreateReactInstanceTask(): Start
07-05 23:22:49.039 W/unknown:BridgelessReact(13877): ReactHost{0}.getJSBundleLoader()
07-05 23:22:49.039 W/unknown:BridgelessReact(13877): ReactHost{0}.getOrCreateReactInstanceTask(): Creating BridgelessReactContext
07-05 23:22:49.040 W/unknown:BridgelessReact(13877): ReactHost{0}.getOrCreateReactInstanceTask(): Creating ReactInstance
07-05 23:22:49.040 W/WindowOnBackDispatcher(13877): OnBackInvokedCallback is not enabled for the application.
07-05 23:22:49.040 W/WindowOnBackDispatcher(13877): Set 'android:enableOnBackInvokedCallback="true"' in the application manifest.
07-05 23:22:49.043 W/unknown:BridgelessReact(13877): ReactHost{0}.onHostResume(activity)
07-05 23:22:49.043 W/unknown:BridgelessReact(13877): ReactHost{0}.ReactContext.onHostResume()
07-05 23:22:49.046 E/HWUI    (13877): attachRenderThreadToJvm
07-05 23:22:49.046 E/HWUI    (13877): AM IS NOT NULL!
07-05 23:22:49.046 E/HWUI    (13877): attachRenderThreadToJvm
07-05 23:22:49.046 E/HWUI    (13877): AM IS NOT NULL!
07-05 23:22:49.055 E/ashmem  (13897): Pinning is deprecated since Android Q. Please use trim or other methods.
07-05 23:22:49.056 W/ServiceManagerCppClient( 1617): Permission failure: android.permission.ACCESS_SURFACE_FLINGER from uid=10348 pid=13877
07-05 23:22:49.056 W/ServiceManagerCppClient( 1617): Permission failure: android.permission.ACCESS_SURFACE_FLINGER from uid=10348 pid=0
07-05 23:22:49.056 W/ServiceManagerCppClient( 1617): Permission failure: android.permission.ROTATE_SURFACE_FLINGER from uid=10348 pid=13877
07-05 23:22:49.056 W/ServiceManagerCppClient( 1617): Permission failure: android.permission.INTERNAL_SYSTEM_WINDOW from uid=10348 pid=13877
07-05 23:22:49.056 W/ServiceManagerCppClient( 1617): Permission failure: android.permission.ROTATE_SURFACE_FLINGER from uid=10348 pid=0
07-05 23:22:49.060 W/SQLiteLog(13897): (28) double-quoted string literal: "ch.karimattia.soli"
07-05 23:22:49.062 W/ExpoModulesCore(13877): Props class class expo.modules.ui.textfield.InnerTextFieldProps is not introspectable. Falling back to reflection-based props parsing, which may have performance implications. To fix this, annotate the props class with @OptimizedComposeProps.
07-05 23:22:49.096 W/ExpoModulesCore(13877): Props class class expo.modules.ui.textfield.PlaceholderProps is not introspectable. Falling back to reflection-based props parsing, which may have performance implications. To fix this, annotate the props class with @OptimizedComposeProps.
07-05 23:22:49.129 W/unknown:BridgelessReact(13877): ReactHost{0}.getOrCreateReactInstanceTask(): Loading JS Bundle
07-05 23:22:49.129 W/unknown:BridgelessReact(13877): ReactHost{0}.getOrCreateReactInstanceTask(): DevSupportManager.onNewReactContextCreated()
07-05 23:22:49.130 W/unknown:BridgelessReact(13877): ReactHost{0}.startSurface(surfaceId = 0): Execute
07-05 23:22:49.132 W/unknown:BridgelessReact(13877): ReactHost{0}.ReactContext.onHostResume()
07-05 23:22:49.132 W/unknown:BridgelessReact(13877): ReactHost{0}.getOrCreateReactInstanceTask(): Executing ReactInstanceEventListeners
07-05 23:22:49.142 W/ParceledListSlice( 2570): Element #36 is 20152 bytes.
07-05 23:22:49.143 W/ParceledListSlice( 2570): Element #37 is 21136 bytes.
07-05 23:22:49.145 W/BridgelessReactContext(13877): [WARNING] Bridgeless doesn't support CatalystInstance. Accessing an API that's not part of the new architecture is not encouraged usage.
07-05 23:22:49.176 W/HWUI    (21003): Image decoding logging dropped!
07-05 23:22:49.176 W/unknown:ViewManagerPropertyUpdater(13877): Could not find generated setter for class expo.modules.kotlin.views.GroupViewManagerWrapper
07-05 23:22:49.177 W/unknown:ViewManagerPropertyUpdater(13877): Could not find generated setter for class com.facebook.react.uimanager.LayoutShadowNode
07-05 23:22:49.177 W/unknown:ViewManagerPropertyUpdater(13877): Could not find generated setter for class com.swmansion.rnscreens.ScreenContainerViewManager
07-05 23:22:49.178 W/unknown:ViewManagerPropertyUpdater(13877): Could not find generated setter for class com.swmansion.reanimated.view.REASharedTransitionBoundaryManager
07-05 23:22:49.178 W/unknown:ViewManagerPropertyUpdater(13877): Could not find generated setter for class expo.modules.kotlin.views.SimpleViewManagerWrapper
07-05 23:22:49.179 W/unknown:ViewManagerPropertyUpdater(13877): Could not find generated setter for class com.swmansion.rnscreens.gamma.tabs.host.TabsHostViewManager
07-05 23:22:49.179 W/unknown:ViewManagerPropertyUpdater(13877): Could not find generated setter for class com.swmansion.rnscreens.ScreenStackHeaderConfigViewManager
07-05 23:22:49.179 W/unknown:ViewManagerPropertyUpdater(13877): Could not find generated setter for class com.swmansion.rnscreens.ScreenStackHeaderSubviewManager
07-05 23:22:49.181 W/unknown:ViewManagerPropertyUpdater(13877): Could not find generated setter for class com.teleport.host.PortalHostViewManager
07-05 23:22:49.181 W/unknown:ViewManagerPropertyUpdater(13877): Could not find generated setter for class com.swmansion.rnscreens.gamma.scrollviewmarker.ScrollViewMarkerViewManager
07-05 23:22:49.182 W/unknown:ViewManagerPropertyUpdater(13877): Could not find generated setter for class com.swmansion.rnscreens.ScreenContentWrapperManager
07-05 23:22:49.182 W/unknown:ViewManagerPropertyUpdater(13877): Could not find generated setter for class com.swmansion.rnscreens.gamma.stack.screen.StackScreenViewManager
07-05 23:22:49.183 W/unknown:ViewManagerPropertyUpdater(13877): Could not find generated setter for class com.teleport.portal.PortalViewManager
07-05 23:22:49.183 W/unknown:ViewManagerPropertyUpdater(13877): Could not find generated setter for class com.th3rdwave.safeareacontext.SafeAreaViewManager
07-05 23:22:49.183 W/unknown:ViewManagerPropertyUpdater(13877): Could not find generated setter for class com.th3rdwave.safeareacontext.SafeAreaViewShadowNode
07-05 23:22:49.184 W/unknown:ViewManagerPropertyUpdater(13877): Could not find generated setter for class com.swmansion.rnscreens.ScreenViewManager
07-05 23:22:49.184 W/unknown:ViewManagerPropertyUpdater(13877): Could not find generated setter for class com.swmansion.rnscreens.gamma.stack.header.config.StackHeaderConfigViewManager
07-05 23:22:49.184 W/unknown:ViewManagerPropertyUpdater(13877): Could not find generated setter for class com.th3rdwave.safeareacontext.SafeAreaProviderManager
07-05 23:22:49.185 W/unknown:ViewManagerPropertyUpdater(13877): Could not find generated setter for class com.swmansion.rnscreens.SearchBarManager
07-05 23:22:49.185 W/unknown:ViewManagerPropertyUpdater(13877): Could not find generated setter for class com.swmansion.rnscreens.gamma.stack.host.StackHostViewManager
07-05 23:22:49.185 W/unknown:ViewManagerPropertyUpdater(13877): Could not find generated setter for class com.swmansion.rnscreens.ScreenFooterManager
07-05 23:22:49.186 W/unknown:ViewManagerPropertyUpdater(13877): Could not find generated setter for class com.swmansion.rnscreens.ModalScreenViewManager
07-05 23:22:49.186 W/unknown:ViewManagerPropertyUpdater(13877): Could not find generated setter for class com.swmansion.rnscreens.safearea.SafeAreaViewManager
07-05 23:22:49.186 W/unknown:ViewManagerPropertyUpdater(13877): Could not find generated setter for class com.swmansion.rnscreens.ScreenStackViewManager
07-05 23:22:49.187 W/unknown:ViewManagerPropertyUpdater(13877): Could not find generated setter for class com.swmansion.rnscreens.gamma.stack.header.subview.StackHeaderSubviewViewManager
07-05 23:22:49.187 W/unknown:ViewManagerPropertyUpdater(13877): Could not find generated setter for class org.reactnative.maskedview.RNCMaskedViewManager
07-05 23:22:49.188 W/unknown:ViewManagerPropertyUpdater(13877): Could not find generated setter for class com.swmansion.rnscreens.gamma.tabs.screen.TabsScreenViewManager
07-05 23:22:49.193 W/ForegroundServiceTypeLoggerModule( 2570): FGS stop call for: 10287 has no types!
07-05 23:22:49.229 W/unknown:ViewManagerPropertyUpdater(13877): Could not find generated setter for class com.horcrux.svg.RenderableViewManager$DefsViewManager
07-05 23:22:49.230 W/unknown:ViewManagerPropertyUpdater(13877): Could not find generated setter for class com.horcrux.svg.VirtualViewManager$RenderableShadowNode
07-05 23:22:49.230 W/unknown:ViewManagerPropertyUpdater(13877): Could not find generated setter for class com.horcrux.svg.RenderableViewManager$FeMergeManager
07-05 23:22:49.231 W/unknown:ViewManagerPropertyUpdater(13877): Could not find generated setter for class com.facebook.react.views.safeareaview.ReactSafeAreaViewManager
07-05 23:22:49.232 W/unknown:ViewManagerPropertyUpdater(13877): Could not find generated setter for class com.horcrux.svg.RenderableViewManager$LinearGradientManager
07-05 23:22:49.233 W/unknown:ViewManagerPropertyUpdater(13877): Could not find generated setter for class com.horcrux.svg.RenderableViewManager$FeGaussianBlurManager
07-05 23:22:49.233 W/unknown:ViewManagerPropertyUpdater(13877): Could not find generated setter for class com.facebook.react.views.progressbar.ReactProgressBarViewManager
07-05 23:22:49.234 W/unknown:ViewManagerPropertyUpdater(13877): Could not find generated setter for class com.facebook.react.views.scroll.ReactHorizontalScrollViewManager
07-05 23:22:49.235 W/unknown:ViewManagerPropertyUpdater(13877): Could not find generated setter for class com.facebook.react.views.text.ReactTextViewManager
07-05 23:22:49.236 W/unknown:ViewManagerPropertyUpdater(13877): Could not find generated setter for class com.horcrux.svg.RenderableViewManager$FeColorMatrixManager
07-05 23:22:49.236 W/unknown:ViewManagerPropertyUpdater(13877): Could not find generated setter for class com.facebook.react.views.scroll.ReactHorizontalScrollContainerViewManager
07-05 23:22:49.237 W/unknown:ViewManagerPropertyUpdater(13877): Could not find generated setter for class com.horcrux.svg.RenderableViewManager$ClipPathViewManager
07-05 23:22:49.238 W/unknown:ViewManagerPropertyUpdater(13877): Could not find generated setter for class com.horcrux.svg.RenderableViewManager$SymbolManager
07-05 23:22:49.239 W/unknown:ViewManagerPropertyUpdater(13877): Could not find generated setter for class com.horcrux.svg.RenderableViewManager$PatternManager
07-05 23:22:49.239 W/unknown:ViewManagerPropertyUpdater(13877): Could not find generated setter for class com.horcrux.svg.RenderableViewManager$FeBlendManager
07-05 23:22:49.240 W/unknown:ViewManagerPropertyUpdater(13877): Could not find generated setter for class com.facebook.react.views.view.ReactViewManager
07-05 23:22:49.241 W/unknown:ViewManagerPropertyUpdater(13877): Could not find generated setter for class com.horcrux.svg.SvgViewManager
07-05 23:22:49.241 W/unknown:ViewManagerPropertyUpdater(13877): Could not find generated setter for class com.facebook.react.views.switchview.ReactSwitchManager
07-05 23:22:49.242 W/unknown:ViewManagerPropertyUpdater(13877): Could not find generated setter for class com.horcrux.svg.RenderableViewManager$UseViewManager
07-05 23:22:49.243 W/unknown:ViewManagerPropertyUpdater(13877): Could not find generated setter for class com.horcrux.svg.RenderableViewManager$CircleViewManager
07-05 23:22:49.244 W/unknown:ViewManagerPropertyUpdater(13877): Could not find generated setter for class com.horcrux.svg.RenderableViewManager$TSpanViewManager
07-05 23:22:49.245 W/unknown:ViewManagerPropertyUpdater(13877): Could not find generated setter for class com.horcrux.svg.RenderableViewManager$FilterManager
07-05 23:22:49.245 W/unknown:ViewManagerPropertyUpdater(13877): Could not find generated setter for class com.horcrux.svg.RenderableViewManager$MarkerManager
07-05 23:22:49.246 W/unknown:ViewManagerPropertyUpdater(13877): Could not find generated setter for class com.swmansion.gesturehandler.react.RNGestureHandlerButtonViewManager
07-05 23:22:49.247 W/unknown:ViewManagerPropertyUpdater(13877): Could not find generated setter for class com.facebook.react.views.modal.ReactModalHostManager
07-05 23:22:49.247 W/unknown:ViewManagerPropertyUpdater(13877): Could not find generated setter for class com.horcrux.svg.RenderableViewManager$ForeignObjectManager
07-05 23:22:49.248 W/unknown:ViewManagerPropertyUpdater(13877): Could not find generated setter for class com.horcrux.svg.RenderableViewManager$EllipseViewManager
07-05 23:22:49.249 W/unknown:ViewManagerPropertyUpdater(13877): Could not find generated setter for class com.horcrux.svg.RenderableViewManager$LineViewManager
07-05 23:22:49.250 W/unknown:ViewManagerPropertyUpdater(13877): Could not find generated setter for class com.horcrux.svg.RenderableViewManager$FeFloodManager
07-05 23:22:49.250 W/unknown:ViewManagerPropertyUpdater(13877): Could not find generated setter for class com.horcrux.svg.RenderableViewManager$GroupViewManager
07-05 23:22:49.251 W/unknown:ViewManagerPropertyUpdater(13877): Could not find generated setter for class com.horcrux.svg.RenderableViewManager$TextViewManager
07-05 23:22:49.252 W/unknown:ViewManagerPropertyUpdater(13877): Could not find generated setter for class com.horcrux.svg.RenderableViewManager$ImageViewManager
07-05 23:22:49.252 W/unknown:ViewManagerPropertyUpdater(13877): Could not find generated setter for class com.horcrux.svg.RenderableViewManager$FeCompositeManager
07-05 23:22:49.253 W/unknown:ViewManagerPropertyUpdater(13877): Could not find generated setter for class com.facebook.react.views.image.ReactImageManager
07-05 23:22:49.254 W/unknown:ViewManagerPropertyUpdater(13877): Could not find generated setter for class com.horcrux.svg.RenderableViewManager$RadialGradientManager
07-05 23:22:49.255 W/unknown:ViewManagerPropertyUpdater(13877): Could not find generated setter for class com.horcrux.svg.RenderableViewManager$MaskManager
07-05 23:22:49.255 W/unknown:ViewManagerPropertyUpdater(13877): Could not find generated setter for class com.facebook.react.views.unimplementedview.ReactUnimplementedViewManager
07-05 23:22:49.256 W/unknown:ViewManagerPropertyUpdater(13877): Could not find generated setter for class com.horcrux.svg.RenderableViewManager$RectViewManager
07-05 23:22:49.257 W/unknown:ViewManagerPropertyUpdater(13877): Could not find generated setter for class com.horcrux.svg.RenderableViewManager$TextPathViewManager
07-05 23:22:49.258 W/unknown:ViewManagerPropertyUpdater(13877): Could not find generated setter for class com.facebook.react.views.scroll.ReactScrollViewManager
07-05 23:22:49.258 W/unknown:ViewManagerPropertyUpdater(13877): Could not find generated setter for class com.horcrux.svg.RenderableViewManager$FeOffsetManager
07-05 23:22:49.259 W/unknown:ViewManagerPropertyUpdater(13877): Could not find generated setter for class com.horcrux.svg.RenderableViewManager$PathViewManager
07-05 23:22:49.260 W/unknown:ViewManagerPropertyUpdater(13877): Could not find generated setter for class com.facebook.react.views.drawer.ReactDrawerLayoutManager
07-05 23:22:49.261 W/unknown:ViewManagerPropertyUpdater(13877): Could not find generated setter for class com.facebook.react.views.swiperefresh.SwipeRefreshLayoutManager
07-05 23:22:49.261 W/unknown:ViewManagerPropertyUpdater(13877): Could not find generated setter for class com.facebook.react.views.textinput.ReactTextInputManager
07-05 23:22:49.263 W/unknown:ViewManagerPropertyUpdater(13877): Could not find generated setter for class com.facebook.react.views.text.SelectableTextViewManager
07-05 23:22:49.263 W/unknown:ViewManagerPropertyUpdater(13877): Could not find generated setter for class com.swmansion.gesturehandler.react.RNGestureHandlerRootViewManager
07-05 23:22:49.264 W/unknown:ViewManagerPropertyUpdater(13877): Could not find generated setter for class com.facebook.react.views.virtual.view.ReactVirtualViewManager
07-05 23:22:49.325 W/InteractionJankMonitor(13877): Initializing without READ_DEVICE_CONFIG permission. enabled=false, interval=1, missedFrameThreshold=3, frameTimeThreshold=64, package=ch.karimattia.soli
07-05 23:22:49.626 W/unknown:ReactNative(13877): StatusBarModule: Ignored status bar change, current activity is edge-to-edge.
07-05 23:22:49.626 W/unknown:ReactNative(13877): StatusBarModule: Ignored status bar change, current activity is edge-to-edge.
07-05 23:22:49.641 E/AppOps  ( 2570): attributionTag VCN not declared in manifest of android
07-05 23:22:49.649 W/ServiceManagerCppClient( 2570): Permission failure: android.permission.ACCESS_SURFACE_FLINGER from uid=10348 pid=0
07-05 23:22:49.649 W/ServiceManagerCppClient( 2570): Permission failure: android.permission.ROTATE_SURFACE_FLINGER from uid=10348 pid=0
07-05 23:22:49.649 W/ServiceManagerCppClient( 2570): Permission failure: android.permission.INTERNAL_SYSTEM_WINDOW from uid=10348 pid=0
07-05 23:22:49.809 W/VectorIconLoader(13877): Unknown color format: @17170443, using black
07-05 23:22:49.866 W/.gms.persistent( 3766): Large reply transaction of 2113536 bytes, interface descriptor , code 1
07-05 23:22:49.871 W/.gms.persistent( 3766): Large reply transaction of 2113536 bytes, interface descriptor , code 1
07-05 23:22:49.896 W/WindowOnBackDispatcher( 3309): sendCancelIfRunning: isInProgress=false callback=android.view.ViewRootImpl$$ExternalSyntheticLambda13@cf40218
07-05 23:22:49.897 W/UsageStatsService( 2570): Unexpected activity event reported! (org.wakingup.android/org.wakingup.android.activity.MainActivity event : 23 instanceId : 163383755)
07-05 23:22:49.897 W/DynamicDDSService( 3673): appName is not found in cache: org.wakingup.android
07-05 23:22:49.903 W/WindowManager( 2570): Failed looking up window session=Session{ba7e004 3309:u0a10192} callers=com.android.server.wm.WindowManagerService.windowForClientLocked:6620 com.android.server.wm.Session.setOnBackInvokedCallbackInfo:1020 android.view.IWindowSession$Stub.onTransact:1200 
07-05 23:22:49.906 E/TaskPersister( 2570): File error accessing recents directory (directory doesn't exist?).
07-05 23:22:49.967 E/ANDR-PERF-LM( 1479): VmRssMeter:: start() 358: Could not find pid, can not collect vmrss data
07-05 23:22:49.969 E/ANDR-PERF-LM( 1479): VmRssMeter:: start() 358: Could not find pid, can not collect vmrss data
07-05 23:22:49.969 E/ANDR-PERF-LM( 1479): AdaptiveLaunch: writeToDataBase() 64: Meter aborted or could not get meter data for this run
07-05 23:22:46.475 W/        ( 3026): process 2730 (PowerManagerSer) no longer affine to cpu7
07-05 23:22:50.174 W/MagnificationConnectionManager( 2570): requestConnection duplicated request: connect=false, mConnectionState=DISCONNECTED
07-05 23:22:50.179 W/AllAppsList( 3827): updatePackage: no Activities matched updated package, removing any AppInfo with package=com.nothing.cardservice, user=UserHandle{0}
07-05 23:22:50.196 W/ContentProviderHelper( 2570): Permission Denial: opening provider com.android.providers.calendar.CalendarProvider2 from ProcessRecord{17c656 17419:com.teslacoilsw.launcher/u0a237} (pid=17419, uid=10237) requires android.permission.READ_CALENDAR or android.permission.WRITE_CALENDAR
07-05 23:22:52.889 W/.gms.persistent( 3766): Large reply transaction of 2113536 bytes, interface descriptor , code 1
07-05 23:22:52.893 W/.gms.persistent( 3766): Large reply transaction of 2113536 bytes, interface descriptor , code 1
07-05 23:22:53.749 W/ContentProviderHelper( 2570): Permission Denial: opening provider com.android.providers.calendar.CalendarProvider2 from ProcessRecord{17c656 17419:com.teslacoilsw.launcher/u0a237} (pid=17419, uid=10237) requires android.permission.READ_CALENDAR or android.permission.WRITE_CALENDAR
07-05 23:22:53.824 W/NOVA_AI (17419): No Google ID token (stored=expired, silent refresh=failed)
07-05 23:22:53.825 W/NOVA_AI (17419): Tool registration returned null
07-05 23:22:50.297 E/simulated_ntc( 4482): proc_shell_write write invalid para
07-05 23:22:50.548 W/        ( 3026): process 2730 (PowerManagerSer) no longer affine to cpu7
07-05 23:22:51.319 W/        ( 3026): process 2730 (PowerManagerSer) no longer affine to cpu7
07-05 23:22:55.423 W/CachedAppOptimi( 2570): type=1400 audit(0.0:23235): avc:  denied  { write } for  dev="tmpfs" ino=1098 scontext=u:r:system_server:s0 tcontext=u:object_r:zygote_tmpfs:s0 tclass=file permissive=0
07-05 23:22:56.972 E/minksocket( 1381): MinkIPC_QRTR_Service: client with node 1 port 5a01 went down
07-05 23:22:56.974 E/minksocket( 1381): MinkIPC_QRTR_Service: client with node 1 port 5a02 went down
07-05 23:22:56.977 E/minksocket( 1381): MinkIPC_QRTR_Service: client with node 1 port 5a03 went down
07-05 23:22:56.980 E/minksocket( 1381): MinkIPC_QRTR_Service: client with node 1 port 5a04 went down
07-05 23:22:58.072 E/minksocket( 1381): MinkIPC_QRTR_Service: client with node 1 port 5a05 went down
07-05 23:22:58.075 E/minksocket( 1381): MinkIPC_QRTR_Service: client with node 1 port 5a06 went down
07-05 23:22:58.079 E/minksocket( 1381): MinkIPC_QRTR_Service: client with node 1 port 5a07 went down
07-05 23:22:58.084 E/minksocket( 1381): MinkIPC_QRTR_Service: client with node 1 port 5a08 went down
07-05 23:22:58.857 W/PlayGamesServices[UiUtils](13989): AppVersion: Cannot find the installed destination app.
07-05 23:22:58.868 W/PlayGamesServices[UiUtils](13989): AppVersion: Cannot find the installed destination app.
07-05 23:22:58.868 W/PlayGamesServices[UiUtils](13989): AppVersionName: Cannot find the installed destination app.
07-05 23:22:58.913 W/.gms.persistent( 3766): Large reply transaction of 2113536 bytes, interface descriptor , code 1
07-05 23:22:58.915 W/.gms.persistent( 3766): Large reply transaction of 2113536 bytes, interface descriptor , code 1
07-05 23:22:55.308 E/simulated_ntc( 4482): proc_shell_write write invalid para
07-05 23:22:58.191 W/healthd ( 1398): time_last:361, soc_current_time=45472, soc_pre_time=45111,charging_status:0,soc_temp:32
07-05 23:22:58.191 W/healthd ( 1398): battery l=32 v=3786 t=27.0 h=2 st=3 c=-252000 fc=4117000 cc=468 chg=
07-05 23:22:58.207 W/healthd ( 1398): time_last:361, soc_current_time=45472, soc_pre_time=45111,charging_status:0,soc_temp:32
07-05 23:23:01.892 E/NtChgAidl( 1440): NtChgAidl: mBattTempRegion _aidl_return:0
07-05 23:22:58.212 W/HealthLoop( 1398): debug.nt.screen_brightness:3.852427
07-05 23:23:00.320 E/simulated_ntc( 4482): proc_shell_write write invalid para
07-05 23:23:05.333 E/simulated_ntc( 4482): proc_shell_write write invalid para
07-05 23:23:10.986 W/ActivityManager( 2570): Unbind failed: could not find connection for android.os.BinderProxy@bc342f4
07-05 23:23:10.987 W/ActivityManager( 2570): Unable to start service Intent { act=android.telephony.satellite.SatelliteService xflg=0x4 pkg=vendor.qti.data.ntnsatapp } U=0: not found
07-05 23:23:10.988 E/SatelliteModemInterface( 3621): Error binding to the satellite service. Retrying in 48470 ms.
07-05 23:23:10.342 E/simulated_ntc( 4482): proc_shell_write write invalid para
07-05 23:23:14.998 W/Finsky  (17550): [2] STU: Failed to get storage stats for package 'com.google.android.uwb' (1601: Error getting stats: android.content.pm.PackageManager.NameNotFoundException)
07-05 23:23:14.998 W/Finsky  (17550): [2] STU: Failed to get storage stats for package 'com.android.wifi' (1601: Error getting stats: android.content.pm.PackageManager.NameNotFoundException)
07-05 23:23:15.000 W/Finsky  (17550): [2] STU: Failed to get storage stats for package 'com.android.nfcservices' (1601: Error getting stats: android.content.pm.PackageManager.NameNotFoundException)
07-05 23:23:15.011 W/Finsky  (17550): [2] STU: Failed to get storage stats for package 'com.google.android.devicelock' (1601: Error getting stats: android.content.pm.PackageManager.NameNotFoundException)
07-05 23:23:15.022 W/Finsky  (17550): [2] STU: Failed to get storage stats for package 'com.android.apex.cts.shim' (1601: Error getting stats: android.content.pm.PackageManager.NameNotFoundException)
07-05 23:23:15.030 W/Finsky  (17550): [2] STU: Failed to get storage stats for package 'com.google.android.appsearch' (1601: Error getting stats: android.content.pm.PackageManager.NameNotFoundException)
07-05 23:23:15.031 W/Finsky  (17550): [2] STU: Failed to get storage stats for package 'com.google.android.art' (1601: Error getting stats: android.content.pm.PackageManager.NameNotFoundException)
07-05 23:23:15.033 W/Finsky  (17550): [2] STU: Failed to get storage stats for package 'com.android.bt' (1601: Error getting stats: android.content.pm.PackageManager.NameNotFoundException)
07-05 23:23:15.040 W/Finsky  (17550): [2] STU: Failed to get storage stats for package 'com.google.android.mediaprovider' (1601: Error getting stats: android.content.pm.PackageManager.NameNotFoundException)
07-05 23:23:15.048 W/Finsky  (17550): [2] STU: Failed to get storage stats for package 'com.android.virt' (1601: Error getting stats: android.content.pm.PackageManager.NameNotFoundException)
07-05 23:23:15.050 W/Finsky  (17550): [2] STU: Failed to get storage stats for package 'com.google.android.resolv' (1601: Error getting stats: android.content.pm.PackageManager.NameNotFoundException)
07-05 23:23:15.055 W/Finsky  (17550): [2] STU: Failed to get storage stats for package 'com.google.android.configinfrastructure' (1601: Error getting stats: android.content.pm.PackageManager.NameNotFoundException)
07-05 23:23:15.055 W/Finsky  (17550): [2] STU: Failed to get storage stats for package 'com.google.android.media' (1601: Error getting stats: android.content.pm.PackageManager.NameNotFoundException)
07-05 23:23:15.063 W/Finsky  (17550): [2] STU: Failed to get storage stats for package 'com.android.vndk.v30' (1601: Error getting stats: android.content.pm.PackageManager.NameNotFoundException)
07-05 23:23:15.063 W/Finsky  (17550): [2] STU: Failed to get storage stats for package 'com.android.vndk.v32' (1601: Error getting stats: android.content.pm.PackageManager.NameNotFoundException)
07-05 23:23:15.067 W/Finsky  (17550): [2] STU: Failed to get storage stats for package 'com.android.crashrecovery' (1601: Error getting stats: android.content.pm.PackageManager.NameNotFoundException)
07-05 23:23:15.072 W/Finsky  (17550): [2] STU: Failed to get storage stats for package 'com.google.android.sdkext' (1601: Error getting stats: android.content.pm.PackageManager.NameNotFoundException)
07-05 23:23:15.075 W/Finsky  (17550): [2] STU: Failed to get storage stats for package 'com.google.android.adservices' (1601: Error getting stats: android.content.pm.PackageManager.NameNotFoundException)
07-05 23:23:15.075 W/Finsky  (17550): [2] STU: Failed to get storage stats for package 'com.google.android.tethering' (1601: Error getting stats: android.content.pm.PackageManager.NameNotFoundException)
07-05 23:23:15.083 W/Finsky  (17550): [2] STU: Failed to get storage stats for package 'com.android.runtime' (1601: Error getting stats: android.content.pm.PackageManager.NameNotFoundException)
07-05 23:23:15.088 W/Finsky  (17550): [2] STU: Failed to get storage stats for package 'com.google.android.cellbroadcast' (1601: Error getting stats: android.content.pm.PackageManager.NameNotFoundException)
07-05 23:23:15.092 W/Finsky  (17550): [2] STU: Failed to get storage stats for package 'com.google.android.rkpd' (1601: Error getting stats: android.content.pm.PackageManager.NameNotFoundException)
07-05 23:23:15.111 W/Finsky  (17550): [2] STU: Failed to get storage stats for package 'com.google.android.tzdata6' (1601: Error getting stats: android.content.pm.PackageManager.NameNotFoundException)
07-05 23:23:15.115 W/Finsky  (17550): [2] STU: Failed to get storage stats for package 'com.google.android.permission' (1601: Error getting stats: android.content.pm.PackageManager.NameNotFoundException)
07-05 23:23:15.159 W/Finsky  (17550): [2] STU: Failed to get storage stats for package 'com.google.android.media.swcodec' (1601: Error getting stats: android.content.pm.PackageManager.NameNotFoundException)
07-05 23:23:15.160 W/Finsky  (17550): [2] STU: Failed to get storage stats for package 'com.android.uprobestats' (1601: Error getting stats: android.content.pm.PackageManager.NameNotFoundException)
07-05 23:23:15.161 W/Finsky  (17550): [2] STU: Failed to get storage stats for package 'com.android.profiling' (1601: Error getting stats: android.content.pm.PackageManager.NameNotFoundException)
07-05 23:23:15.176 W/Finsky  (17550): [2] STU: Failed to get storage stats for package 'com.google.android.adbd' (1601: Error getting stats: android.content.pm.PackageManager.NameNotFoundException)
07-05 23:23:15.179 W/Finsky  (17550): [2] STU: Failed to get storage stats for package 'com.android.i18n' (1601: Error getting stats: android.content.pm.PackageManager.NameNotFoundException)
07-05 23:23:15.181 W/Finsky  (17550): [2] STU: Failed to get storage stats for package 'com.google.android.conscrypt' (1601: Error getting stats: android.content.pm.PackageManager.NameNotFoundException)
07-05 23:23:15.186 W/Finsky  (17550): [2] STU: Failed to get storage stats for package 'com.google.android.neuralnetworks' (1601: Error getting stats: android.content.pm.PackageManager.NameNotFoundException)
07-05 23:23:15.189 W/Finsky  (17550): [2] STU: Failed to get storage stats for package 'com.google.android.ipsec' (1601: Error getting stats: android.content.pm.PackageManager.NameNotFoundException)
07-05 23:23:15.190 W/Finsky  (17550): [2] STU: Failed to get storage stats for package 'com.google.android.ondevicepersonalization' (1601: Error getting stats: android.content.pm.PackageManager.NameNotFoundException)
07-05 23:23:15.192 W/Finsky  (17550): [2] STU: Failed to get storage stats for package 'com.google.android.healthfitness' (1601: Error getting stats: android.content.pm.PackageManager.NameNotFoundException)
07-05 23:23:15.198 W/Finsky  (17550): [2] STU: Failed to get storage stats for package 'com.google.android.extservices' (1601: Error getting stats: android.content.pm.PackageManager.NameNotFoundException)
07-05 23:23:15.204 W/Finsky  (17550): [2] STU: Failed to get storage stats for package 'com.google.android.os.statsd' (1601: Error getting stats: android.content.pm.PackageManager.NameNotFoundException)
07-05 23:23:15.208 W/Finsky  (17550): [2] STU: Failed to get storage stats for package 'com.google.android.scheduling' (1601: Error getting stats: android.content.pm.PackageManager.NameNotFoundException)
07-05 23:23:11.667 W/        ( 3026): process 2730 (PowerManagerSer) no longer affine to cpu7
07-05 23:23:15.354 E/simulated_ntc( 4482): proc_shell_write write invalid para
07-05 23:23:18.196 W/healthd ( 1398): time_last:381, soc_current_time=45492, soc_pre_time=45111,charging_status:0,soc_temp:32
07-05 23:23:18.196 W/healthd ( 1398): battery l=32 v=3787 t=27.0 h=2 st=3 c=-181000 fc=4117000 cc=468 chg=
07-05 23:23:21.897 E/NtChgAidl( 1440): NtChgAidl: mBattTempRegion _aidl_return:0
07-05 23:23:18.212 W/healthd ( 1398): time_last:381, soc_current_time=45492, soc_pre_time=45111,charging_status:0,soc_temp:32
07-05 23:23:18.218 W/HealthLoop( 1398): debug.nt.screen_brightness:3.852427
07-05 23:23:20.366 E/simulated_ntc( 4482): proc_shell_write write invalid para
07-05 23:23:24.954 W/Bugle   (19293): TextClassifierLibManagerImpl: Reclaiming memory at level: 40
07-05 23:23:25.376 E/simulated_ntc( 4482): proc_shell_write write invalid para
07-05 23:23:30.394 E/simulated_ntc( 4482): proc_shell_write write invalid para
07-05 23:23:35.406 E/simulated_ntc( 4482): proc_shell_write write invalid para
07-05 23:23:38.184 W/healthd ( 1398): time_last:401, soc_current_time=45512, soc_pre_time=45111,charging_status:0,soc_temp:32
07-05 23:23:38.184 W/healthd ( 1398): battery l=32 v=3788 t=27.0 h=2 st=3 c=-189000 fc=4117000 cc=468 chg=
07-05 23:23:41.889 E/NtChgAidl( 1440): NtChgAidl: mBattTempRegion _aidl_return:0
07-05 23:23:38.204 W/healthd ( 1398): time_last:401, soc_current_time=45512, soc_pre_time=45111,charging_status:0,soc_temp:32
07-05 23:23:38.215 W/HealthLoop( 1398): debug.nt.screen_brightness:3.852427
07-05 23:23:40.418 E/simulated_ntc( 4482): proc_shell_write write invalid para
07-05 23:23:45.348 W/R:Battery(10700): Didn't get new data for BATTERY_CHANGED, retrying later
07-05 23:23:45.443 E/simulated_ntc( 4482): proc_shell_write write invalid para
07-05 23:23:45.547 W/        ( 3026): process 2730 (PowerManagerSer) no longer affine to cpu7
07-05 23:23:47.226 E/BATTERY_CHG( 5608): handle_message: adsp_to_kernel_log:key_info:pump:97,pump_en:0,ovp:1,wpc:1,fcc:2500,fv:4500,icl:0,ibus_ma:0,usb_sus:0,wls_sus:0,BattInit:1,chg_type:0,soc:32,soc_time:1986,soc_pre:32,real_cap:1327000,htemp_charge:4100,plug_in:0,plugGpio:1,usbTemp:0,battTemp:0,nt_cc_enable:0,2646:00,2654:32,2606:07,2708:00,2952:00,2658:5a,2707:00,2b09:01,f243:6e,f245:00,f246:00,8a44:00,8b44:00,
07-05 23:23:50.457 E/simulated_ntc( 4482): proc_shell_write write invalid para
07-05 23:23:55.470 E/simulated_ntc( 4482): proc_shell_write write invalid para
07-05 23:23:59.489 W/ActivityManager( 2570): Unbind failed: could not find connection for android.os.BinderProxy@575f390
07-05 23:23:59.494 W/ActivityManager( 2570): Unable to start service Intent { act=android.telephony.satellite.SatelliteService xflg=0x4 pkg=vendor.qti.data.ntnsatapp } U=0: not found
07-05 23:23:59.495 E/SatelliteModemInterface( 3621): Error binding to the satellite service. Retrying in 44185 ms.
07-05 23:23:58.186 W/healthd ( 1398): time_last:421, soc_current_time=45532, soc_pre_time=45111,charging_status:0,soc_temp:32
07-05 23:23:58.186 W/healthd ( 1398): battery l=32 v=3788 t=27.0 h=2 st=3 c=-185000 fc=4117000 cc=468 chg=
07-05 23:23:58.203 W/healthd ( 1398): time_last:421, soc_current_time=45532, soc_pre_time=45111,charging_status:0,soc_temp:32
07-05 23:24:01.888 E/NtChgAidl( 1440): NtChgAidl: mBattTempRegion _aidl_return:0
07-05 23:23:58.209 W/HealthLoop( 1398): debug.nt.screen_brightness:3.852427
07-05 23:24:00.484 E/simulated_ntc( 4482): proc_shell_write write invalid para
07-05 23:24:08.600 W/dumpsys (14053): Thread Pool max thread count is 0. Cannot cache binder as linkToDeath cannot be implemented. serviceName: activity
07-05 23:24:05.496 E/simulated_ntc( 4482): proc_shell_write write invalid para
07-05 23:24:10.076 W/        ( 3026): process 2730 (PowerManagerSer) no longer affine to cpu7
07-05 23:24:10.507 E/simulated_ntc( 4482): proc_shell_write write invalid para
07-05 23:24:15.526 E/simulated_ntc( 4482): proc_shell_write write invalid para
07-05 23:24:18.188 W/healthd ( 1398): time_last:441, soc_current_time=45552, soc_pre_time=45111,charging_status:0,soc_temp:32
07-05 23:24:18.188 W/healthd ( 1398): battery l=32 v=3789 t=27.0 h=2 st=3 c=-170000 fc=4117000 cc=468 chg=
07-05 23:24:18.206 W/healthd ( 1398): time_last:441, soc_current_time=45552, soc_pre_time=45111,charging_status:0,soc_temp:32
07-05 23:24:18.211 W/HealthLoop( 1398): debug.nt.screen_brightness:3.852427
07-05 23:24:24.142 E/LocSvc_ApiV02( 1397): reportLocEvent:3882] Loc event report: 0 KlobucharIonoMode_valid:0: leapSec_valid:1: tauC_valid:1 featureStatusReport_valid: 0 featureStatusReport: 0
07-05 23:24:20.536 E/simulated_ntc( 4482): proc_shell_write write invalid para
07-05 23:24:28.866 W/ActivityTaskManager( 2570): Force removing ActivityRecord{150666304 u0 ch.karimattia.soli/.MainActivity t45974 f}}: app died, no saved state
07-05 23:24:28.883 W/ProcessStats( 2570): Tracking association SourceState{ac6a2c6 com.nothing.launcher/10177 BFgs #77463} whose proc state 4 is better than process ProcessState{c2731e9 com.nothing.cardservice/10209 pkg=com.nothing.cardservice} proc state 5 (63 skipped)
07-05 23:24:28.893 W/ActivityManager( 2570): Invalid packageName: ch.karimattia.soli
07-05 23:24:28.921 W/ActivityManager( 2570): setHasOverlayUi called on unknown pid: 13877
07-05 23:24:28.959 W/dumpsys (14213): Thread Pool max thread count is 0. Cannot cache binder as linkToDeath cannot be implemented. serviceName: window
07-05 23:24:29.043 W/ActivityManager( 2570): pid 2570 system sent binder code 7 with flags 1 to frozen apps and got error -32
07-05 23:24:29.043 W/WindowManager( 2570): Exception thrown during dispatchAppVisibility Window{b3aa15c u0 ch.karimattia.soli/ch.karimattia.soli.MainActivity EXITING}
07-05 23:24:29.043 W/WindowManager( 2570): android.os.DeadObjectException
07-05 23:24:29.043 W/WindowManager( 2570): 	at android.os.BinderProxy.transactNative(Native Method)
07-05 23:24:29.043 W/WindowManager( 2570): 	at android.os.BinderProxy.transact(BinderProxy.java:599)
07-05 23:24:29.043 W/WindowManager( 2570): 	at android.view.IWindow$Stub$Proxy.dispatchAppVisibility(IWindow.java:571)
07-05 23:24:29.043 W/WindowManager( 2570): 	at com.android.server.wm.WindowState.sendAppVisibilityToClients(WindowState.java:3209)
07-05 23:24:29.043 W/WindowManager( 2570): 	at com.android.server.wm.WindowContainer.sendAppVisibilityToClients(WindowContainer.java:1329)
