07-05 23:24:29.043 W/WindowManager( 2570): 	at com.android.server.wm.WindowToken.setClientVisible(WindowToken.java:395)
07-05 23:24:29.043 W/WindowManager( 2570): 	at com.android.server.wm.ActivityRecord.setClientVisible(ActivityRecord.java:7170)
07-05 23:24:29.043 W/WindowManager( 2570): 	at com.android.server.wm.ActivityRecord.commitVisibility(ActivityRecord.java:5825)
07-05 23:24:29.043 W/WindowManager( 2570): 	at com.android.server.wm.Transition.finishTransition(Transition.java:1573)
07-05 23:24:29.043 W/WindowManager( 2570): 	at com.android.server.wm.TransitionController.finishTransition(TransitionController.java:1107)
07-05 23:24:29.043 W/WindowManager( 2570): 	at com.android.server.wm.WindowOrganizerController.finishTransition(WindowOrganizerController.java:498)
07-05 23:24:29.043 W/WindowManager( 2570): 	at android.window.IWindowOrganizerController$Stub.onTransact(IWindowOrganizerController.java:276)
07-05 23:24:29.043 W/WindowManager( 2570): 	at com.android.server.wm.WindowOrganizerController.onTransact(WindowOrganizerController.java:225)
07-05 23:24:29.043 W/WindowManager( 2570): 	at android.os.Binder.execTransactInternal(Binder.java:1428)
07-05 23:24:29.043 W/WindowManager( 2570): 	at android.os.Binder.execTransact(Binder.java:1372)
07-05 23:24:29.043 W/Process ( 2570): Unable to open /proc/13877/status
07-05 23:24:29.067 E/BpTransactionCompletedListener( 1617): Failed to transact (-32)
07-05 23:24:29.076 W/dumpsys (14216): Thread Pool max thread count is 0. Cannot cache binder as linkToDeath cannot be implemented. serviceName: window
07-05 23:24:25.546 E/simulated_ntc( 4482): proc_shell_write write invalid para
07-05 23:24:25.589 W/        ( 3026): process 2730 (PowerManagerSer) no longer affine to cpu6
07-05 23:24:25.917 W/        ( 3026): process 2730 (PowerManagerSer) no longer affine to cpu7
07-05 23:24:29.692 W/ActivityTaskManager( 2570): callingPackage for (uid=2000, pid=14237) has no WPC
07-05 23:24:29.694 W/OptProp ( 2570): Cannot read opt property android.window.PROPERTY_COMPAT_ALLOW_RESIZEABLE_ACTIVITY_OVERRIDES
07-05 23:24:29.695 W/OptProp ( 2570): Cannot read opt property android.window.PROPERTY_COMPAT_ALLOW_MIN_ASPECT_RATIO_OVERRIDE
07-05 23:24:29.699 W/PopUpWinSceneDetector( 3280): Malformat: no colon symbol ':', so discard it.
07-05 23:24:29.699 W/PopUpWinSceneDetector( 3280): PopUpWinEvent format is wrong! Ignore it
07-05 23:24:29.699 W/OptProp ( 2570): Cannot read opt property android.window.PROPERTY_COMPAT_ALLOW_ORIENTATION_OVERRIDE
07-05 23:24:29.699 E/ANDR-PERF-LM( 1479): MetaMeter: handleAsync() 166: AdaptLaunch Invalid Async
07-05 23:24:29.703 W/ANDR-PERF-LM( 1479): MetaMeter: handlePrimaryAsync() 118: AdaptLaunch MetaMeter. No MeterMgr Available to handle this Primary Async. !!!!
07-05 23:24:29.704 W/ANDR-PERF-LM( 1479): MetaMeter: handlePrimaryAsync() 118: AdaptLaunch MetaMeter. No MeterMgr Available to handle this Primary Async. !!!!
07-05 23:24:29.705 W/ANDR-PERF-LM( 1479): MetaMeter: handlePrimaryAsync() 118: AdaptLaunch MetaMeter. No MeterMgr Available to handle this Primary Async. !!!!
07-05 23:24:29.706 W/ANDR-PERF-LM( 1479): MetaMeter: handlePrimaryAsync() 118: AdaptLaunch MetaMeter. No MeterMgr Available to handle this Primary Async. !!!!
07-05 23:24:29.708 W/DynamicDDSService( 3673): appName is running in background.com.teslacoilsw.launcher
07-05 23:24:29.725 W/ContextImpl( 2570): Calling a method in the system process without a qualified user: android.app.ContextImpl.sendBroadcast:1269 com.qualcomm.qti.Performance$SendGameLaunchBroadcast.run:292 java.lang.Thread.run:1572 <bottom of call stack> <bottom of call stack> 
07-05 23:24:29.725 E/ANDR-PERF-LM( 1479): MetaMeter: handleAsync() 166: AdaptLaunch Invalid Async
07-05 23:24:29.735 W/SQLiteLog(13897): (28) double-quoted string literal: "ch.karimattia.soli"
07-05 23:24:29.742 E/ANDR-PERF-LM( 1479): MetaMeter: handleAsync() 166: AdaptLaunch Invalid Async
07-05 23:24:29.777 W/SoLoader(14242): Initializing SoLoader: 0
07-05 23:24:29.777 W/SoLoader(14242): Recording new base apk path: /data/app/~~M3dkqxbMeTrQ7dbHrsZl5Q==/ch.karimattia.soli-u3p5R9z9O4AFydtDlJ8gkg==/base.apk
07-05 23:24:29.777 W/SoLoader(14242): Previously recorded 0 base apk paths.
07-05 23:24:29.779 W/SoLoader(14242): SoLoader initialized: 8
07-05 23:24:29.806 E/ashmem  (14242): Pinning is deprecated since Android Q. Please use trim or other methods.
07-05 23:24:29.818 W/unknown:BridgelessReact(14242): ReactHost{0}.startSurface(surfaceId = 0): Schedule
07-05 23:24:29.818 W/unknown:BridgelessReact(14242): ReactHost{0}.attachSurface(surfaceId = 0)
07-05 23:24:29.818 W/unknown:BridgelessReact(14242): ReactHost{0}.getOrCreateReactInstanceTask()
07-05 23:24:29.819 W/unknown:BridgelessReact(14242): ReactHost{0}.getOrCreateReactInstanceTask(): Start
07-05 23:24:29.819 W/unknown:BridgelessReact(14242): ReactHost{0}.getJSBundleLoader()
07-05 23:24:29.819 W/unknown:BridgelessReact(14242): ReactHost{0}.getOrCreateReactInstanceTask(): Creating BridgelessReactContext
07-05 23:24:29.819 W/unknown:BridgelessReact(14242): ReactHost{0}.getOrCreateReactInstanceTask(): Creating ReactInstance
07-05 23:24:29.819 W/WindowOnBackDispatcher(14242): OnBackInvokedCallback is not enabled for the application.
07-05 23:24:29.819 W/WindowOnBackDispatcher(14242): Set 'android:enableOnBackInvokedCallback="true"' in the application manifest.
07-05 23:24:29.822 W/unknown:BridgelessReact(14242): ReactHost{0}.onHostResume(activity)
07-05 23:24:29.822 W/unknown:BridgelessReact(14242): ReactHost{0}.ReactContext.onHostResume()
07-05 23:24:29.825 E/HWUI    (14242): attachRenderThreadToJvm
07-05 23:24:29.825 E/HWUI    (14242): AM IS NOT NULL!
07-05 23:24:29.825 E/HWUI    (14242): attachRenderThreadToJvm
07-05 23:24:29.825 E/HWUI    (14242): AM IS NOT NULL!
07-05 23:24:29.832 W/ExpoModulesCore(14242): Props class class expo.modules.ui.textfield.InnerTextFieldProps is not introspectable. Falling back to reflection-based props parsing, which may have performance implications. To fix this, annotate the props class with @OptimizedComposeProps.
07-05 23:24:29.864 W/ExpoModulesCore(14242): Props class class expo.modules.ui.textfield.PlaceholderProps is not introspectable. Falling back to reflection-based props parsing, which may have performance implications. To fix this, annotate the props class with @OptimizedComposeProps.
07-05 23:24:29.887 W/unknown:BridgelessReact(14242): ReactHost{0}.getOrCreateReactInstanceTask(): Loading JS Bundle
07-05 23:24:29.887 W/unknown:BridgelessReact(14242): ReactHost{0}.getOrCreateReactInstanceTask(): DevSupportManager.onNewReactContextCreated()
07-05 23:24:29.887 W/unknown:BridgelessReact(14242): ReactHost{0}.startSurface(surfaceId = 0): Execute
07-05 23:24:29.889 W/unknown:BridgelessReact(14242): ReactHost{0}.ReactContext.onHostResume()
07-05 23:24:29.889 W/unknown:BridgelessReact(14242): ReactHost{0}.getOrCreateReactInstanceTask(): Executing ReactInstanceEventListeners
07-05 23:24:29.902 W/BridgelessReactContext(14242): [WARNING] Bridgeless doesn't support CatalystInstance. Accessing an API that's not part of the new architecture is not encouraged usage.
07-05 23:24:29.923 E/ANDR-PERF-LM( 1479): VmRssMeter:: start() 358: Could not find pid, can not collect vmrss data
07-05 23:24:29.923 E/ANDR-PERF-LM( 1479): VmRssMeter:: start() 358: Could not find pid, can not collect vmrss data
07-05 23:24:29.923 E/ANDR-PERF-LM( 1479): AdaptiveLaunch: writeToDataBase() 64: Meter aborted or could not get meter data for this run
07-05 23:24:29.927 W/unknown:ViewManagerPropertyUpdater(14242): Could not find generated setter for class expo.modules.kotlin.views.GroupViewManagerWrapper
07-05 23:24:29.928 W/unknown:ViewManagerPropertyUpdater(14242): Could not find generated setter for class com.facebook.react.uimanager.LayoutShadowNode
07-05 23:24:29.928 W/unknown:ViewManagerPropertyUpdater(14242): Could not find generated setter for class com.swmansion.rnscreens.ScreenContainerViewManager
07-05 23:24:29.929 W/unknown:ViewManagerPropertyUpdater(14242): Could not find generated setter for class com.swmansion.reanimated.view.REASharedTransitionBoundaryManager
07-05 23:24:29.929 W/unknown:ViewManagerPropertyUpdater(14242): Could not find generated setter for class expo.modules.kotlin.views.SimpleViewManagerWrapper
07-05 23:24:29.929 W/unknown:ViewManagerPropertyUpdater(14242): Could not find generated setter for class com.swmansion.rnscreens.gamma.tabs.host.TabsHostViewManager
07-05 23:24:29.930 W/unknown:ViewManagerPropertyUpdater(14242): Could not find generated setter for class com.swmansion.rnscreens.ScreenStackHeaderConfigViewManager
07-05 23:24:29.930 W/unknown:ViewManagerPropertyUpdater(14242): Could not find generated setter for class com.swmansion.rnscreens.ScreenStackHeaderSubviewManager
07-05 23:24:29.931 W/unknown:ViewManagerPropertyUpdater(14242): Could not find generated setter for class com.teleport.host.PortalHostViewManager
07-05 23:24:29.932 W/unknown:ViewManagerPropertyUpdater(14242): Could not find generated setter for class com.swmansion.rnscreens.gamma.scrollviewmarker.ScrollViewMarkerViewManager
07-05 23:24:29.932 W/unknown:ViewManagerPropertyUpdater(14242): Could not find generated setter for class com.swmansion.rnscreens.ScreenContentWrapperManager
07-05 23:24:29.932 W/unknown:ViewManagerPropertyUpdater(14242): Could not find generated setter for class com.swmansion.rnscreens.gamma.stack.screen.StackScreenViewManager
07-05 23:24:29.933 W/unknown:ViewManagerPropertyUpdater(14242): Could not find generated setter for class com.teleport.portal.PortalViewManager
07-05 23:24:29.933 W/unknown:ViewManagerPropertyUpdater(14242): Could not find generated setter for class com.th3rdwave.safeareacontext.SafeAreaViewManager
07-05 23:24:29.933 W/unknown:ViewManagerPropertyUpdater(14242): Could not find generated setter for class com.th3rdwave.safeareacontext.SafeAreaViewShadowNode
07-05 23:24:29.933 W/unknown:ViewManagerPropertyUpdater(14242): Could not find generated setter for class com.swmansion.rnscreens.ScreenViewManager
07-05 23:24:29.933 W/unknown:ViewManagerPropertyUpdater(14242): Could not find generated setter for class com.swmansion.rnscreens.gamma.stack.header.config.StackHeaderConfigViewManager
07-05 23:24:29.934 W/unknown:ViewManagerPropertyUpdater(14242): Could not find generated setter for class com.th3rdwave.safeareacontext.SafeAreaProviderManager
07-05 23:24:29.934 W/unknown:ViewManagerPropertyUpdater(14242): Could not find generated setter for class com.swmansion.rnscreens.SearchBarManager
07-05 23:24:29.934 W/unknown:ViewManagerPropertyUpdater(14242): Could not find generated setter for class com.swmansion.rnscreens.gamma.stack.host.StackHostViewManager
07-05 23:24:29.934 W/unknown:ViewManagerPropertyUpdater(14242): Could not find generated setter for class com.swmansion.rnscreens.ScreenFooterManager
07-05 23:24:29.935 W/unknown:ViewManagerPropertyUpdater(14242): Could not find generated setter for class com.swmansion.rnscreens.ModalScreenViewManager
07-05 23:24:29.935 W/unknown:ViewManagerPropertyUpdater(14242): Could not find generated setter for class com.swmansion.rnscreens.safearea.SafeAreaViewManager
07-05 23:24:29.935 W/unknown:ViewManagerPropertyUpdater(14242): Could not find generated setter for class com.swmansion.rnscreens.ScreenStackViewManager
07-05 23:24:29.935 W/unknown:ViewManagerPropertyUpdater(14242): Could not find generated setter for class com.swmansion.rnscreens.gamma.stack.header.subview.StackHeaderSubviewViewManager
07-05 23:24:29.935 W/unknown:ViewManagerPropertyUpdater(14242): Could not find generated setter for class org.reactnative.maskedview.RNCMaskedViewManager
07-05 23:24:29.936 W/unknown:ViewManagerPropertyUpdater(14242): Could not find generated setter for class com.swmansion.rnscreens.gamma.tabs.screen.TabsScreenViewManager
07-05 23:24:29.977 W/unknown:ViewManagerPropertyUpdater(14242): Could not find generated setter for class com.horcrux.svg.RenderableViewManager$DefsViewManager
07-05 23:24:29.977 W/unknown:ViewManagerPropertyUpdater(14242): Could not find generated setter for class com.horcrux.svg.VirtualViewManager$RenderableShadowNode
07-05 23:24:29.978 W/unknown:ViewManagerPropertyUpdater(14242): Could not find generated setter for class com.horcrux.svg.RenderableViewManager$FeMergeManager
07-05 23:24:29.978 W/unknown:ViewManagerPropertyUpdater(14242): Could not find generated setter for class com.facebook.react.views.safeareaview.ReactSafeAreaViewManager
07-05 23:24:29.979 W/unknown:ViewManagerPropertyUpdater(14242): Could not find generated setter for class com.horcrux.svg.RenderableViewManager$LinearGradientManager
07-05 23:24:29.979 W/unknown:ViewManagerPropertyUpdater(14242): Could not find generated setter for class com.horcrux.svg.RenderableViewManager$FeGaussianBlurManager
07-05 23:24:29.980 W/unknown:ViewManagerPropertyUpdater(14242): Could not find generated setter for class com.facebook.react.views.progressbar.ReactProgressBarViewManager
07-05 23:24:29.980 W/unknown:ViewManagerPropertyUpdater(14242): Could not find generated setter for class com.facebook.react.views.scroll.ReactHorizontalScrollViewManager
07-05 23:24:29.981 W/unknown:ViewManagerPropertyUpdater(14242): Could not find generated setter for class com.facebook.react.views.text.ReactTextViewManager
07-05 23:24:29.982 W/unknown:ViewManagerPropertyUpdater(14242): Could not find generated setter for class com.horcrux.svg.RenderableViewManager$FeColorMatrixManager
07-05 23:24:29.982 W/unknown:ViewManagerPropertyUpdater(14242): Could not find generated setter for class com.facebook.react.views.scroll.ReactHorizontalScrollContainerViewManager
07-05 23:24:29.983 W/unknown:ViewManagerPropertyUpdater(14242): Could not find generated setter for class com.horcrux.svg.RenderableViewManager$ClipPathViewManager
07-05 23:24:29.983 W/unknown:ViewManagerPropertyUpdater(14242): Could not find generated setter for class com.horcrux.svg.RenderableViewManager$SymbolManager
07-05 23:24:29.984 W/unknown:ViewManagerPropertyUpdater(14242): Could not find generated setter for class com.horcrux.svg.RenderableViewManager$PatternManager
07-05 23:24:29.984 W/unknown:ViewManagerPropertyUpdater(14242): Could not find generated setter for class com.horcrux.svg.RenderableViewManager$FeBlendManager
07-05 23:24:29.985 W/unknown:ViewManagerPropertyUpdater(14242): Could not find generated setter for class com.facebook.react.views.view.ReactViewManager
07-05 23:24:29.985 W/unknown:ViewManagerPropertyUpdater(14242): Could not find generated setter for class com.horcrux.svg.SvgViewManager
07-05 23:24:29.986 W/unknown:ViewManagerPropertyUpdater(14242): Could not find generated setter for class com.facebook.react.views.switchview.ReactSwitchManager
07-05 23:24:29.987 W/unknown:ViewManagerPropertyUpdater(14242): Could not find generated setter for class com.horcrux.svg.RenderableViewManager$UseViewManager
07-05 23:24:29.987 W/unknown:ViewManagerPropertyUpdater(14242): Could not find generated setter for class com.horcrux.svg.RenderableViewManager$CircleViewManager
07-05 23:24:29.988 W/unknown:ViewManagerPropertyUpdater(14242): Could not find generated setter for class com.horcrux.svg.RenderableViewManager$TSpanViewManager
07-05 23:24:29.988 W/unknown:ViewManagerPropertyUpdater(14242): Could not find generated setter for class com.horcrux.svg.RenderableViewManager$FilterManager
07-05 23:24:29.989 W/unknown:ViewManagerPropertyUpdater(14242): Could not find generated setter for class com.horcrux.svg.RenderableViewManager$MarkerManager
07-05 23:24:29.990 W/unknown:ViewManagerPropertyUpdater(14242): Could not find generated setter for class com.swmansion.gesturehandler.react.RNGestureHandlerButtonViewManager
07-05 23:24:29.990 W/unknown:ViewManagerPropertyUpdater(14242): Could not find generated setter for class com.facebook.react.views.modal.ReactModalHostManager
07-05 23:24:29.991 W/unknown:ViewManagerPropertyUpdater(14242): Could not find generated setter for class com.horcrux.svg.RenderableViewManager$ForeignObjectManager
07-05 23:24:29.991 W/unknown:ViewManagerPropertyUpdater(14242): Could not find generated setter for class com.horcrux.svg.RenderableViewManager$EllipseViewManager
07-05 23:24:29.992 W/unknown:ViewManagerPropertyUpdater(14242): Could not find generated setter for class com.horcrux.svg.RenderableViewManager$LineViewManager
07-05 23:24:29.992 W/unknown:ViewManagerPropertyUpdater(14242): Could not find generated setter for class com.horcrux.svg.RenderableViewManager$FeFloodManager
07-05 23:24:29.993 W/unknown:ViewManagerPropertyUpdater(14242): Could not find generated setter for class com.horcrux.svg.RenderableViewManager$GroupViewManager
07-05 23:24:29.993 W/unknown:ViewManagerPropertyUpdater(14242): Could not find generated setter for class com.horcrux.svg.RenderableViewManager$TextViewManager
07-05 23:24:29.994 W/unknown:ViewManagerPropertyUpdater(14242): Could not find generated setter for class com.horcrux.svg.RenderableViewManager$ImageViewManager
07-05 23:24:29.995 W/unknown:ViewManagerPropertyUpdater(14242): Could not find generated setter for class com.horcrux.svg.RenderableViewManager$FeCompositeManager
07-05 23:24:29.995 W/unknown:ViewManagerPropertyUpdater(14242): Could not find generated setter for class com.facebook.react.views.image.ReactImageManager
07-05 23:24:29.996 W/unknown:ViewManagerPropertyUpdater(14242): Could not find generated setter for class com.horcrux.svg.RenderableViewManager$RadialGradientManager
07-05 23:24:29.996 W/unknown:ViewManagerPropertyUpdater(14242): Could not find generated setter for class com.horcrux.svg.RenderableViewManager$MaskManager
07-05 23:24:29.997 W/unknown:ViewManagerPropertyUpdater(14242): Could not find generated setter for class com.facebook.react.views.unimplementedview.ReactUnimplementedViewManager
07-05 23:24:29.998 W/unknown:ViewManagerPropertyUpdater(14242): Could not find generated setter for class com.horcrux.svg.RenderableViewManager$RectViewManager
07-05 23:24:29.998 W/unknown:ViewManagerPropertyUpdater(14242): Could not find generated setter for class com.horcrux.svg.RenderableViewManager$TextPathViewManager
07-05 23:24:29.999 W/unknown:ViewManagerPropertyUpdater(14242): Could not find generated setter for class com.facebook.react.views.scroll.ReactScrollViewManager
07-05 23:24:30.000 W/unknown:ViewManagerPropertyUpdater(14242): Could not find generated setter for class com.horcrux.svg.RenderableViewManager$FeOffsetManager
07-05 23:24:30.000 W/unknown:ViewManagerPropertyUpdater(14242): Could not find generated setter for class com.horcrux.svg.RenderableViewManager$PathViewManager
07-05 23:24:30.001 W/unknown:ViewManagerPropertyUpdater(14242): Could not find generated setter for class com.facebook.react.views.drawer.ReactDrawerLayoutManager
07-05 23:24:30.001 W/unknown:ViewManagerPropertyUpdater(14242): Could not find generated setter for class com.facebook.react.views.swiperefresh.SwipeRefreshLayoutManager
07-05 23:24:30.002 W/unknown:ViewManagerPropertyUpdater(14242): Could not find generated setter for class com.facebook.react.views.textinput.ReactTextInputManager
07-05 23:24:30.003 W/unknown:ViewManagerPropertyUpdater(14242): Could not find generated setter for class com.facebook.react.views.text.SelectableTextViewManager
07-05 23:24:30.003 W/unknown:ViewManagerPropertyUpdater(14242): Could not find generated setter for class com.swmansion.gesturehandler.react.RNGestureHandlerRootViewManager
07-05 23:24:30.003 W/unknown:ViewManagerPropertyUpdater(14242): Could not find generated setter for class com.facebook.react.views.virtual.view.ReactVirtualViewManager
07-05 23:24:30.107 W/InteractionJankMonitor(14242): Initializing without READ_DEVICE_CONFIG permission. enabled=false, interval=1, missedFrameThreshold=3, frameTimeThreshold=64, package=ch.karimattia.soli
07-05 23:24:30.308 W/ActivityTaskManager( 2570): Request to remove task ignored for non-existent task 45948
07-05 23:24:30.326 W/unknown:ReactNative(14242): StatusBarModule: Ignored status bar change, current activity is edge-to-edge.
07-05 23:24:30.326 W/unknown:ReactNative(14242): StatusBarModule: Ignored status bar change, current activity is edge-to-edge.
07-05 23:24:30.397 W/dumpsys (14284): Thread Pool max thread count is 0. Cannot cache binder as linkToDeath cannot be implemented. serviceName: gfxinfo
07-05 23:24:30.432 W/Looper  ( 5894): Slow delivery took 238319ms when=+3m58s320ms android.bg app=android.process.media main=false group=BACKGROUND h=android.database.sqlite.SQLiteConnectionPool$IdleConnectionHandler c=null m=1
07-05 23:24:30.439 W/Looper  (13615): Slow delivery took 238384ms when=+3m58s385ms android.bg app=android.process.media main=false group=BACKGROUND h=android.database.sqlite.SQLiteConnectionPool$IdleConnectionHandler c=null m=0
07-05 23:24:30.442 W/VectorIconLoader(14242): Unknown color format: @17170443, using black
07-05 23:24:30.492 W/WindowOnBackDispatcher( 3309): sendCancelIfRunning: isInProgress=false callback=android.view.ViewRootImpl$$ExternalSyntheticLambda13@b8aec80
07-05 23:24:30.524 W/Bugle   (19293): TextClassifierLibManagerImpl: Reclaiming memory at level: 40
07-05 23:24:30.524 W/IncomingMessageObserver(26902): Application level read timeout...
07-05 23:24:30.525 W/.google.ar.core(  402): Suspending all threads took: 39.446ms
07-05 23:24:30.534 W/libc    (29656): Access denied finding property "vendor.camera.aux.packagelist"
07-05 23:24:30.542 W/libc    (29656): Access denied finding property "vendor.camera.aux.packagelist"
07-05 23:24:30.556 W/Looper  ( 5951): Slow delivery took 255578ms when=+4m15s715ms android.bg app=android.process.acore main=false group=BACKGROUND h=android.database.sqlite.SQLiteConnectionPool$IdleConnectionHandler c=null m=23
07-05 23:24:30.570 W/Looper  (12641): Slow delivery took 310034ms when=+5m10s170ms android.bg app=com.google.android.gms.learning main=false group=BACKGROUND h=android.database.sqlite.SQLiteConnectionPool$IdleConnectionHandler c=null m=0
07-05 23:24:30.632 W/IncomingMessageObserver(26902): Disconnecting auth websocket
07-05 23:24:30.675 W/chromium(18358): [0705/232430.675777:WARNING:net/dns/dns_config_service_android.cc:69] Failed to read DnsConfig.
07-05 23:24:30.706 W/System  ( 3309): A resource failed to call release. 
07-05 23:24:30.706 W/System  ( 3309): A resource failed to call release. 
07-05 23:24:30.708 W/System  ( 3309): A resource failed to call release. 
07-05 23:24:30.708 W/System  ( 3309): A resource failed to call release. 
07-05 23:24:30.708 W/System  ( 3309): A resource failed to call release. 
07-05 23:24:30.709 W/System  ( 3309): A resource failed to call release. 
07-05 23:24:30.709 W/System  ( 3309): A resource failed to call release. 
07-05 23:24:30.709 W/System  ( 3309): A resource failed to call release. 
07-05 23:24:30.709 W/System  ( 3309): A resource failed to call release. 
07-05 23:24:30.709 W/System  ( 3309): A resource failed to call release. 
07-05 23:24:30.709 W/System  ( 3309): A resource failed to call release. 
07-05 23:24:30.709 W/System  ( 3309): A resource failed to call release. 
07-05 23:24:30.709 W/System  ( 3309): A resource failed to call release. 
07-05 23:24:30.709 W/System  ( 3309): A resource failed to call release. 
07-05 23:24:30.709 W/System  ( 3309): A resource failed to call release. 
07-05 23:24:30.709 W/libsignal(26902): rust/net/infra/src/http_client.rs:413: [authenticated 1 V4] HTTP2 connection [V4] failed: connection error
07-05 23:24:30.763 W/libc    (19365): Access denied finding property "vendor.camera.aux.packagelist"
07-05 23:24:30.770 W/libc    (19365): Access denied finding property "vendor.camera.aux.packagelist"
07-05 23:24:30.791 W/libc    (16640): Access denied finding property "vendor.camera.aux.packagelist"
07-05 23:24:30.792 W/libc    (16640): Access denied finding property "vendor.camera.aux.packagelist"
07-05 23:24:30.792 W/libc    (16640): Access denied finding property "vendor.camera.aux.packagelist"
07-05 23:24:30.793 W/libc    (16640): Access denied finding property "vendor.camera.aux.packagelist"
07-05 23:24:30.793 W/libc    (16640): Access denied finding property "vendor.camera.aux.packagelist"
07-05 23:24:30.793 W/libc    (16640): Access denied finding property "vendor.camera.aux.packagelist"
07-05 23:24:30.793 W/libc    (16640): Access denied finding property "vendor.camera.aux.packagelist"
07-05 23:24:30.793 W/libc    (16640): Access denied finding property "vendor.camera.aux.packagelist"
07-05 23:24:30.794 W/libc    (16640): Access denied finding property "vendor.camera.aux.packagelist"
07-05 23:24:30.794 W/libc    (16640): Access denied finding property "vendor.camera.aux.packagelist"
07-05 23:24:30.794 W/libc    (16640): Access denied finding property "vendor.camera.aux.packagelist"
07-05 23:24:30.794 W/libc    (16640): Access denied finding property "vendor.camera.aux.packagelist"
07-05 23:24:30.795 W/libc    (16640): Access denied finding property "vendor.camera.aux.packagelist"
07-05 23:24:30.795 W/libc    (16640): Access denied finding property "vendor.camera.aux.packagelist"
07-05 23:24:30.796 W/libc    (16640): Access denied finding property "vendor.camera.aux.packagelist"
07-05 23:24:30.796 W/libc    (16640): Access denied finding property "vendor.camera.aux.packagelist"
07-05 23:24:30.796 W/libc    (16640): Access denied finding property "vendor.camera.aux.packagelist"
07-05 23:24:30.796 W/libc    (16640): Access denied finding property "vendor.camera.aux.packagelist"
07-05 23:24:30.797 W/libc    (16640): Access denied finding property "vendor.camera.aux.packagelist"
07-05 23:24:30.797 W/libc    (16640): Access denied finding property "vendor.camera.aux.packagelist"
07-05 23:24:30.797 W/libc    (16640): Access denied finding property "vendor.camera.aux.packagelist"
07-05 23:24:30.797 W/libc    (16640): Access denied finding property "vendor.camera.aux.packagelist"
07-05 23:24:30.797 W/libc    (16640): Access denied finding property "vendor.camera.aux.packagelist"
07-05 23:24:30.798 W/libc    (16640): Access denied finding property "vendor.camera.aux.packagelist"
07-05 23:24:30.798 W/libc    (16640): Access denied finding property "vendor.camera.aux.packagelist"
07-05 23:24:30.798 W/libc    (16640): Access denied finding property "vendor.camera.aux.packagelist"
07-05 23:24:30.804 W/Bugle   (19293): TextClassifierLibManagerImpl: Reclaiming memory at level: 40
07-05 23:24:30.807 W/libc    (16640): Access denied finding property "vendor.camera.aux.packagelist"
07-05 23:24:30.811 W/libc    (16640): Access denied finding property "vendor.camera.aux.packagelist"
07-05 23:24:30.812 W/libc    (16640): Access denied finding property "vendor.camera.aux.packagelist"
07-05 23:24:30.812 W/libc    (16640): Access denied finding property "vendor.camera.aux.packagelist"
07-05 23:24:30.813 W/libc    (16640): Access denied finding property "vendor.camera.aux.packagelist"
07-05 23:24:30.815 W/libc    (19365): Access denied finding property "vendor.camera.aux.packagelist"
07-05 23:24:30.815 W/libc    (19365): Access denied finding property "vendor.camera.aux.packagelist"
07-05 23:24:30.827 W/libc    (19365): Access denied finding property "vendor.camera.aux.packagelist"
07-05 23:24:30.827 W/libc    (19365): Access denied finding property "vendor.camera.aux.packagelist"
07-05 23:24:30.836 W/libc    (16640): Access denied finding property "vendor.camera.aux.packagelist"
07-05 23:24:30.837 W/libc    (16640): Access denied finding property "vendor.camera.aux.packagelist"
07-05 23:24:30.837 W/libc    (16640): Access denied finding property "vendor.camera.aux.packagelist"
07-05 23:24:30.837 W/libc    (16640): Access denied finding property "vendor.camera.aux.packagelist"
07-05 23:24:30.837 W/libc    (16640): Access denied finding property "vendor.camera.aux.packagelist"
07-05 23:24:30.838 W/libc    (16640): Access denied finding property "vendor.camera.aux.packagelist"
07-05 23:24:30.838 W/libc    (16640): Access denied finding property "vendor.camera.aux.packagelist"
07-05 23:24:30.839 W/libc    (16640): Access denied finding property "vendor.camera.aux.packagelist"
07-05 23:24:30.839 W/libc    (16640): Access denied finding property "vendor.camera.aux.packagelist"
07-05 23:24:30.845 W/libc    (16640): Access denied finding property "vendor.camera.aux.packagelist"
07-05 23:24:30.846 W/libc    (16640): Access denied finding property "vendor.camera.aux.packagelist"
07-05 23:24:30.846 W/libc    (16640): Access denied finding property "vendor.camera.aux.packagelist"
07-05 23:24:30.847 W/libc    (16640): Access denied finding property "vendor.camera.aux.packagelist"
07-05 23:24:30.887 W/libc    (16640): Access denied finding property "vendor.camera.aux.packagelist"
07-05 23:24:30.887 W/libc    (16640): Access denied finding property "vendor.camera.aux.packagelist"
07-05 23:24:30.889 W/libc    (16640): Access denied finding property "vendor.camera.aux.packagelist"
07-05 23:24:30.889 W/libc    (16640): Access denied finding property "vendor.camera.aux.packagelist"
07-05 23:24:30.897 W/libc    (16640): Access denied finding property "vendor.camera.aux.packagelist"
07-05 23:24:30.898 W/libc    (16640): Access denied finding property "vendor.camera.aux.packagelist"
07-05 23:24:30.899 W/libc    (16640): Access denied finding property "vendor.camera.aux.packagelist"
07-05 23:24:30.899 W/libc    (16640): Access denied finding property "vendor.camera.aux.packagelist"
07-05 23:24:30.901 W/libc    (16640): Access denied finding property "vendor.camera.aux.packagelist"
07-05 23:24:30.902 W/libc    (16640): Access denied finding property "vendor.camera.aux.packagelist"
07-05 23:24:30.988 W/m.spotify.music(16640): Monitor::Inflate: Install failed 0x224e5d0
07-05 23:24:30.990 W/class com.facebook.appevents.gps.ara.GpsAraTriggersManager(29606): FAILURE_TRIGGER_REGISTRATION_FAILED
07-05 23:24:31.035 W/statsig::Http(19365): android.system.GaiException: android_getaddrinfo failed: EAI_NODATA (No address associated with hostname)
07-05 23:24:31.063 E/statsig::StatsigNetwork(19365): Error posting logs, saving for retry...
07-05 23:24:31.165 W/oid.contactkeys(12852): Reducing the number of considered missed Gc histogram windows from 1072 to 100
07-05 23:24:31.464 E/gatt_api( 3506): system/stack/gatt/gatt_api.cc:380 is_active_service: Active Service Found: 3e1d50cd-7e3e-427d-8e1c-b78aa87fe624
07-05 23:24:31.757 W/ActivityManager( 2570): Background start not allowed: service Intent { xflg=0x4 cmp=com.spotify.music/com.spotify.musicappplatform.state.foregroundkeeperservice.impl.ForegroundKeeperService (has extras) } to com.spotify.music/com.spotify.musicappplatform.state.foregroundkeeperservice.impl.ForegroundKeeperService from pid=16640 uid=10240 pkg=com.spotify.music startFg?=false
07-05 23:24:31.766 W/ActivityManager( 2570): Background start not allowed: service Intent { xflg=0x4 cmp=com.spotify.music/com.spotify.musicappplatform.state.foregroundkeeperservice.impl.ForegroundKeeperService (has extras) } to com.spotify.music/com.spotify.musicappplatform.state.foregroundkeeperservice.impl.ForegroundKeeperService from pid=16640 uid=10240 pkg=com.spotify.music startFg?=false
07-05 23:24:31.801 W/MR2     (16640): registerTransferCallback: Ignoring the same callback
07-05 23:24:31.801 W/MR2     (16640): registerControllerCallback: Ignoring the same callback
07-05 23:24:31.804 E/NsdService( 2570): id 617 for 31 has no client mapping
07-05 23:24:31.841 W/Codec2Client(16640): query -- param skipped: index = 1342179345.
07-05 23:24:31.841 W/Codec2Client(16640): query -- param skipped: index = 2415921170.
07-05 23:24:31.841 W/Codec2Client(16640): query -- param skipped: index = 1610614798.
07-05 23:24:31.844 W/LegacyMessageQueue(16640): Handler (android.media.MediaCodec$EventHandler) {57a5d7b} sending message to a Handler on a dead thread
07-05 23:24:31.844 W/LegacyMessageQueue(16640): java.lang.IllegalStateException: Handler (android.media.MediaCodec$EventHandler) {57a5d7b} sending message to a Handler on a dead thread
07-05 23:24:31.844 W/LegacyMessageQueue(16640): 	at android.os.MessageQueue.enqueueMessageLegacy(MessageQueue.java:1299)
07-05 23:24:31.844 W/LegacyMessageQueue(16640): 	at android.os.MessageQueue.enqueueMessage(MessageQueue.java:1408)
07-05 23:24:31.844 W/LegacyMessageQueue(16640): 	at android.os.Handler.enqueueMessage(Handler.java:790)
07-05 23:24:31.844 W/LegacyMessageQueue(16640): 	at android.os.Handler.sendMessageAtTime(Handler.java:739)
07-05 23:24:31.844 W/LegacyMessageQueue(16640): 	at android.os.Handler.sendMessageDelayed(Handler.java:709)
07-05 23:24:31.844 W/LegacyMessageQueue(16640): 	at android.os.Handler.sendMessage(Handler.java:647)
07-05 23:24:31.844 W/LegacyMessageQueue(16640): 	at android.media.MediaCodec.postEventFromNative(MediaCodec.java:6088)
07-05 23:24:31.844 W/LegacyMessageQueue(16640): Handler (android.media.MediaCodec$EventHandler) {57a5d7b} sending message to a Handler on a dead thread
07-05 23:24:31.844 W/LegacyMessageQueue(16640): java.lang.IllegalStateException: Handler (android.media.MediaCodec$EventHandler) {57a5d7b} sending message to a Handler on a dead thread
07-05 23:24:31.844 W/LegacyMessageQueue(16640): 	at android.os.MessageQueue.enqueueMessageLegacy(MessageQueue.java:1299)
07-05 23:24:31.844 W/LegacyMessageQueue(16640): 	at android.os.MessageQueue.enqueueMessage(MessageQueue.java:1408)
07-05 23:24:31.844 W/LegacyMessageQueue(16640): 	at android.os.Handler.enqueueMessage(Handler.java:790)
07-05 23:24:31.844 W/LegacyMessageQueue(16640): 	at android.os.Handler.sendMessageAtTime(Handler.java:739)
07-05 23:24:31.844 W/LegacyMessageQueue(16640): 	at android.os.Handler.sendMessageDelayed(Handler.java:709)
07-05 23:24:31.844 W/LegacyMessageQueue(16640): 	at android.os.Handler.sendMessage(Handler.java:647)
07-05 23:24:31.844 W/LegacyMessageQueue(16640): 	at android.media.MediaCodec.postEventFromNative(MediaCodec.java:6088)
07-05 23:24:31.844 W/LegacyMessageQueue(16640): Handler (android.media.MediaCodec$EventHandler) {57a5d7b} sending message to a Handler on a dead thread
07-05 23:24:31.844 W/LegacyMessageQueue(16640): java.lang.IllegalStateException: Handler (android.media.MediaCodec$EventHandler) {57a5d7b} sending message to a Handler on a dead thread
07-05 23:24:31.844 W/LegacyMessageQueue(16640): 	at android.os.MessageQueue.enqueueMessageLegacy(MessageQueue.java:1299)
07-05 23:24:31.844 W/LegacyMessageQueue(16640): 	at android.os.MessageQueue.enqueueMessage(MessageQueue.java:1408)
07-05 23:24:31.844 W/LegacyMessageQueue(16640): 	at android.os.Handler.enqueueMessage(Handler.java:790)
07-05 23:24:31.844 W/LegacyMessageQueue(16640): 	at android.os.Handler.sendMessageAtTime(Handler.java:739)
07-05 23:24:31.844 W/LegacyMessageQueue(16640): 	at android.os.Handler.sendMessageDelayed(Handler.java:709)
07-05 23:24:31.844 W/LegacyMessageQueue(16640): 	at android.os.Handler.sendMessage(Handler.java:647)
07-05 23:24:31.844 W/LegacyMessageQueue(16640): 	at android.media.MediaCodec.postEventFromNative(MediaCodec.java:6088)
07-05 23:24:31.844 W/LegacyMessageQueue(16640): Handler (android.media.MediaCodec$EventHandler) {57a5d7b} sending message to a Handler on a dead thread
07-05 23:24:31.844 W/LegacyMessageQueue(16640): java.lang.IllegalStateException: Handler (android.media.MediaCodec$EventHandler) {57a5d7b} sending message to a Handler on a dead thread
07-05 23:24:31.844 W/LegacyMessageQueue(16640): 	at android.os.MessageQueue.enqueueMessageLegacy(MessageQueue.java:1299)
07-05 23:24:31.844 W/LegacyMessageQueue(16640): 	at android.os.MessageQueue.enqueueMessage(MessageQueue.java:1408)
07-05 23:24:31.844 W/LegacyMessageQueue(16640): 	at android.os.Handler.enqueueMessage(Handler.java:790)
07-05 23:24:31.844 W/LegacyMessageQueue(16640): 	at android.os.Handler.sendMessageAtTime(Handler.java:739)
07-05 23:24:31.844 W/LegacyMessageQueue(16640): 	at android.os.Handler.sendMessageDelayed(Handler.java:709)
07-05 23:24:31.844 W/LegacyMessageQueue(16640): 	at android.os.Handler.sendMessage(Handler.java:647)
07-05 23:24:31.844 W/LegacyMessageQueue(16640): 	at android.media.MediaCodec.postEventFromNative(MediaCodec.java:6088)
07-05 23:24:31.860 W/NearbyFastPair( 3766): Process 1000 android.uid.system:1000 has 21 packageNames [CONTEXT service_id=265 ]
07-05 23:24:31.898 E/minksocket( 1381): MinkIPC_QRTR_Service: client with node 1 port 4a22 went down
07-05 23:24:32.189 W/m.spotify.music(16640): Reducing the number of considered missed Gc histogram windows from 1038 to 100
07-05 23:24:28.775 W/        ( 3026): process 2730 (PowerManagerSer) no longer affine to cpu6
07-05 23:24:32.945 E/RoleControllerServiceImpl( 2570): Default/fallback role holder package doesn't qualify for the role, package: com.google.android.gms.supervision, role: android.app.role.SYSTEM_SUPERVISION, user: 0
07-05 23:24:32.945 E/system_server( 2570): No package ID 7f found for resource ID 0x7f0f0005.
07-05 23:24:32.945 E/system_server( 2570): No package ID 7f found for resource ID 0x7f131fb9.
07-05 23:24:32.945 E/system_server( 2570): No package ID 7f found for resource ID 0x7f131fb9.
07-05 23:24:32.946 E/RoleControllerServiceImpl( 2570): Default/fallback role holder package doesn't qualify for the role, package: com.google.android.gms, role: android.app.role.SYSTEM_CALL_STREAMING, user: 0
07-05 23:24:32.946 W/SignedPackage( 2570): Package doesn't have required signing certificate: com.google.android.apps.work.clouddpc
07-05 23:24:32.953 W/MagnificationConnectionManager( 2570): requestConnection duplicated request: connect=false, mConnectionState=DISCONNECTED
07-05 23:24:32.954 W/AppOpService( 2570): Ignored setUidMode call for runtime permission app op: uid = 1001, code = READ_SMS, mode = allow, callingUid = 1001, oldMode = allow
07-05 23:24:32.955 W/AppOpService( 2570): Ignored setUidMode call for runtime permission app op: uid = 1001, code = RECEIVE_SMS, mode = allow, callingUid = 1001, oldMode = allow
07-05 23:24:32.955 W/AppOpService( 2570): Ignored setUidMode call for runtime permission app op: uid = 1001, code = RECEIVE_WAP_PUSH, mode = allow, callingUid = 1001, oldMode = allow
07-05 23:24:32.956 W/AppOpService( 2570): Ignored setUidMode call for runtime permission app op: uid = 1001, code = SEND_SMS, mode = allow, callingUid = 1001, oldMode = allow
07-05 23:24:32.956 W/AppOpService( 2570): Ignored setUidMode call for runtime permission app op: uid = 1001, code = READ_CELL_BROADCASTS, mode = allow, callingUid = 1001, oldMode = allow
07-05 23:24:32.959 W/AppOpService( 2570): Ignored setUidMode call for runtime permission app op: uid = 10119, code = FINE_LOCATION, mode = allow, callingUid = 1000, oldMode = allow
07-05 23:24:32.959 E/RoleControllerServiceImpl( 2570): Default/fallback role holder package doesn't qualify for the role, package: com.google.android.projection.gearhead, role: android.app.role.SYSTEM_AUTOMOTIVE_PROJECTION, user: 0
07-05 23:24:32.962 W/AppOpService( 2570): Ignored setUidMode call for runtime permission app op: uid = 1001, code = READ_SMS, mode = allow, callingUid = 1001, oldMode = allow
07-05 23:24:32.962 W/AppOpService( 2570): Ignored setUidMode call for runtime permission app op: uid = 1001, code = RECEIVE_SMS, mode = allow, callingUid = 1001, oldMode = allow
07-05 23:24:32.963 W/AppOpService( 2570): Ignored setUidMode call for runtime permission app op: uid = 10119, code = FINE_LOCATION, mode = allow, callingUid = 1000, oldMode = allow
07-05 23:24:32.963 W/AppOpService( 2570): Ignored setUidMode call for runtime permission app op: uid = 1001, code = RECEIVE_WAP_PUSH, mode = allow, callingUid = 1001, oldMode = allow
07-05 23:24:32.963 W/AppOpService( 2570): Ignored setUidMode call for runtime permission app op: uid = 1001, code = SEND_SMS, mode = allow, callingUid = 1001, oldMode = allow
07-05 23:24:32.963 W/AppOpService( 2570): Ignored setUidMode call for runtime permission app op: uid = 1001, code = READ_CELL_BROADCASTS, mode = allow, callingUid = 1001, oldMode = allow
07-05 23:24:32.971 E/RoleControllerServiceImpl( 2570): Default/fallback role holder package doesn't qualify for the role, package: com.google.android.googlequicksearchbox, role: android.app.role.ASSISTANT, user: 0
07-05 23:24:32.981 W/HWUI    ( 3827): Image decoding logging dropped!
07-05 23:24:32.989 W/ContentProviderHelper( 2570): Permission Denial: opening provider com.android.providers.calendar.CalendarProvider2 from ProcessRecord{17c656 17419:com.teslacoilsw.launcher/u0a237} (pid=17419, uid=10237) requires android.permission.READ_CALENDAR or android.permission.WRITE_CALENDAR
07-05 23:24:33.387 W/ActivityManager( 2570): Background start not allowed: service Intent { xflg=0x4 cmp=com.spotify.music/com.spotify.musicappplatform.state.foregroundkeeperservice.impl.ForegroundKeeperService (has extras) } to com.spotify.music/com.spotify.musicappplatform.state.foregroundkeeperservice.impl.ForegroundKeeperService from pid=16640 uid=10240 pkg=com.spotify.music startFg?=false
07-05 23:24:33.457 W/ComponentChangedIO(13989): No package name in intent data or package is not a bank app [CONTEXT service_id=469 ]
07-05 23:24:33.558 E/TaskPersister( 2570): File error accessing recents directory (directory doesn't exist?).
07-05 23:24:30.095 W/        ( 3026): process 2730 (PowerManagerSer) no longer affine to cpu6
07-05 23:24:33.896 W/MR2     (16640): registerTransferCallback: Ignoring the same callback
07-05 23:24:33.896 W/MR2     (16640): registerControllerCallback: Ignoring the same callback
07-05 23:24:33.956 E/MM_OSAL ( 2212): FileSource::FileSource
07-05 23:24:33.956 E/MM_OSAL ( 2212): FileSource::FileSource m_bEveryThingOK 1
07-05 23:24:33.973 E/minksocket( 1381): MinkIPC_QRTR_Service: client with node 1 port 5a09 went down
07-05 23:24:33.974 E/minksocket( 1381): MinkIPC_QRTR_Service: client with node 1 port 5a0a went down
07-05 23:24:33.974 E/minksocket( 1381): MinkIPC_QRTR_Service: client with node 1 port 5a0b went down
07-05 23:24:33.975 E/minksocket( 1381): MinkIPC_QRTR_Service: client with node 1 port 5a0c went down
07-05 23:24:33.999 E/MediaCodec(16640): Media Quality Service not found.
07-05 23:24:30.312 E/servicemanager(  543): VINTF HALs require names in the format type/instance (e.g. some.package.foo.IFoo/default) but got: media_quality
07-05 23:24:30.317 E/servicemanager(  543): VINTF HALs require names in the format type/instance (e.g. some.package.foo.IFoo/default) but got: media_quality
07-05 23:24:34.000 E/Codec2-ComponentInterface( 2253): We have a failed config
07-05 23:24:34.001 W/Codec2Client(16640): query -- param skipped: index = 1107298332.
07-05 23:24:34.001 W/CCodec  (16640): This behavior is subject to change. It is recommended that app developers double check whether the requested max input size is in reasonable range.
07-05 23:24:34.002 E/m.spotify.music(16640): Failed to query component interface for required system resources: 6
07-05 23:24:34.003 W/Codec2Client(16640): query -- param skipped: index = 1342179345.
07-05 23:24:34.003 W/Codec2Client(16640): query -- param skipped: index = 2415921170.
07-05 23:24:34.003 E/MediaCodec(16640): Media Quality Service not found.
07-05 23:24:34.007 E/Codec2-ComponentInterface( 2253): We have a failed config
07-05 23:24:34.009 E/Codec2-ComponentInterface( 2253): We have a failed config
07-05 23:24:34.011 W/Codec2Client(16640): query -- param skipped: index = 1107298332.
07-05 23:24:34.011 W/CCodec  (16640): This behavior is subject to change. It is recommended that app developers double check whether the requested max input size is in reasonable range.
07-05 23:24:34.011 E/m.spotify.music(16640): Failed to query component interface for required system resources: 6
07-05 23:24:34.012 W/Codec2Client(16640): query -- param skipped: index = 1342179345.
07-05 23:24:34.012 W/Codec2Client(16640): query -- param skipped: index = 2415921170.
07-05 23:24:34.016 E/Codec2-ComponentInterface( 2253): We have a failed config
07-05 23:24:34.089 W/WearableService( 3766): onGetService: Wear is not available on this device. Calling package: com.spotify.music
07-05 23:24:34.105 W/WearableService( 3766): onGetService: Wear is not available on this device. Calling package: com.spotify.music
07-05 23:24:34.110 W/WearableService( 3766): onGetService: Wear is not available on this device. Calling package: com.spotify.music
07-05 23:24:34.120 W/WearableService( 3766): onGetService: Wear is not available on this device. Calling package: com.spotify.music
07-05 23:24:30.557 E/simulated_ntc( 4482): proc_shell_write write invalid para
07-05 23:24:34.605 W/HWUI    (16640): Image decoding logging dropped!
07-05 23:24:34.606 W/HWUI    (16640): Image decoding logging dropped!
07-05 23:24:34.675 W/HWUI    (16640): Image decoding logging dropped!
07-05 23:24:34.889 W/MagnificationConnectionManager( 2570): requestConnection duplicated request: connect=false, mConnectionState=DISCONNECTED
07-05 23:24:34.893 E/system_server( 2570): No package ID 7f found for resource ID 0x7f0f0005.
07-05 23:24:34.893 E/system_server( 2570): No package ID 7f found for resource ID 0x7f131fb9.
07-05 23:24:34.893 E/system_server( 2570): No package ID 7f found for resource ID 0x7f131fb9.
07-05 23:24:34.894 W/AppOpService( 2570): Ignored setUidMode call for runtime permission app op: uid = 1001, code = READ_SMS, mode = allow, callingUid = 1001, oldMode = allow
07-05 23:24:34.897 W/AppOpService( 2570): Ignored setUidMode call for runtime permission app op: uid = 1001, code = RECEIVE_SMS, mode = allow, callingUid = 1001, oldMode = allow
07-05 23:24:34.897 W/AppOpService( 2570): Ignored setUidMode call for runtime permission app op: uid = 1001, code = RECEIVE_WAP_PUSH, mode = allow, callingUid = 1001, oldMode = allow
07-05 23:24:34.897 E/RoleControllerServiceImpl( 2570): Default/fallback role holder package doesn't qualify for the role, package: com.google.android.gms.supervision, role: android.app.role.SYSTEM_SUPERVISION, user: 0
07-05 23:24:34.897 W/AppOpService( 2570): Ignored setUidMode call for runtime permission app op: uid = 1001, code = SEND_SMS, mode = allow, callingUid = 1001, oldMode = allow
07-05 23:24:34.897 W/AppOpService( 2570): Ignored setUidMode call for runtime permission app op: uid = 1001, code = READ_CELL_BROADCASTS, mode = allow, callingUid = 1001, oldMode = allow
07-05 23:24:34.897 E/RoleControllerServiceImpl( 2570): Default/fallback role holder package doesn't qualify for the role, package: com.google.android.gms, role: android.app.role.SYSTEM_CALL_STREAMING, user: 0
07-05 23:24:34.898 W/SignedPackage( 2570): Package doesn't have required signing certificate: com.google.android.apps.work.clouddpc
07-05 23:24:34.904 W/AppOpService( 2570): Ignored setUidMode call for runtime permission app op: uid = 10119, code = FINE_LOCATION, mode = allow, callingUid = 1000, oldMode = allow
07-05 23:24:34.904 E/RoleControllerServiceImpl( 2570): Default/fallback role holder package doesn't qualify for the role, package: com.google.android.projection.gearhead, role: android.app.role.SYSTEM_AUTOMOTIVE_PROJECTION, user: 0
07-05 23:24:34.905 W/AppOpService( 2570): Ignored setUidMode call for runtime permission app op: uid = 1001, code = READ_SMS, mode = allow, callingUid = 1001, oldMode = allow
07-05 23:24:34.906 W/AppOpService( 2570): Ignored setUidMode call for runtime permission app op: uid = 1001, code = RECEIVE_SMS, mode = allow, callingUid = 1001, oldMode = allow
07-05 23:24:34.906 W/AppOpService( 2570): Ignored setUidMode call for runtime permission app op: uid = 1001, code = RECEIVE_WAP_PUSH, mode = allow, callingUid = 1001, oldMode = allow
07-05 23:24:34.906 W/AppOpService( 2570): Ignored setUidMode call for runtime permission app op: uid = 1001, code = SEND_SMS, mode = allow, callingUid = 1001, oldMode = allow
07-05 23:24:34.906 W/AppOpService( 2570): Ignored setUidMode call for runtime permission app op: uid = 1001, code = READ_CELL_BROADCASTS, mode = allow, callingUid = 1001, oldMode = allow
07-05 23:24:34.909 W/AppOpService( 2570): Ignored setUidMode call for runtime permission app op: uid = 10119, code = FINE_LOCATION, mode = allow, callingUid = 1000, oldMode = allow
07-05 23:24:34.909 W/HWUI    ( 3827): Image decoding logging dropped!
07-05 23:24:34.914 E/RoleControllerServiceImpl( 2570): Default/fallback role holder package doesn't qualify for the role, package: com.google.android.googlequicksearchbox, role: android.app.role.ASSISTANT, user: 0
07-05 23:24:34.924 W/ContentProviderHelper( 2570): Permission Denial: opening provider com.android.providers.calendar.CalendarProvider2 from ProcessRecord{17c656 17419:com.teslacoilsw.launcher/u0a237} (pid=17419, uid=10237) requires android.permission.READ_CALENDAR or android.permission.WRITE_CALENDAR
07-05 23:24:35.391 W/ComponentChangedIO(13989): No package name in intent data or package is not a bank app [CONTEXT service_id=469 ]
07-05 23:24:35.450 W/libprocessgroup(14452): JoinCgroup: controller schedtune is not found
07-05 23:24:35.451 W/libprocessgroup(14452): A JoinCgroup action in the SystemMemoryProcess profile is used for controller memory in the cgroup v2 hierarchy and will be ignored
07-05 23:24:35.451 W/libprocessgroup(14452): SetCgroup::ExecuteForTask: failed to open /dev/cpuctl/top-app/tasks: Permission denied
07-05 23:24:35.451 W/libprocessgroup(14452): SetCgroup::ExecuteForTask: failed to open /dev/blkio/tasks: Permission denied
07-05 23:24:35.451 E/libprocessgroup(14452): set_timerslack_ns write failed: Operation not permitted
07-05 23:24:35.545 W/HWUI    (16640): Image decoding logging dropped!
07-05 23:24:35.837 W/PlatformAconfigPackage(14450): android.os.flagging.AconfigStorageReadException: ERROR_CANNOT_READ_STORAGE_FILE: Fail to mmap storage
07-05 23:24:35.851 E/FeatureFlagsImplExport(14450): android.os.flagging.AconfigStorageReadException: ERROR_PACKAGE_NOT_FOUND: package android.xr cannot be found on the device
07-05 23:24:35.937 W/MagnificationConnectionManager( 2570): requestConnection duplicated request: connect=false, mConnectionState=DISCONNECTED
