07-05 23:30:19.719 W/dumpsys (15880): Thread Pool max thread count is 0. Cannot cache binder as linkToDeath cannot be implemented. serviceName: window
07-05 23:30:16.501 E/simulated_ntc( 4482): proc_shell_write write invalid para
07-05 23:30:20.383 W/dumpsys (15884): Thread Pool max thread count is 0. Cannot cache binder as linkToDeath cannot be implemented. serviceName: window
07-05 23:30:20.540 W/dumpsys (15887): Thread Pool max thread count is 0. Cannot cache binder as linkToDeath cannot be implemented. serviceName: window
07-05 23:30:20.749 W/dumpsys (15897): Thread Pool max thread count is 0. Cannot cache binder as linkToDeath cannot be implemented. serviceName: window
07-05 23:30:20.836 W/dumpsys (15900): Thread Pool max thread count is 0. Cannot cache binder as linkToDeath cannot be implemented. serviceName: window
07-05 23:30:20.999 W/dumpsys (15904): Thread Pool max thread count is 0. Cannot cache binder as linkToDeath cannot be implemented. serviceName: window
07-05 23:30:21.132 W/dumpsys (15908): Thread Pool max thread count is 0. Cannot cache binder as linkToDeath cannot be implemented. serviceName: window
07-05 23:30:18.139 E/[kworke][0x21696aff57f][21:30:21.821887] qca6490(11845): [11845:E:PMO] pmo_core_enable_wow_in_fw: FW not ready to WOW reason code: 0
07-05 23:30:21.844 W/dumpsys (15911): Thread Pool max thread count is 0. Cannot cache binder as linkToDeath cannot be implemented. serviceName: window
07-05 23:30:18.175 W/healthd ( 1398): time_last:330, soc_current_time=45912, soc_pre_time=45582,charging_status:0,soc_temp:31
07-05 23:30:18.175 W/healthd ( 1398): battery l=31 v=3773 t=28.0 h=2 st=3 c=-322000 fc=4117000 cc=468 chg=
07-05 23:30:18.185 W/healthd ( 1398): time_last:330, soc_current_time=45912, soc_pre_time=45582,charging_status:0,soc_temp:31
07-05 23:30:21.868 E/NtChgAidl( 1440): NtChgAidl: mBattTempRegion _aidl_return:0
07-05 23:30:18.189 W/HealthLoop( 1398): debug.nt.screen_brightness:3.852427
07-05 23:30:21.936 W/dumpsys (15915): Thread Pool max thread count is 0. Cannot cache binder as linkToDeath cannot be implemented. serviceName: window
07-05 23:30:22.207 W/dumpsys (15923): Thread Pool max thread count is 0. Cannot cache binder as linkToDeath cannot be implemented. serviceName: window
07-05 23:30:22.342 W/dumpsys (15926): Thread Pool max thread count is 0. Cannot cache binder as linkToDeath cannot be implemented. serviceName: window
07-05 23:30:22.438 W/dumpsys (15929): Thread Pool max thread count is 0. Cannot cache binder as linkToDeath cannot be implemented. serviceName: window
07-05 23:30:22.607 W/dumpsys (15932): Thread Pool max thread count is 0. Cannot cache binder as linkToDeath cannot be implemented. serviceName: window
07-05 23:30:22.747 W/ActivityManager( 2570): Unbind failed: could not find connection for android.os.BinderProxy@d26528f
07-05 23:30:22.749 W/ActivityManager( 2570): Unable to start service Intent { act=android.telephony.satellite.SatelliteService xflg=0x4 pkg=vendor.qti.data.ntnsatapp } U=0: not found
07-05 23:30:22.749 E/SatelliteModemInterface( 3621): Error binding to the satellite service. Retrying in 38255 ms.
07-05 23:30:23.284 W/dumpsys (15936): Thread Pool max thread count is 0. Cannot cache binder as linkToDeath cannot be implemented. serviceName: window
07-05 23:30:23.416 W/dumpsys (15939): Thread Pool max thread count is 0. Cannot cache binder as linkToDeath cannot be implemented. serviceName: window
07-05 23:30:23.735 W/dumpsys (15947): Thread Pool max thread count is 0. Cannot cache binder as linkToDeath cannot be implemented. serviceName: window
07-05 23:30:23.827 W/dumpsys (15950): Thread Pool max thread count is 0. Cannot cache binder as linkToDeath cannot be implemented. serviceName: window
07-05 23:30:23.917 W/dumpsys (15954): Thread Pool max thread count is 0. Cannot cache binder as linkToDeath cannot be implemented. serviceName: window
07-05 23:30:24.008 W/dumpsys (15957): Thread Pool max thread count is 0. Cannot cache binder as linkToDeath cannot be implemented. serviceName: window
07-05 23:30:24.918 W/dumpsys (15961): Thread Pool max thread count is 0. Cannot cache binder as linkToDeath cannot be implemented. serviceName: window
07-05 23:30:25.055 W/dumpsys (15964): Thread Pool max thread count is 0. Cannot cache binder as linkToDeath cannot be implemented. serviceName: window
07-05 23:30:21.512 E/simulated_ntc( 4482): proc_shell_write write invalid para
07-05 23:30:25.376 W/dumpsys (15972): Thread Pool max thread count is 0. Cannot cache binder as linkToDeath cannot be implemented. serviceName: window
07-05 23:30:25.464 W/dumpsys (15976): Thread Pool max thread count is 0. Cannot cache binder as linkToDeath cannot be implemented. serviceName: window
07-05 23:30:25.551 W/dumpsys (15979): Thread Pool max thread count is 0. Cannot cache binder as linkToDeath cannot be implemented. serviceName: window
07-05 23:30:25.726 W/dumpsys (15982): Thread Pool max thread count is 0. Cannot cache binder as linkToDeath cannot be implemented. serviceName: window
07-05 23:30:26.575 W/dumpsys (15986): Thread Pool max thread count is 0. Cannot cache binder as linkToDeath cannot be implemented. serviceName: window
07-05 23:30:26.815 W/dumpsys (15989): Thread Pool max thread count is 0. Cannot cache binder as linkToDeath cannot be implemented. serviceName: window
07-05 23:30:27.015 W/dumpsys (16000): Thread Pool max thread count is 0. Cannot cache binder as linkToDeath cannot be implemented. serviceName: window
07-05 23:30:27.151 W/dumpsys (16004): Thread Pool max thread count is 0. Cannot cache binder as linkToDeath cannot be implemented. serviceName: window
07-05 23:30:27.333 W/dumpsys (16007): Thread Pool max thread count is 0. Cannot cache binder as linkToDeath cannot be implemented. serviceName: window
07-05 23:30:27.428 W/dumpsys (16010): Thread Pool max thread count is 0. Cannot cache binder as linkToDeath cannot be implemented. serviceName: window
07-05 23:30:28.621 W/dumpsys (16014): Thread Pool max thread count is 0. Cannot cache binder as linkToDeath cannot be implemented. serviceName: window
07-05 23:30:28.734 W/dumpsys (16017): Thread Pool max thread count is 0. Cannot cache binder as linkToDeath cannot be implemented. serviceName: window
07-05 23:30:29.007 W/dumpsys (16026): Thread Pool max thread count is 0. Cannot cache binder as linkToDeath cannot be implemented. serviceName: window
07-05 23:30:29.152 W/dumpsys (16031): Thread Pool max thread count is 0. Cannot cache binder as linkToDeath cannot be implemented. serviceName: window
07-05 23:30:29.252 W/dumpsys (16034): Thread Pool max thread count is 0. Cannot cache binder as linkToDeath cannot be implemented. serviceName: window
07-05 23:30:29.425 W/dumpsys (16037): Thread Pool max thread count is 0. Cannot cache binder as linkToDeath cannot be implemented. serviceName: window
07-05 23:30:26.525 E/simulated_ntc( 4482): proc_shell_write write invalid para
07-05 23:30:30.255 W/dumpsys (16041): Thread Pool max thread count is 0. Cannot cache binder as linkToDeath cannot be implemented. serviceName: window
07-05 23:30:30.380 W/R:Battery(10700): Didn't get new data for BATTERY_CHANGED, retrying later
07-05 23:30:30.470 W/dumpsys (16044): Thread Pool max thread count is 0. Cannot cache binder as linkToDeath cannot be implemented. serviceName: window
07-05 23:30:30.684 W/dumpsys (16052): Thread Pool max thread count is 0. Cannot cache binder as linkToDeath cannot be implemented. serviceName: window
07-05 23:30:30.775 W/dumpsys (16055): Thread Pool max thread count is 0. Cannot cache binder as linkToDeath cannot be implemented. serviceName: window
07-05 23:30:30.861 W/dumpsys (16058): Thread Pool max thread count is 0. Cannot cache binder as linkToDeath cannot be implemented. serviceName: window
07-05 23:30:31.013 W/dumpsys (16062): Thread Pool max thread count is 0. Cannot cache binder as linkToDeath cannot be implemented. serviceName: window
07-05 23:30:31.798 W/dumpsys (16065): Thread Pool max thread count is 0. Cannot cache binder as linkToDeath cannot be implemented. serviceName: window
07-05 23:30:31.919 W/dumpsys (16069): Thread Pool max thread count is 0. Cannot cache binder as linkToDeath cannot be implemented. serviceName: window
07-05 23:30:32.148 W/dumpsys (16077): Thread Pool max thread count is 0. Cannot cache binder as linkToDeath cannot be implemented. serviceName: window
07-05 23:30:32.271 W/dumpsys (16080): Thread Pool max thread count is 0. Cannot cache binder as linkToDeath cannot be implemented. serviceName: window
07-05 23:30:32.363 W/dumpsys (16084): Thread Pool max thread count is 0. Cannot cache binder as linkToDeath cannot be implemented. serviceName: window
07-05 23:30:32.533 W/dumpsys (16087): Thread Pool max thread count is 0. Cannot cache binder as linkToDeath cannot be implemented. serviceName: window
07-05 23:30:33.327 W/dumpsys (16091): Thread Pool max thread count is 0. Cannot cache binder as linkToDeath cannot be implemented. serviceName: window
07-05 23:30:33.463 W/dumpsys (16096): Thread Pool max thread count is 0. Cannot cache binder as linkToDeath cannot be implemented. serviceName: window
07-05 23:30:33.751 W/dumpsys (16111): Thread Pool max thread count is 0. Cannot cache binder as linkToDeath cannot be implemented. serviceName: window
07-05 23:30:33.854 W/dumpsys (16115): Thread Pool max thread count is 0. Cannot cache binder as linkToDeath cannot be implemented. serviceName: window
07-05 23:30:33.944 W/dumpsys (16120): Thread Pool max thread count is 0. Cannot cache binder as linkToDeath cannot be implemented. serviceName: window
07-05 23:30:34.160 W/dumpsys (16123): Thread Pool max thread count is 0. Cannot cache binder as linkToDeath cannot be implemented. serviceName: window
07-05 23:30:34.862 W/dumpsys (16141): Thread Pool max thread count is 0. Cannot cache binder as linkToDeath cannot be implemented. serviceName: window
07-05 23:30:34.965 W/dumpsys (16149): Thread Pool max thread count is 0. Cannot cache binder as linkToDeath cannot be implemented. serviceName: window
07-05 23:30:31.534 E/simulated_ntc( 4482): proc_shell_write write invalid para
07-05 23:30:35.295 W/dumpsys (16165): Thread Pool max thread count is 0. Cannot cache binder as linkToDeath cannot be implemented. serviceName: window
07-05 23:30:35.431 W/dumpsys (16168): Thread Pool max thread count is 0. Cannot cache binder as linkToDeath cannot be implemented. serviceName: window
07-05 23:30:35.532 W/dumpsys (16171): Thread Pool max thread count is 0. Cannot cache binder as linkToDeath cannot be implemented. serviceName: window
07-05 23:30:35.687 W/dumpsys (16174): Thread Pool max thread count is 0. Cannot cache binder as linkToDeath cannot be implemented. serviceName: window
07-05 23:30:36.391 W/dumpsys (16180): Thread Pool max thread count is 0. Cannot cache binder as linkToDeath cannot be implemented. serviceName: window
07-05 23:30:36.495 W/dumpsys (16184): Thread Pool max thread count is 0. Cannot cache binder as linkToDeath cannot be implemented. serviceName: window
07-05 23:30:36.778 W/dumpsys (16195): Thread Pool max thread count is 0. Cannot cache binder as linkToDeath cannot be implemented. serviceName: window
07-05 23:30:36.907 W/dumpsys (16198): Thread Pool max thread count is 0. Cannot cache binder as linkToDeath cannot be implemented. serviceName: window
07-05 23:30:33.315 W/        ( 3026): process 2730 (PowerManagerSer) no longer affine to cpu6
07-05 23:30:37.006 W/dumpsys (16205): Thread Pool max thread count is 0. Cannot cache binder as linkToDeath cannot be implemented. serviceName: window
07-05 23:30:37.108 W/dumpsys (16211): Thread Pool max thread count is 0. Cannot cache binder as linkToDeath cannot be implemented. serviceName: window
07-05 23:30:33.649 W/        ( 3026): process 2730 (PowerManagerSer) no longer affine to cpu7
07-05 23:30:36.545 E/simulated_ntc( 4482): proc_shell_write write invalid para
07-05 23:30:40.488 W/screencap(16239): Thread Pool max thread count is 0. Cannot cache binder as linkToDeath cannot be implemented. serviceName: SurfaceFlingerAIDL
07-05 23:30:40.489 W/BpBinder(16239): Linking to death on android.gui.ISurfaceComposer but there are no threads (yet?) listening to incoming transactions. See ProcessState::startThreadPool and ProcessState::setThreadPoolMaxThreadCount. Generally you should setup the binder threadpool before other initialization steps.
07-05 23:30:40.489 W/ProcessState(16239): Extra binder thread started, but 0 threads requested. Do not use *startThreadPool when zero threads are requested.
07-05 23:30:40.491 E/HWComposer( 1617): getLuts: getLuts failed for display 4630946639017191809: UNSUPPORTED (8)
07-05 23:30:40.819 W/DemoModeController( 3309): Error running demo command, intent=Intent { act=com.android.systemui.demo flg=0x400010 (has extras) } java.lang.NullPointerException
07-05 23:30:40.847 E/MobileBinderEx( 3309): initSidePadding:3:1
07-05 23:30:37.165 W/        ( 3026): process 2730 (PowerManagerSer) no longer affine to cpu7
07-05 23:30:38.183 W/healthd ( 1398): time_last:350, soc_current_time=45932, soc_pre_time=45582,charging_status:0,soc_temp:31
07-05 23:30:38.183 W/healthd ( 1398): battery l=31 v=3781 t=28.0 h=2 st=3 c=-222000 fc=4117000 cc=468 chg=
07-05 23:30:38.195 W/healthd ( 1398): time_last:350, soc_current_time=45932, soc_pre_time=45582,charging_status:0,soc_temp:31
07-05 23:30:41.879 E/NtChgAidl( 1440): NtChgAidl: mBattTempRegion _aidl_return:0
07-05 23:30:38.200 W/HealthLoop( 1398): debug.nt.screen_brightness:3.852427
07-05 23:30:41.557 E/simulated_ntc( 4482): proc_shell_write write invalid para
07-05 23:30:49.819 W/libnfc_nci( 3533): Reducing the number of considered missed Gc histogram windows from 243 to 100
07-05 23:30:46.575 E/simulated_ntc( 4482): proc_shell_write write invalid para
07-05 23:30:48.859 E/[kworke][0x216b9d7e639][21:30:52.541685] qca6490(11845): [11845:E:PMO] pmo_core_enable_wow_in_fw: FW not ready to WOW reason code: 0
07-05 23:30:51.586 E/simulated_ntc( 4482): proc_shell_write write invalid para
07-05 23:30:56.378 E/minksocket( 1381): MinkIPC_QRTR_Service: client with node 1 port 5a2a went down
07-05 23:30:56.381 E/minksocket( 1381): MinkIPC_QRTR_Service: client with node 1 port 5a2b went down
07-05 23:30:56.385 E/minksocket( 1381): MinkIPC_QRTR_Service: client with node 1 port 5a2c went down
07-05 23:30:56.386 E/minksocket( 1381): MinkIPC_QRTR_Service: client with node 1 port 5a2d went down
07-05 23:30:56.548 W/ProcessStats( 2570): Tracking association SourceState{94c07cb com.google.android.gms.persistent/10137 BFgs #77659} whose proc state 4 is better than process ProcessState{f10a3a com.google.android.gms/10137 pkg=com.google.android.gms} proc state 14 (0 skipped)
07-05 23:30:57.481 E/minksocket( 1381): MinkIPC_QRTR_Service: client with node 1 port 5a2e went down
07-05 23:30:57.484 E/minksocket( 1381): MinkIPC_QRTR_Service: client with node 1 port 5a2f went down
07-05 23:30:57.487 E/minksocket( 1381): MinkIPC_QRTR_Service: client with node 1 port 5a30 went down
07-05 23:30:57.488 E/minksocket( 1381): MinkIPC_QRTR_Service: client with node 1 port 5a31 went down
07-05 23:30:58.910 W/dumpsys (16289): Thread Pool max thread count is 0. Cannot cache binder as linkToDeath cannot be implemented. serviceName: window
07-05 23:30:59.052 W/dumpsys (16293): Thread Pool max thread count is 0. Cannot cache binder as linkToDeath cannot be implemented. serviceName: window
07-05 23:30:55.537 W/        ( 3026): process 2730 (PowerManagerSer) no longer affine to cpu6
07-05 23:30:59.404 W/dumpsys (16312): Thread Pool max thread count is 0. Cannot cache binder as linkToDeath cannot be implemented. serviceName: window
07-05 23:30:59.517 W/dumpsys (16316): Thread Pool max thread count is 0. Cannot cache binder as linkToDeath cannot be implemented. serviceName: window
07-05 23:30:59.614 W/dumpsys (16322): Thread Pool max thread count is 0. Cannot cache binder as linkToDeath cannot be implemented. serviceName: window
07-05 23:30:55.978 W/        ( 3026): process 2730 (PowerManagerSer) no longer affine to cpu7
07-05 23:30:59.798 W/dumpsys (16328): Thread Pool max thread count is 0. Cannot cache binder as linkToDeath cannot be implemented. serviceName: window
07-05 23:30:56.307 W/        ( 3026): process 2730 (PowerManagerSer) no longer affine to cpu7
07-05 23:30:56.600 E/simulated_ntc( 4482): proc_shell_write write invalid para
07-05 23:31:00.958 W/dumpsys (16337): Thread Pool max thread count is 0. Cannot cache binder as linkToDeath cannot be implemented. serviceName: window
07-05 23:31:01.006 W/ActivityManager( 2570): Unbind failed: could not find connection for android.os.BinderProxy@bdc67c6
07-05 23:31:01.008 W/ActivityManager( 2570): Unable to start service Intent { act=android.telephony.satellite.SatelliteService xflg=0x4 pkg=vendor.qti.data.ntnsatapp } U=0: not found
07-05 23:31:01.008 E/SatelliteModemInterface( 3621): Error binding to the satellite service. Retrying in 50571 ms.
07-05 23:31:01.101 W/dumpsys (16341): Thread Pool max thread count is 0. Cannot cache binder as linkToDeath cannot be implemented. serviceName: window
07-05 23:31:01.479 W/dumpsys (16350): Thread Pool max thread count is 0. Cannot cache binder as linkToDeath cannot be implemented. serviceName: window
07-05 23:31:01.600 W/dumpsys (16354): Thread Pool max thread count is 0. Cannot cache binder as linkToDeath cannot be implemented. serviceName: window
07-05 23:31:01.695 W/dumpsys (16357): Thread Pool max thread count is 0. Cannot cache binder as linkToDeath cannot be implemented. serviceName: window
07-05 23:31:01.799 W/dumpsys (16360): Thread Pool max thread count is 0. Cannot cache binder as linkToDeath cannot be implemented. serviceName: window
07-05 23:30:57.300 E/BATTERY_CHG(15223): handle_message: adsp_to_kernel_log:key_info:pump:97,pump_en:0,ovp:1,wpc:1,fcc:2500,fv:4500,icl:0,ibus_ma:0,usb_sus:0,wls_sus:0,BattInit:1,chg_type:0,soc:31,soc_time:1993,soc_pre:31,real_cap:1297000,htemp_charge:4100,plug_in:0,plugGpio:1,usbTemp:0,battTemp:0,nt_cc_enable:0,2646:00,2654:32,2606:07,2708:00,2952:00,2658:5a,2707:00,2b09:01,f243:6e,f245:00,f246:00,8a44:00,8b44:00,
07-05 23:30:58.180 W/healthd ( 1398): time_last:370, soc_current_time=45952, soc_pre_time=45582,charging_status:0,soc_temp:31
07-05 23:30:58.180 W/healthd ( 1398): battery l=31 v=3775 t=28.0 h=2 st=3 c=-289000 fc=4117000 cc=468 chg=
07-05 23:30:58.204 W/healthd ( 1398): time_last:370, soc_current_time=45952, soc_pre_time=45582,charging_status:0,soc_temp:31
07-05 23:31:01.888 E/NtChgAidl( 1440): NtChgAidl: mBattTempRegion _aidl_return:0
07-05 23:30:58.208 W/HealthLoop( 1398): debug.nt.screen_brightness:3.852427
07-05 23:31:03.024 W/dumpsys (16367): Thread Pool max thread count is 0. Cannot cache binder as linkToDeath cannot be implemented. serviceName: window
07-05 23:31:03.183 W/dumpsys (16370): Thread Pool max thread count is 0. Cannot cache binder as linkToDeath cannot be implemented. serviceName: window
07-05 23:31:03.469 W/dumpsys (16392): Thread Pool max thread count is 0. Cannot cache binder as linkToDeath cannot be implemented. serviceName: window
07-05 23:31:03.596 W/dumpsys (16395): Thread Pool max thread count is 0. Cannot cache binder as linkToDeath cannot be implemented. serviceName: window
07-05 23:31:03.696 W/dumpsys (16407): Thread Pool max thread count is 0. Cannot cache binder as linkToDeath cannot be implemented. serviceName: window
07-05 23:31:03.788 W/dumpsys (16419): Thread Pool max thread count is 0. Cannot cache binder as linkToDeath cannot be implemented. serviceName: window
07-05 23:31:00.265 W/        ( 3026): process 2730 (PowerManagerSer) no longer affine to cpu7
07-05 23:31:04.965 W/dumpsys (16428): Thread Pool max thread count is 0. Cannot cache binder as linkToDeath cannot be implemented. serviceName: window
07-05 23:31:05.085 W/dumpsys (16434): Thread Pool max thread count is 0. Cannot cache binder as linkToDeath cannot be implemented. serviceName: window
07-05 23:31:01.532 W/        (   64): process 2730 (PowerManagerSer) no longer affine to cpu7
07-05 23:31:01.623 E/simulated_ntc( 4482): proc_shell_write write invalid para
07-05 23:31:05.357 W/dumpsys (16444): Thread Pool max thread count is 0. Cannot cache binder as linkToDeath cannot be implemented. serviceName: window
07-05 23:31:01.805 W/        ( 3026): process 2730 (PowerManagerSer) no longer affine to cpu7
07-05 23:31:05.508 W/dumpsys (16458): Thread Pool max thread count is 0. Cannot cache binder as linkToDeath cannot be implemented. serviceName: window
07-05 23:31:05.607 W/dumpsys (16462): Thread Pool max thread count is 0. Cannot cache binder as linkToDeath cannot be implemented. serviceName: window
07-05 23:31:05.701 W/dumpsys (16465): Thread Pool max thread count is 0. Cannot cache binder as linkToDeath cannot be implemented. serviceName: window
07-05 23:31:02.141 W/        (   64): process 2730 (PowerManagerSer) no longer affine to cpu7
07-05 23:31:06.807 W/dumpsys (16472): Thread Pool max thread count is 0. Cannot cache binder as linkToDeath cannot be implemented. serviceName: window
07-05 23:31:06.955 W/dumpsys (16475): Thread Pool max thread count is 0. Cannot cache binder as linkToDeath cannot be implemented. serviceName: window
07-05 23:31:03.457 W/        ( 3026): process 2730 (PowerManagerSer) no longer affine to cpu7
07-05 23:31:07.248 W/dumpsys (16492): Thread Pool max thread count is 0. Cannot cache binder as linkToDeath cannot be implemented. serviceName: window
07-05 23:31:07.380 W/dumpsys (16495): Thread Pool max thread count is 0. Cannot cache binder as linkToDeath cannot be implemented. serviceName: window
07-05 23:31:07.474 W/dumpsys (16501): Thread Pool max thread count is 0. Cannot cache binder as linkToDeath cannot be implemented. serviceName: window
07-05 23:31:07.567 W/dumpsys (16505): Thread Pool max thread count is 0. Cannot cache binder as linkToDeath cannot be implemented. serviceName: window
07-05 23:31:04.009 W/        ( 3026): process 2730 (PowerManagerSer) no longer affine to cpu7
07-05 23:31:06.638 E/simulated_ntc( 4482): proc_shell_write write invalid para
07-05 23:31:10.526 W/screencap(16535): Thread Pool max thread count is 0. Cannot cache binder as linkToDeath cannot be implemented. serviceName: SurfaceFlingerAIDL
07-05 23:31:10.526 W/BpBinder(16535): Linking to death on android.gui.ISurfaceComposer but there are no threads (yet?) listening to incoming transactions. See ProcessState::startThreadPool and ProcessState::setThreadPoolMaxThreadCount. Generally you should setup the binder threadpool before other initialization steps.
07-05 23:31:10.526 W/ProcessState(16535): Extra binder thread started, but 0 threads requested. Do not use *startThreadPool when zero threads are requested.
07-05 23:31:10.528 E/HWComposer( 1617): getLuts: getLuts failed for display 4630946639017191809: UNSUPPORTED (8)
07-05 23:31:10.986 W/DemoModeController( 3309): Error running demo command, intent=Intent { act=com.android.systemui.demo flg=0x400010 (has extras) } java.lang.NullPointerException
07-05 23:31:11.017 E/MobileBinderEx( 3309): initSidePadding:3:1
07-05 23:31:11.558 W/ProcessStats( 2570): Tracking association SourceState{94c07cb com.google.android.gms.persistent/10137 BFgs #77666} whose proc state 4 is better than process ProcessState{f10a3a com.google.android.gms/10137 pkg=com.google.android.gms} proc state 14 (6 skipped)
07-05 23:31:11.655 E/simulated_ntc( 4482): proc_shell_write write invalid para
07-05 23:31:16.666 E/simulated_ntc( 4482): proc_shell_write write invalid para
07-05 23:31:18.182 W/healthd ( 1398): time_last:390, soc_current_time=45972, soc_pre_time=45582,charging_status:0,soc_temp:31
07-05 23:31:18.182 W/healthd ( 1398): battery l=31 v=3786 t=28.0 h=2 st=3 c=-200000 fc=4117000 cc=468 chg=
07-05 23:31:21.881 E/NtChgAidl( 1440): NtChgAidl: mBattTempRegion _aidl_return:0
07-05 23:31:18.197 W/healthd ( 1398): time_last:390, soc_current_time=45972, soc_pre_time=45582,charging_status:0,soc_temp:31
07-05 23:31:18.203 W/HealthLoop( 1398): debug.nt.screen_brightness:3.852427
07-05 23:31:21.678 E/simulated_ntc( 4482): proc_shell_write write invalid para
07-05 23:31:26.689 E/simulated_ntc( 4482): proc_shell_write write invalid para
07-05 23:31:33.646 W/dumpsys (16578): Thread Pool max thread count is 0. Cannot cache binder as linkToDeath cannot be implemented. serviceName: window
07-05 23:31:33.781 W/dumpsys (16581): Thread Pool max thread count is 0. Cannot cache binder as linkToDeath cannot be implemented. serviceName: window
07-05 23:31:34.031 W/dumpsys (16590): Thread Pool max thread count is 0. Cannot cache binder as linkToDeath cannot be implemented. serviceName: window
07-05 23:31:34.157 W/dumpsys (16593): Thread Pool max thread count is 0. Cannot cache binder as linkToDeath cannot be implemented. serviceName: window
07-05 23:31:34.271 W/dumpsys (16596): Thread Pool max thread count is 0. Cannot cache binder as linkToDeath cannot be implemented. serviceName: window
07-05 23:31:34.431 W/dumpsys (16599): Thread Pool max thread count is 0. Cannot cache binder as linkToDeath cannot be implemented. serviceName: window
07-05 23:31:31.703 E/simulated_ntc( 4482): proc_shell_write write invalid para
07-05 23:31:35.463 W/dumpsys (16604): Thread Pool max thread count is 0. Cannot cache binder as linkToDeath cannot be implemented. serviceName: window
07-05 23:31:35.598 W/dumpsys (16607): Thread Pool max thread count is 0. Cannot cache binder as linkToDeath cannot be implemented. serviceName: window
07-05 23:31:35.791 W/dumpsys (16615): Thread Pool max thread count is 0. Cannot cache binder as linkToDeath cannot be implemented. serviceName: window
07-05 23:31:35.879 W/dumpsys (16618): Thread Pool max thread count is 0. Cannot cache binder as linkToDeath cannot be implemented. serviceName: window
07-05 23:31:36.005 W/dumpsys (16621): Thread Pool max thread count is 0. Cannot cache binder as linkToDeath cannot be implemented. serviceName: window
07-05 23:31:36.095 W/dumpsys (16625): Thread Pool max thread count is 0. Cannot cache binder as linkToDeath cannot be implemented. serviceName: window
07-05 23:31:37.128 W/dumpsys (16629): Thread Pool max thread count is 0. Cannot cache binder as linkToDeath cannot be implemented. serviceName: window
07-05 23:31:37.271 W/dumpsys (16632): Thread Pool max thread count is 0. Cannot cache binder as linkToDeath cannot be implemented. serviceName: window
07-05 23:31:37.551 W/dumpsys (16653): Thread Pool max thread count is 0. Cannot cache binder as linkToDeath cannot be implemented. serviceName: window
07-05 23:31:37.639 W/dumpsys (16663): Thread Pool max thread count is 0. Cannot cache binder as linkToDeath cannot be implemented. serviceName: window
07-05 23:31:37.726 W/dumpsys (16666): Thread Pool max thread count is 0. Cannot cache binder as linkToDeath cannot be implemented. serviceName: window
07-05 23:31:37.808 W/dumpsys (16674): Thread Pool max thread count is 0. Cannot cache binder as linkToDeath cannot be implemented. serviceName: window
07-05 23:31:34.257 W/        ( 3026): process 2730 (PowerManagerSer) no longer affine to cpu7
07-05 23:31:38.965 W/dumpsys (16685): Thread Pool max thread count is 0. Cannot cache binder as linkToDeath cannot be implemented. serviceName: window
07-05 23:31:39.177 W/dumpsys (16690): Thread Pool max thread count is 0. Cannot cache binder as linkToDeath cannot be implemented. serviceName: window
07-05 23:31:39.446 W/dumpsys (16706): Thread Pool max thread count is 0. Cannot cache binder as linkToDeath cannot be implemented. serviceName: window
07-05 23:31:39.536 W/dumpsys (16712): Thread Pool max thread count is 0. Cannot cache binder as linkToDeath cannot be implemented. serviceName: window
07-05 23:31:39.686 W/dumpsys (16717): Thread Pool max thread count is 0. Cannot cache binder as linkToDeath cannot be implemented. serviceName: window
07-05 23:31:36.017 W/        ( 3026): process 2730 (PowerManagerSer) no longer affine to cpu7
07-05 23:31:39.781 W/dumpsys (16721): Thread Pool max thread count is 0. Cannot cache binder as linkToDeath cannot be implemented. serviceName: window
07-05 23:31:36.238 W/        ( 3026): process 2730 (PowerManagerSer) no longer affine to cpu7
07-05 23:31:36.715 E/simulated_ntc( 4482): proc_shell_write write invalid para
07-05 23:31:40.800 W/dumpsys (16727): Thread Pool max thread count is 0. Cannot cache binder as linkToDeath cannot be implemented. serviceName: window
07-05 23:31:40.909 W/dumpsys (16738): Thread Pool max thread count is 0. Cannot cache binder as linkToDeath cannot be implemented. serviceName: window
07-05 23:31:37.449 W/        ( 3026): process 2730 (PowerManagerSer) no longer affine to cpu7
07-05 23:31:41.216 W/dumpsys (16748): Thread Pool max thread count is 0. Cannot cache binder as linkToDeath cannot be implemented. serviceName: window
07-05 23:31:41.348 W/dumpsys (16755): Thread Pool max thread count is 0. Cannot cache binder as linkToDeath cannot be implemented. serviceName: window
07-05 23:31:41.447 W/dumpsys (16758): Thread Pool max thread count is 0. Cannot cache binder as linkToDeath cannot be implemented. serviceName: window
07-05 23:31:41.550 W/dumpsys (16761): Thread Pool max thread count is 0. Cannot cache binder as linkToDeath cannot be implemented. serviceName: window
07-05 23:31:37.998 W/        ( 3026): process 2730 (PowerManagerSer) no longer affine to cpu7
07-05 23:31:38.185 W/healthd ( 1398): time_last:410, soc_current_time=45992, soc_pre_time=45582,charging_status:0,soc_temp:31
07-05 23:31:38.185 W/healthd ( 1398): battery l=31 v=3775 t=28.0 h=2 st=3 c=-263000 fc=4117000 cc=468 chg=
07-05 23:31:38.195 W/healthd ( 1398): time_last:410, soc_current_time=45992, soc_pre_time=45582,charging_status:0,soc_temp:31
07-05 23:31:41.878 E/NtChgAidl( 1440): NtChgAidl: mBattTempRegion _aidl_return:0
07-05 23:31:38.199 W/HealthLoop( 1398): debug.nt.screen_brightness:3.852427
07-05 23:31:42.646 W/dumpsys (16766): Thread Pool max thread count is 0. Cannot cache binder as linkToDeath cannot be implemented. serviceName: window
07-05 23:31:42.877 W/dumpsys (16769): Thread Pool max thread count is 0. Cannot cache binder as linkToDeath cannot be implemented. serviceName: window
07-05 23:31:39.316 W/        (   64): process 2730 (PowerManagerSer) no longer affine to cpu7
07-05 23:31:43.062 W/dumpsys (16782): Thread Pool max thread count is 0. Cannot cache binder as linkToDeath cannot be implemented. serviceName: window
07-05 23:31:43.185 W/dumpsys (16830): Thread Pool max thread count is 0. Cannot cache binder as linkToDeath cannot be implemented. serviceName: window
07-05 23:31:43.351 W/dumpsys (16835): Thread Pool max thread count is 0. Cannot cache binder as linkToDeath cannot be implemented. serviceName: window
07-05 23:31:43.447 W/dumpsys (16839): Thread Pool max thread count is 0. Cannot cache binder as linkToDeath cannot be implemented. serviceName: window
07-05 23:31:39.978 W/        ( 3026): process 2730 (PowerManagerSer) no longer affine to cpu7
07-05 23:31:44.492 W/dumpsys (16847): Thread Pool max thread count is 0. Cannot cache binder as linkToDeath cannot be implemented. serviceName: window
07-05 23:31:44.597 W/dumpsys (16850): Thread Pool max thread count is 0. Cannot cache binder as linkToDeath cannot be implemented. serviceName: window
07-05 23:31:41.040 W/        ( 3123): process 2730 (PowerManagerSer) no longer affine to cpu7
07-05 23:31:44.887 W/dumpsys (16871): Thread Pool max thread count is 0. Cannot cache binder as linkToDeath cannot be implemented. serviceName: window
07-05 23:31:44.981 W/dumpsys (16878): Thread Pool max thread count is 0. Cannot cache binder as linkToDeath cannot be implemented. serviceName: window
07-05 23:31:45.127 W/dumpsys (16882): Thread Pool max thread count is 0. Cannot cache binder as linkToDeath cannot be implemented. serviceName: window
07-05 23:31:45.210 W/dumpsys (16885): Thread Pool max thread count is 0. Cannot cache binder as linkToDeath cannot be implemented. serviceName: window
07-05 23:31:41.729 E/simulated_ntc( 4482): proc_shell_write write invalid para
07-05 23:31:41.738 W/        ( 3026): process 2730 (PowerManagerSer) no longer affine to cpu7
07-05 23:31:47.942 W/screencap(16911): Thread Pool max thread count is 0. Cannot cache binder as linkToDeath cannot be implemented. serviceName: SurfaceFlingerAIDL
07-05 23:31:47.943 W/BpBinder(16911): Linking to death on android.gui.ISurfaceComposer but there are no threads (yet?) listening to incoming transactions. See ProcessState::startThreadPool and ProcessState::setThreadPoolMaxThreadCount. Generally you should setup the binder threadpool before other initialization steps.
07-05 23:31:47.943 W/ProcessState(16911): Extra binder thread started, but 0 threads requested. Do not use *startThreadPool when zero threads are requested.
07-05 23:31:47.945 E/HWComposer( 1617): getLuts: getLuts failed for display 4630946639017191809: UNSUPPORTED (8)
07-05 23:31:48.346 W/DemoModeController( 3309): Error running demo command, intent=Intent { act=com.android.systemui.demo flg=0x400010 (has extras) } java.lang.NullPointerException
07-05 23:31:48.365 E/MobileBinderEx( 3309): initSidePadding:3:1
07-05 23:31:44.816 W/        ( 3026): process 2730 (PowerManagerSer) no longer affine to cpu7
07-05 23:31:49.841 W/ProcessStats( 2570): Tracking association SourceState{2ae26f com.google.android.gms.persistent/10137 ImpBg #77679} whose proc state 6 is better than process ProcessState{f10a3a com.google.android.gms/10137 pkg=com.google.android.gms} proc state 14 (0 skipped)
07-05 23:31:49.843 E/WorkSourceUtil( 3766): Could not find package: com.google.android.gms.westworld
07-05 23:31:46.743 E/simulated_ntc( 4482): proc_shell_write write invalid para
07-05 23:31:51.590 W/ActivityManager( 2570): Unbind failed: could not find connection for android.os.BinderProxy@7ffd698
07-05 23:31:51.594 W/ActivityManager( 2570): Unable to start service Intent { act=android.telephony.satellite.SatelliteService xflg=0x4 pkg=vendor.qti.data.ntnsatapp } U=0: not found
07-05 23:31:51.594 E/SatelliteModemInterface( 3621): Error binding to the satellite service. Retrying in 46876 ms.
07-05 23:31:51.753 E/simulated_ntc( 4482): proc_shell_write write invalid para
07-05 23:31:56.763 E/simulated_ntc( 4482): proc_shell_write write invalid para
07-05 23:31:58.194 W/healthd ( 1398): time_last:430, soc_current_time=46012, soc_pre_time=45582,charging_status:0,soc_temp:31
07-05 23:31:58.194 W/healthd ( 1398): battery l=31 v=3785 t=28.0 h=2 st=3 c=-207000 fc=4117000 cc=468 chg=
07-05 23:31:58.212 W/healthd ( 1398): time_last:430, soc_current_time=46012, soc_pre_time=45582,charging_status:0,soc_temp:31
07-05 23:32:01.896 E/NtChgAidl( 1440): NtChgAidl: mBattTempRegion _aidl_return:0
07-05 23:31:58.217 W/HealthLoop( 1398): debug.nt.screen_brightness:3.852427
07-05 23:32:04.865 W/ProcessStats( 2570): Tracking association SourceState{94c07cb com.google.android.gms.persistent/10137 BFgs #77704} whose proc state 4 is better than process ProcessState{f10a3a com.google.android.gms/10137 pkg=com.google.android.gms} proc state 14 (20 skipped)
07-05 23:32:01.784 E/simulated_ntc( 4482): proc_shell_write write invalid para
07-05 23:32:07.623 W/CachedAppOptimi( 2570): type=1400 audit(0.0:23300): avc:  denied  { write } for  dev="tmpfs" ino=1098 scontext=u:r:system_server:s0 tcontext=u:object_r:zygote_tmpfs:s0 tclass=file permissive=0
07-05 23:32:08.245 W/dumpsys (16961): Thread Pool max thread count is 0. Cannot cache binder as linkToDeath cannot be implemented. serviceName: window
07-05 23:32:08.391 W/dumpsys (16964): Thread Pool max thread count is 0. Cannot cache binder as linkToDeath cannot be implemented. serviceName: window
07-05 23:32:04.838 W/        ( 3026): process 2730 (PowerManagerSer) no longer affine to cpu0
07-05 23:32:08.664 W/dumpsys (16972): Thread Pool max thread count is 0. Cannot cache binder as linkToDeath cannot be implemented. serviceName: window
07-05 23:32:08.759 W/dumpsys (16975): Thread Pool max thread count is 0. Cannot cache binder as linkToDeath cannot be implemented. serviceName: window
07-05 23:32:08.848 W/dumpsys (16978): Thread Pool max thread count is 0. Cannot cache binder as linkToDeath cannot be implemented. serviceName: window
07-05 23:32:05.278 W/        ( 3026): process 2730 (PowerManagerSer) no longer affine to cpu7
07-05 23:32:09.006 W/dumpsys (16981): Thread Pool max thread count is 0. Cannot cache binder as linkToDeath cannot be implemented. serviceName: window
07-05 23:32:05.498 W/        ( 3026): process 2730 (PowerManagerSer) no longer affine to cpu7
07-05 23:32:10.199 W/dumpsys (16986): Thread Pool max thread count is 0. Cannot cache binder as linkToDeath cannot be implemented. serviceName: window
07-05 23:32:10.342 W/dumpsys (16989): Thread Pool max thread count is 0. Cannot cache binder as linkToDeath cannot be implemented. serviceName: window
07-05 23:32:06.789 W/        ( 3123): process 2730 (PowerManagerSer) no longer affine to cpu7
07-05 23:32:06.797 E/simulated_ntc( 4482): proc_shell_write write invalid para
07-05 23:32:10.624 W/dumpsys (17001): Thread Pool max thread count is 0. Cannot cache binder as linkToDeath cannot be implemented. serviceName: window
07-05 23:32:10.758 W/dumpsys (17004): Thread Pool max thread count is 0. Cannot cache binder as linkToDeath cannot be implemented. serviceName: window
07-05 23:32:10.854 W/dumpsys (17007): Thread Pool max thread count is 0. Cannot cache binder as linkToDeath cannot be implemented. serviceName: window
07-05 23:32:10.975 W/dumpsys (17010): Thread Pool max thread count is 0. Cannot cache binder as linkToDeath cannot be implemented. serviceName: window
07-05 23:32:07.477 W/        ( 3026): process 2730 (PowerManagerSer) no longer affine to cpu7
07-05 23:32:12.254 W/dumpsys (17015): Thread Pool max thread count is 0. Cannot cache binder as linkToDeath cannot be implemented. serviceName: window
07-05 23:32:12.399 W/dumpsys (17018): Thread Pool max thread count is 0. Cannot cache binder as linkToDeath cannot be implemented. serviceName: window
07-05 23:32:12.687 W/dumpsys (17026): Thread Pool max thread count is 0. Cannot cache binder as linkToDeath cannot be implemented. serviceName: window
07-05 23:32:12.840 W/dumpsys (17029): Thread Pool max thread count is 0. Cannot cache binder as linkToDeath cannot be implemented. serviceName: window
07-05 23:32:12.936 W/dumpsys (17032): Thread Pool max thread count is 0. Cannot cache binder as linkToDeath cannot be implemented. serviceName: window
07-05 23:32:13.029 W/dumpsys (17035): Thread Pool max thread count is 0. Cannot cache binder as linkToDeath cannot be implemented. serviceName: window
07-05 23:32:08.986 E/BATTERY_CHG(10735): handle_message: adsp_to_kernel_log:key_info:pump:97,pump_en:0,ovp:1,wpc:1,fcc:2500,fv:4500,icl:0,ibus_ma:0,usb_sus:0,wls_sus:0,BattInit:1,chg_type:0,soc:31,soc_time:1994,soc_pre:31,real_cap:1292000,htemp_charge:4100,plug_in:0,plugGpio:1,usbTemp:0,battTemp:0,nt_cc_enable:0,2646:00,2654:32,2606:07,2708:00,2952:00,2658:5a,2707:00,2b09:01,f243:6e,f245:00,f246:00,8a44:00,8b44:00,
07-05 23:32:09.568 W/        ( 3026): process 2730 (PowerManagerSer) no longer affine to cpu7
07-05 23:32:14.199 W/dumpsys (17040): Thread Pool max thread count is 0. Cannot cache binder as linkToDeath cannot be implemented. serviceName: window
07-05 23:32:14.336 W/dumpsys (17043): Thread Pool max thread count is 0. Cannot cache binder as linkToDeath cannot be implemented. serviceName: window
07-05 23:32:14.519 W/dumpsys (17051): Thread Pool max thread count is 0. Cannot cache binder as linkToDeath cannot be implemented. serviceName: window
07-05 23:32:10.887 W/        ( 3026): process 2730 (PowerManagerSer) no longer affine to cpu7
07-05 23:32:14.607 W/dumpsys (17055): Thread Pool max thread count is 0. Cannot cache binder as linkToDeath cannot be implemented. serviceName: window
07-05 23:32:14.774 W/dumpsys (17058): Thread Pool max thread count is 0. Cannot cache binder as linkToDeath cannot be implemented. serviceName: window
07-05 23:32:11.106 W/        ( 3026): process 2730 (PowerManagerSer) no longer affine to cpu7
07-05 23:32:14.863 W/dumpsys (17061): Thread Pool max thread count is 0. Cannot cache binder as linkToDeath cannot be implemented. serviceName: window
07-05 23:32:11.327 W/        ( 3026): process 2730 (PowerManagerSer) no longer affine to cpu7
07-05 23:32:15.394 W/R:Battery(10700): Didn't get new data for BATTERY_CHANGED, retrying later
07-05 23:32:11.813 E/simulated_ntc( 4482): proc_shell_write write invalid para
07-05 23:32:16.029 W/dumpsys (17065): Thread Pool max thread count is 0. Cannot cache binder as linkToDeath cannot be implemented. serviceName: window
07-05 23:32:16.167 W/dumpsys (17069): Thread Pool max thread count is 0. Cannot cache binder as linkToDeath cannot be implemented. serviceName: window
07-05 23:32:12.691 W/        ( 3123): process 2730 (PowerManagerSer) no longer affine to cpu7
07-05 23:32:16.462 W/dumpsys (17077): Thread Pool max thread count is 0. Cannot cache binder as linkToDeath cannot be implemented. serviceName: window
07-05 23:32:16.615 W/dumpsys (17080): Thread Pool max thread count is 0. Cannot cache binder as linkToDeath cannot be implemented. serviceName: window
07-05 23:32:16.741 W/dumpsys (17083): Thread Pool max thread count is 0. Cannot cache binder as linkToDeath cannot be implemented. serviceName: window
07-05 23:32:16.902 W/dumpsys (17086): Thread Pool max thread count is 0. Cannot cache binder as linkToDeath cannot be implemented. serviceName: window
07-05 23:32:13.418 W/        ( 3026): process 2730 (PowerManagerSer) no longer affine to cpu7
07-05 23:32:17.983 W/dumpsys (17090): Thread Pool max thread count is 0. Cannot cache binder as linkToDeath cannot be implemented. serviceName: window
07-05 23:32:18.132 W/dumpsys (17094): Thread Pool max thread count is 0. Cannot cache binder as linkToDeath cannot be implemented. serviceName: window
07-05 23:32:18.475 W/dumpsys (17103): Thread Pool max thread count is 0. Cannot cache binder as linkToDeath cannot be implemented. serviceName: window
07-05 23:32:18.606 W/dumpsys (17106): Thread Pool max thread count is 0. Cannot cache binder as linkToDeath cannot be implemented. serviceName: window
07-05 23:32:18.691 W/dumpsys (17115): Thread Pool max thread count is 0. Cannot cache binder as linkToDeath cannot be implemented. serviceName: window
07-05 23:32:18.780 W/dumpsys (17118): Thread Pool max thread count is 0. Cannot cache binder as linkToDeath cannot be implemented. serviceName: window
07-05 23:32:15.289 W/        ( 3026): process 2730 (PowerManagerSer) no longer affine to cpu7
07-05 23:32:20.303 W/ConnectivityManager.CallbackHandler( 3309): callback not found for CALLBACK_AVAILABLE message
07-05 23:32:16.825 E/simulated_ntc( 4482): proc_shell_write write invalid para
07-05 23:32:21.543 W/screencap(17143): Thread Pool max thread count is 0. Cannot cache binder as linkToDeath cannot be implemented. serviceName: SurfaceFlingerAIDL
07-05 23:32:21.543 W/BpBinder(17143): Linking to death on android.gui.ISurfaceComposer but there are no threads (yet?) listening to incoming transactions. See ProcessState::startThreadPool and ProcessState::setThreadPoolMaxThreadCount. Generally you should setup the binder threadpool before other initialization steps.
07-05 23:32:21.543 W/ProcessState(17143): Extra binder thread started, but 0 threads requested. Do not use *startThreadPool when zero threads are requested.
07-05 23:32:21.545 E/HWComposer( 1617): getLuts: getLuts failed for display 4630946639017191809: UNSUPPORTED (8)
07-05 23:32:18.186 W/healthd ( 1398): time_last:450, soc_current_time=46032, soc_pre_time=45582,charging_status:0,soc_temp:31
07-05 23:32:18.186 W/healthd ( 1398): battery l=31 v=3784 t=29.0 h=2 st=3 c=-289000 fc=4117000 cc=468 chg=
07-05 23:32:21.890 W/DemoModeController( 3309): Error running demo command, intent=Intent { act=com.android.systemui.demo flg=0x400010 (has extras) } java.lang.NullPointerException
07-05 23:32:18.212 W/healthd ( 1398): time_last:450, soc_current_time=46032, soc_pre_time=45582,charging_status:0,soc_temp:31
07-05 23:32:18.216 W/HealthLoop( 1398): debug.nt.screen_brightness:3.852427
07-05 23:32:21.906 E/UiModeManager( 2570): mComputedNightMode:false, mNightMode.get():1, mOverrideNightModeOn:false, mOverrideNightModeOff:falsemTwilightManager.getLastTwilightState():TwilightState { sunrise=07-06 05:36 sunset=07-05 21:28 }
07-05 23:32:21.918 E/NtChgAidl( 1440): NtChgAidl: mBattTempRegion _aidl_return:0
07-05 23:32:21.928 E/MobileBinderEx( 3309): initSidePadding:3:1
07-05 23:32:18.478 W/        ( 3026): process 2730 (PowerManagerSer) no longer affine to cpu6
07-05 23:32:21.835 E/simulated_ntc( 4482): proc_shell_write write invalid para
07-05 23:32:26.846 E/simulated_ntc( 4482): proc_shell_write write invalid para
07-05 23:32:31.866 E/simulated_ntc( 4482): proc_shell_write write invalid para
07-05 23:32:38.482 W/ActivityManager( 2570): Unbind failed: could not find connection for android.os.BinderProxy@e5b5624
07-05 23:32:38.487 W/ActivityManager( 2570): Unable to start service Intent { act=android.telephony.satellite.SatelliteService xflg=0x4 pkg=vendor.qti.data.ntnsatapp } U=0: not found
07-05 23:32:38.487 E/SatelliteModemInterface( 3621): Error binding to the satellite service. Retrying in 39184 ms.
07-05 23:32:36.882 E/simulated_ntc( 4482): proc_shell_write write invalid para
07-05 23:32:38.190 W/healthd ( 1398): time_last:470, soc_current_time=46052, soc_pre_time=45582,charging_status:0,soc_temp:31
07-05 23:32:38.190 W/healthd ( 1398): battery l=31 v=3785 t=29.0 h=2 st=3 c=-196000 fc=4117000 cc=468 chg=
07-05 23:32:38.208 W/healthd ( 1398): time_last:470, soc_current_time=46052, soc_pre_time=45582,charging_status:0,soc_temp:31
07-05 23:32:41.892 E/NtChgAidl( 1440): NtChgAidl: mBattTempRegion _aidl_return:0
07-05 23:32:38.216 W/HealthLoop( 1398): debug.nt.screen_brightness:3.852427
07-05 23:32:44.599 W/dumpsys (17182): Thread Pool max thread count is 0. Cannot cache binder as linkToDeath cannot be implemented. serviceName: window
07-05 23:32:44.799 W/dumpsys (17185): Thread Pool max thread count is 0. Cannot cache binder as linkToDeath cannot be implemented. serviceName: window
07-05 23:32:41.246 W/        ( 3026): process 2730 (PowerManagerSer) no longer affine to cpu7
07-05 23:32:45.019 W/dumpsys (17194): Thread Pool max thread count is 0. Cannot cache binder as linkToDeath cannot be implemented. serviceName: window
07-05 23:32:45.177 W/dumpsys (17197): Thread Pool max thread count is 0. Cannot cache binder as linkToDeath cannot be implemented. serviceName: window
07-05 23:32:45.256 W/dumpsys (17200): Thread Pool max thread count is 0. Cannot cache binder as linkToDeath cannot be implemented. serviceName: window
07-05 23:32:45.340 W/dumpsys (17203): Thread Pool max thread count is 0. Cannot cache binder as linkToDeath cannot be implemented. serviceName: window
07-05 23:32:41.894 E/simulated_ntc( 4482): proc_shell_write write invalid para
07-05 23:32:48.669 W/screencap(17229): Thread Pool max thread count is 0. Cannot cache binder as linkToDeath cannot be implemented. serviceName: SurfaceFlingerAIDL
07-05 23:32:48.669 W/BpBinder(17229): Linking to death on android.gui.ISurfaceComposer but there are no threads (yet?) listening to incoming transactions. See ProcessState::startThreadPool and ProcessState::setThreadPoolMaxThreadCount. Generally you should setup the binder threadpool before other initialization steps.
07-05 23:32:48.669 W/ProcessState(17229): Extra binder thread started, but 0 threads requested. Do not use *startThreadPool when zero threads are requested.
07-05 23:32:48.671 E/HWComposer( 1617): getLuts: getLuts failed for display 4630946639017191809: UNSUPPORTED (8)
07-05 23:32:49.081 W/DemoModeController( 3309): Error running demo command, intent=Intent { act=com.android.systemui.demo flg=0x400010 (has extras) } java.lang.NullPointerException
07-05 23:32:49.106 E/MobileBinderEx( 3309): initSidePadding:3:1
07-05 23:32:46.907 E/simulated_ntc( 4482): proc_shell_write write invalid para
07-05 23:32:51.918 E/simulated_ntc( 4482): proc_shell_write write invalid para
07-05 23:32:56.475 E/minksocket( 1381): MinkIPC_QRTR_Service: client with node 1 port 5a32 went down
07-05 23:32:56.478 E/minksocket( 1381): MinkIPC_QRTR_Service: client with node 1 port 5a33 went down
07-05 23:32:56.481 E/minksocket( 1381): MinkIPC_QRTR_Service: client with node 1 port 5a34 went down
07-05 23:32:56.482 E/minksocket( 1381): MinkIPC_QRTR_Service: client with node 1 port 5a35 went down
07-05 23:32:57.572 E/minksocket( 1381): MinkIPC_QRTR_Service: client with node 1 port 5a36 went down
07-05 23:32:57.574 E/minksocket( 1381): MinkIPC_QRTR_Service: client with node 1 port 5a37 went down
07-05 23:32:57.576 E/minksocket( 1381): MinkIPC_QRTR_Service: client with node 1 port 5a38 went down
07-05 23:32:57.580 E/minksocket( 1381): MinkIPC_QRTR_Service: client with node 1 port 5a39 went down
07-05 23:32:56.933 E/simulated_ntc( 4482): proc_shell_write write invalid para
07-05 23:32:58.190 W/healthd ( 1398): time_last:490, soc_current_time=46072, soc_pre_time=45582,charging_status:0,soc_temp:31
07-05 23:32:58.190 W/healthd ( 1398): battery l=31 v=3778 t=29.0 h=2 st=3 c=-248000 fc=4117000 cc=468 chg=
07-05 23:32:58.208 W/healthd ( 1398): time_last:490, soc_current_time=46072, soc_pre_time=45582,charging_status:0,soc_temp:31
07-05 23:33:01.892 E/NtChgAidl( 1440): NtChgAidl: mBattTempRegion _aidl_return:0
07-05 23:32:58.223 W/HealthLoop( 1398): debug.nt.screen_brightness:3.852427
07-05 23:33:01.947 E/simulated_ntc( 4482): proc_shell_write write invalid para
07-05 23:33:09.902 W/dumpsys (17271): Thread Pool max thread count is 0. Cannot cache binder as linkToDeath cannot be implemented. serviceName: window
07-05 23:33:10.038 W/dumpsys (17276): Thread Pool max thread count is 0. Cannot cache binder as linkToDeath cannot be implemented. serviceName: window
